#Build: Fabric Compiler 2022.2-SP6.4, Build 146967, Jan 31 01:39 2024
#Install: E:\pango\PDS_2022.2-SP6.4\bin
#Application name: pds_shell.exe
#OS: Windows 10 10.0.26200
#Hostname: LAPTOP-E3CFACBD
Generated by Fabric Compiler (version 2022.2-SP6.4 build 146967) at Sun Mar 29 19:59:24 2026
Compiling verification operator library.
Compiling common defs.
Compiling prim grid devices.
Compiling gate devices.
Compiling gate operators.
Building architecture model.
Loading device packaging model.
Reading design from DB.
Start Generating Programming File...
Reading design from DB takes 1.078125 sec.
Generating architecture configuration.
The bitstream file is "E:/FPGA/TSP_RVmaster/FPGA/pango_cpu/generate_bitstream/SoC_Top.sbit"
Generate programming file takes 10.906250 sec.
Generating Programming File done.
Action gen_bit_stream: Real time elapsed is 0h:0m:17s
Action gen_bit_stream: CPU time elapsed is 0h:0m:15s
Action gen_bit_stream: Process CPU time elapsed is 0h:0m:15s
Current time: Sun Mar 29 19:59:39 2026
Action gen_bit_stream: Peak memory pool usage is 673 MB
