Archive member included to satisfy reference by file (symbol)

D:/xpack-riscv-none-elf-gcc-15.2.0-1/bin/../lib/gcc/riscv-none-elf/15.2.0/rv32im/ilp32\libgcc.a(adddf3.o)
                              app/coremark/cvt.o (__adddf3)
D:/xpack-riscv-none-elf-gcc-15.2.0-1/bin/../lib/gcc/riscv-none-elf/15.2.0/rv32im/ilp32\libgcc.a(divdf3.o)
                              app/coremark/cvt.o (__divdf3)
D:/xpack-riscv-none-elf-gcc-15.2.0-1/bin/../lib/gcc/riscv-none-elf/15.2.0/rv32im/ilp32\libgcc.a(eqdf2.o)
                              app/coremark/cvt.o (__nedf2)
D:/xpack-riscv-none-elf-gcc-15.2.0-1/bin/../lib/gcc/riscv-none-elf/15.2.0/rv32im/ilp32\libgcc.a(gedf2.o)
                              app/coremark/cvt.o (__gtdf2)
D:/xpack-riscv-none-elf-gcc-15.2.0-1/bin/../lib/gcc/riscv-none-elf/15.2.0/rv32im/ilp32\libgcc.a(ledf2.o)
                              app/coremark/cvt.o (__ltdf2)
D:/xpack-riscv-none-elf-gcc-15.2.0-1/bin/../lib/gcc/riscv-none-elf/15.2.0/rv32im/ilp32\libgcc.a(muldf3.o)
                              app/coremark/cvt.o (__muldf3)
D:/xpack-riscv-none-elf-gcc-15.2.0-1/bin/../lib/gcc/riscv-none-elf/15.2.0/rv32im/ilp32\libgcc.a(fixdfsi.o)
                              app/coremark/cvt.o (__fixdfsi)
D:/xpack-riscv-none-elf-gcc-15.2.0-1/bin/../lib/gcc/riscv-none-elf/15.2.0/rv32im/ilp32\libgcc.a(_clzsi2.o)
                              D:/xpack-riscv-none-elf-gcc-15.2.0-1/bin/../lib/gcc/riscv-none-elf/15.2.0/rv32im/ilp32\libgcc.a(adddf3.o) (__clzsi2)
D:/xpack-riscv-none-elf-gcc-15.2.0-1/bin/../lib/gcc/riscv-none-elf/15.2.0/rv32im/ilp32\libgcc.a(_clz.o)
                              D:/xpack-riscv-none-elf-gcc-15.2.0-1/bin/../lib/gcc/riscv-none-elf/15.2.0/rv32im/ilp32\libgcc.a(_clzsi2.o) (__clz_tab)
D:/xpack-riscv-none-elf-gcc-15.2.0-1/bin/../lib/gcc/riscv-none-elf/15.2.0/../../../../riscv-none-elf/lib/rv32im/ilp32\libc.a(libm_a-s_modf.o)
                              app/coremark/cvt.o (modf)
D:/xpack-riscv-none-elf-gcc-15.2.0-1/bin/../lib/gcc/riscv-none-elf/15.2.0/../../../../riscv-none-elf/lib/rv32im/ilp32\libc.a(libm_a-s_fpclassify.o)
                              D:/xpack-riscv-none-elf-gcc-15.2.0-1/bin/../lib/gcc/riscv-none-elf/15.2.0/../../../../riscv-none-elf/lib/rv32im/ilp32\libc.a(libm_a-s_modf.o) (__fpclassifyd)
D:/xpack-riscv-none-elf-gcc-15.2.0-1/bin/../lib/gcc/riscv-none-elf/15.2.0/rv32im/ilp32\libgcc.a(subdf3.o)
                              D:/xpack-riscv-none-elf-gcc-15.2.0-1/bin/../lib/gcc/riscv-none-elf/15.2.0/../../../../riscv-none-elf/lib/rv32im/ilp32\libc.a(libm_a-s_modf.o) (__subdf3)

Discarded input sections

 .text          0x00000000        0x0 app/coremark/core_list_join.o
 .data          0x00000000        0x0 app/coremark/core_list_join.o
 .bss           0x00000000        0x0 app/coremark/core_list_join.o
 .text.copy_info
                0x00000000       0x14 app/coremark/core_list_join.o
 .text.core_list_insert_new
                0x00000000       0x60 app/coremark/core_list_join.o
 .text.core_list_remove
                0x00000000       0x28 app/coremark/core_list_join.o
 .text.core_list_undo_remove
                0x00000000       0x20 app/coremark/core_list_join.o
 .text.core_list_find
                0x00000000       0x4c app/coremark/core_list_join.o
 .text.core_list_reverse
                0x00000000       0x24 app/coremark/core_list_join.o
 .text          0x00000000        0x0 app/coremark/core_main.o
 .data          0x00000000        0x0 app/coremark/core_main.o
 .bss           0x00000000        0x0 app/coremark/core_main.o
 .text.strlen   0x00000000       0x34 app/coremark/core_main.o
 .text          0x00000000        0x0 app/coremark/core_matrix.o
 .data          0x00000000        0x0 app/coremark/core_matrix.o
 .bss           0x00000000        0x0 app/coremark/core_matrix.o
 .text.matrix_sum
                0x00000000       0x80 app/coremark/core_matrix.o
 .text.matrix_mul_const
                0x00000000       0x4c app/coremark/core_matrix.o
 .text.matrix_add_const
                0x00000000       0x38 app/coremark/core_matrix.o
 .text          0x00000000        0x0 app/coremark/core_portme.o
 .data          0x00000000        0x0 app/coremark/core_portme.o
 .bss           0x00000000        0x0 app/coremark/core_portme.o
 .text.barebones_clock
                0x00000000        0x8 app/coremark/core_portme.o
 .text.portable_fini
                0x00000000       0x28 app/coremark/core_portme.o
 .sdata.default_num_contexts
                0x00000000        0x4 app/coremark/core_portme.o
 .sbss.seed5_volatile
                0x00000000        0x4 app/coremark/core_portme.o
 .sdata.seed4_volatile
                0x00000000        0x4 app/coremark/core_portme.o
 .sdata.seed3_volatile
                0x00000000        0x4 app/coremark/core_portme.o
 .sbss.seed2_volatile
                0x00000000        0x4 app/coremark/core_portme.o
 .sbss.seed1_volatile
                0x00000000        0x4 app/coremark/core_portme.o
 .text          0x00000000        0x0 app/coremark/core_state.o
 .data          0x00000000        0x0 app/coremark/core_state.o
 .bss           0x00000000        0x0 app/coremark/core_state.o
 .text          0x00000000        0x0 app/coremark/core_util.o
 .data          0x00000000        0x0 app/coremark/core_util.o
 .bss           0x00000000        0x0 app/coremark/core_util.o
 .text.get_seed_32
                0x00000000       0x68 app/coremark/core_util.o
 .rodata.get_seed_32
                0x00000000       0x18 app/coremark/core_util.o
 .text.crcu8    0x00000000      0x130 app/coremark/core_util.o
 .text.check_data_types
                0x00000000        0x8 app/coremark/core_util.o
 .text          0x00000000        0x0 app/coremark/cvt.o
 .data          0x00000000        0x0 app/coremark/cvt.o
 .bss           0x00000000        0x0 app/coremark/cvt.o
 .text.cvt      0x00000000      0x448 app/coremark/cvt.o
 .text.ecvt     0x00000000       0x14 app/coremark/cvt.o
 .text.ecvtbuf  0x00000000        0xc app/coremark/cvt.o
 .text.fcvt     0x00000000       0x14 app/coremark/cvt.o
 .text.fcvtbuf  0x00000000        0xc app/coremark/cvt.o
 .bss.CVTBUF    0x00000000       0x50 app/coremark/cvt.o
 .srodata.cst8  0x00000000       0x18 app/coremark/cvt.o
 .debug_info    0x00000000      0x5a8 app/coremark/cvt.o
 .debug_abbrev  0x00000000      0x13d app/coremark/cvt.o
 .debug_loclists
                0x00000000      0x639 app/coremark/cvt.o
 .debug_aranges
                0x00000000       0x40 app/coremark/cvt.o
 .debug_rnglists
                0x00000000       0x2c app/coremark/cvt.o
 .debug_line    0x00000000      0x693 app/coremark/cvt.o
 .debug_str     0x00000000      0x1ab app/coremark/cvt.o
 .debug_line_str
                0x00000000       0x9a app/coremark/cvt.o
 .comment       0x00000000       0x34 app/coremark/cvt.o
 .note.GNU-stack
                0x00000000        0x0 app/coremark/cvt.o
 .debug_frame   0x00000000       0xa0 app/coremark/cvt.o
 .riscv.attributes
                0x00000000       0x2a app/coremark/cvt.o
 .text          0x00000000        0x0 app/coremark/ee_printf.o
 .data          0x00000000        0x0 app/coremark/ee_printf.o
 .bss           0x00000000        0x0 app/coremark/ee_printf.o
 .text.uart_send_char
                0x00000000       0x40 app/coremark/ee_printf.o
 .text          0x00000000        0x0 bsp/timer/bsp_timer.o
 .data          0x00000000        0x0 bsp/timer/bsp_timer.o
 .bss           0x00000000        0x0 bsp/timer/bsp_timer.o
 .text.timer0_stop
                0x00000000       0x14 bsp/timer/bsp_timer.o
 .text.timer0_set_value
                0x00000000        0xc bsp/timer/bsp_timer.o
 .text.timer0_clear_interrupt
                0x00000000        0xc bsp/timer/bsp_timer.o
 .text          0x00000000        0x0 bsp/uart/bsp_uart.o
 .data          0x00000000        0x0 bsp/uart/bsp_uart.o
 .bss           0x00000000        0x0 bsp/uart/bsp_uart.o
 .text.uart_puts
                0x00000000       0x34 bsp/uart/bsp_uart.o
 .text.uart_getc
                0x00000000       0x24 bsp/uart/bsp_uart.o
 .text          0x00000000        0x0 bsp/syscalls.o
 .data          0x00000000        0x0 bsp/syscalls.o
 .bss           0x00000000        0x0 bsp/syscalls.o
 .text._write   0x00000000       0x9c bsp/syscalls.o
 .debug_info    0x00000000      0x11e bsp/syscalls.o
 .debug_abbrev  0x00000000       0xcb bsp/syscalls.o
 .debug_loclists
                0x00000000       0xdd bsp/syscalls.o
 .debug_aranges
                0x00000000       0x20 bsp/syscalls.o
 .debug_rnglists
                0x00000000       0x14 bsp/syscalls.o
 .debug_line    0x00000000      0x14a bsp/syscalls.o
 .debug_str     0x00000000      0x138 bsp/syscalls.o
 .debug_line_str
                0x00000000       0x65 bsp/syscalls.o
 .comment       0x00000000       0x34 bsp/syscalls.o
 .note.GNU-stack
                0x00000000        0x0 bsp/syscalls.o
 .debug_frame   0x00000000       0x3c bsp/syscalls.o
 .riscv.attributes
                0x00000000       0x2a bsp/syscalls.o
 .text          0x00000000        0x0 lib/startup/startup.o
 .data          0x00000000        0x0 lib/startup/startup.o
 .bss           0x00000000        0x0 lib/startup/startup.o
 .text          0x00000000        0x0 D:/xpack-riscv-none-elf-gcc-15.2.0-1/bin/../lib/gcc/riscv-none-elf/15.2.0/rv32im/ilp32\libgcc.a(adddf3.o)
 .data          0x00000000        0x0 D:/xpack-riscv-none-elf-gcc-15.2.0-1/bin/../lib/gcc/riscv-none-elf/15.2.0/rv32im/ilp32\libgcc.a(adddf3.o)
 .bss           0x00000000        0x0 D:/xpack-riscv-none-elf-gcc-15.2.0-1/bin/../lib/gcc/riscv-none-elf/15.2.0/rv32im/ilp32\libgcc.a(adddf3.o)
 .text.__adddf3
                0x00000000      0xb5c D:/xpack-riscv-none-elf-gcc-15.2.0-1/bin/../lib/gcc/riscv-none-elf/15.2.0/rv32im/ilp32\libgcc.a(adddf3.o)
 .debug_info    0x00000000      0x562 D:/xpack-riscv-none-elf-gcc-15.2.0-1/bin/../lib/gcc/riscv-none-elf/15.2.0/rv32im/ilp32\libgcc.a(adddf3.o)
 .debug_abbrev  0x00000000      0x195 D:/xpack-riscv-none-elf-gcc-15.2.0-1/bin/../lib/gcc/riscv-none-elf/15.2.0/rv32im/ilp32\libgcc.a(adddf3.o)
 .debug_loclists
                0x00000000     0x2223 D:/xpack-riscv-none-elf-gcc-15.2.0-1/bin/../lib/gcc/riscv-none-elf/15.2.0/rv32im/ilp32\libgcc.a(adddf3.o)
 .debug_aranges
                0x00000000       0x20 D:/xpack-riscv-none-elf-gcc-15.2.0-1/bin/../lib/gcc/riscv-none-elf/15.2.0/rv32im/ilp32\libgcc.a(adddf3.o)
 .debug_rnglists
                0x00000000      0x3ad D:/xpack-riscv-none-elf-gcc-15.2.0-1/bin/../lib/gcc/riscv-none-elf/15.2.0/rv32im/ilp32\libgcc.a(adddf3.o)
 .debug_line    0x00000000     0x2935 D:/xpack-riscv-none-elf-gcc-15.2.0-1/bin/../lib/gcc/riscv-none-elf/15.2.0/rv32im/ilp32\libgcc.a(adddf3.o)
 .debug_str     0x00000000      0x2c3 D:/xpack-riscv-none-elf-gcc-15.2.0-1/bin/../lib/gcc/riscv-none-elf/15.2.0/rv32im/ilp32\libgcc.a(adddf3.o)
 .debug_line_str
                0x00000000      0x23f D:/xpack-riscv-none-elf-gcc-15.2.0-1/bin/../lib/gcc/riscv-none-elf/15.2.0/rv32im/ilp32\libgcc.a(adddf3.o)
 .comment       0x00000000       0x34 D:/xpack-riscv-none-elf-gcc-15.2.0-1/bin/../lib/gcc/riscv-none-elf/15.2.0/rv32im/ilp32\libgcc.a(adddf3.o)
 .note.GNU-stack
                0x00000000        0x0 D:/xpack-riscv-none-elf-gcc-15.2.0-1/bin/../lib/gcc/riscv-none-elf/15.2.0/rv32im/ilp32\libgcc.a(adddf3.o)
 .debug_frame   0x00000000       0x58 D:/xpack-riscv-none-elf-gcc-15.2.0-1/bin/../lib/gcc/riscv-none-elf/15.2.0/rv32im/ilp32\libgcc.a(adddf3.o)
 .riscv.attributes
                0x00000000       0x2a D:/xpack-riscv-none-elf-gcc-15.2.0-1/bin/../lib/gcc/riscv-none-elf/15.2.0/rv32im/ilp32\libgcc.a(adddf3.o)
 .text          0x00000000        0x0 D:/xpack-riscv-none-elf-gcc-15.2.0-1/bin/../lib/gcc/riscv-none-elf/15.2.0/rv32im/ilp32\libgcc.a(divdf3.o)
 .data          0x00000000        0x0 D:/xpack-riscv-none-elf-gcc-15.2.0-1/bin/../lib/gcc/riscv-none-elf/15.2.0/rv32im/ilp32\libgcc.a(divdf3.o)
 .bss           0x00000000        0x0 D:/xpack-riscv-none-elf-gcc-15.2.0-1/bin/../lib/gcc/riscv-none-elf/15.2.0/rv32im/ilp32\libgcc.a(divdf3.o)
 .text.__divdf3
                0x00000000      0x908 D:/xpack-riscv-none-elf-gcc-15.2.0-1/bin/../lib/gcc/riscv-none-elf/15.2.0/rv32im/ilp32\libgcc.a(divdf3.o)
 .rodata.__divdf3
                0x00000000       0x40 D:/xpack-riscv-none-elf-gcc-15.2.0-1/bin/../lib/gcc/riscv-none-elf/15.2.0/rv32im/ilp32\libgcc.a(divdf3.o)
 .debug_info    0x00000000      0x79a D:/xpack-riscv-none-elf-gcc-15.2.0-1/bin/../lib/gcc/riscv-none-elf/15.2.0/rv32im/ilp32\libgcc.a(divdf3.o)
 .debug_abbrev  0x00000000      0x182 D:/xpack-riscv-none-elf-gcc-15.2.0-1/bin/../lib/gcc/riscv-none-elf/15.2.0/rv32im/ilp32\libgcc.a(divdf3.o)
 .debug_loclists
                0x00000000     0x199d D:/xpack-riscv-none-elf-gcc-15.2.0-1/bin/../lib/gcc/riscv-none-elf/15.2.0/rv32im/ilp32\libgcc.a(divdf3.o)
 .debug_aranges
                0x00000000       0x20 D:/xpack-riscv-none-elf-gcc-15.2.0-1/bin/../lib/gcc/riscv-none-elf/15.2.0/rv32im/ilp32\libgcc.a(divdf3.o)
 .debug_rnglists
                0x00000000      0x1b1 D:/xpack-riscv-none-elf-gcc-15.2.0-1/bin/../lib/gcc/riscv-none-elf/15.2.0/rv32im/ilp32\libgcc.a(divdf3.o)
 .debug_line    0x00000000     0x19eb D:/xpack-riscv-none-elf-gcc-15.2.0-1/bin/../lib/gcc/riscv-none-elf/15.2.0/rv32im/ilp32\libgcc.a(divdf3.o)
 .debug_str     0x00000000      0x385 D:/xpack-riscv-none-elf-gcc-15.2.0-1/bin/../lib/gcc/riscv-none-elf/15.2.0/rv32im/ilp32\libgcc.a(divdf3.o)
 .debug_line_str
                0x00000000      0x249 D:/xpack-riscv-none-elf-gcc-15.2.0-1/bin/../lib/gcc/riscv-none-elf/15.2.0/rv32im/ilp32\libgcc.a(divdf3.o)
 .comment       0x00000000       0x34 D:/xpack-riscv-none-elf-gcc-15.2.0-1/bin/../lib/gcc/riscv-none-elf/15.2.0/rv32im/ilp32\libgcc.a(divdf3.o)
 .note.GNU-stack
                0x00000000        0x0 D:/xpack-riscv-none-elf-gcc-15.2.0-1/bin/../lib/gcc/riscv-none-elf/15.2.0/rv32im/ilp32\libgcc.a(divdf3.o)
 .debug_frame   0x00000000       0x90 D:/xpack-riscv-none-elf-gcc-15.2.0-1/bin/../lib/gcc/riscv-none-elf/15.2.0/rv32im/ilp32\libgcc.a(divdf3.o)
 .riscv.attributes
                0x00000000       0x2a D:/xpack-riscv-none-elf-gcc-15.2.0-1/bin/../lib/gcc/riscv-none-elf/15.2.0/rv32im/ilp32\libgcc.a(divdf3.o)
 .text          0x00000000        0x0 D:/xpack-riscv-none-elf-gcc-15.2.0-1/bin/../lib/gcc/riscv-none-elf/15.2.0/rv32im/ilp32\libgcc.a(eqdf2.o)
 .data          0x00000000        0x0 D:/xpack-riscv-none-elf-gcc-15.2.0-1/bin/../lib/gcc/riscv-none-elf/15.2.0/rv32im/ilp32\libgcc.a(eqdf2.o)
 .bss           0x00000000        0x0 D:/xpack-riscv-none-elf-gcc-15.2.0-1/bin/../lib/gcc/riscv-none-elf/15.2.0/rv32im/ilp32\libgcc.a(eqdf2.o)
 .text.__eqdf2  0x00000000       0x90 D:/xpack-riscv-none-elf-gcc-15.2.0-1/bin/../lib/gcc/riscv-none-elf/15.2.0/rv32im/ilp32\libgcc.a(eqdf2.o)
 .debug_info    0x00000000      0x250 D:/xpack-riscv-none-elf-gcc-15.2.0-1/bin/../lib/gcc/riscv-none-elf/15.2.0/rv32im/ilp32\libgcc.a(eqdf2.o)
 .debug_abbrev  0x00000000      0x170 D:/xpack-riscv-none-elf-gcc-15.2.0-1/bin/../lib/gcc/riscv-none-elf/15.2.0/rv32im/ilp32\libgcc.a(eqdf2.o)
 .debug_loclists
                0x00000000       0xda D:/xpack-riscv-none-elf-gcc-15.2.0-1/bin/../lib/gcc/riscv-none-elf/15.2.0/rv32im/ilp32\libgcc.a(eqdf2.o)
 .debug_aranges
                0x00000000       0x20 D:/xpack-riscv-none-elf-gcc-15.2.0-1/bin/../lib/gcc/riscv-none-elf/15.2.0/rv32im/ilp32\libgcc.a(eqdf2.o)
 .debug_rnglists
                0x00000000       0x35 D:/xpack-riscv-none-elf-gcc-15.2.0-1/bin/../lib/gcc/riscv-none-elf/15.2.0/rv32im/ilp32\libgcc.a(eqdf2.o)
 .debug_line    0x00000000      0x263 D:/xpack-riscv-none-elf-gcc-15.2.0-1/bin/../lib/gcc/riscv-none-elf/15.2.0/rv32im/ilp32\libgcc.a(eqdf2.o)
 .debug_str     0x00000000      0x1d5 D:/xpack-riscv-none-elf-gcc-15.2.0-1/bin/../lib/gcc/riscv-none-elf/15.2.0/rv32im/ilp32\libgcc.a(eqdf2.o)
 .debug_line_str
                0x00000000      0x24b D:/xpack-riscv-none-elf-gcc-15.2.0-1/bin/../lib/gcc/riscv-none-elf/15.2.0/rv32im/ilp32\libgcc.a(eqdf2.o)
 .comment       0x00000000       0x34 D:/xpack-riscv-none-elf-gcc-15.2.0-1/bin/../lib/gcc/riscv-none-elf/15.2.0/rv32im/ilp32\libgcc.a(eqdf2.o)
 .note.GNU-stack
                0x00000000        0x0 D:/xpack-riscv-none-elf-gcc-15.2.0-1/bin/../lib/gcc/riscv-none-elf/15.2.0/rv32im/ilp32\libgcc.a(eqdf2.o)
 .debug_frame   0x00000000       0x20 D:/xpack-riscv-none-elf-gcc-15.2.0-1/bin/../lib/gcc/riscv-none-elf/15.2.0/rv32im/ilp32\libgcc.a(eqdf2.o)
 .riscv.attributes
                0x00000000       0x2a D:/xpack-riscv-none-elf-gcc-15.2.0-1/bin/../lib/gcc/riscv-none-elf/15.2.0/rv32im/ilp32\libgcc.a(eqdf2.o)
 .text          0x00000000        0x0 D:/xpack-riscv-none-elf-gcc-15.2.0-1/bin/../lib/gcc/riscv-none-elf/15.2.0/rv32im/ilp32\libgcc.a(gedf2.o)
 .data          0x00000000        0x0 D:/xpack-riscv-none-elf-gcc-15.2.0-1/bin/../lib/gcc/riscv-none-elf/15.2.0/rv32im/ilp32\libgcc.a(gedf2.o)
 .bss           0x00000000        0x0 D:/xpack-riscv-none-elf-gcc-15.2.0-1/bin/../lib/gcc/riscv-none-elf/15.2.0/rv32im/ilp32\libgcc.a(gedf2.o)
 .text.__gedf2  0x00000000      0x110 D:/xpack-riscv-none-elf-gcc-15.2.0-1/bin/../lib/gcc/riscv-none-elf/15.2.0/rv32im/ilp32\libgcc.a(gedf2.o)
 .debug_info    0x00000000      0x25e D:/xpack-riscv-none-elf-gcc-15.2.0-1/bin/../lib/gcc/riscv-none-elf/15.2.0/rv32im/ilp32\libgcc.a(gedf2.o)
 .debug_abbrev  0x00000000      0x172 D:/xpack-riscv-none-elf-gcc-15.2.0-1/bin/../lib/gcc/riscv-none-elf/15.2.0/rv32im/ilp32\libgcc.a(gedf2.o)
 .debug_loclists
                0x00000000      0x1d3 D:/xpack-riscv-none-elf-gcc-15.2.0-1/bin/../lib/gcc/riscv-none-elf/15.2.0/rv32im/ilp32\libgcc.a(gedf2.o)
 .debug_aranges
                0x00000000       0x20 D:/xpack-riscv-none-elf-gcc-15.2.0-1/bin/../lib/gcc/riscv-none-elf/15.2.0/rv32im/ilp32\libgcc.a(gedf2.o)
 .debug_rnglists
                0x00000000       0x52 D:/xpack-riscv-none-elf-gcc-15.2.0-1/bin/../lib/gcc/riscv-none-elf/15.2.0/rv32im/ilp32\libgcc.a(gedf2.o)
 .debug_line    0x00000000      0x428 D:/xpack-riscv-none-elf-gcc-15.2.0-1/bin/../lib/gcc/riscv-none-elf/15.2.0/rv32im/ilp32\libgcc.a(gedf2.o)
 .debug_str     0x00000000      0x1f9 D:/xpack-riscv-none-elf-gcc-15.2.0-1/bin/../lib/gcc/riscv-none-elf/15.2.0/rv32im/ilp32\libgcc.a(gedf2.o)
 .debug_line_str
                0x00000000      0x24b D:/xpack-riscv-none-elf-gcc-15.2.0-1/bin/../lib/gcc/riscv-none-elf/15.2.0/rv32im/ilp32\libgcc.a(gedf2.o)
 .comment       0x00000000       0x34 D:/xpack-riscv-none-elf-gcc-15.2.0-1/bin/../lib/gcc/riscv-none-elf/15.2.0/rv32im/ilp32\libgcc.a(gedf2.o)
 .note.GNU-stack
                0x00000000        0x0 D:/xpack-riscv-none-elf-gcc-15.2.0-1/bin/../lib/gcc/riscv-none-elf/15.2.0/rv32im/ilp32\libgcc.a(gedf2.o)
 .debug_frame   0x00000000       0x20 D:/xpack-riscv-none-elf-gcc-15.2.0-1/bin/../lib/gcc/riscv-none-elf/15.2.0/rv32im/ilp32\libgcc.a(gedf2.o)
 .riscv.attributes
                0x00000000       0x2a D:/xpack-riscv-none-elf-gcc-15.2.0-1/bin/../lib/gcc/riscv-none-elf/15.2.0/rv32im/ilp32\libgcc.a(gedf2.o)
 .text          0x00000000        0x0 D:/xpack-riscv-none-elf-gcc-15.2.0-1/bin/../lib/gcc/riscv-none-elf/15.2.0/rv32im/ilp32\libgcc.a(ledf2.o)
 .data          0x00000000        0x0 D:/xpack-riscv-none-elf-gcc-15.2.0-1/bin/../lib/gcc/riscv-none-elf/15.2.0/rv32im/ilp32\libgcc.a(ledf2.o)
 .bss           0x00000000        0x0 D:/xpack-riscv-none-elf-gcc-15.2.0-1/bin/../lib/gcc/riscv-none-elf/15.2.0/rv32im/ilp32\libgcc.a(ledf2.o)
 .text.__ledf2  0x00000000      0x118 D:/xpack-riscv-none-elf-gcc-15.2.0-1/bin/../lib/gcc/riscv-none-elf/15.2.0/rv32im/ilp32\libgcc.a(ledf2.o)
 .debug_info    0x00000000      0x25e D:/xpack-riscv-none-elf-gcc-15.2.0-1/bin/../lib/gcc/riscv-none-elf/15.2.0/rv32im/ilp32\libgcc.a(ledf2.o)
 .debug_abbrev  0x00000000      0x172 D:/xpack-riscv-none-elf-gcc-15.2.0-1/bin/../lib/gcc/riscv-none-elf/15.2.0/rv32im/ilp32\libgcc.a(ledf2.o)
 .debug_loclists
                0x00000000      0x1d9 D:/xpack-riscv-none-elf-gcc-15.2.0-1/bin/../lib/gcc/riscv-none-elf/15.2.0/rv32im/ilp32\libgcc.a(ledf2.o)
 .debug_aranges
                0x00000000       0x20 D:/xpack-riscv-none-elf-gcc-15.2.0-1/bin/../lib/gcc/riscv-none-elf/15.2.0/rv32im/ilp32\libgcc.a(ledf2.o)
 .debug_rnglists
                0x00000000       0x4a D:/xpack-riscv-none-elf-gcc-15.2.0-1/bin/../lib/gcc/riscv-none-elf/15.2.0/rv32im/ilp32\libgcc.a(ledf2.o)
 .debug_line    0x00000000      0x43a D:/xpack-riscv-none-elf-gcc-15.2.0-1/bin/../lib/gcc/riscv-none-elf/15.2.0/rv32im/ilp32\libgcc.a(ledf2.o)
 .debug_str     0x00000000      0x1f9 D:/xpack-riscv-none-elf-gcc-15.2.0-1/bin/../lib/gcc/riscv-none-elf/15.2.0/rv32im/ilp32\libgcc.a(ledf2.o)
 .debug_line_str
                0x00000000      0x24b D:/xpack-riscv-none-elf-gcc-15.2.0-1/bin/../lib/gcc/riscv-none-elf/15.2.0/rv32im/ilp32\libgcc.a(ledf2.o)
 .comment       0x00000000       0x34 D:/xpack-riscv-none-elf-gcc-15.2.0-1/bin/../lib/gcc/riscv-none-elf/15.2.0/rv32im/ilp32\libgcc.a(ledf2.o)
 .note.GNU-stack
                0x00000000        0x0 D:/xpack-riscv-none-elf-gcc-15.2.0-1/bin/../lib/gcc/riscv-none-elf/15.2.0/rv32im/ilp32\libgcc.a(ledf2.o)
 .debug_frame   0x00000000       0x20 D:/xpack-riscv-none-elf-gcc-15.2.0-1/bin/../lib/gcc/riscv-none-elf/15.2.0/rv32im/ilp32\libgcc.a(ledf2.o)
 .riscv.attributes
                0x00000000       0x2a D:/xpack-riscv-none-elf-gcc-15.2.0-1/bin/../lib/gcc/riscv-none-elf/15.2.0/rv32im/ilp32\libgcc.a(ledf2.o)
 .text          0x00000000        0x0 D:/xpack-riscv-none-elf-gcc-15.2.0-1/bin/../lib/gcc/riscv-none-elf/15.2.0/rv32im/ilp32\libgcc.a(muldf3.o)
 .data          0x00000000        0x0 D:/xpack-riscv-none-elf-gcc-15.2.0-1/bin/../lib/gcc/riscv-none-elf/15.2.0/rv32im/ilp32\libgcc.a(muldf3.o)
 .bss           0x00000000        0x0 D:/xpack-riscv-none-elf-gcc-15.2.0-1/bin/../lib/gcc/riscv-none-elf/15.2.0/rv32im/ilp32\libgcc.a(muldf3.o)
 .text.__muldf3
                0x00000000      0x7b4 D:/xpack-riscv-none-elf-gcc-15.2.0-1/bin/../lib/gcc/riscv-none-elf/15.2.0/rv32im/ilp32\libgcc.a(muldf3.o)
 .debug_info    0x00000000      0x7ab D:/xpack-riscv-none-elf-gcc-15.2.0-1/bin/../lib/gcc/riscv-none-elf/15.2.0/rv32im/ilp32\libgcc.a(muldf3.o)
 .debug_abbrev  0x00000000      0x194 D:/xpack-riscv-none-elf-gcc-15.2.0-1/bin/../lib/gcc/riscv-none-elf/15.2.0/rv32im/ilp32\libgcc.a(muldf3.o)
 .debug_loclists
                0x00000000     0x11c1 D:/xpack-riscv-none-elf-gcc-15.2.0-1/bin/../lib/gcc/riscv-none-elf/15.2.0/rv32im/ilp32\libgcc.a(muldf3.o)
 .debug_aranges
                0x00000000       0x20 D:/xpack-riscv-none-elf-gcc-15.2.0-1/bin/../lib/gcc/riscv-none-elf/15.2.0/rv32im/ilp32\libgcc.a(muldf3.o)
 .debug_rnglists
                0x00000000      0x1b3 D:/xpack-riscv-none-elf-gcc-15.2.0-1/bin/../lib/gcc/riscv-none-elf/15.2.0/rv32im/ilp32\libgcc.a(muldf3.o)
 .debug_line    0x00000000     0x14e3 D:/xpack-riscv-none-elf-gcc-15.2.0-1/bin/../lib/gcc/riscv-none-elf/15.2.0/rv32im/ilp32\libgcc.a(muldf3.o)
 .debug_str     0x00000000      0x3dd D:/xpack-riscv-none-elf-gcc-15.2.0-1/bin/../lib/gcc/riscv-none-elf/15.2.0/rv32im/ilp32\libgcc.a(muldf3.o)
 .debug_line_str
                0x00000000      0x249 D:/xpack-riscv-none-elf-gcc-15.2.0-1/bin/../lib/gcc/riscv-none-elf/15.2.0/rv32im/ilp32\libgcc.a(muldf3.o)
 .comment       0x00000000       0x34 D:/xpack-riscv-none-elf-gcc-15.2.0-1/bin/../lib/gcc/riscv-none-elf/15.2.0/rv32im/ilp32\libgcc.a(muldf3.o)
 .note.GNU-stack
                0x00000000        0x0 D:/xpack-riscv-none-elf-gcc-15.2.0-1/bin/../lib/gcc/riscv-none-elf/15.2.0/rv32im/ilp32\libgcc.a(muldf3.o)
 .debug_frame   0x00000000       0x54 D:/xpack-riscv-none-elf-gcc-15.2.0-1/bin/../lib/gcc/riscv-none-elf/15.2.0/rv32im/ilp32\libgcc.a(muldf3.o)
 .riscv.attributes
                0x00000000       0x2a D:/xpack-riscv-none-elf-gcc-15.2.0-1/bin/../lib/gcc/riscv-none-elf/15.2.0/rv32im/ilp32\libgcc.a(muldf3.o)
 .text          0x00000000        0x0 D:/xpack-riscv-none-elf-gcc-15.2.0-1/bin/../lib/gcc/riscv-none-elf/15.2.0/rv32im/ilp32\libgcc.a(fixdfsi.o)
 .data          0x00000000        0x0 D:/xpack-riscv-none-elf-gcc-15.2.0-1/bin/../lib/gcc/riscv-none-elf/15.2.0/rv32im/ilp32\libgcc.a(fixdfsi.o)
 .bss           0x00000000        0x0 D:/xpack-riscv-none-elf-gcc-15.2.0-1/bin/../lib/gcc/riscv-none-elf/15.2.0/rv32im/ilp32\libgcc.a(fixdfsi.o)
 .text.__fixdfsi
                0x00000000       0x80 D:/xpack-riscv-none-elf-gcc-15.2.0-1/bin/../lib/gcc/riscv-none-elf/15.2.0/rv32im/ilp32\libgcc.a(fixdfsi.o)
 .debug_info    0x00000000      0x1e7 D:/xpack-riscv-none-elf-gcc-15.2.0-1/bin/../lib/gcc/riscv-none-elf/15.2.0/rv32im/ilp32\libgcc.a(fixdfsi.o)
 .debug_abbrev  0x00000000      0x159 D:/xpack-riscv-none-elf-gcc-15.2.0-1/bin/../lib/gcc/riscv-none-elf/15.2.0/rv32im/ilp32\libgcc.a(fixdfsi.o)
 .debug_loclists
                0x00000000      0x135 D:/xpack-riscv-none-elf-gcc-15.2.0-1/bin/../lib/gcc/riscv-none-elf/15.2.0/rv32im/ilp32\libgcc.a(fixdfsi.o)
 .debug_aranges
                0x00000000       0x20 D:/xpack-riscv-none-elf-gcc-15.2.0-1/bin/../lib/gcc/riscv-none-elf/15.2.0/rv32im/ilp32\libgcc.a(fixdfsi.o)
 .debug_rnglists
                0x00000000       0x2c D:/xpack-riscv-none-elf-gcc-15.2.0-1/bin/../lib/gcc/riscv-none-elf/15.2.0/rv32im/ilp32\libgcc.a(fixdfsi.o)
 .debug_line    0x00000000      0x29b D:/xpack-riscv-none-elf-gcc-15.2.0-1/bin/../lib/gcc/riscv-none-elf/15.2.0/rv32im/ilp32\libgcc.a(fixdfsi.o)
 .debug_str     0x00000000      0x1d0 D:/xpack-riscv-none-elf-gcc-15.2.0-1/bin/../lib/gcc/riscv-none-elf/15.2.0/rv32im/ilp32\libgcc.a(fixdfsi.o)
 .debug_line_str
                0x00000000      0x24b D:/xpack-riscv-none-elf-gcc-15.2.0-1/bin/../lib/gcc/riscv-none-elf/15.2.0/rv32im/ilp32\libgcc.a(fixdfsi.o)
 .comment       0x00000000       0x34 D:/xpack-riscv-none-elf-gcc-15.2.0-1/bin/../lib/gcc/riscv-none-elf/15.2.0/rv32im/ilp32\libgcc.a(fixdfsi.o)
 .note.GNU-stack
                0x00000000        0x0 D:/xpack-riscv-none-elf-gcc-15.2.0-1/bin/../lib/gcc/riscv-none-elf/15.2.0/rv32im/ilp32\libgcc.a(fixdfsi.o)
 .debug_frame   0x00000000       0x20 D:/xpack-riscv-none-elf-gcc-15.2.0-1/bin/../lib/gcc/riscv-none-elf/15.2.0/rv32im/ilp32\libgcc.a(fixdfsi.o)
 .riscv.attributes
                0x00000000       0x2a D:/xpack-riscv-none-elf-gcc-15.2.0-1/bin/../lib/gcc/riscv-none-elf/15.2.0/rv32im/ilp32\libgcc.a(fixdfsi.o)
 .text          0x00000000        0x0 D:/xpack-riscv-none-elf-gcc-15.2.0-1/bin/../lib/gcc/riscv-none-elf/15.2.0/rv32im/ilp32\libgcc.a(_clzsi2.o)
 .data          0x00000000        0x0 D:/xpack-riscv-none-elf-gcc-15.2.0-1/bin/../lib/gcc/riscv-none-elf/15.2.0/rv32im/ilp32\libgcc.a(_clzsi2.o)
 .bss           0x00000000        0x0 D:/xpack-riscv-none-elf-gcc-15.2.0-1/bin/../lib/gcc/riscv-none-elf/15.2.0/rv32im/ilp32\libgcc.a(_clzsi2.o)
 .text.__clzsi2
                0x00000000       0x88 D:/xpack-riscv-none-elf-gcc-15.2.0-1/bin/../lib/gcc/riscv-none-elf/15.2.0/rv32im/ilp32\libgcc.a(_clzsi2.o)
 .debug_info    0x00000000      0x168 D:/xpack-riscv-none-elf-gcc-15.2.0-1/bin/../lib/gcc/riscv-none-elf/15.2.0/rv32im/ilp32\libgcc.a(_clzsi2.o)
 .debug_abbrev  0x00000000       0xd9 D:/xpack-riscv-none-elf-gcc-15.2.0-1/bin/../lib/gcc/riscv-none-elf/15.2.0/rv32im/ilp32\libgcc.a(_clzsi2.o)
 .debug_loclists
                0x00000000       0xe3 D:/xpack-riscv-none-elf-gcc-15.2.0-1/bin/../lib/gcc/riscv-none-elf/15.2.0/rv32im/ilp32\libgcc.a(_clzsi2.o)
 .debug_aranges
                0x00000000       0x20 D:/xpack-riscv-none-elf-gcc-15.2.0-1/bin/../lib/gcc/riscv-none-elf/15.2.0/rv32im/ilp32\libgcc.a(_clzsi2.o)
 .debug_rnglists
                0x00000000       0x2a D:/xpack-riscv-none-elf-gcc-15.2.0-1/bin/../lib/gcc/riscv-none-elf/15.2.0/rv32im/ilp32\libgcc.a(_clzsi2.o)
 .debug_line    0x00000000      0x15f D:/xpack-riscv-none-elf-gcc-15.2.0-1/bin/../lib/gcc/riscv-none-elf/15.2.0/rv32im/ilp32\libgcc.a(_clzsi2.o)
 .debug_str     0x00000000      0x1f3 D:/xpack-riscv-none-elf-gcc-15.2.0-1/bin/../lib/gcc/riscv-none-elf/15.2.0/rv32im/ilp32\libgcc.a(_clzsi2.o)
 .debug_line_str
                0x00000000      0x232 D:/xpack-riscv-none-elf-gcc-15.2.0-1/bin/../lib/gcc/riscv-none-elf/15.2.0/rv32im/ilp32\libgcc.a(_clzsi2.o)
 .comment       0x00000000       0x34 D:/xpack-riscv-none-elf-gcc-15.2.0-1/bin/../lib/gcc/riscv-none-elf/15.2.0/rv32im/ilp32\libgcc.a(_clzsi2.o)
 .note.GNU-stack
                0x00000000        0x0 D:/xpack-riscv-none-elf-gcc-15.2.0-1/bin/../lib/gcc/riscv-none-elf/15.2.0/rv32im/ilp32\libgcc.a(_clzsi2.o)
 .debug_frame   0x00000000       0x20 D:/xpack-riscv-none-elf-gcc-15.2.0-1/bin/../lib/gcc/riscv-none-elf/15.2.0/rv32im/ilp32\libgcc.a(_clzsi2.o)
 .riscv.attributes
                0x00000000       0x2a D:/xpack-riscv-none-elf-gcc-15.2.0-1/bin/../lib/gcc/riscv-none-elf/15.2.0/rv32im/ilp32\libgcc.a(_clzsi2.o)
 .text          0x00000000        0x0 D:/xpack-riscv-none-elf-gcc-15.2.0-1/bin/../lib/gcc/riscv-none-elf/15.2.0/rv32im/ilp32\libgcc.a(_clz.o)
 .data          0x00000000        0x0 D:/xpack-riscv-none-elf-gcc-15.2.0-1/bin/../lib/gcc/riscv-none-elf/15.2.0/rv32im/ilp32\libgcc.a(_clz.o)
 .bss           0x00000000        0x0 D:/xpack-riscv-none-elf-gcc-15.2.0-1/bin/../lib/gcc/riscv-none-elf/15.2.0/rv32im/ilp32\libgcc.a(_clz.o)
 .rodata.__clz_tab
                0x00000000      0x100 D:/xpack-riscv-none-elf-gcc-15.2.0-1/bin/../lib/gcc/riscv-none-elf/15.2.0/rv32im/ilp32\libgcc.a(_clz.o)
 .debug_info    0x00000000       0xf2 D:/xpack-riscv-none-elf-gcc-15.2.0-1/bin/../lib/gcc/riscv-none-elf/15.2.0/rv32im/ilp32\libgcc.a(_clz.o)
 .debug_abbrev  0x00000000       0x76 D:/xpack-riscv-none-elf-gcc-15.2.0-1/bin/../lib/gcc/riscv-none-elf/15.2.0/rv32im/ilp32\libgcc.a(_clz.o)
 .debug_aranges
                0x00000000       0x18 D:/xpack-riscv-none-elf-gcc-15.2.0-1/bin/../lib/gcc/riscv-none-elf/15.2.0/rv32im/ilp32\libgcc.a(_clz.o)
 .debug_line    0x00000000       0x49 D:/xpack-riscv-none-elf-gcc-15.2.0-1/bin/../lib/gcc/riscv-none-elf/15.2.0/rv32im/ilp32\libgcc.a(_clz.o)
 .debug_str     0x00000000      0x1d6 D:/xpack-riscv-none-elf-gcc-15.2.0-1/bin/../lib/gcc/riscv-none-elf/15.2.0/rv32im/ilp32\libgcc.a(_clz.o)
 .debug_line_str
                0x00000000      0x232 D:/xpack-riscv-none-elf-gcc-15.2.0-1/bin/../lib/gcc/riscv-none-elf/15.2.0/rv32im/ilp32\libgcc.a(_clz.o)
 .comment       0x00000000       0x34 D:/xpack-riscv-none-elf-gcc-15.2.0-1/bin/../lib/gcc/riscv-none-elf/15.2.0/rv32im/ilp32\libgcc.a(_clz.o)
 .note.GNU-stack
                0x00000000        0x0 D:/xpack-riscv-none-elf-gcc-15.2.0-1/bin/../lib/gcc/riscv-none-elf/15.2.0/rv32im/ilp32\libgcc.a(_clz.o)
 .riscv.attributes
                0x00000000       0x2a D:/xpack-riscv-none-elf-gcc-15.2.0-1/bin/../lib/gcc/riscv-none-elf/15.2.0/rv32im/ilp32\libgcc.a(_clz.o)
 .text          0x00000000        0x0 D:/xpack-riscv-none-elf-gcc-15.2.0-1/bin/../lib/gcc/riscv-none-elf/15.2.0/../../../../riscv-none-elf/lib/rv32im/ilp32\libc.a(libm_a-s_modf.o)
 .data          0x00000000        0x0 D:/xpack-riscv-none-elf-gcc-15.2.0-1/bin/../lib/gcc/riscv-none-elf/15.2.0/../../../../riscv-none-elf/lib/rv32im/ilp32\libc.a(libm_a-s_modf.o)
 .bss           0x00000000        0x0 D:/xpack-riscv-none-elf-gcc-15.2.0-1/bin/../lib/gcc/riscv-none-elf/15.2.0/../../../../riscv-none-elf/lib/rv32im/ilp32\libc.a(libm_a-s_modf.o)
 .text.modf     0x00000000      0x174 D:/xpack-riscv-none-elf-gcc-15.2.0-1/bin/../lib/gcc/riscv-none-elf/15.2.0/../../../../riscv-none-elf/lib/rv32im/ilp32\libc.a(libm_a-s_modf.o)
 .comment       0x00000000       0x34 D:/xpack-riscv-none-elf-gcc-15.2.0-1/bin/../lib/gcc/riscv-none-elf/15.2.0/../../../../riscv-none-elf/lib/rv32im/ilp32\libc.a(libm_a-s_modf.o)
 .note.GNU-stack
                0x00000000        0x0 D:/xpack-riscv-none-elf-gcc-15.2.0-1/bin/../lib/gcc/riscv-none-elf/15.2.0/../../../../riscv-none-elf/lib/rv32im/ilp32\libc.a(libm_a-s_modf.o)
 .riscv.attributes
                0x00000000       0x2a D:/xpack-riscv-none-elf-gcc-15.2.0-1/bin/../lib/gcc/riscv-none-elf/15.2.0/../../../../riscv-none-elf/lib/rv32im/ilp32\libc.a(libm_a-s_modf.o)
 .text          0x00000000        0x0 D:/xpack-riscv-none-elf-gcc-15.2.0-1/bin/../lib/gcc/riscv-none-elf/15.2.0/../../../../riscv-none-elf/lib/rv32im/ilp32\libc.a(libm_a-s_fpclassify.o)
 .data          0x00000000        0x0 D:/xpack-riscv-none-elf-gcc-15.2.0-1/bin/../lib/gcc/riscv-none-elf/15.2.0/../../../../riscv-none-elf/lib/rv32im/ilp32\libc.a(libm_a-s_fpclassify.o)
 .bss           0x00000000        0x0 D:/xpack-riscv-none-elf-gcc-15.2.0-1/bin/../lib/gcc/riscv-none-elf/15.2.0/../../../../riscv-none-elf/lib/rv32im/ilp32\libc.a(libm_a-s_fpclassify.o)
 .text.__fpclassifyd
                0x00000000       0x68 D:/xpack-riscv-none-elf-gcc-15.2.0-1/bin/../lib/gcc/riscv-none-elf/15.2.0/../../../../riscv-none-elf/lib/rv32im/ilp32\libc.a(libm_a-s_fpclassify.o)
 .comment       0x00000000       0x34 D:/xpack-riscv-none-elf-gcc-15.2.0-1/bin/../lib/gcc/riscv-none-elf/15.2.0/../../../../riscv-none-elf/lib/rv32im/ilp32\libc.a(libm_a-s_fpclassify.o)
 .note.GNU-stack
                0x00000000        0x0 D:/xpack-riscv-none-elf-gcc-15.2.0-1/bin/../lib/gcc/riscv-none-elf/15.2.0/../../../../riscv-none-elf/lib/rv32im/ilp32\libc.a(libm_a-s_fpclassify.o)
 .riscv.attributes
                0x00000000       0x2a D:/xpack-riscv-none-elf-gcc-15.2.0-1/bin/../lib/gcc/riscv-none-elf/15.2.0/../../../../riscv-none-elf/lib/rv32im/ilp32\libc.a(libm_a-s_fpclassify.o)
 .text          0x00000000        0x0 D:/xpack-riscv-none-elf-gcc-15.2.0-1/bin/../lib/gcc/riscv-none-elf/15.2.0/rv32im/ilp32\libgcc.a(subdf3.o)
 .data          0x00000000        0x0 D:/xpack-riscv-none-elf-gcc-15.2.0-1/bin/../lib/gcc/riscv-none-elf/15.2.0/rv32im/ilp32\libgcc.a(subdf3.o)
 .bss           0x00000000        0x0 D:/xpack-riscv-none-elf-gcc-15.2.0-1/bin/../lib/gcc/riscv-none-elf/15.2.0/rv32im/ilp32\libgcc.a(subdf3.o)
 .text.__subdf3
                0x00000000      0xb54 D:/xpack-riscv-none-elf-gcc-15.2.0-1/bin/../lib/gcc/riscv-none-elf/15.2.0/rv32im/ilp32\libgcc.a(subdf3.o)
 .debug_info    0x00000000      0x562 D:/xpack-riscv-none-elf-gcc-15.2.0-1/bin/../lib/gcc/riscv-none-elf/15.2.0/rv32im/ilp32\libgcc.a(subdf3.o)
 .debug_abbrev  0x00000000      0x195 D:/xpack-riscv-none-elf-gcc-15.2.0-1/bin/../lib/gcc/riscv-none-elf/15.2.0/rv32im/ilp32\libgcc.a(subdf3.o)
 .debug_loclists
                0x00000000     0x2260 D:/xpack-riscv-none-elf-gcc-15.2.0-1/bin/../lib/gcc/riscv-none-elf/15.2.0/rv32im/ilp32\libgcc.a(subdf3.o)
 .debug_aranges
                0x00000000       0x20 D:/xpack-riscv-none-elf-gcc-15.2.0-1/bin/../lib/gcc/riscv-none-elf/15.2.0/rv32im/ilp32\libgcc.a(subdf3.o)
 .debug_rnglists
                0x00000000      0x3a7 D:/xpack-riscv-none-elf-gcc-15.2.0-1/bin/../lib/gcc/riscv-none-elf/15.2.0/rv32im/ilp32\libgcc.a(subdf3.o)
 .debug_line    0x00000000     0x29a6 D:/xpack-riscv-none-elf-gcc-15.2.0-1/bin/../lib/gcc/riscv-none-elf/15.2.0/rv32im/ilp32\libgcc.a(subdf3.o)
 .debug_str     0x00000000      0x2c3 D:/xpack-riscv-none-elf-gcc-15.2.0-1/bin/../lib/gcc/riscv-none-elf/15.2.0/rv32im/ilp32\libgcc.a(subdf3.o)
 .debug_line_str
                0x00000000      0x23f D:/xpack-riscv-none-elf-gcc-15.2.0-1/bin/../lib/gcc/riscv-none-elf/15.2.0/rv32im/ilp32\libgcc.a(subdf3.o)
 .comment       0x00000000       0x34 D:/xpack-riscv-none-elf-gcc-15.2.0-1/bin/../lib/gcc/riscv-none-elf/15.2.0/rv32im/ilp32\libgcc.a(subdf3.o)
 .note.GNU-stack
                0x00000000        0x0 D:/xpack-riscv-none-elf-gcc-15.2.0-1/bin/../lib/gcc/riscv-none-elf/15.2.0/rv32im/ilp32\libgcc.a(subdf3.o)
 .debug_frame   0x00000000       0x4c D:/xpack-riscv-none-elf-gcc-15.2.0-1/bin/../lib/gcc/riscv-none-elf/15.2.0/rv32im/ilp32\libgcc.a(subdf3.o)
 .riscv.attributes
                0x00000000       0x2a D:/xpack-riscv-none-elf-gcc-15.2.0-1/bin/../lib/gcc/riscv-none-elf/15.2.0/rv32im/ilp32\libgcc.a(subdf3.o)

Memory Configuration

Name             Origin             Length             Attributes
IRAM             0x00000000         0x00010000         xr
SRAM             0x20000000         0x00008000         xrw
*default*        0x00000000         0xffffffff

Linker script and memory map

LOAD app/coremark/core_list_join.o
LOAD app/coremark/core_main.o
LOAD app/coremark/core_matrix.o
LOAD app/coremark/core_portme.o
LOAD app/coremark/core_state.o
LOAD app/coremark/core_util.o
LOAD app/coremark/cvt.o
LOAD app/coremark/ee_printf.o
LOAD bsp/timer/bsp_timer.o
LOAD bsp/uart/bsp_uart.o
LOAD bsp/syscalls.o
LOAD lib/startup/startup.o
LOAD D:/xpack-riscv-none-elf-gcc-15.2.0-1/bin/../lib/gcc/riscv-none-elf/15.2.0/rv32im/ilp32\libgcc.a
START GROUP
LOAD D:/xpack-riscv-none-elf-gcc-15.2.0-1/bin/../lib/gcc/riscv-none-elf/15.2.0/../../../../riscv-none-elf/lib/rv32im/ilp32\libc.a
LOAD D:/xpack-riscv-none-elf-gcc-15.2.0-1/bin/../lib/gcc/riscv-none-elf/15.2.0/../../../../riscv-none-elf/lib/rv32im/ilp32\libgloss.a
END GROUP
LOAD D:/xpack-riscv-none-elf-gcc-15.2.0-1/bin/../lib/gcc/riscv-none-elf/15.2.0/rv32im/ilp32\libgcc.a

.text           0x00000000     0x3254
                0x00000000                        . = ALIGN (0x4)
                [!provide]                        PROVIDE (_text_start = .)
 *(.init)
 .init          0x00000000       0x10 lib/startup/startup.o
                0x00000000                _start
 *(.text .text.*)
 .text.cmp_idx  0x00000010       0x54 app/coremark/core_list_join.o
                0x00000010                cmp_idx
 .text.calc_func
                0x00000064      0x134 app/coremark/core_list_join.o
                0x00000064                calc_func
 .text.cmp_complex
                0x00000198       0x48 app/coremark/core_list_join.o
                0x00000198                cmp_complex
 .text.core_list_mergesort
                0x000001e0      0x1b0 app/coremark/core_list_join.o
                0x000001e0                core_list_mergesort
 .text.core_bench_list
                0x00000390      0x300 app/coremark/core_list_join.o
                0x00000390                core_bench_list
 .text.core_list_init
                0x00000690      0x160 app/coremark/core_list_join.o
                0x00000690                core_list_init
 .text.memcpy   0x000007f0       0x24 app/coremark/core_main.o
                0x000007f0                memcpy
 .text.memset   0x00000814       0x30 app/coremark/core_main.o
                0x00000814                memset
 .text.startup.main
                0x00000844      0x740 app/coremark/core_main.o
                0x00000844                main
 .text.core_init_matrix
                0x00000f84      0x124 app/coremark/core_matrix.o
                0x00000f84                core_init_matrix
 .text.matrix_mul_vect
                0x000010a8       0x58 app/coremark/core_matrix.o
                0x000010a8                matrix_mul_vect
 .text.matrix_mul_matrix
                0x00001100       0xa0 app/coremark/core_matrix.o
                0x00001100                matrix_mul_matrix
 .text.matrix_mul_matrix_bitextract
                0x000011a0       0xb4 app/coremark/core_matrix.o
                0x000011a0                matrix_mul_matrix_bitextract
 .text.matrix_test
                0x00001254      0x3e8 app/coremark/core_matrix.o
                0x00001254                matrix_test
 .text.core_bench_matrix
                0x0000163c       0x3c app/coremark/core_matrix.o
                0x0000163c                core_bench_matrix
 .text.start_time
                0x00001678       0x20 app/coremark/core_portme.o
                0x00001678                start_time
 .text.stop_time
                0x00001698       0x20 app/coremark/core_portme.o
                0x00001698                stop_time
 .text.get_time
                0x000016b8       0x18 app/coremark/core_portme.o
                0x000016b8                get_time
 .text.time_in_secs
                0x000016d0       0x14 app/coremark/core_portme.o
                0x000016d0                time_in_secs
 .text.portable_init
                0x000016e4       0x38 app/coremark/core_portme.o
                0x000016e4                portable_init
 .text.core_init_state
                0x0000171c      0x194 app/coremark/core_state.o
                0x0000171c                core_init_state
 .text.core_state_transition
                0x000018b0      0x2e8 app/coremark/core_state.o
                0x000018b0                core_state_transition
 .text.core_bench_state
                0x00001b98      0x1b4 app/coremark/core_state.o
                0x00001b98                core_bench_state
 .text.crcu16   0x00001d4c      0x228 app/coremark/core_util.o
                0x00001d4c                crcu16
 .text.crcu32   0x00001f74      0x420 app/coremark/core_util.o
                0x00001f74                crcu32
 .text.crc16    0x00002394      0x22c app/coremark/core_util.o
                0x00002394                crc16
 .text.number   0x000025c0      0x330 app/coremark/ee_printf.o
 .text.ee_printf
                0x000028f0      0x8f8 app/coremark/ee_printf.o
                0x000028f0                ee_printf
 .text.timer0_init
                0x000031e8       0x2c bsp/timer/bsp_timer.o
                0x000031e8                timer0_init
 .text.timer0_start
                0x00003214       0x14 bsp/timer/bsp_timer.o
                0x00003214                timer0_start
 .text.timer0_get_value
                0x00003228        0xc bsp/timer/bsp_timer.o
                0x00003228                timer0_get_value
 .text.uart_putc
                0x00003234       0x20 bsp/uart/bsp_uart.o
                0x00003234                uart_putc
                0x00003254                        . = ALIGN (0x4)
                [!provide]                        PROVIDE (_text_end = .)

.rodata         0x00003254      0xcfc
                0x00003254                        . = ALIGN (0x4)
 *(.rodata .rodata.*)
 .rodata.main.str1.4
                0x00003254      0x893 app/coremark/core_main.o
                                0x789 (size before relaxing)
 *fill*         0x00003ae7        0x1 
 .rodata.state_known_crc
                0x00003ae8        0xa app/coremark/core_main.o
 *fill*         0x00003af2        0x2 
 .rodata.matrix_known_crc
                0x00003af4        0xa app/coremark/core_main.o
 *fill*         0x00003afe        0x2 
 .rodata.list_known_crc
                0x00003b00        0xa app/coremark/core_main.o
 .rodata.str1.4
                0x00003b0a        0x0 app/coremark/core_state.o
                                 0xad (size before relaxing)
 *fill*         0x00003b0a        0x2 
 .rodata.errpat
                0x00003b0c       0x10 app/coremark/core_state.o
 .rodata.scipat
                0x00003b1c       0x10 app/coremark/core_state.o
 .rodata.floatpat
                0x00003b2c       0x10 app/coremark/core_state.o
 .rodata.intpat
                0x00003b3c       0x10 app/coremark/core_state.o
 .rodata        0x00003b4c      0x200 app/coremark/core_util.o
 .rodata.number.str1.4
                0x00003d4c        0x0 app/coremark/ee_printf.o
                                 0x4d (size before relaxing)
 .rodata.ee_printf.str1.4
                0x00003d4c        0x0 app/coremark/ee_printf.o
                                  0x7 (size before relaxing)
 .rodata.ee_printf
                0x00003d4c      0x204 app/coremark/ee_printf.o
 *(.srodata .srodata.*)
                0x00003f50                        . = ALIGN (0x4)

.rela.dyn       0x00003f50        0x0
 .rela.text.startup.main
                0x00003f50        0x0 app/coremark/core_list_join.o
 .rela.init     0x00003f50        0x0 app/coremark/core_list_join.o

.data           0x20000000        0x0 load address 0x00003f50
                0x20000000                        . = ALIGN (0x4)
                0x20000000                        PROVIDE (_data_start = .)
 *(.sdata .sdata.*)
 *(.data .data.*)
                0x20000000                        . = ALIGN (0x4)
                0x20000000                        PROVIDE (_data_end = .)
                0x00003f50                        PROVIDE (_data_lma = LOADADDR (.data))

.bss            0x20000000        0x8 load address 0x00003f50
                0x20000000                        . = ALIGN (0x4)
                0x20000000                        PROVIDE (_bss_start = .)
 *(.sbss .sbss.*)
 .sbss.stop_time_val
                0x20000000        0x4 app/coremark/core_portme.o
 .sbss.start_time_val
                0x20000004        0x4 app/coremark/core_portme.o
 *(.bss .bss.*)
 *(COMMON)
                0x20000008                        . = ALIGN (0x4)
                0x20000008                        PROVIDE (_bss_end = .)
                [!provide]                        PROVIDE (end = .)
                [!provide]                        PROVIDE (_end = .)
                0x20008000                        PROVIDE (_sp = (ORIGIN (SRAM) + LENGTH (SRAM)))
OUTPUT(coremark.elf elf32-littleriscv)

.debug_info     0x00000000     0x4251
 .debug_info    0x00000000      0xe9c app/coremark/core_list_join.o
 .debug_info    0x00000e9c      0xf28 app/coremark/core_main.o
 .debug_info    0x00001dc4      0xbb6 app/coremark/core_matrix.o
 .debug_info    0x0000297a      0x363 app/coremark/core_portme.o
 .debug_info    0x00002cdd      0x4f6 app/coremark/core_state.o
 .debug_info    0x000031d3      0x50b app/coremark/core_util.o
 .debug_info    0x000036de      0x906 app/coremark/ee_printf.o
 .debug_info    0x00003fe4      0x127 bsp/timer/bsp_timer.o
 .debug_info    0x0000410b      0x122 bsp/uart/bsp_uart.o
 .debug_info    0x0000422d       0x24 lib/startup/startup.o

.debug_abbrev   0x00000000     0x1362
 .debug_abbrev  0x00000000      0x36c app/coremark/core_list_join.o
 .debug_abbrev  0x0000036c      0x208 app/coremark/core_main.o
 .debug_abbrev  0x00000574      0x2af app/coremark/core_matrix.o
 .debug_abbrev  0x00000823      0x1e1 app/coremark/core_portme.o
 .debug_abbrev  0x00000a04      0x265 app/coremark/core_state.o
 .debug_abbrev  0x00000c69      0x203 app/coremark/core_util.o
 .debug_abbrev  0x00000e6c      0x33f app/coremark/ee_printf.o
 .debug_abbrev  0x000011ab       0xb6 bsp/timer/bsp_timer.o
 .debug_abbrev  0x00001261       0xed bsp/uart/bsp_uart.o
 .debug_abbrev  0x0000134e       0x14 lib/startup/startup.o

.debug_loclists
                0x00000000     0x4132
 .debug_loclists
                0x00000000      0xf74 app/coremark/core_list_join.o
 .debug_loclists
                0x00000f74      0x386 app/coremark/core_main.o
 .debug_loclists
                0x000012fa      0xe8d app/coremark/core_matrix.o
 .debug_loclists
                0x00002187       0xfc app/coremark/core_portme.o
 .debug_loclists
                0x00002283      0x74a app/coremark/core_state.o
 .debug_loclists
                0x000029cd      0x3c4 app/coremark/core_util.o
 .debug_loclists
                0x00002d91     0x1381 app/coremark/ee_printf.o
 .debug_loclists
                0x00004112       0x20 bsp/uart/bsp_uart.o

.debug_aranges  0x00000000      0x2a0
 .debug_aranges
                0x00000000       0x78 app/coremark/core_list_join.o
 .debug_aranges
                0x00000078       0x38 app/coremark/core_main.o
 .debug_aranges
                0x000000b0       0x60 app/coremark/core_matrix.o
 .debug_aranges
                0x00000110       0x50 app/coremark/core_portme.o
 .debug_aranges
                0x00000160       0x30 app/coremark/core_state.o
 .debug_aranges
                0x00000190       0x48 app/coremark/core_util.o
 .debug_aranges
                0x000001d8       0x30 app/coremark/ee_printf.o
 .debug_aranges
                0x00000208       0x48 bsp/timer/bsp_timer.o
 .debug_aranges
                0x00000250       0x30 bsp/uart/bsp_uart.o
 .debug_aranges
                0x00000280       0x20 lib/startup/startup.o

.debug_rnglists
                0x00000000      0x416
 .debug_rnglists
                0x00000000      0x135 app/coremark/core_list_join.o
 .debug_rnglists
                0x00000135       0x26 app/coremark/core_main.o
 .debug_rnglists
                0x0000015b       0xb2 app/coremark/core_matrix.o
 .debug_rnglists
                0x0000020d       0x4f app/coremark/core_portme.o
 .debug_rnglists
                0x0000025c       0x79 app/coremark/core_state.o
 .debug_rnglists
                0x000002d5       0x6f app/coremark/core_util.o
 .debug_rnglists
                0x00000344       0x82 app/coremark/ee_printf.o
 .debug_rnglists
                0x000003c6       0x31 bsp/timer/bsp_timer.o
 .debug_rnglists
                0x000003f7       0x1f bsp/uart/bsp_uart.o

.debug_line     0x00000000     0x60c2
 .debug_line    0x00000000     0x149c app/coremark/core_list_join.o
 .debug_line    0x0000149c      0xa17 app/coremark/core_main.o
 .debug_line    0x00001eb3     0x1254 app/coremark/core_matrix.o
 .debug_line    0x00003107      0x23e app/coremark/core_portme.o
 .debug_line    0x00003345      0xe02 app/coremark/core_state.o
 .debug_line    0x00004147      0x551 app/coremark/core_util.o
 .debug_line    0x00004698     0x16ed app/coremark/ee_printf.o
 .debug_line    0x00005d85      0x17c bsp/timer/bsp_timer.o
 .debug_line    0x00005f01      0x16d bsp/uart/bsp_uart.o
 .debug_line    0x0000606e       0x54 lib/startup/startup.o

.debug_str      0x00000000      0x9bb
 .debug_str     0x00000000      0x9bb app/coremark/core_list_join.o
                                0x435 (size before relaxing)
 .debug_str     0x000009bb        0x0 app/coremark/core_main.o
                                0x43f (size before relaxing)
 .debug_str     0x000009bb        0x0 app/coremark/core_matrix.o
                                0x239 (size before relaxing)
 .debug_str     0x000009bb        0x0 app/coremark/core_portme.o
                                0x2be (size before relaxing)
 .debug_str     0x000009bb        0x0 app/coremark/core_state.o
                                0x2bb (size before relaxing)
 .debug_str     0x000009bb        0x0 app/coremark/core_util.o
                                0x1f0 (size before relaxing)
 .debug_str     0x000009bb        0x0 app/coremark/ee_printf.o
                                0x24c (size before relaxing)
 .debug_str     0x000009bb        0x0 bsp/timer/bsp_timer.o
                                0x1a4 (size before relaxing)
 .debug_str     0x000009bb        0x0 bsp/uart/bsp_uart.o
                                0x148 (size before relaxing)
 .debug_str     0x000009bb        0x0 lib/startup/startup.o
                                 0x53 (size before relaxing)

.debug_line_str
                0x00000000      0x2a7
 .debug_line_str
                0x00000000      0x2a7 app/coremark/core_list_join.o
                                 0x86 (size before relaxing)
 .debug_line_str
                0x000002a7        0x0 app/coremark/core_main.o
                                 0x87 (size before relaxing)
 .debug_line_str
                0x000002a7        0x0 app/coremark/core_matrix.o
                                 0x80 (size before relaxing)
 .debug_line_str
                0x000002a7        0x0 app/coremark/core_portme.o
                                0x148 (size before relaxing)
 .debug_line_str
                0x000002a7        0x0 app/coremark/core_state.o
                                 0x89 (size before relaxing)
 .debug_line_str
                0x000002a7        0x0 app/coremark/core_util.o
                                 0x71 (size before relaxing)
 .debug_line_str
                0x000002a7        0x0 app/coremark/ee_printf.o
                                0x100 (size before relaxing)
 .debug_line_str
                0x000002a7        0x0 bsp/timer/bsp_timer.o
                                 0xfc (size before relaxing)
 .debug_line_str
                0x000002a7        0x0 bsp/uart/bsp_uart.o
                                 0xf8 (size before relaxing)
 .debug_line_str
                0x000002a7        0x0 lib/startup/startup.o
                                 0x47 (size before relaxing)

.comment        0x00000000       0x33
 .comment       0x00000000       0x33 app/coremark/core_list_join.o
                                 0x34 (size before relaxing)
 .comment       0x00000033        0x0 app/coremark/core_main.o
                                 0x34 (size before relaxing)
 .comment       0x00000033        0x0 app/coremark/core_matrix.o
                                 0x34 (size before relaxing)
 .comment       0x00000033        0x0 app/coremark/core_portme.o
                                 0x34 (size before relaxing)
 .comment       0x00000033        0x0 app/coremark/core_state.o
                                 0x34 (size before relaxing)
 .comment       0x00000033        0x0 app/coremark/core_util.o
                                 0x34 (size before relaxing)
 .comment       0x00000033        0x0 app/coremark/ee_printf.o
                                 0x34 (size before relaxing)
 .comment       0x00000033        0x0 bsp/timer/bsp_timer.o
                                 0x34 (size before relaxing)
 .comment       0x00000033        0x0 bsp/uart/bsp_uart.o
                                 0x34 (size before relaxing)

.note.GNU-stack
                0x00000000        0x0
 .note.GNU-stack
                0x00000000        0x0 app/coremark/core_list_join.o
 .note.GNU-stack
                0x00000000        0x0 app/coremark/core_main.o
 .note.GNU-stack
                0x00000000        0x0 app/coremark/core_matrix.o
 .note.GNU-stack
                0x00000000        0x0 app/coremark/core_portme.o
 .note.GNU-stack
                0x00000000        0x0 app/coremark/core_state.o
 .note.GNU-stack
                0x00000000        0x0 app/coremark/core_util.o
 .note.GNU-stack
                0x00000000        0x0 app/coremark/ee_printf.o
 .note.GNU-stack
                0x00000000        0x0 bsp/timer/bsp_timer.o
 .note.GNU-stack
                0x00000000        0x0 bsp/uart/bsp_uart.o

.riscv.attributes
                0x00000000       0x2a
 .riscv.attributes
                0x00000000       0x2a app/coremark/core_list_join.o
 .riscv.attributes
                0x0000002a       0x2a app/coremark/core_main.o
 .riscv.attributes
                0x00000054       0x2a app/coremark/core_matrix.o
 .riscv.attributes
                0x0000007e       0x2a app/coremark/core_portme.o
 .riscv.attributes
                0x000000a8       0x2a app/coremark/core_state.o
 .riscv.attributes
                0x000000d2       0x2a app/coremark/core_util.o
 .riscv.attributes
                0x000000fc       0x2a app/coremark/ee_printf.o
 .riscv.attributes
                0x00000126       0x2a bsp/timer/bsp_timer.o
 .riscv.attributes
                0x00000150       0x2a bsp/uart/bsp_uart.o
 .riscv.attributes
                0x0000017a       0x28 lib/startup/startup.o

.debug_frame    0x00000000      0x684
 .debug_frame   0x00000000      0x158 app/coremark/core_list_join.o
 .debug_frame   0x00000158       0x80 app/coremark/core_main.o
 .debug_frame   0x000001d8      0x124 app/coremark/core_matrix.o
 .debug_frame   0x000002fc       0xb4 app/coremark/core_portme.o
 .debug_frame   0x000003b0       0xc4 app/coremark/core_state.o
 .debug_frame   0x00000474       0x70 app/coremark/core_util.o
 .debug_frame   0x000004e4       0xf0 app/coremark/ee_printf.o
 .debug_frame   0x000005d4       0x70 bsp/timer/bsp_timer.o
 .debug_frame   0x00000644       0x40 bsp/uart/bsp_uart.o
