#Build: Fabric Compiler 2022.2-SP6.4, Build 146967, Jan 31 01:39 2024
#Install: E:\pango\PDS_2022.2-SP6.4\bin
#Application name: pds_shell.exe
#OS: Windows 10 10.0.26200
#Hostname: LAPTOP-E3CFACBD
Generated by Fabric Compiler (version 2022.2-SP6.4 build 146967) at Wed Mar 25 13:39:04 2026
Compiling verification operator library.
Compiling common defs.
Compiling prim grid devices.
Compiling gate devices.
Compiling gate operators.
Building architecture model.
Loading device packaging model.
pnr strategy configuration : 
strategy name : 0
Building architecture floorplan logic view.
Constraint check start.
Executing : def_port {uart_tx} LOC=T11 VCCIO=3.3 IOSTANDARD=LVCMOS33 PULLUP=TRUE
C: ConstraintEditor-2009: uart_tx is lack of SLEW, OUTPUT or INOUT PORT had better set SLEW, the optional value is {SLOW, FAST}.
C: ConstraintEditor-2009: uart_tx is lack of DRIVE, OUTPUT or INOUT PORT had better set DRIVE, the optional value is {8, 4, 12, 16, 24}.
Executing : def_port {uart_tx} LOC=T11 VCCIO=3.3 IOSTANDARD=LVCMOS33 PULLUP=TRUE successfully
Executing : def_port {rst_n} LOC=C4 VCCIO=1.2 IOSTANDARD=LVCMOS12 PULLUP=TRUE
Executing : def_port {rst_n} LOC=C4 VCCIO=1.2 IOSTANDARD=LVCMOS12 PULLUP=TRUE successfully
Executing : def_port {sys_clk} LOC=V9 VCCIO=3.3 IOSTANDARD=LVCMOS33 PULLUP=TRUE
Executing : def_port {sys_clk} LOC=V9 VCCIO=3.3 IOSTANDARD=LVCMOS33 PULLUP=TRUE successfully
Executing : def_port {uart_rx} LOC=R11 VCCIO=3.3 IOSTANDARD=LVCMOS33 PULLUP=TRUE
C: ConstraintEditor-2001: [E:/FPGA/TSP_RVmaster/FPGA/pango_cpu/device_map/SoC_Top.pcf(line number: 6)] Object 'uart_rx' is dangling, which has no connection. it will be ignored.
Executing : def_port {uart_rx} LOC=R11 VCCIO=3.3 IOSTANDARD=LVCMOS33 PULLUP=TRUE failed
W: ConstraintEditor-4019: Port Bus 'ext_axi_if_araddr' unspecified I/O constraint.
W: ConstraintEditor-4019: Port Bus 'ext_axi_if_awaddr' unspecified I/O constraint.
W: ConstraintEditor-4019: Port Bus 'ext_axi_if_bresp' unspecified I/O constraint.
W: ConstraintEditor-4019: Port Bus 'ext_axi_if_rdata' unspecified I/O constraint.
W: ConstraintEditor-4019: Port Bus 'ext_axi_if_rresp' unspecified I/O constraint.
W: ConstraintEditor-4019: Port Bus 'ext_axi_if_wdata' unspecified I/O constraint.
W: ConstraintEditor-4019: Port Bus 'ext_axi_if_wstrb' unspecified I/O constraint.
W: ConstraintEditor-4019: Port 'ext_axi_if_arready' unspecified I/O constraint.
W: ConstraintEditor-4019: Port 'ext_axi_if_arvalid' unspecified I/O constraint.
W: ConstraintEditor-4019: Port 'ext_axi_if_awready' unspecified I/O constraint.
W: ConstraintEditor-4019: Port 'ext_axi_if_awvalid' unspecified I/O constraint.
W: ConstraintEditor-4019: Port 'ext_axi_if_bready' unspecified I/O constraint.
W: ConstraintEditor-4019: Port 'ext_axi_if_bvalid' unspecified I/O constraint.
W: ConstraintEditor-4019: Port 'ext_axi_if_rready' unspecified I/O constraint.
W: ConstraintEditor-4019: Port 'ext_axi_if_rvalid' unspecified I/O constraint.
W: ConstraintEditor-4019: Port 'ext_axi_if_wready' unspecified I/O constraint.
W: ConstraintEditor-4019: Port 'ext_axi_if_wvalid' unspecified I/O constraint.
Constraint check end.
I: Column Clock Check open.
Read Column Clock Map.

Placement started.
Phase 1 Pre global placement started.
Mapping instance sys_pll_u0/u_pll_e3/goppll to PLL_158_55.
Phase 1.1 1st GP placement started.
Design Utilization : 1%.
First map gop timing takes 0.06 sec
Worst slack after clock region global placement is 37426
Wirelength after clock region global placement is 4910 and checksum is 44A77E65DF789D64.
1st GP placement takes 1.64 sec.

Phase 1.2 Clock placement started.
Mapping instance clkbufg_0/gopclkbufg to USCM_84_108.
Clock placement takes 0.14 sec.

Wirelength after Pre Global Placement is 4910 and checksum is 44A77E65DF789D64.
Pre global placement takes 1.88 sec.

Phase 2 Global placement started.
Phase 2.1 Fixed placement started.
Placed fixed group with base inst rst_n_ibuf/opit_1 on IOL_11_373.
Placed fixed group with base inst sys_clk_ibuf/opit_1 on IOL_159_5.
Placed fixed group with base inst uart_tx_obuf/opit_1 on IOL_219_5.
Placed fixed instance clkbufg_0/gopclkbufg on USCM_84_108.
Placed fixed instance sys_pll_u0/u_pll_e3/goppll on PLL_158_55.
Placed fixed instance BKCL_auto_0 on BKCL_188_376.
Placed fixed instance BKCL_auto_1 on BKCL_192_0.
Fixed placement takes 0.02 sec.

Phase 2.2 Process placement started.
Process placement takes 0.00 sec.

Phase 2.3 IO placement started.
IO placement takes 0.05 sec.

Phase 2.4 2nd GP placement started.
Run super clustering :
	Initial slack 34915.
	2 iterations finished.
	Final slack 36009.
Super clustering done.
Design Utilization : 1%.
Worst slack after global placement is 37673
2nd GP placement takes 0.41 sec.

Wirelength after global placement is 8690 and checksum is DB8B56444035BBAA.
Global placement takes 0.47 sec.

Phase 3 Post global placement started.
Phase 3.1 Macro cell placement started.
I: Process macros using "Greedy".
Wirelength after macro cell placement is 8769 and checksum is 77AA2B1A90A9E3C5.
Macro cell placement takes 0.00 sec.

Phase 3.2 3rd GP placement started.
Run super clustering :
	Initial slack 34915.
	2 iterations finished.
	Final slack 36009.
Super clustering done.
Design Utilization : 1%.
Worst slack after post global placement is 37497
3rd GP placement takes 0.38 sec.

Wirelength after post global placement is 8715 and checksum is 229CA6227C3D84C9.
Post global placement takes 0.38 sec.

Phase 4 Legalization started.
The average distance in LP is 2.625000.
Wirelength after legalization is 8725 and checksum is 68CA12F7313A0C9D.
Legalization takes 0.02 sec.

Phase 5 Timing-driven detailed placement started.
Phase 5.1 Replication placement started.
Worst slack before Replication Place is 37412.
Replication placement takes 0.02 sec.

Wirelength after replication placement is 8725 and checksum is 68CA12F7313A0C9D.
Phase 5.2 DP placement started.
Legalized cost 37412.000000.
The detailed placement ends at 0th iteration.
DP placement takes 0.00 sec.

Wirelength after detailed placement is 8725 and checksum is 68CA12F7313A0C9D.
Timing-driven detailed placement takes 0.02 sec.

Worst slack is 37412, TNS after placement is 0.
Placement done.
Total placement takes 2.83 sec.
Finished placement.

Routing started.
Building routing graph takes 1.20 sec.
Worst slack is 37412, TNS before global route is 0.
Processing design graph takes 0.22 sec.
Total memory for routing:
	115.310537 M.
Total nets for routing : 361.
Global Routing step 1 processed 0 nets, it takes 0.00 sec.
Rcf routing step 1 processed 0 nets, it takes 0.00 sec.
Rcf routing step 2 processed 0 nets, it takes 0.00 sec.
Rcf routing step 3 processed 0 nets, it takes 0.00 sec.
Unrouted nets 0 at the end of iteration 0.
Global Routing step 1 processed 7 nets, it takes 0.00 sec.
Unrouted nets 19 at the end of iteration 0.
Unrouted nets 15 at the end of iteration 1.
Unrouted nets 6 at the end of iteration 2.
Unrouted nets 0 at the end of iteration 3.
Global Routing step 2 processed 31 nets, it takes 0.03 sec.
Unrouted nets 21 at the end of iteration 0.
Unrouted nets 8 at the end of iteration 1.
Unrouted nets 6 at the end of iteration 2.
Unrouted nets 3 at the end of iteration 3.
Unrouted nets 3 at the end of iteration 4.
Unrouted nets 3 at the end of iteration 5.
Unrouted nets 2 at the end of iteration 6.
Unrouted nets 2 at the end of iteration 7.
Unrouted nets 2 at the end of iteration 8.
Unrouted nets 2 at the end of iteration 9.
Unrouted nets 2 at the end of iteration 10.
Unrouted nets 2 at the end of iteration 11.
Unrouted nets 1 at the end of iteration 12.
Unrouted nets 0 at the end of iteration 13.
Global Routing step 3 processed 45 nets, it takes 0.08 sec.
Global routing takes 0.14 sec.
Total 407 subnets.
    forward max bucket size 799 , backward 197.
        Unrouted nets 35 at the end of iteration 0.
    route iteration 0, CPU time elapsed 0.031250 sec.
    forward max bucket size 247 , backward 155.
        Unrouted nets 12 at the end of iteration 1.
    route iteration 1, CPU time elapsed 0.000000 sec.
    forward max bucket size 214 , backward 176.
        Unrouted nets 6 at the end of iteration 2.
    route iteration 2, CPU time elapsed 0.015625 sec.
    forward max bucket size 145 , backward 108.
        Unrouted nets 2 at the end of iteration 3.
    route iteration 3, CPU time elapsed 0.000000 sec.
    forward max bucket size 11 , backward 2.
        Unrouted nets 0 at the end of iteration 4.
    route iteration 4, CPU time elapsed 0.000000 sec.
Detailed routing takes 4 iterations
Detailed routing takes 0.06 sec.
Start fix hold violation.
Build tmp routing results takes 0.00 sec.
Timing analysis takes 0.00 sec.
No hold violation.
Hold Violation Fix in router takes 0 iterations.
Fix hold violation Finished.
Hold Violation Fix in router takes 0.08 sec.

Dispose routing result:
    Collect routing result.
    Delete unused device instances.
    Annotate routing result.
    Change LUT configuration.
    Dispose misc instances.
    Annotate routing result again.
Finish routing takes 0.00 sec.
Used SRB routing arc is 1637.
Cleanup routing takes 0.02 sec.
Routing done.
Total routing takes 2.11 sec.

C: Place-2025: The VCCIO 1.2 in BANK BANK0 is incompatible.

Device Utilization Summary :
+---------------------------------------------------------------------------+
| Logic Utilization        | Used     | Available     | Utilization(%)     
+---------------------------------------------------------------------------+
| Use of APM               | 0        | 84            | 0                  
| Use of BKCL              | 2        | 4             | 50                 
| Use of CLMA              | 8        | 6450          | 1                  
|   FF                     | 3        | 38700         | 1                  
|   LUT                    | 16       | 25800         | 1                  
|   LUT-FF pairs           | 1        | 25800         | 1                  
| Use of CLMS              | 4        | 4250          | 1                  
|   FF                     | 9        | 25500         | 1                  
|   LUT                    | 11       | 17000         | 1                  
|   LUT-FF pairs           | 3        | 17000         | 1                  
|   Distributed RAM        | 0        | 17000         | 0                  
| Use of CRYSTAL           | 0        | 2             | 0                  
| Use of DLL               | 0        | 10            | 0                  
| Use of DQSL              | 0        | 18            | 0                  
| Use of DRM               | 2        | 134           | 2                  
| Use of FUSECODE          | 0        | 1             | 0                  
| Use of HARD0N1           | 19       | 6672          | 1                  
| Use of IO                | 105      | 218           | 49                 
|   IOBD                   | 15       | 53            | 29                 
|   IOBR_LR                | 1        | 5             | 20                 
|   IOBR_TB                | 5        | 7             | 72                 
|   IOBS_LR                | 72       | 107           | 68                 
|   IOBS_TB                | 12       | 46            | 27                 
| Use of IOCKDIV           | 0        | 20            | 0                  
| Use of IOCKDLY           | 0        | 40            | 0                  
| Use of IOCKGATE          | 0        | 20            | 0                  
| Use of IOCKGMUX_TEST     | 0        | 20            | 0                  
| Use of IOL               | 105      | 400           | 27                 
| Use of IPAL              | 0        | 1             | 0                  
| Use of LDO               | 0        | 4             | 0                  
| Use of MFG_TEST          | 0        | 1             | 0                  
| Use of OSC               | 0        | 1             | 0                  
| Use of PIOMUX_TEST       | 0        | 10            | 0                  
| Use of PLL               | 1        | 5             | 20                 
| Use of PREGMUX_TEST      | 0        | 6             | 0                  
| Use of RCKB              | 0        | 24            | 0                  
|  RCKB dataused           | 0        | 24            | 0                  
| Use of RCKBMUX_TEST      | 0        | 12            | 0                  
| Use of RESCAL            | 0        | 4             | 0                  
| Use of SCANCHAIN         | 0        | 2             | 0                  
| Use of START             | 1        | 1             | 100                
| Use of UDID              | 0        | 1             | 0                  
| Use of USCM              | 1        | 30            | 4                  
|  USCM dataused           | 0        | 30            | 0                  
| Use of USCMMUX_TEST      | 0        | 30            | 0                  
| Use of VCKBMUX_TEST      | 0        | 12            | 0                  
+---------------------------------------------------------------------------+

Finished routing.
Design 'SoC_Top' has been placed and routed successfully.
Saving design to DB.
Finished placement and routing.
Action pnr: Real time elapsed is 0h:0m:12s
Action pnr: CPU time elapsed is 0h:0m:10s
Action pnr: Process CPU time elapsed is 0h:0m:10s
Current time: Wed Mar 25 13:39:14 2026
Action pnr: Peak memory pool usage is 881 MB
