#Build: Fabric Compiler 2022.2-SP6.4, Build 146967, Jan 31 01:39 2024
#Install: E:\pango\PDS_2022.2-SP6.4\bin
#Application name: pds_shell.exe
#OS: Windows 10 10.0.26200
#Hostname: LAPTOP-E3CFACBD
Generated by Fabric Compiler (version 2022.2-SP6.4 build 146967) at Thu Mar 26 22:18:42 2026
Compiling verification operator library.
Compiling common defs.
Compiling prim grid devices.
Compiling gate devices.
Compiling gate operators.
Building architecture model.
Loading device packaging model.
pnr strategy configuration : 
strategy name : 0
Building architecture floorplan logic view.
Constraint check start.
Executing : def_port {uart_tx} LOC=T11 VCCIO=3.3 IOSTANDARD=LVCMOS33 PULLUP=TRUE
C: ConstraintEditor-2009: uart_tx is lack of SLEW, OUTPUT or INOUT PORT had better set SLEW, the optional value is {SLOW, FAST}.
C: ConstraintEditor-2009: uart_tx is lack of DRIVE, OUTPUT or INOUT PORT had better set DRIVE, the optional value is {8, 4, 12, 16, 24}.
Executing : def_port {uart_tx} LOC=T11 VCCIO=3.3 IOSTANDARD=LVCMOS33 PULLUP=TRUE successfully
Executing : def_port {rst_n} LOC=C4 VCCIO=1.2 IOSTANDARD=LVCMOS12 PULLUP=TRUE
Executing : def_port {rst_n} LOC=C4 VCCIO=1.2 IOSTANDARD=LVCMOS12 PULLUP=TRUE successfully
Executing : def_port {sys_clk} LOC=V9 VCCIO=3.3 IOSTANDARD=LVCMOS33 PULLUP=TRUE
Executing : def_port {sys_clk} LOC=V9 VCCIO=3.3 IOSTANDARD=LVCMOS33 PULLUP=TRUE successfully
Executing : def_port {uart_rx} LOC=R11 VCCIO=3.3 IOSTANDARD=LVCMOS33 PULLUP=TRUE
Executing : def_port {uart_rx} LOC=R11 VCCIO=3.3 IOSTANDARD=LVCMOS33 PULLUP=TRUE successfully
W: ConstraintEditor-4019: Port Bus 'ext_axi_if_araddr' unspecified I/O constraint.
W: ConstraintEditor-4019: Port Bus 'ext_axi_if_awaddr' unspecified I/O constraint.
W: ConstraintEditor-4019: Port Bus 'ext_axi_if_bresp' unspecified I/O constraint.
W: ConstraintEditor-4019: Port Bus 'ext_axi_if_rdata' unspecified I/O constraint.
W: ConstraintEditor-4019: Port Bus 'ext_axi_if_rresp' unspecified I/O constraint.
W: ConstraintEditor-4019: Port Bus 'ext_axi_if_wdata' unspecified I/O constraint.
W: ConstraintEditor-4019: Port Bus 'ext_axi_if_wstrb' unspecified I/O constraint.
W: ConstraintEditor-4019: Port 'ext_axi_if_arready' unspecified I/O constraint.
W: ConstraintEditor-4019: Port 'ext_axi_if_arvalid' unspecified I/O constraint.
W: ConstraintEditor-4019: Port 'ext_axi_if_awready' unspecified I/O constraint.
W: ConstraintEditor-4019: Port 'ext_axi_if_awvalid' unspecified I/O constraint.
W: ConstraintEditor-4019: Port 'ext_axi_if_bready' unspecified I/O constraint.
W: ConstraintEditor-4019: Port 'ext_axi_if_bvalid' unspecified I/O constraint.
W: ConstraintEditor-4019: Port 'ext_axi_if_rready' unspecified I/O constraint.
W: ConstraintEditor-4019: Port 'ext_axi_if_rvalid' unspecified I/O constraint.
W: ConstraintEditor-4019: Port 'ext_axi_if_wready' unspecified I/O constraint.
W: ConstraintEditor-4019: Port 'ext_axi_if_wvalid' unspecified I/O constraint.
Constraint check end.
I: Column Clock Check open.
Read Column Clock Map.

Placement started.
Phase 1 Pre global placement started.
Mapping instance u_sys_pll/u_pll_e3/goppll to PLL_158_55.
Phase 1.1 1st GP placement started.
Design Utilization : 8%.
First map gop timing takes 0.23 sec
Worst slack after clock region global placement is 3634
Wirelength after clock region global placement is 44146 and checksum is 6774A11356C353FA.
1st GP placement takes 3.28 sec.

Phase 1.2 Clock placement started.
Mapping instance clkbufg_0/gopclkbufg to USCM_84_108.
Clock placement takes 0.19 sec.

Wirelength after Pre Global Placement is 44146 and checksum is 6774A11356C353FA.
Pre global placement takes 3.67 sec.

Phase 2 Global placement started.
Phase 2.1 Fixed placement started.
Placed fixed group with base inst rst_n_ibuf/opit_1 on IOL_11_373.
Placed fixed group with base inst sys_clk_ibuf/opit_1 on IOL_159_5.
Placed fixed group with base inst uart_rx_ibuf/opit_1 on IOL_219_6.
Placed fixed group with base inst uart_tx_obuf/opit_1 on IOL_219_5.
Placed fixed instance clkbufg_0/gopclkbufg on USCM_84_108.
Placed fixed instance u_sys_pll/u_pll_e3/goppll on PLL_158_55.
Placed fixed instance BKCL_auto_0 on BKCL_188_376.
Placed fixed instance BKCL_auto_1 on BKCL_192_0.
Fixed placement takes 0.09 sec.

Phase 2.2 Process placement started.
Process placement takes 0.00 sec.

Phase 2.3 IO placement started.
IO placement takes 0.05 sec.

Phase 2.4 2nd GP placement started.
Run super clustering :
	Initial slack -11733.
	17 iterations finished.
	Final slack 327.
Super clustering done.
Design Utilization : 8%.
Worst slack after global placement is 4441
2nd GP placement takes 4.28 sec.

Wirelength after global placement is 42274 and checksum is BB0B79E70A6B8CCB.
Global placement takes 4.42 sec.

Phase 3 Post global placement started.
Phase 3.1 Macro cell placement started.
I: Process macros using "Greedy".
Wirelength after macro cell placement is 49181 and checksum is 584C448F9244CABE.
Macro cell placement takes 0.00 sec.

Phase 3.2 3rd GP placement started.
Run super clustering :
	Initial slack -11733.
	17 iterations finished.
	Final slack 327.
Super clustering done.
Design Utilization : 8%.
Worst slack after post global placement is 4372
3rd GP placement takes 4.25 sec.

Wirelength after post global placement is 48631 and checksum is 42147DA8E4E3B886.
Post global placement takes 4.25 sec.

Phase 4 Legalization started.
The average distance in LP is 1.298520.
Wirelength after legalization is 60912 and checksum is 2E110D906A251FEC.
Legalization takes 0.53 sec.

Phase 5 Timing-driven detailed placement started.
Phase 5.1 Replication placement started.
Worst slack before Replication Place is -251.
Replication placement takes 0.20 sec.

Wirelength after replication placement is 60912 and checksum is 2E110D906A251FEC.
Phase 5.2 DP placement started.
Legalized cost -251.000000.
The detailed placement ends at 1th iteration.
DP placement takes 0.64 sec.

Wirelength after detailed placement is 62692 and checksum is BE79B41306728B65.
Timing-driven detailed placement takes 0.86 sec.

Worst slack is 3796, TNS after placement is 0.
Placement done.
Total placement takes 15.08 sec.
Finished placement.

Routing started.
Building routing graph takes 1.64 sec.
Worst slack is 3796, TNS before global route is 0.
Processing design graph takes 0.62 sec.
Total memory for routing:
	118.435671 M.
Total nets for routing : 5746.
Global Routing step 1 processed 0 nets, it takes 0.08 sec.
Rcf routing step 1 processed 0 nets, it takes 0.00 sec.
Rcf routing step 2 processed 0 nets, it takes 0.00 sec.
Rcf routing step 3 processed 0 nets, it takes 0.00 sec.
Unrouted nets 0 at the end of iteration 0.
Global Routing step 1 processed 130 nets, it takes 0.02 sec.
Unrouted nets 184 at the end of iteration 0.
Unrouted nets 139 at the end of iteration 1.
Unrouted nets 122 at the end of iteration 2.
Unrouted nets 121 at the end of iteration 3.
Unrouted nets 92 at the end of iteration 4.
Unrouted nets 53 at the end of iteration 5.
Unrouted nets 41 at the end of iteration 6.
Unrouted nets 40 at the end of iteration 7.
Unrouted nets 36 at the end of iteration 8.
Unrouted nets 28 at the end of iteration 9.
Unrouted nets 24 at the end of iteration 10.
Unrouted nets 21 at the end of iteration 11.
Unrouted nets 16 at the end of iteration 12.
Unrouted nets 8 at the end of iteration 13.
Unrouted nets 6 at the end of iteration 14.
Unrouted nets 9 at the end of iteration 15.
Unrouted nets 6 at the end of iteration 16.
Unrouted nets 6 at the end of iteration 17.
Unrouted nets 7 at the end of iteration 18.
Unrouted nets 9 at the end of iteration 19.
Unrouted nets 7 at the end of iteration 20.
Unrouted nets 5 at the end of iteration 21.
Unrouted nets 5 at the end of iteration 22.
Unrouted nets 4 at the end of iteration 23.
Unrouted nets 4 at the end of iteration 24.
Unrouted nets 4 at the end of iteration 25.
Unrouted nets 5 at the end of iteration 26.
Unrouted nets 4 at the end of iteration 27.
Unrouted nets 4 at the end of iteration 28.
Unrouted nets 4 at the end of iteration 29.
Unrouted nets 4 at the end of iteration 30.
Unrouted nets 4 at the end of iteration 31.
Unrouted nets 4 at the end of iteration 32.
Unrouted nets 4 at the end of iteration 33.
Unrouted nets 4 at the end of iteration 34.
Unrouted nets 4 at the end of iteration 35.
Unrouted nets 4 at the end of iteration 36.
Unrouted nets 4 at the end of iteration 37.
Unrouted nets 4 at the end of iteration 38.
Unrouted nets 4 at the end of iteration 39.
Unrouted nets 4 at the end of iteration 40.
Unrouted nets 4 at the end of iteration 41.
Unrouted nets 4 at the end of iteration 42.
Unrouted nets 4 at the end of iteration 43.
Unrouted nets 4 at the end of iteration 44.
Unrouted nets 4 at the end of iteration 45.
Unrouted nets 4 at the end of iteration 46.
Unrouted nets 4 at the end of iteration 47.
Unrouted nets 5 at the end of iteration 48.
Unrouted nets 4 at the end of iteration 49.
Unrouted nets 3 at the end of iteration 50.
Unrouted nets 3 at the end of iteration 51.
Unrouted nets 3 at the end of iteration 52.
Unrouted nets 3 at the end of iteration 53.
Unrouted nets 3 at the end of iteration 54.
Unrouted nets 3 at the end of iteration 55.
Unrouted nets 3 at the end of iteration 56.
Unrouted nets 3 at the end of iteration 57.
Unrouted nets 3 at the end of iteration 58.
Unrouted nets 3 at the end of iteration 59.
Unrouted nets 3 at the end of iteration 60.
Unrouted nets 3 at the end of iteration 61.
Unrouted nets 3 at the end of iteration 62.
Unrouted nets 3 at the end of iteration 63.
Unrouted nets 3 at the end of iteration 64.
Unrouted nets 3 at the end of iteration 65.
Unrouted nets 3 at the end of iteration 66.
Unrouted nets 3 at the end of iteration 67.
Unrouted nets 3 at the end of iteration 68.
Unrouted nets 3 at the end of iteration 69.
Unrouted nets 3 at the end of iteration 70.
Unrouted nets 3 at the end of iteration 71.
Unrouted nets 3 at the end of iteration 72.
Unrouted nets 3 at the end of iteration 73.
Unrouted nets 4 at the end of iteration 74.
Unrouted nets 3 at the end of iteration 75.
Unrouted nets 3 at the end of iteration 76.
Unrouted nets 3 at the end of iteration 77.
Unrouted nets 3 at the end of iteration 78.
Unrouted nets 3 at the end of iteration 79.
Unrouted nets 3 at the end of iteration 80.
Unrouted nets 3 at the end of iteration 81.
Unrouted nets 3 at the end of iteration 82.
Unrouted nets 3 at the end of iteration 83.
Unrouted nets 3 at the end of iteration 84.
Unrouted nets 3 at the end of iteration 85.
Unrouted nets 3 at the end of iteration 86.
Unrouted nets 3 at the end of iteration 87.
Unrouted nets 3 at the end of iteration 88.
Unrouted nets 3 at the end of iteration 89.
Unrouted nets 3 at the end of iteration 90.
Unrouted nets 3 at the end of iteration 91.
Unrouted nets 3 at the end of iteration 92.
Unrouted nets 3 at the end of iteration 93.
Unrouted nets 3 at the end of iteration 94.
Unrouted nets 3 at the end of iteration 95.
Unrouted nets 1 at the end of iteration 96.
Unrouted nets 1 at the end of iteration 97.
Unrouted nets 1 at the end of iteration 98.
Unrouted nets 1 at the end of iteration 99.
Unrouted nets 1 at the end of iteration 100.
Unrouted nets 1 at the end of iteration 101.
Unrouted nets 1 at the end of iteration 102.
Unrouted nets 1 at the end of iteration 103.
Unrouted nets 1 at the end of iteration 104.
Unrouted nets 1 at the end of iteration 105.
Unrouted nets 1 at the end of iteration 106.
Unrouted nets 1 at the end of iteration 107.
Unrouted nets 1 at the end of iteration 108.
Unrouted nets 1 at the end of iteration 109.
Unrouted nets 1 at the end of iteration 110.
Unrouted nets 1 at the end of iteration 111.
Unrouted nets 1 at the end of iteration 112.
Unrouted nets 1 at the end of iteration 113.
Unrouted nets 1 at the end of iteration 114.
Unrouted nets 1 at the end of iteration 115.
Unrouted nets 1 at the end of iteration 116.
Unrouted nets 1 at the end of iteration 117.
Unrouted nets 1 at the end of iteration 118.
Unrouted nets 1 at the end of iteration 119.
Unrouted nets 1 at the end of iteration 120.
Unrouted nets 1 at the end of iteration 121.
Unrouted nets 1 at the end of iteration 122.
Unrouted nets 1 at the end of iteration 123.
Unrouted nets 1 at the end of iteration 124.
Unrouted nets 1 at the end of iteration 125.
Unrouted nets 1 at the end of iteration 126.
Unrouted nets 1 at the end of iteration 127.
Unrouted nets 1 at the end of iteration 128.
Unrouted nets 1 at the end of iteration 129.
Unrouted nets 1 at the end of iteration 130.
Unrouted nets 1 at the end of iteration 131.
Unrouted nets 1 at the end of iteration 132.
Unrouted nets 1 at the end of iteration 133.
Unrouted nets 1 at the end of iteration 134.
Unrouted nets 2 at the end of iteration 135.
Unrouted nets 2 at the end of iteration 136.
Unrouted nets 3 at the end of iteration 137.
Unrouted nets 4 at the end of iteration 138.
Unrouted nets 4 at the end of iteration 139.
Unrouted nets 1 at the end of iteration 140.
Unrouted nets 1 at the end of iteration 141.
Unrouted nets 1 at the end of iteration 142.
Unrouted nets 1 at the end of iteration 143.
Unrouted nets 1 at the end of iteration 144.
Unrouted nets 1 at the end of iteration 145.
Unrouted nets 1 at the end of iteration 146.
Unrouted nets 1 at the end of iteration 147.
Unrouted nets 1 at the end of iteration 148.
Unrouted nets 1 at the end of iteration 149.
Unrouted nets 1 at the end of iteration 150.
Unrouted nets 1 at the end of iteration 151.
Unrouted nets 1 at the end of iteration 152.
Unrouted nets 1 at the end of iteration 153.
Unrouted nets 1 at the end of iteration 154.
Unrouted nets 1 at the end of iteration 155.
Unrouted nets 1 at the end of iteration 156.
Unrouted nets 1 at the end of iteration 157.
Unrouted nets 1 at the end of iteration 158.
Unrouted nets 1 at the end of iteration 159.
Unrouted nets 1 at the end of iteration 160.
Unrouted nets 1 at the end of iteration 161.
Unrouted nets 1 at the end of iteration 162.
Unrouted nets 1 at the end of iteration 163.
Unrouted nets 1 at the end of iteration 164.
Unrouted nets 1 at the end of iteration 165.
Unrouted nets 1 at the end of iteration 166.
Unrouted nets 1 at the end of iteration 167.
Unrouted nets 1 at the end of iteration 168.
Unrouted nets 1 at the end of iteration 169.
Unrouted nets 1 at the end of iteration 170.
Unrouted nets 1 at the end of iteration 171.
Unrouted nets 1 at the end of iteration 172.
Unrouted nets 1 at the end of iteration 173.
Unrouted nets 1 at the end of iteration 174.
Unrouted nets 1 at the end of iteration 175.
Unrouted nets 1 at the end of iteration 176.
Unrouted nets 1 at the end of iteration 177.
Unrouted nets 1 at the end of iteration 178.
Unrouted nets 1 at the end of iteration 179.
Unrouted nets 1 at the end of iteration 180.
Unrouted nets 1 at the end of iteration 181.
Unrouted nets 1 at the end of iteration 182.
Unrouted nets 2 at the end of iteration 183.
Unrouted nets 1 at the end of iteration 184.
Unrouted nets 1 at the end of iteration 185.
Unrouted nets 1 at the end of iteration 186.
Unrouted nets 1 at the end of iteration 187.
Unrouted nets 1 at the end of iteration 188.
Unrouted nets 1 at the end of iteration 189.
Unrouted nets 1 at the end of iteration 190.
Unrouted nets 1 at the end of iteration 191.
Unrouted nets 1 at the end of iteration 192.
Unrouted nets 1 at the end of iteration 193.
Unrouted nets 1 at the end of iteration 194.
Unrouted nets 1 at the end of iteration 195.
Unrouted nets 1 at the end of iteration 196.
Unrouted nets 1 at the end of iteration 197.
Unrouted nets 1 at the end of iteration 198.
Unrouted nets 1 at the end of iteration 199.
Unrouted nets 0 at the end of iteration 200.
Global Routing step 2 processed 347 nets, it takes 6.70 sec.
Unrouted nets 93 at the end of iteration 0.
Unrouted nets 54 at the end of iteration 1.
Unrouted nets 22 at the end of iteration 2.
Unrouted nets 15 at the end of iteration 3.
Unrouted nets 8 at the end of iteration 4.
Unrouted nets 11 at the end of iteration 5.
Unrouted nets 9 at the end of iteration 6.
Unrouted nets 4 at the end of iteration 7.
Unrouted nets 0 at the end of iteration 8.
Global Routing step 3 processed 169 nets, it takes 0.72 sec.
Global routing takes 7.47 sec.
Total 6695 subnets.
    forward max bucket size 964 , backward 437.
        Unrouted nets 4621 at the end of iteration 0.
    route iteration 0, CPU time elapsed 1.109375 sec.
    forward max bucket size 676 , backward 512.
        Unrouted nets 4105 at the end of iteration 1.
    route iteration 1, CPU time elapsed 0.921875 sec.
    forward max bucket size 725 , backward 476.
        Unrouted nets 3702 at the end of iteration 2.
    route iteration 2, CPU time elapsed 0.937500 sec.
    forward max bucket size 876 , backward 676.
        Unrouted nets 3394 at the end of iteration 3.
    route iteration 3, CPU time elapsed 1.125000 sec.
    forward max bucket size 1683 , backward 1012.
        Unrouted nets 3096 at the end of iteration 4.
    route iteration 4, CPU time elapsed 1.140625 sec.
    forward max bucket size 1545 , backward 962.
        Unrouted nets 2883 at the end of iteration 5.
    route iteration 5, CPU time elapsed 1.250000 sec.
    forward max bucket size 1661 , backward 1080.
        Unrouted nets 2749 at the end of iteration 6.
    route iteration 6, CPU time elapsed 1.109375 sec.
    forward max bucket size 1677 , backward 980.
        Unrouted nets 2480 at the end of iteration 7.
    route iteration 7, CPU time elapsed 1.093750 sec.
    forward max bucket size 1143 , backward 730.
        Unrouted nets 2263 at the end of iteration 8.
    route iteration 8, CPU time elapsed 1.031250 sec.
    forward max bucket size 1869 , backward 1102.
        Unrouted nets 1935 at the end of iteration 9.
    route iteration 9, CPU time elapsed 0.828125 sec.
    forward max bucket size 624 , backward 449.
        Unrouted nets 1725 at the end of iteration 10.
    route iteration 10, CPU time elapsed 0.750000 sec.
    forward max bucket size 1643 , backward 862.
        Unrouted nets 1542 at the end of iteration 11.
    route iteration 11, CPU time elapsed 0.671875 sec.
    forward max bucket size 2455 , backward 1300.
        Unrouted nets 1372 at the end of iteration 12.
    route iteration 12, CPU time elapsed 0.609375 sec.
    forward max bucket size 2015 , backward 1024.
        Unrouted nets 1131 at the end of iteration 13.
    route iteration 13, CPU time elapsed 0.562500 sec.
    forward max bucket size 955 , backward 514.
        Unrouted nets 1041 at the end of iteration 14.
    route iteration 14, CPU time elapsed 0.468750 sec.
    forward max bucket size 1771 , backward 1034.
        Unrouted nets 957 at the end of iteration 15.
    route iteration 15, CPU time elapsed 0.406250 sec.
    forward max bucket size 1077 , backward 202.
        Unrouted nets 871 at the end of iteration 16.
    route iteration 16, CPU time elapsed 0.359375 sec.
    forward max bucket size 1006 , backward 331.
        Unrouted nets 739 at the end of iteration 17.
    route iteration 17, CPU time elapsed 0.328125 sec.
    forward max bucket size 1142 , backward 715.
        Unrouted nets 637 at the end of iteration 18.
    route iteration 18, CPU time elapsed 0.250000 sec.
    forward max bucket size 1391 , backward 764.
        Unrouted nets 591 at the end of iteration 19.
    route iteration 19, CPU time elapsed 0.250000 sec.
    forward max bucket size 485 , backward 189.
        Unrouted nets 540 at the end of iteration 20.
    route iteration 20, CPU time elapsed 0.234375 sec.
    forward max bucket size 178 , backward 172.
        Unrouted nets 504 at the end of iteration 21.
    route iteration 21, CPU time elapsed 0.187500 sec.
    forward max bucket size 187 , backward 193.
        Unrouted nets 459 at the end of iteration 22.
    route iteration 22, CPU time elapsed 0.187500 sec.
    forward max bucket size 455 , backward 126.
        Unrouted nets 431 at the end of iteration 23.
    route iteration 23, CPU time elapsed 0.234375 sec.
    forward max bucket size 526 , backward 279.
        Unrouted nets 389 at the end of iteration 24.
    route iteration 24, CPU time elapsed 0.187500 sec.
    forward max bucket size 305 , backward 421.
        Unrouted nets 354 at the end of iteration 25.
    route iteration 25, CPU time elapsed 0.203125 sec.
    forward max bucket size 249 , backward 202.
        Unrouted nets 305 at the end of iteration 26.
    route iteration 26, CPU time elapsed 0.156250 sec.
    forward max bucket size 325 , backward 243.
        Unrouted nets 264 at the end of iteration 27.
    route iteration 27, CPU time elapsed 0.140625 sec.
    forward max bucket size 1019 , backward 188.
        Unrouted nets 251 at the end of iteration 28.
    route iteration 28, CPU time elapsed 0.125000 sec.
    forward max bucket size 75 , backward 72.
        Unrouted nets 225 at the end of iteration 29.
    route iteration 29, CPU time elapsed 0.093750 sec.
    forward max bucket size 135 , backward 64.
        Unrouted nets 218 at the end of iteration 30.
    route iteration 30, CPU time elapsed 0.109375 sec.
    forward max bucket size 104 , backward 84.
        Unrouted nets 194 at the end of iteration 31.
    route iteration 31, CPU time elapsed 0.109375 sec.
    forward max bucket size 124 , backward 187.
        Unrouted nets 173 at the end of iteration 32.
    route iteration 32, CPU time elapsed 0.093750 sec.
    forward max bucket size 119 , backward 180.
        Unrouted nets 165 at the end of iteration 33.
    route iteration 33, CPU time elapsed 0.078125 sec.
    forward max bucket size 344 , backward 141.
        Unrouted nets 146 at the end of iteration 34.
    route iteration 34, CPU time elapsed 0.109375 sec.
    forward max bucket size 296 , backward 93.
        Unrouted nets 111 at the end of iteration 35.
    route iteration 35, CPU time elapsed 0.062500 sec.
    forward max bucket size 783 , backward 79.
        Unrouted nets 93 at the end of iteration 36.
    route iteration 36, CPU time elapsed 0.031250 sec.
    forward max bucket size 252 , backward 87.
        Unrouted nets 73 at the end of iteration 37.
    route iteration 37, CPU time elapsed 0.062500 sec.
    forward max bucket size 333 , backward 161.
        Unrouted nets 75 at the end of iteration 38.
    route iteration 38, CPU time elapsed 0.046875 sec.
    forward max bucket size 82 , backward 38.
        Unrouted nets 53 at the end of iteration 39.
    route iteration 39, CPU time elapsed 0.046875 sec.
    forward max bucket size 84 , backward 104.
        Unrouted nets 56 at the end of iteration 40.
    route iteration 40, CPU time elapsed 0.046875 sec.
    forward max bucket size 99 , backward 72.
        Unrouted nets 44 at the end of iteration 41.
    route iteration 41, CPU time elapsed 0.031250 sec.
    forward max bucket size 91 , backward 55.
        Unrouted nets 39 at the end of iteration 42.
    route iteration 42, CPU time elapsed 0.046875 sec.
    forward max bucket size 99 , backward 61.
        Unrouted nets 41 at the end of iteration 43.
    route iteration 43, CPU time elapsed 0.046875 sec.
    forward max bucket size 217 , backward 85.
        Unrouted nets 42 at the end of iteration 44.
    route iteration 44, CPU time elapsed 0.046875 sec.
    forward max bucket size 86 , backward 70.
        Unrouted nets 30 at the end of iteration 45.
    route iteration 45, CPU time elapsed 0.031250 sec.
    forward max bucket size 76 , backward 53.
        Unrouted nets 14 at the end of iteration 46.
    route iteration 46, CPU time elapsed 0.031250 sec.
    forward max bucket size 74 , backward 63.
        Unrouted nets 20 at the end of iteration 47.
    route iteration 47, CPU time elapsed 0.046875 sec.
    forward max bucket size 47 , backward 54.
        Unrouted nets 20 at the end of iteration 48.
    route iteration 48, CPU time elapsed 0.015625 sec.
    forward max bucket size 24 , backward 36.
        Unrouted nets 24 at the end of iteration 49.
    route iteration 49, CPU time elapsed 0.031250 sec.
    forward max bucket size 29 , backward 44.
        Unrouted nets 24 at the end of iteration 50.
    route iteration 50, CPU time elapsed 0.015625 sec.
    forward max bucket size 31 , backward 42.
        Unrouted nets 31 at the end of iteration 51.
    route iteration 51, CPU time elapsed 0.015625 sec.
    forward max bucket size 130 , backward 38.
        Unrouted nets 16 at the end of iteration 52.
    route iteration 52, CPU time elapsed 0.031250 sec.
    forward max bucket size 17 , backward 30.
        Unrouted nets 10 at the end of iteration 53.
    route iteration 53, CPU time elapsed 0.015625 sec.
    forward max bucket size 26 , backward 22.
        Unrouted nets 10 at the end of iteration 54.
    route iteration 54, CPU time elapsed 0.031250 sec.
    forward max bucket size 15 , backward 19.
        Unrouted nets 6 at the end of iteration 55.
    route iteration 55, CPU time elapsed 0.031250 sec.
    forward max bucket size 16 , backward 21.
        Unrouted nets 6 at the end of iteration 56.
    route iteration 56, CPU time elapsed 0.015625 sec.
    forward max bucket size 14 , backward 11.
        Unrouted nets 2 at the end of iteration 57.
    route iteration 57, CPU time elapsed 0.015625 sec.
    forward max bucket size 8 , backward 8.
        Unrouted nets 3 at the end of iteration 58.
    route iteration 58, CPU time elapsed 0.015625 sec.
    forward max bucket size 13 , backward 10.
        Unrouted nets 2 at the end of iteration 59.
    route iteration 59, CPU time elapsed 0.015625 sec.
    forward max bucket size 42 , backward 45.
        Unrouted nets 3 at the end of iteration 60.
    route iteration 60, CPU time elapsed 0.015625 sec.
    forward max bucket size 23 , backward 31.
        Unrouted nets 10 at the end of iteration 61.
    route iteration 61, CPU time elapsed 0.015625 sec.
    forward max bucket size 23 , backward 33.
        Unrouted nets 8 at the end of iteration 62.
    route iteration 62, CPU time elapsed 0.031250 sec.
    forward max bucket size 23 , backward 54.
        Unrouted nets 7 at the end of iteration 63.
    route iteration 63, CPU time elapsed 0.031250 sec.
    forward max bucket size 25 , backward 23.
        Unrouted nets 9 at the end of iteration 64.
    route iteration 64, CPU time elapsed 0.031250 sec.
    forward max bucket size 25 , backward 59.
        Unrouted nets 7 at the end of iteration 65.
    route iteration 65, CPU time elapsed 0.015625 sec.
    forward max bucket size 15 , backward 12.
        Unrouted nets 8 at the end of iteration 66.
    route iteration 66, CPU time elapsed 0.031250 sec.
    forward max bucket size 33 , backward 50.
        Unrouted nets 12 at the end of iteration 67.
    route iteration 67, CPU time elapsed 0.031250 sec.
    forward max bucket size 44 , backward 70.
        Unrouted nets 6 at the end of iteration 68.
    route iteration 68, CPU time elapsed 0.046875 sec.
    forward max bucket size 114 , backward 101.
        Unrouted nets 8 at the end of iteration 69.
    route iteration 69, CPU time elapsed 0.015625 sec.
    forward max bucket size 117 , backward 53.
        Unrouted nets 4 at the end of iteration 70.
    route iteration 70, CPU time elapsed 0.015625 sec.
    forward max bucket size 20 , backward 15.
        Unrouted nets 2 at the end of iteration 71.
    route iteration 71, CPU time elapsed 0.015625 sec.
    forward max bucket size 9 , backward 4.
        Unrouted nets 0 at the end of iteration 72.
    route iteration 72, CPU time elapsed 0.031250 sec.
Detailed routing takes 72 iterations
Detailed routing takes 19.17 sec.
Start fix hold violation.
Build tmp routing results takes 0.08 sec.
Timing analysis takes 0.05 sec.
No hold violation.
Hold Violation Fix in router takes 0 iterations.
Fix hold violation Finished.
Hold Violation Fix in router takes 0.44 sec.

Dispose routing result:
    Collect routing result.
    Delete unused device instances.
    Annotate routing result.
    Change LUT configuration.
    Dispose misc instances.
    Annotate routing result again.
Finish routing takes 0.28 sec.
Used SRB routing arc is 69942.
Cleanup routing takes 0.02 sec.
Routing done.
Total routing takes 30.34 sec.


Device Utilization Summary :
+---------------------------------------------------------------------------+
| Logic Utilization        | Used     | Available     | Utilization(%)     
+---------------------------------------------------------------------------+
| Use of APM               | 0        | 84            | 0                  
| Use of BKCL              | 2        | 4             | 50                 
| Use of CLMA              | 696      | 6450          | 11                 
|   FF                     | 1238     | 38700         | 4                  
|   LUT                    | 1852     | 25800         | 8                  
|   LUT-FF pairs           | 420      | 25800         | 2                  
| Use of CLMS              | 435      | 4250          | 11                 
|   FF                     | 883      | 25500         | 4                  
|   LUT                    | 1185     | 17000         | 7                  
|   LUT-FF pairs           | 236      | 17000         | 2                  
|   Distributed RAM        | 0        | 17000         | 0                  
| Use of CRYSTAL           | 0        | 2             | 0                  
| Use of DLL               | 0        | 10            | 0                  
| Use of DQSL              | 0        | 18            | 0                  
| Use of DRM               | 24       | 134           | 18                 
| Use of FUSECODE          | 0        | 1             | 0                  
| Use of HARD0N1           | 200      | 6672          | 3                  
| Use of IO                | 45       | 218           | 21                 
|   IOBD                   | 3        | 53            | 6                  
|   IOBR_LR                | 1        | 5             | 20                 
|   IOBR_TB                | 2        | 7             | 29                 
|   IOBS_LR                | 34       | 107           | 32                 
|   IOBS_TB                | 5        | 46            | 11                 
| Use of IOCKDIV           | 0        | 20            | 0                  
| Use of IOCKDLY           | 0        | 40            | 0                  
| Use of IOCKGATE          | 0        | 20            | 0                  
| Use of IOCKGMUX_TEST     | 0        | 20            | 0                  
| Use of IOL               | 45       | 400           | 12                 
| Use of IPAL              | 0        | 1             | 0                  
| Use of LDO               | 0        | 4             | 0                  
| Use of MFG_TEST          | 0        | 1             | 0                  
| Use of OSC               | 0        | 1             | 0                  
| Use of PIOMUX_TEST       | 0        | 10            | 0                  
| Use of PLL               | 1        | 5             | 20                 
| Use of PREGMUX_TEST      | 0        | 6             | 0                  
| Use of RCKB              | 0        | 24            | 0                  
|  RCKB dataused           | 0        | 24            | 0                  
| Use of RCKBMUX_TEST      | 0        | 12            | 0                  
| Use of RESCAL            | 0        | 4             | 0                  
| Use of SCANCHAIN         | 0        | 2             | 0                  
| Use of START             | 1        | 1             | 100                
| Use of UDID              | 0        | 1             | 0                  
| Use of USCM              | 1        | 30            | 4                  
|  USCM dataused           | 0        | 30            | 0                  
| Use of USCMMUX_TEST      | 0        | 30            | 0                  
| Use of VCKBMUX_TEST      | 0        | 12            | 0                  
+---------------------------------------------------------------------------+

Finished routing.
Design 'SoC_Top' has been placed and routed successfully.
Saving design to DB.
Finished placement and routing.
Action pnr: Real time elapsed is 0h:1m:4s
Action pnr: CPU time elapsed is 0h:1m:0s
Action pnr: Process CPU time elapsed is 0h:1m:6s
Current time: Thu Mar 26 22:19:44 2026
Action pnr: Peak memory pool usage is 952 MB
