#Build: Fabric Compiler 2022.2-SP6.4, Build 146967, Jan 31 01:39 2024
#Install: D:\pango\PDS_2022.2-SP6.4\bin
#Application name: pds_shell.exe
#OS: Windows 10 10.0.26100
#Hostname: DESKTOP-6RDPORB
Generated by Fabric Compiler (version 2022.2-SP6.4 build 146967) at Wed Apr  1 00:39:01 2026
Compiling verification operator library.
Compiling common defs.
Compiling prim grid devices.
Compiling gate devices.
Compiling gate operators.
Building architecture model.
Loading device packaging model.
pnr strategy configuration : 
strategy name : 0
Building architecture floorplan logic view.
Constraint check start.
Executing : def_port {uart_tx} LOC=T11 VCCIO=3.3 IOSTANDARD=LVCMOS33 PULLUP=TRUE
C: ConstraintEditor-2009: uart_tx is lack of SLEW, OUTPUT or INOUT PORT had better set SLEW, the optional value is {SLOW, FAST}.
C: ConstraintEditor-2009: uart_tx is lack of DRIVE, OUTPUT or INOUT PORT had better set DRIVE, the optional value is {8, 4, 12, 16, 24}.
Executing : def_port {uart_tx} LOC=T11 VCCIO=3.3 IOSTANDARD=LVCMOS33 PULLUP=TRUE successfully
Executing : def_port {rst_n} LOC=C4 VCCIO=1.2 IOSTANDARD=LVCMOS12 PULLUP=TRUE
Executing : def_port {rst_n} LOC=C4 VCCIO=1.2 IOSTANDARD=LVCMOS12 PULLUP=TRUE successfully
Executing : def_port {sys_clk} LOC=V9 VCCIO=3.3 IOSTANDARD=LVCMOS33 PULLUP=TRUE
Executing : def_port {sys_clk} LOC=V9 VCCIO=3.3 IOSTANDARD=LVCMOS33 PULLUP=TRUE successfully
Executing : def_port {uart_rx} LOC=R11 VCCIO=3.3 IOSTANDARD=LVCMOS33 PULLUP=TRUE
Executing : def_port {uart_rx} LOC=R11 VCCIO=3.3 IOSTANDARD=LVCMOS33 PULLUP=TRUE successfully
W: ConstraintEditor-4019: Port Bus 'ext_axi_if_araddr' unspecified I/O constraint.
W: ConstraintEditor-4019: Port Bus 'ext_axi_if_awaddr' unspecified I/O constraint.
W: ConstraintEditor-4019: Port Bus 'ext_axi_if_bresp' unspecified I/O constraint.
W: ConstraintEditor-4019: Port Bus 'ext_axi_if_rdata' unspecified I/O constraint.
W: ConstraintEditor-4019: Port Bus 'ext_axi_if_rresp' unspecified I/O constraint.
W: ConstraintEditor-4019: Port Bus 'ext_axi_if_wdata' unspecified I/O constraint.
W: ConstraintEditor-4019: Port Bus 'ext_axi_if_wstrb' unspecified I/O constraint.
W: ConstraintEditor-4019: Port 'ext_axi_if_arready' unspecified I/O constraint.
W: ConstraintEditor-4019: Port 'ext_axi_if_arvalid' unspecified I/O constraint.
W: ConstraintEditor-4019: Port 'ext_axi_if_awready' unspecified I/O constraint.
W: ConstraintEditor-4019: Port 'ext_axi_if_awvalid' unspecified I/O constraint.
W: ConstraintEditor-4019: Port 'ext_axi_if_bready' unspecified I/O constraint.
W: ConstraintEditor-4019: Port 'ext_axi_if_bvalid' unspecified I/O constraint.
W: ConstraintEditor-4019: Port 'ext_axi_if_rready' unspecified I/O constraint.
W: ConstraintEditor-4019: Port 'ext_axi_if_rvalid' unspecified I/O constraint.
W: ConstraintEditor-4019: Port 'ext_axi_if_wready' unspecified I/O constraint.
W: ConstraintEditor-4019: Port 'ext_axi_if_wvalid' unspecified I/O constraint.
Constraint check end.
I: Column Clock Check open.
Read Column Clock Map.

Placement started.
Phase 1 Pre global placement started.
Mapping instance u_sys_pll/u_pll_e3/goppll to PLL_158_55.
Phase 1.1 1st GP placement started.
Design Utilization : 9%.
First map gop timing takes 0.25 sec
Worst slack after clock region global placement is 1634
Wirelength after clock region global placement is 61187 and checksum is 12B8AA790D7BC30A.
1st GP placement takes 3.06 sec.

Phase 1.2 Clock placement started.
Mapping instance clkbufg_0/gopclkbufg to USCM_84_108.
Clock placement takes 0.14 sec.

Wirelength after Pre Global Placement is 61187 and checksum is 12B8AA790D7BC30A.
Pre global placement takes 3.38 sec.

Phase 2 Global placement started.
Phase 2.1 Fixed placement started.
Placed fixed group with base inst rst_n_ibuf/opit_1 on IOL_11_373.
Placed fixed group with base inst sys_clk_ibuf/opit_1 on IOL_159_5.
Placed fixed group with base inst uart_rx_ibuf/opit_1 on IOL_219_6.
Placed fixed group with base inst uart_tx_obuf/opit_1 on IOL_219_5.
Placed fixed instance clkbufg_0/gopclkbufg on USCM_84_108.
Placed fixed instance u_sys_pll/u_pll_e3/goppll on PLL_158_55.
Placed fixed instance BKCL_auto_0 on BKCL_188_376.
Placed fixed instance BKCL_auto_1 on BKCL_192_0.
Fixed placement takes 0.09 sec.

Phase 2.2 Process placement started.
Process placement takes 0.00 sec.

Phase 2.3 IO placement started.
IO placement takes 0.05 sec.

Phase 2.4 2nd GP placement started.
Run super clustering :
	Initial slack -11427.
	17 iterations finished.
	Final slack 872.
Super clustering done.
Design Utilization : 9%.
Worst slack after global placement is 2604
2nd GP placement takes 4.06 sec.

Wirelength after global placement is 69849 and checksum is 545A468A48AC807.
Global placement takes 4.20 sec.

Phase 3 Post global placement started.
Phase 3.1 Macro cell placement started.
I: Process macros using "Greedy".
Wirelength after macro cell placement is 79499 and checksum is EC230F2726DEC11A.
Macro cell placement takes 0.00 sec.

Phase 3.2 3rd GP placement started.
Run super clustering :
	Initial slack -11427.
	17 iterations finished.
	Final slack 872.
Super clustering done.
Design Utilization : 9%.
Worst slack after post global placement is 1415
3rd GP placement takes 3.62 sec.

Wirelength after post global placement is 74211 and checksum is 94E3205AFD851B0B.
Post global placement takes 3.66 sec.

Phase 4 Legalization started.
The average distance in LP is 0.970169.
Wirelength after legalization is 85648 and checksum is 45AF5CF1BD9DAAE3.
Legalization takes 0.42 sec.

Phase 5 Timing-driven detailed placement started.
Phase 5.1 Replication placement started.
Worst slack before Replication Place is 54.
Replication placement takes 0.09 sec.

Wirelength after replication placement is 85648 and checksum is 45AF5CF1BD9DAAE3.
Phase 5.2 DP placement started.
Legalized cost 54.000000.
The detailed placement ends at 1th iteration.
DP placement takes 0.64 sec.

Wirelength after detailed placement is 85949 and checksum is DF4A9F3AA66FAB32.
Timing-driven detailed placement takes 0.75 sec.

Worst slack is 2913, TNS after placement is 0.
Placement done.
Total placement takes 13.83 sec.
Finished placement.

Routing started.
Building routing graph takes 1.30 sec.
Worst slack is 2913, TNS before global route is 0.
Processing design graph takes 0.52 sec.
Total memory for routing:
	119.206060 M.
Total nets for routing : 7357.
Global Routing step 1 processed 0 nets, it takes 0.14 sec.
Rcf routing step 1 processed 0 nets, it takes 0.00 sec.
Rcf routing step 2 processed 0 nets, it takes 0.00 sec.
Rcf routing step 3 processed 0 nets, it takes 0.00 sec.
Unrouted nets 0 at the end of iteration 0.
Global Routing step 1 processed 176 nets, it takes 0.02 sec.
Unrouted nets 183 at the end of iteration 0.
Unrouted nets 148 at the end of iteration 1.
Unrouted nets 121 at the end of iteration 2.
Unrouted nets 114 at the end of iteration 3.
Unrouted nets 86 at the end of iteration 4.
Unrouted nets 61 at the end of iteration 5.
Unrouted nets 46 at the end of iteration 6.
Unrouted nets 40 at the end of iteration 7.
Unrouted nets 32 at the end of iteration 8.
Unrouted nets 28 at the end of iteration 9.
Unrouted nets 23 at the end of iteration 10.
Unrouted nets 19 at the end of iteration 11.
Unrouted nets 20 at the end of iteration 12.
Unrouted nets 13 at the end of iteration 13.
Unrouted nets 14 at the end of iteration 14.
Unrouted nets 12 at the end of iteration 15.
Unrouted nets 10 at the end of iteration 16.
Unrouted nets 7 at the end of iteration 17.
Unrouted nets 6 at the end of iteration 18.
Unrouted nets 7 at the end of iteration 19.
Unrouted nets 6 at the end of iteration 20.
Unrouted nets 5 at the end of iteration 21.
Unrouted nets 5 at the end of iteration 22.
Unrouted nets 5 at the end of iteration 23.
Unrouted nets 5 at the end of iteration 24.
Unrouted nets 5 at the end of iteration 25.
Unrouted nets 5 at the end of iteration 26.
Unrouted nets 6 at the end of iteration 27.
Unrouted nets 5 at the end of iteration 28.
Unrouted nets 5 at the end of iteration 29.
Unrouted nets 5 at the end of iteration 30.
Unrouted nets 5 at the end of iteration 31.
Unrouted nets 5 at the end of iteration 32.
Unrouted nets 5 at the end of iteration 33.
Unrouted nets 5 at the end of iteration 34.
Unrouted nets 5 at the end of iteration 35.
Unrouted nets 5 at the end of iteration 36.
Unrouted nets 5 at the end of iteration 37.
Unrouted nets 6 at the end of iteration 38.
Unrouted nets 6 at the end of iteration 39.
Unrouted nets 5 at the end of iteration 40.
Unrouted nets 5 at the end of iteration 41.
Unrouted nets 5 at the end of iteration 42.
Unrouted nets 5 at the end of iteration 43.
Unrouted nets 4 at the end of iteration 44.
Unrouted nets 4 at the end of iteration 45.
Unrouted nets 3 at the end of iteration 46.
Unrouted nets 3 at the end of iteration 47.
Unrouted nets 3 at the end of iteration 48.
Unrouted nets 3 at the end of iteration 49.
Unrouted nets 3 at the end of iteration 50.
Unrouted nets 3 at the end of iteration 51.
Unrouted nets 3 at the end of iteration 52.
Unrouted nets 3 at the end of iteration 53.
Unrouted nets 3 at the end of iteration 54.
Unrouted nets 3 at the end of iteration 55.
Unrouted nets 3 at the end of iteration 56.
Unrouted nets 3 at the end of iteration 57.
Unrouted nets 3 at the end of iteration 58.
Unrouted nets 3 at the end of iteration 59.
Unrouted nets 3 at the end of iteration 60.
Unrouted nets 3 at the end of iteration 61.
Unrouted nets 3 at the end of iteration 62.
Unrouted nets 3 at the end of iteration 63.
Unrouted nets 3 at the end of iteration 64.
Unrouted nets 3 at the end of iteration 65.
Unrouted nets 3 at the end of iteration 66.
Unrouted nets 3 at the end of iteration 67.
Unrouted nets 3 at the end of iteration 68.
Unrouted nets 3 at the end of iteration 69.
Unrouted nets 4 at the end of iteration 70.
Unrouted nets 3 at the end of iteration 71.
Unrouted nets 3 at the end of iteration 72.
Unrouted nets 3 at the end of iteration 73.
Unrouted nets 4 at the end of iteration 74.
Unrouted nets 5 at the end of iteration 75.
Unrouted nets 4 at the end of iteration 76.
Unrouted nets 3 at the end of iteration 77.
Unrouted nets 3 at the end of iteration 78.
Unrouted nets 3 at the end of iteration 79.
Unrouted nets 4 at the end of iteration 80.
Unrouted nets 3 at the end of iteration 81.
Unrouted nets 3 at the end of iteration 82.
Unrouted nets 3 at the end of iteration 83.
Unrouted nets 2 at the end of iteration 84.
Unrouted nets 2 at the end of iteration 85.
Unrouted nets 2 at the end of iteration 86.
Unrouted nets 2 at the end of iteration 87.
Unrouted nets 2 at the end of iteration 88.
Unrouted nets 2 at the end of iteration 89.
Unrouted nets 2 at the end of iteration 90.
Unrouted nets 2 at the end of iteration 91.
Unrouted nets 2 at the end of iteration 92.
Unrouted nets 2 at the end of iteration 93.
Unrouted nets 2 at the end of iteration 94.
Unrouted nets 2 at the end of iteration 95.
Unrouted nets 2 at the end of iteration 96.
Unrouted nets 2 at the end of iteration 97.
Unrouted nets 2 at the end of iteration 98.
Unrouted nets 2 at the end of iteration 99.
Unrouted nets 2 at the end of iteration 100.
Unrouted nets 2 at the end of iteration 101.
Unrouted nets 2 at the end of iteration 102.
Unrouted nets 4 at the end of iteration 103.
Unrouted nets 2 at the end of iteration 104.
Unrouted nets 2 at the end of iteration 105.
Unrouted nets 2 at the end of iteration 106.
Unrouted nets 2 at the end of iteration 107.
Unrouted nets 2 at the end of iteration 108.
Unrouted nets 2 at the end of iteration 109.
Unrouted nets 2 at the end of iteration 110.
Unrouted nets 2 at the end of iteration 111.
Unrouted nets 2 at the end of iteration 112.
Unrouted nets 2 at the end of iteration 113.
Unrouted nets 2 at the end of iteration 114.
Unrouted nets 2 at the end of iteration 115.
Unrouted nets 2 at the end of iteration 116.
Unrouted nets 2 at the end of iteration 117.
Unrouted nets 2 at the end of iteration 118.
Unrouted nets 2 at the end of iteration 119.
Unrouted nets 2 at the end of iteration 120.
Unrouted nets 2 at the end of iteration 121.
Unrouted nets 2 at the end of iteration 122.
Unrouted nets 2 at the end of iteration 123.
Unrouted nets 2 at the end of iteration 124.
Unrouted nets 1 at the end of iteration 125.
Unrouted nets 1 at the end of iteration 126.
Unrouted nets 1 at the end of iteration 127.
Unrouted nets 1 at the end of iteration 128.
Unrouted nets 1 at the end of iteration 129.
Unrouted nets 1 at the end of iteration 130.
Unrouted nets 1 at the end of iteration 131.
Unrouted nets 1 at the end of iteration 132.
Unrouted nets 1 at the end of iteration 133.
Unrouted nets 1 at the end of iteration 134.
Unrouted nets 1 at the end of iteration 135.
Unrouted nets 1 at the end of iteration 136.
Unrouted nets 1 at the end of iteration 137.
Unrouted nets 1 at the end of iteration 138.
Unrouted nets 1 at the end of iteration 139.
Unrouted nets 1 at the end of iteration 140.
Unrouted nets 2 at the end of iteration 141.
Unrouted nets 2 at the end of iteration 142.
Unrouted nets 2 at the end of iteration 143.
Unrouted nets 1 at the end of iteration 144.
Unrouted nets 1 at the end of iteration 145.
Unrouted nets 1 at the end of iteration 146.
Unrouted nets 1 at the end of iteration 147.
Unrouted nets 1 at the end of iteration 148.
Unrouted nets 1 at the end of iteration 149.
Unrouted nets 1 at the end of iteration 150.
Unrouted nets 1 at the end of iteration 151.
Unrouted nets 1 at the end of iteration 152.
Unrouted nets 1 at the end of iteration 153.
Unrouted nets 1 at the end of iteration 154.
Unrouted nets 1 at the end of iteration 155.
Unrouted nets 1 at the end of iteration 156.
Unrouted nets 1 at the end of iteration 157.
Unrouted nets 1 at the end of iteration 158.
Unrouted nets 1 at the end of iteration 159.
Unrouted nets 1 at the end of iteration 160.
Unrouted nets 1 at the end of iteration 161.
Unrouted nets 1 at the end of iteration 162.
Unrouted nets 1 at the end of iteration 163.
Unrouted nets 1 at the end of iteration 164.
Unrouted nets 1 at the end of iteration 165.
Unrouted nets 1 at the end of iteration 166.
Unrouted nets 1 at the end of iteration 167.
Unrouted nets 1 at the end of iteration 168.
Unrouted nets 1 at the end of iteration 169.
Unrouted nets 1 at the end of iteration 170.
Unrouted nets 1 at the end of iteration 171.
Unrouted nets 1 at the end of iteration 172.
Unrouted nets 2 at the end of iteration 173.
Unrouted nets 1 at the end of iteration 174.
Unrouted nets 1 at the end of iteration 175.
Unrouted nets 1 at the end of iteration 176.
Unrouted nets 1 at the end of iteration 177.
Unrouted nets 1 at the end of iteration 178.
Unrouted nets 1 at the end of iteration 179.
Unrouted nets 1 at the end of iteration 180.
Unrouted nets 1 at the end of iteration 181.
Unrouted nets 1 at the end of iteration 182.
Unrouted nets 0 at the end of iteration 183.
Global Routing step 2 processed 350 nets, it takes 6.55 sec.
Unrouted nets 106 at the end of iteration 0.
Unrouted nets 68 at the end of iteration 1.
Unrouted nets 40 at the end of iteration 2.
Unrouted nets 23 at the end of iteration 3.
Unrouted nets 13 at the end of iteration 4.
Unrouted nets 4 at the end of iteration 5.
Unrouted nets 3 at the end of iteration 6.
Unrouted nets 3 at the end of iteration 7.
Unrouted nets 2 at the end of iteration 8.
Unrouted nets 2 at the end of iteration 9.
Unrouted nets 0 at the end of iteration 10.
Global Routing step 3 processed 201 nets, it takes 1.03 sec.
Global routing takes 7.64 sec.
Total 8746 subnets.
    forward max bucket size 1269 , backward 471.
        Unrouted nets 6110 at the end of iteration 0.
    route iteration 0, CPU time elapsed 1.265625 sec.
    forward max bucket size 565 , backward 481.
        Unrouted nets 5165 at the end of iteration 1.
    route iteration 1, CPU time elapsed 1.046875 sec.
    forward max bucket size 796 , backward 559.
        Unrouted nets 4528 at the end of iteration 2.
    route iteration 2, CPU time elapsed 1.046875 sec.
    forward max bucket size 900 , backward 667.
        Unrouted nets 4034 at the end of iteration 3.
    route iteration 3, CPU time elapsed 1.046875 sec.
    forward max bucket size 777 , backward 643.
        Unrouted nets 3676 at the end of iteration 4.
    route iteration 4, CPU time elapsed 1.156250 sec.
    forward max bucket size 1007 , backward 948.
        Unrouted nets 3283 at the end of iteration 5.
    route iteration 5, CPU time elapsed 1.109375 sec.
    forward max bucket size 1260 , backward 890.
        Unrouted nets 3183 at the end of iteration 6.
    route iteration 6, CPU time elapsed 0.953125 sec.
    forward max bucket size 1435 , backward 533.
        Unrouted nets 2883 at the end of iteration 7.
    route iteration 7, CPU time elapsed 0.906250 sec.
    forward max bucket size 946 , backward 532.
        Unrouted nets 2491 at the end of iteration 8.
    route iteration 8, CPU time elapsed 0.765625 sec.
    forward max bucket size 741 , backward 597.
        Unrouted nets 2205 at the end of iteration 9.
    route iteration 9, CPU time elapsed 0.765625 sec.
    forward max bucket size 1087 , backward 817.
        Unrouted nets 1927 at the end of iteration 10.
    route iteration 10, CPU time elapsed 0.640625 sec.
    forward max bucket size 1244 , backward 818.
        Unrouted nets 1644 at the end of iteration 11.
    route iteration 11, CPU time elapsed 0.531250 sec.
    forward max bucket size 1231 , backward 363.
        Unrouted nets 1440 at the end of iteration 12.
    route iteration 12, CPU time elapsed 0.468750 sec.
    forward max bucket size 991 , backward 422.
        Unrouted nets 1354 at the end of iteration 13.
    route iteration 13, CPU time elapsed 0.453125 sec.
    forward max bucket size 1758 , backward 371.
        Unrouted nets 1247 at the end of iteration 14.
    route iteration 14, CPU time elapsed 0.437500 sec.
    forward max bucket size 768 , backward 575.
        Unrouted nets 1082 at the end of iteration 15.
    route iteration 15, CPU time elapsed 0.390625 sec.
    forward max bucket size 820 , backward 652.
        Unrouted nets 924 at the end of iteration 16.
    route iteration 16, CPU time elapsed 0.343750 sec.
    forward max bucket size 261 , backward 241.
        Unrouted nets 829 at the end of iteration 17.
    route iteration 17, CPU time elapsed 0.281250 sec.
    forward max bucket size 211 , backward 157.
        Unrouted nets 746 at the end of iteration 18.
    route iteration 18, CPU time elapsed 0.312500 sec.
    forward max bucket size 220 , backward 167.
        Unrouted nets 706 at the end of iteration 19.
    route iteration 19, CPU time elapsed 0.265625 sec.
    forward max bucket size 240 , backward 170.
        Unrouted nets 622 at the end of iteration 20.
    route iteration 20, CPU time elapsed 0.234375 sec.
    forward max bucket size 322 , backward 244.
        Unrouted nets 515 at the end of iteration 21.
    route iteration 21, CPU time elapsed 0.187500 sec.
    forward max bucket size 214 , backward 114.
        Unrouted nets 495 at the end of iteration 22.
    route iteration 22, CPU time elapsed 0.171875 sec.
    forward max bucket size 194 , backward 178.
        Unrouted nets 453 at the end of iteration 23.
    route iteration 23, CPU time elapsed 0.171875 sec.
    forward max bucket size 218 , backward 155.
        Unrouted nets 419 at the end of iteration 24.
    route iteration 24, CPU time elapsed 0.156250 sec.
    forward max bucket size 134 , backward 140.
        Unrouted nets 393 at the end of iteration 25.
    route iteration 25, CPU time elapsed 0.156250 sec.
    forward max bucket size 258 , backward 145.
        Unrouted nets 353 at the end of iteration 26.
    route iteration 26, CPU time elapsed 0.140625 sec.
    forward max bucket size 301 , backward 229.
        Unrouted nets 333 at the end of iteration 27.
    route iteration 27, CPU time elapsed 0.140625 sec.
    forward max bucket size 229 , backward 260.
        Unrouted nets 335 at the end of iteration 28.
    route iteration 28, CPU time elapsed 0.125000 sec.
    forward max bucket size 429 , backward 334.
        Unrouted nets 314 at the end of iteration 29.
    route iteration 29, CPU time elapsed 0.109375 sec.
    forward max bucket size 255 , backward 287.
        Unrouted nets 273 at the end of iteration 30.
    route iteration 30, CPU time elapsed 0.109375 sec.
    forward max bucket size 446 , backward 98.
        Unrouted nets 211 at the end of iteration 31.
    route iteration 31, CPU time elapsed 0.109375 sec.
    forward max bucket size 273 , backward 140.
        Unrouted nets 214 at the end of iteration 32.
    route iteration 32, CPU time elapsed 0.093750 sec.
    forward max bucket size 116 , backward 98.
        Unrouted nets 178 at the end of iteration 33.
    route iteration 33, CPU time elapsed 0.093750 sec.
    forward max bucket size 151 , backward 134.
        Unrouted nets 151 at the end of iteration 34.
    route iteration 34, CPU time elapsed 0.062500 sec.
    forward max bucket size 200 , backward 110.
        Unrouted nets 158 at the end of iteration 35.
    route iteration 35, CPU time elapsed 0.078125 sec.
    forward max bucket size 206 , backward 446.
        Unrouted nets 149 at the end of iteration 36.
    route iteration 36, CPU time elapsed 0.078125 sec.
    forward max bucket size 89 , backward 94.
        Unrouted nets 127 at the end of iteration 37.
    route iteration 37, CPU time elapsed 0.062500 sec.
    forward max bucket size 116 , backward 65.
        Unrouted nets 109 at the end of iteration 38.
    route iteration 38, CPU time elapsed 0.062500 sec.
    forward max bucket size 95 , backward 107.
        Unrouted nets 87 at the end of iteration 39.
    route iteration 39, CPU time elapsed 0.062500 sec.
    forward max bucket size 96 , backward 38.
        Unrouted nets 83 at the end of iteration 40.
    route iteration 40, CPU time elapsed 0.046875 sec.
    forward max bucket size 88 , backward 47.
        Unrouted nets 73 at the end of iteration 41.
    route iteration 41, CPU time elapsed 0.031250 sec.
    forward max bucket size 88 , backward 46.
        Unrouted nets 74 at the end of iteration 42.
    route iteration 42, CPU time elapsed 0.046875 sec.
    forward max bucket size 157 , backward 105.
        Unrouted nets 80 at the end of iteration 43.
    route iteration 43, CPU time elapsed 0.062500 sec.
    forward max bucket size 224 , backward 147.
        Unrouted nets 57 at the end of iteration 44.
    route iteration 44, CPU time elapsed 0.046875 sec.
    forward max bucket size 166 , backward 111.
        Unrouted nets 55 at the end of iteration 45.
    route iteration 45, CPU time elapsed 0.046875 sec.
    forward max bucket size 140 , backward 54.
        Unrouted nets 55 at the end of iteration 46.
    route iteration 46, CPU time elapsed 0.046875 sec.
    forward max bucket size 103 , backward 39.
        Unrouted nets 53 at the end of iteration 47.
    route iteration 47, CPU time elapsed 0.046875 sec.
    forward max bucket size 237 , backward 113.
        Unrouted nets 55 at the end of iteration 48.
    route iteration 48, CPU time elapsed 0.031250 sec.
    forward max bucket size 247 , backward 113.
        Unrouted nets 43 at the end of iteration 49.
    route iteration 49, CPU time elapsed 0.015625 sec.
    forward max bucket size 124 , backward 40.
        Unrouted nets 44 at the end of iteration 50.
    route iteration 50, CPU time elapsed 0.046875 sec.
    forward max bucket size 216 , backward 153.
        Unrouted nets 32 at the end of iteration 51.
    route iteration 51, CPU time elapsed 0.031250 sec.
    forward max bucket size 218 , backward 153.
        Unrouted nets 34 at the end of iteration 52.
    route iteration 52, CPU time elapsed 0.046875 sec.
    forward max bucket size 110 , backward 50.
        Unrouted nets 20 at the end of iteration 53.
    route iteration 53, CPU time elapsed 0.031250 sec.
    forward max bucket size 43 , backward 54.
        Unrouted nets 18 at the end of iteration 54.
    route iteration 54, CPU time elapsed 0.031250 sec.
    forward max bucket size 55 , backward 69.
        Unrouted nets 19 at the end of iteration 55.
    route iteration 55, CPU time elapsed 0.031250 sec.
    forward max bucket size 27 , backward 33.
        Unrouted nets 11 at the end of iteration 56.
    route iteration 56, CPU time elapsed 0.031250 sec.
    forward max bucket size 21 , backward 32.
        Unrouted nets 6 at the end of iteration 57.
    route iteration 57, CPU time elapsed 0.031250 sec.
    forward max bucket size 20 , backward 37.
        Unrouted nets 6 at the end of iteration 58.
    route iteration 58, CPU time elapsed 0.015625 sec.
    forward max bucket size 21 , backward 39.
        Unrouted nets 6 at the end of iteration 59.
    route iteration 59, CPU time elapsed 0.031250 sec.
    forward max bucket size 28 , backward 42.
        Unrouted nets 4 at the end of iteration 60.
    route iteration 60, CPU time elapsed 0.031250 sec.
    forward max bucket size 12 , backward 10.
        Unrouted nets 2 at the end of iteration 61.
    route iteration 61, CPU time elapsed 0.015625 sec.
    forward max bucket size 11 , backward 7.
        Unrouted nets 3 at the end of iteration 62.
    route iteration 62, CPU time elapsed 0.031250 sec.
    forward max bucket size 26 , backward 38.
        Unrouted nets 9 at the end of iteration 63.
    route iteration 63, CPU time elapsed 0.015625 sec.
    forward max bucket size 21 , backward 20.
        Unrouted nets 2 at the end of iteration 64.
    route iteration 64, CPU time elapsed 0.031250 sec.
    forward max bucket size 10 , backward 8.
        Unrouted nets 0 at the end of iteration 65.
    route iteration 65, CPU time elapsed 0.015625 sec.
Detailed routing takes 65 iterations
Detailed routing takes 18.16 sec.
Start fix hold violation.
Build tmp routing results takes 0.09 sec.
Timing analysis takes 0.06 sec.
No hold violation.
Hold Violation Fix in router takes 0 iterations.
Fix hold violation Finished.
Hold Violation Fix in router takes 0.52 sec.

Dispose routing result:
    Collect routing result.
    Delete unused device instances.
    Annotate routing result.
    Change LUT configuration.
    Dispose misc instances.
    Annotate routing result again.
Finish routing takes 0.27 sec.
Used SRB routing arc is 90024.
Cleanup routing takes 0.02 sec.
Routing done.
Total routing takes 29.09 sec.

C: Place-2025: The VCCIO 1.2 in BANK BANK0 is incompatible.

Device Utilization Summary :
+---------------------------------------------------------------------------+
| Logic Utilization        | Used     | Available     | Utilization(%)     
+---------------------------------------------------------------------------+
| Use of APM               | 0        | 84            | 0                  
| Use of BKCL              | 2        | 4             | 50                 
| Use of CLMA              | 773      | 6450          | 12                 
|   FF                     | 1475     | 38700         | 4                  
|   LUT                    | 2298     | 25800         | 9                  
|   LUT-FF pairs           | 581      | 25800         | 3                  
| Use of CLMS              | 471      | 4250          | 12                 
|   FF                     | 984      | 25500         | 4                  
|   LUT                    | 1345     | 17000         | 8                  
|   LUT-FF pairs           | 354      | 17000         | 3                  
|   Distributed RAM        | 0        | 17000         | 0                  
| Use of CRYSTAL           | 0        | 2             | 0                  
| Use of DLL               | 0        | 10            | 0                  
| Use of DQSL              | 0        | 18            | 0                  
| Use of DRM               | 48       | 134           | 36                 
| Use of FUSECODE          | 0        | 1             | 0                  
| Use of HARD0N1           | 344      | 6672          | 6                  
| Use of IO                | 45       | 218           | 21                 
|   IOBD                   | 8        | 53            | 16                 
|   IOBR_LR                | 1        | 5             | 20                 
|   IOBR_TB                | 3        | 7             | 43                 
|   IOBS_LR                | 22       | 107           | 21                 
|   IOBS_TB                | 11       | 46            | 24                 
| Use of IOCKDIV           | 0        | 20            | 0                  
| Use of IOCKDLY           | 0        | 40            | 0                  
| Use of IOCKGATE          | 0        | 20            | 0                  
| Use of IOCKGMUX_TEST     | 0        | 20            | 0                  
| Use of IOL               | 45       | 400           | 12                 
| Use of IPAL              | 0        | 1             | 0                  
| Use of LDO               | 0        | 4             | 0                  
| Use of MFG_TEST          | 0        | 1             | 0                  
| Use of OSC               | 0        | 1             | 0                  
| Use of PIOMUX_TEST       | 0        | 10            | 0                  
| Use of PLL               | 1        | 5             | 20                 
| Use of PREGMUX_TEST      | 0        | 6             | 0                  
| Use of RCKB              | 1        | 24            | 5                  
|  RCKB dataused           | 1        | 24            | 5                  
| Use of RCKBMUX_TEST      | 0        | 12            | 0                  
| Use of RESCAL            | 0        | 4             | 0                  
| Use of SCANCHAIN         | 0        | 2             | 0                  
| Use of START             | 1        | 1             | 100                
| Use of UDID              | 0        | 1             | 0                  
| Use of USCM              | 1        | 30            | 4                  
|  USCM dataused           | 0        | 30            | 0                  
| Use of USCMMUX_TEST      | 0        | 30            | 0                  
| Use of VCKBMUX_TEST      | 0        | 12            | 0                  
+---------------------------------------------------------------------------+

Finished routing.
Design 'SoC_Top' has been placed and routed successfully.
Saving design to DB.
Finished placement and routing.
Action pnr: Real time elapsed is 0h:1m:2s
Action pnr: CPU time elapsed is 0h:0m:57s
Action pnr: Process CPU time elapsed is 0h:1m:2s
Current time: Wed Apr  1 00:40:01 2026
Action pnr: Peak memory pool usage is 1,001 MB
