#Build: Fabric Compiler 2022.2-SP6.4, Build 146967, Jan 31 01:39 2024
#Install: E:\pango\PDS_2022.2-SP6.4\bin
#Application name: pds_shell.exe
#OS: Windows 10 10.0.26200
#Hostname: LAPTOP-E3CFACBD
Generated by Fabric Compiler (version 2022.2-SP6.4 build 146967) at Wed Mar 25 12:02:59 2026
Compiling verification operator library.
Compiling common defs.
Compiling prim grid devices.
Compiling gate devices.
Compiling gate operators.
Building architecture model.
Loading device packaging model.
pnr strategy configuration : 
strategy name : 0
Building architecture floorplan logic view.
Constraint check start.
Executing : def_port {uart_tx} LOC=T11 VCCIO=3.3 IOSTANDARD=LVCMOS33 PULLUP=TRUE
C: ConstraintEditor-2009: uart_tx is lack of SLEW, OUTPUT or INOUT PORT had better set SLEW, the optional value is {SLOW, FAST}.
C: ConstraintEditor-2009: uart_tx is lack of DRIVE, OUTPUT or INOUT PORT had better set DRIVE, the optional value is {8, 4, 12, 16, 24}.
Executing : def_port {uart_tx} LOC=T11 VCCIO=3.3 IOSTANDARD=LVCMOS33 PULLUP=TRUE successfully
Executing : def_port {rst_n} LOC=C4 VCCIO=1.2 IOSTANDARD=LVCMOS12 PULLUP=TRUE
Executing : def_port {rst_n} LOC=C4 VCCIO=1.2 IOSTANDARD=LVCMOS12 PULLUP=TRUE successfully
Executing : def_port {sys_clk} LOC=V9 VCCIO=3.3 IOSTANDARD=LVCMOS33 PULLUP=TRUE
Executing : def_port {sys_clk} LOC=V9 VCCIO=3.3 IOSTANDARD=LVCMOS33 PULLUP=TRUE successfully
Executing : def_port {uart_rx} LOC=R11 VCCIO=3.3 IOSTANDARD=LVCMOS33 PULLUP=TRUE
Executing : def_port {uart_rx} LOC=R11 VCCIO=3.3 IOSTANDARD=LVCMOS33 PULLUP=TRUE successfully
W: ConstraintEditor-4019: Port Bus 'ext_axi_if_araddr' unspecified I/O constraint.
W: ConstraintEditor-4019: Port Bus 'ext_axi_if_awaddr' unspecified I/O constraint.
W: ConstraintEditor-4019: Port Bus 'ext_axi_if_bresp' unspecified I/O constraint.
W: ConstraintEditor-4019: Port Bus 'ext_axi_if_rdata' unspecified I/O constraint.
W: ConstraintEditor-4019: Port Bus 'ext_axi_if_rresp' unspecified I/O constraint.
W: ConstraintEditor-4019: Port Bus 'ext_axi_if_wdata' unspecified I/O constraint.
W: ConstraintEditor-4019: Port Bus 'ext_axi_if_wstrb' unspecified I/O constraint.
W: ConstraintEditor-4019: Port 'ext_axi_if_arready' unspecified I/O constraint.
W: ConstraintEditor-4019: Port 'ext_axi_if_arvalid' unspecified I/O constraint.
W: ConstraintEditor-4019: Port 'ext_axi_if_awready' unspecified I/O constraint.
W: ConstraintEditor-4019: Port 'ext_axi_if_awvalid' unspecified I/O constraint.
W: ConstraintEditor-4019: Port 'ext_axi_if_bready' unspecified I/O constraint.
W: ConstraintEditor-4019: Port 'ext_axi_if_bvalid' unspecified I/O constraint.
W: ConstraintEditor-4019: Port 'ext_axi_if_rready' unspecified I/O constraint.
W: ConstraintEditor-4019: Port 'ext_axi_if_rvalid' unspecified I/O constraint.
W: ConstraintEditor-4019: Port 'ext_axi_if_wready' unspecified I/O constraint.
W: ConstraintEditor-4019: Port 'ext_axi_if_wvalid' unspecified I/O constraint.
Constraint check end.
I: Column Clock Check open.
Read Column Clock Map.

Placement started.
Phase 1 Pre global placement started.
Mapping instance sys_pll_u0/u_pll_e3/goppll to PLL_158_55.
Phase 1.1 1st GP placement started.
Design Utilization : 9%.
First map gop timing takes 0.39 sec
Worst slack after clock region global placement is 15122
Wirelength after clock region global placement is 40608 and checksum is 95B594FF7899F205.
1st GP placement takes 3.53 sec.

Phase 1.2 Clock placement started.
Mapping instance clkbufg_0/gopclkbufg to USCM_84_108.
Clock placement takes 0.22 sec.

Wirelength after Pre Global Placement is 40608 and checksum is 95B594FF7899F205.
Pre global placement takes 3.97 sec.

Phase 2 Global placement started.
Phase 2.1 Fixed placement started.
Placed fixed group with base inst rst_n_ibuf/opit_1 on IOL_11_373.
Placed fixed group with base inst sys_clk_ibuf/opit_1 on IOL_159_5.
Placed fixed group with base inst uart_rx_ibuf/opit_1 on IOL_219_6.
Placed fixed group with base inst uart_tx_obuf/opit_1 on IOL_219_5.
Placed fixed instance clkbufg_0/gopclkbufg on USCM_84_108.
Placed fixed instance sys_pll_u0/u_pll_e3/goppll on PLL_158_55.
Placed fixed instance BKCL_auto_0 on BKCL_188_376.
Placed fixed instance BKCL_auto_1 on BKCL_192_0.
Fixed placement takes 0.12 sec.

Phase 2.2 Process placement started.
Process placement takes 0.02 sec.

Phase 2.3 IO placement started.
IO placement takes 0.06 sec.

Phase 2.4 2nd GP placement started.
Run super clustering :
	Initial slack -6572.
	11 iterations finished.
	Final slack 16076.
Super clustering done.
Design Utilization : 9%.
Worst slack after global placement is 18322
2nd GP placement takes 2.78 sec.

Wirelength after global placement is 44019 and checksum is 1D5A3CE1B877BD7B.
Global placement takes 2.98 sec.

Phase 3 Post global placement started.
Phase 3.1 Macro cell placement started.
I: Process macros using "Greedy".
Wirelength after macro cell placement is 45106 and checksum is DB600000D7525C82.
Macro cell placement takes 0.00 sec.

Phase 3.2 3rd GP placement started.
Run super clustering :
	Initial slack -6572.
	11 iterations finished.
	Final slack 16076.
Super clustering done.
Design Utilization : 9%.
Worst slack after post global placement is 18060
3rd GP placement takes 2.58 sec.

Wirelength after post global placement is 38289 and checksum is 7664430953372C3F.
Post global placement takes 2.61 sec.

Phase 4 Legalization started.
The average distance in LP is 1.320053.
Wirelength after legalization is 52129 and checksum is A532A7D24CA33CDB.
Legalization takes 0.67 sec.

Phase 5 Timing-driven detailed placement started.
Phase 5.1 Replication placement started.
Worst slack before Replication Place is 11991.
Replication placement takes 0.14 sec.

Wirelength after replication placement is 52129 and checksum is A532A7D24CA33CDB.
Phase 5.2 DP placement started.
Legalized cost 11991.000000.
The detailed placement ends at 0th iteration.
DP placement takes 0.11 sec.

Wirelength after detailed placement is 52129 and checksum is A532A7D24CA33CDB.
Timing-driven detailed placement takes 0.27 sec.

Worst slack is 11991, TNS after placement is 0.
Placement done.
Total placement takes 11.84 sec.
Finished placement.

Routing started.
Building routing graph takes 1.41 sec.
Worst slack is 11991, TNS before global route is 0.
Processing design graph takes 0.62 sec.
Total memory for routing:
	118.922262 M.
Total nets for routing : 7105.
Global Routing step 1 processed 0 nets, it takes 0.08 sec.
Rcf routing step 1 processed 0 nets, it takes 0.00 sec.
Rcf routing step 2 processed 0 nets, it takes 0.00 sec.
Rcf routing step 3 processed 0 nets, it takes 0.00 sec.
Unrouted nets 0 at the end of iteration 0.
Global Routing step 1 processed 61 nets, it takes 0.02 sec.
Unrouted nets 105 at the end of iteration 0.
Unrouted nets 45 at the end of iteration 1.
Unrouted nets 22 at the end of iteration 2.
Unrouted nets 12 at the end of iteration 3.
Unrouted nets 8 at the end of iteration 4.
Unrouted nets 6 at the end of iteration 5.
Unrouted nets 4 at the end of iteration 6.
Unrouted nets 3 at the end of iteration 7.
Unrouted nets 1 at the end of iteration 8.
Unrouted nets 1 at the end of iteration 9.
Unrouted nets 1 at the end of iteration 10.
Unrouted nets 1 at the end of iteration 11.
Unrouted nets 0 at the end of iteration 12.
Global Routing step 2 processed 232 nets, it takes 0.58 sec.
Unrouted nets 91 at the end of iteration 0.
Unrouted nets 50 at the end of iteration 1.
Unrouted nets 32 at the end of iteration 2.
Unrouted nets 17 at the end of iteration 3.
Unrouted nets 16 at the end of iteration 4.
Unrouted nets 16 at the end of iteration 5.
Unrouted nets 12 at the end of iteration 6.
Unrouted nets 6 at the end of iteration 7.
Unrouted nets 4 at the end of iteration 8.
Unrouted nets 2 at the end of iteration 9.
Unrouted nets 3 at the end of iteration 10.
Unrouted nets 5 at the end of iteration 11.
Unrouted nets 2 at the end of iteration 12.
Unrouted nets 2 at the end of iteration 13.
Unrouted nets 1 at the end of iteration 14.
Unrouted nets 1 at the end of iteration 15.
Unrouted nets 1 at the end of iteration 16.
Unrouted nets 2 at the end of iteration 17.
Unrouted nets 0 at the end of iteration 18.
Global Routing step 3 processed 189 nets, it takes 1.23 sec.
Global routing takes 1.86 sec.
Total 8402 subnets.
    forward max bucket size 1848 , backward 129.
        Unrouted nets 5254 at the end of iteration 0.
    route iteration 0, CPU time elapsed 1.093750 sec.
    forward max bucket size 136 , backward 216.
        Unrouted nets 4130 at the end of iteration 1.
    route iteration 1, CPU time elapsed 0.781250 sec.
    forward max bucket size 266 , backward 264.
        Unrouted nets 3365 at the end of iteration 2.
    route iteration 2, CPU time elapsed 0.750000 sec.
    forward max bucket size 283 , backward 251.
        Unrouted nets 2803 at the end of iteration 3.
    route iteration 3, CPU time elapsed 0.796875 sec.
    forward max bucket size 246 , backward 224.
        Unrouted nets 2438 at the end of iteration 4.
    route iteration 4, CPU time elapsed 0.890625 sec.
    forward max bucket size 260 , backward 562.
        Unrouted nets 2106 at the end of iteration 5.
    route iteration 5, CPU time elapsed 0.890625 sec.
    forward max bucket size 197 , backward 245.
        Unrouted nets 2450 at the end of iteration 6.
    route iteration 6, CPU time elapsed 0.734375 sec.
    forward max bucket size 165 , backward 258.
        Unrouted nets 2294 at the end of iteration 7.
    route iteration 7, CPU time elapsed 0.671875 sec.
    forward max bucket size 199 , backward 170.
        Unrouted nets 2015 at the end of iteration 8.
    route iteration 8, CPU time elapsed 0.593750 sec.
    forward max bucket size 214 , backward 252.
        Unrouted nets 1785 at the end of iteration 9.
    route iteration 9, CPU time elapsed 0.500000 sec.
    forward max bucket size 182 , backward 116.
        Unrouted nets 1531 at the end of iteration 10.
    route iteration 10, CPU time elapsed 0.453125 sec.
    forward max bucket size 129 , backward 72.
        Unrouted nets 1279 at the end of iteration 11.
    route iteration 11, CPU time elapsed 0.390625 sec.
    forward max bucket size 115 , backward 104.
        Unrouted nets 982 at the end of iteration 12.
    route iteration 12, CPU time elapsed 0.296875 sec.
    forward max bucket size 69 , backward 117.
        Unrouted nets 803 at the end of iteration 13.
    route iteration 13, CPU time elapsed 0.250000 sec.
    forward max bucket size 54 , backward 68.
        Unrouted nets 639 at the end of iteration 14.
    route iteration 14, CPU time elapsed 0.265625 sec.
    forward max bucket size 56 , backward 76.
        Unrouted nets 538 at the end of iteration 15.
    route iteration 15, CPU time elapsed 0.203125 sec.
    forward max bucket size 120 , backward 74.
        Unrouted nets 424 at the end of iteration 16.
    route iteration 16, CPU time elapsed 0.171875 sec.
    forward max bucket size 57 , backward 158.
        Unrouted nets 369 at the end of iteration 17.
    route iteration 17, CPU time elapsed 0.140625 sec.
    forward max bucket size 61 , backward 158.
        Unrouted nets 348 at the end of iteration 18.
    route iteration 18, CPU time elapsed 0.140625 sec.
    forward max bucket size 54 , backward 56.
        Unrouted nets 275 at the end of iteration 19.
    route iteration 19, CPU time elapsed 0.140625 sec.
    forward max bucket size 69 , backward 116.
        Unrouted nets 203 at the end of iteration 20.
    route iteration 20, CPU time elapsed 0.140625 sec.
    forward max bucket size 70 , backward 71.
        Unrouted nets 180 at the end of iteration 21.
    route iteration 21, CPU time elapsed 0.093750 sec.
    forward max bucket size 76 , backward 71.
        Unrouted nets 152 at the end of iteration 22.
    route iteration 22, CPU time elapsed 0.078125 sec.
    forward max bucket size 147 , backward 70.
        Unrouted nets 126 at the end of iteration 23.
    route iteration 23, CPU time elapsed 0.078125 sec.
    forward max bucket size 46 , backward 54.
        Unrouted nets 103 at the end of iteration 24.
    route iteration 24, CPU time elapsed 0.078125 sec.
    forward max bucket size 131 , backward 109.
        Unrouted nets 96 at the end of iteration 25.
    route iteration 25, CPU time elapsed 0.062500 sec.
    forward max bucket size 37 , backward 37.
        Unrouted nets 83 at the end of iteration 26.
    route iteration 26, CPU time elapsed 0.046875 sec.
    forward max bucket size 34 , backward 43.
        Unrouted nets 78 at the end of iteration 27.
    route iteration 27, CPU time elapsed 0.062500 sec.
    forward max bucket size 41 , backward 41.
        Unrouted nets 77 at the end of iteration 28.
    route iteration 28, CPU time elapsed 0.046875 sec.
    forward max bucket size 35 , backward 44.
        Unrouted nets 61 at the end of iteration 29.
    route iteration 29, CPU time elapsed 0.046875 sec.
    forward max bucket size 51 , backward 64.
        Unrouted nets 65 at the end of iteration 30.
    route iteration 30, CPU time elapsed 0.031250 sec.
    forward max bucket size 51 , backward 63.
        Unrouted nets 51 at the end of iteration 31.
    route iteration 31, CPU time elapsed 0.031250 sec.
    forward max bucket size 28 , backward 38.
        Unrouted nets 55 at the end of iteration 32.
    route iteration 32, CPU time elapsed 0.031250 sec.
    forward max bucket size 37 , backward 68.
        Unrouted nets 54 at the end of iteration 33.
    route iteration 33, CPU time elapsed 0.046875 sec.
    forward max bucket size 117 , backward 55.
        Unrouted nets 61 at the end of iteration 34.
    route iteration 34, CPU time elapsed 0.046875 sec.
    forward max bucket size 40 , backward 48.
        Unrouted nets 50 at the end of iteration 35.
    route iteration 35, CPU time elapsed 0.046875 sec.
    forward max bucket size 43 , backward 44.
        Unrouted nets 57 at the end of iteration 36.
    route iteration 36, CPU time elapsed 0.046875 sec.
    forward max bucket size 37 , backward 45.
        Unrouted nets 52 at the end of iteration 37.
    route iteration 37, CPU time elapsed 0.046875 sec.
    forward max bucket size 59 , backward 56.
        Unrouted nets 49 at the end of iteration 38.
    route iteration 38, CPU time elapsed 0.062500 sec.
    forward max bucket size 64 , backward 58.
        Unrouted nets 38 at the end of iteration 39.
    route iteration 39, CPU time elapsed 0.046875 sec.
    forward max bucket size 42 , backward 41.
        Unrouted nets 26 at the end of iteration 40.
    route iteration 40, CPU time elapsed 0.031250 sec.
    forward max bucket size 19 , backward 20.
        Unrouted nets 20 at the end of iteration 41.
    route iteration 41, CPU time elapsed 0.031250 sec.
    forward max bucket size 28 , backward 33.
        Unrouted nets 17 at the end of iteration 42.
    route iteration 42, CPU time elapsed 0.031250 sec.
    forward max bucket size 16 , backward 21.
        Unrouted nets 16 at the end of iteration 43.
    route iteration 43, CPU time elapsed 0.031250 sec.
    forward max bucket size 19 , backward 12.
        Unrouted nets 13 at the end of iteration 44.
    route iteration 44, CPU time elapsed 0.015625 sec.
    forward max bucket size 11 , backward 13.
        Unrouted nets 12 at the end of iteration 45.
    route iteration 45, CPU time elapsed 0.015625 sec.
    forward max bucket size 14 , backward 11.
        Unrouted nets 8 at the end of iteration 46.
    route iteration 46, CPU time elapsed 0.015625 sec.
    forward max bucket size 13 , backward 19.
        Unrouted nets 8 at the end of iteration 47.
    route iteration 47, CPU time elapsed 0.015625 sec.
    forward max bucket size 11 , backward 17.
        Unrouted nets 8 at the end of iteration 48.
    route iteration 48, CPU time elapsed 0.031250 sec.
    forward max bucket size 11 , backward 17.
        Unrouted nets 10 at the end of iteration 49.
    route iteration 49, CPU time elapsed 0.031250 sec.
    forward max bucket size 12 , backward 26.
        Unrouted nets 6 at the end of iteration 50.
    route iteration 50, CPU time elapsed 0.031250 sec.
    forward max bucket size 11 , backward 3.
        Unrouted nets 6 at the end of iteration 51.
    route iteration 51, CPU time elapsed 0.015625 sec.
    forward max bucket size 11 , backward 3.
        Unrouted nets 6 at the end of iteration 52.
    route iteration 52, CPU time elapsed 0.031250 sec.
    forward max bucket size 11 , backward 3.
        Unrouted nets 6 at the end of iteration 53.
    route iteration 53, CPU time elapsed 0.015625 sec.
    forward max bucket size 11 , backward 3.
        Unrouted nets 6 at the end of iteration 54.
    route iteration 54, CPU time elapsed 0.031250 sec.
    forward max bucket size 11 , backward 3.
        Unrouted nets 6 at the end of iteration 55.
    route iteration 55, CPU time elapsed 0.015625 sec.
    forward max bucket size 11 , backward 3.
        Unrouted nets 6 at the end of iteration 56.
    route iteration 56, CPU time elapsed 0.031250 sec.
    forward max bucket size 11 , backward 3.
        Unrouted nets 6 at the end of iteration 57.
    route iteration 57, CPU time elapsed 0.031250 sec.
    forward max bucket size 11 , backward 3.
        Unrouted nets 6 at the end of iteration 58.
    route iteration 58, CPU time elapsed 0.015625 sec.
    forward max bucket size 11 , backward 3.
        Unrouted nets 6 at the end of iteration 59.
    route iteration 59, CPU time elapsed 0.031250 sec.
    forward max bucket size 11 , backward 3.
        Unrouted nets 6 at the end of iteration 60.
    route iteration 60, CPU time elapsed 0.031250 sec.
    forward max bucket size 11 , backward 3.
        Unrouted nets 6 at the end of iteration 61.
    route iteration 61, CPU time elapsed 0.015625 sec.
    forward max bucket size 11 , backward 3.
        Unrouted nets 6 at the end of iteration 62.
    route iteration 62, CPU time elapsed 0.015625 sec.
    forward max bucket size 11 , backward 3.
        Unrouted nets 6 at the end of iteration 63.
    route iteration 63, CPU time elapsed 0.015625 sec.
    forward max bucket size 11 , backward 3.
        Unrouted nets 6 at the end of iteration 64.
    route iteration 64, CPU time elapsed 0.015625 sec.
    forward max bucket size 11 , backward 3.
        Unrouted nets 6 at the end of iteration 65.
    route iteration 65, CPU time elapsed 0.015625 sec.
    forward max bucket size 11 , backward 3.
        Unrouted nets 6 at the end of iteration 66.
    route iteration 66, CPU time elapsed 0.015625 sec.
    forward max bucket size 11 , backward 3.
        Unrouted nets 6 at the end of iteration 67.
    route iteration 67, CPU time elapsed 0.031250 sec.
    forward max bucket size 11 , backward 3.
        Unrouted nets 6 at the end of iteration 68.
    route iteration 68, CPU time elapsed 0.046875 sec.
    forward max bucket size 11 , backward 3.
        Unrouted nets 6 at the end of iteration 69.
    route iteration 69, CPU time elapsed 0.031250 sec.
    forward max bucket size 11 , backward 3.
        Unrouted nets 6 at the end of iteration 70.
    route iteration 70, CPU time elapsed 0.046875 sec.
    forward max bucket size 11 , backward 3.
        Unrouted nets 6 at the end of iteration 71.
    route iteration 71, CPU time elapsed 0.031250 sec.
    forward max bucket size 11 , backward 3.
        Unrouted nets 6 at the end of iteration 72.
    route iteration 72, CPU time elapsed 0.031250 sec.
    forward max bucket size 11 , backward 3.
        Unrouted nets 6 at the end of iteration 73.
    route iteration 73, CPU time elapsed 0.031250 sec.
    forward max bucket size 11 , backward 3.
        Unrouted nets 6 at the end of iteration 74.
    route iteration 74, CPU time elapsed 0.031250 sec.
    forward max bucket size 11 , backward 3.
        Unrouted nets 6 at the end of iteration 75.
    route iteration 75, CPU time elapsed 0.046875 sec.
    forward max bucket size 11 , backward 3.
        Unrouted nets 6 at the end of iteration 76.
    route iteration 76, CPU time elapsed 0.015625 sec.
    forward max bucket size 11 , backward 3.
        Unrouted nets 6 at the end of iteration 77.
    route iteration 77, CPU time elapsed 0.015625 sec.
    forward max bucket size 11 , backward 3.
        Unrouted nets 6 at the end of iteration 78.
    route iteration 78, CPU time elapsed 0.031250 sec.
    forward max bucket size 11 , backward 3.
        Unrouted nets 6 at the end of iteration 79.
    route iteration 79, CPU time elapsed 0.031250 sec.
    forward max bucket size 11 , backward 3.
        Unrouted nets 6 at the end of iteration 80.
    route iteration 80, CPU time elapsed 0.031250 sec.
    forward max bucket size 11 , backward 3.
        Unrouted nets 6 at the end of iteration 81.
    route iteration 81, CPU time elapsed 0.031250 sec.
    forward max bucket size 11 , backward 3.
        Unrouted nets 6 at the end of iteration 82.
    route iteration 82, CPU time elapsed 0.031250 sec.
    forward max bucket size 11 , backward 3.
        Unrouted nets 6 at the end of iteration 83.
    route iteration 83, CPU time elapsed 0.031250 sec.
    forward max bucket size 11 , backward 3.
        Unrouted nets 6 at the end of iteration 84.
    route iteration 84, CPU time elapsed 0.031250 sec.
    forward max bucket size 11 , backward 3.
        Unrouted nets 6 at the end of iteration 85.
    route iteration 85, CPU time elapsed 0.031250 sec.
    forward max bucket size 11 , backward 3.
        Unrouted nets 6 at the end of iteration 86.
    route iteration 86, CPU time elapsed 0.046875 sec.
    forward max bucket size 11 , backward 3.
        Unrouted nets 6 at the end of iteration 87.
    route iteration 87, CPU time elapsed 0.046875 sec.
    forward max bucket size 11 , backward 3.
        Unrouted nets 6 at the end of iteration 88.
    route iteration 88, CPU time elapsed 0.015625 sec.
    forward max bucket size 11 , backward 3.
        Unrouted nets 6 at the end of iteration 89.
    route iteration 89, CPU time elapsed 0.031250 sec.
    forward max bucket size 11 , backward 3.
        Unrouted nets 6 at the end of iteration 90.
    route iteration 90, CPU time elapsed 0.031250 sec.
    forward max bucket size 11 , backward 3.
        Unrouted nets 6 at the end of iteration 91.
    route iteration 91, CPU time elapsed 0.015625 sec.
    forward max bucket size 11 , backward 3.
        Unrouted nets 6 at the end of iteration 92.
    route iteration 92, CPU time elapsed 0.015625 sec.
    forward max bucket size 11 , backward 3.
        Unrouted nets 6 at the end of iteration 93.
    route iteration 93, CPU time elapsed 0.015625 sec.
    forward max bucket size 11 , backward 3.
        Unrouted nets 6 at the end of iteration 94.
    route iteration 94, CPU time elapsed 0.015625 sec.
    forward max bucket size 11 , backward 3.
        Unrouted nets 6 at the end of iteration 95.
    route iteration 95, CPU time elapsed 0.015625 sec.
    forward max bucket size 11 , backward 3.
        Unrouted nets 6 at the end of iteration 96.
    route iteration 96, CPU time elapsed 0.015625 sec.
    forward max bucket size 11 , backward 3.
        Unrouted nets 6 at the end of iteration 97.
    route iteration 97, CPU time elapsed 0.031250 sec.
    forward max bucket size 11 , backward 3.
        Unrouted nets 6 at the end of iteration 98.
    route iteration 98, CPU time elapsed 0.015625 sec.
    forward max bucket size 11 , backward 3.
        Unrouted nets 6 at the end of iteration 99.
    route iteration 99, CPU time elapsed 0.031250 sec.
    forward max bucket size 11 , backward 3.
        Unrouted nets 6 at the end of iteration 100.
    route iteration 100, CPU time elapsed 0.015625 sec.
    forward max bucket size 11 , backward 3.
        Unrouted nets 6 at the end of iteration 101.
    route iteration 101, CPU time elapsed 0.015625 sec.
    forward max bucket size 11 , backward 3.
        Unrouted nets 6 at the end of iteration 102.
    route iteration 102, CPU time elapsed 0.031250 sec.
    forward max bucket size 11 , backward 3.
        Unrouted nets 6 at the end of iteration 103.
    route iteration 103, CPU time elapsed 0.031250 sec.
    forward max bucket size 11 , backward 3.
        Unrouted nets 6 at the end of iteration 104.
    route iteration 104, CPU time elapsed 0.031250 sec.
    forward max bucket size 11 , backward 3.
        Unrouted nets 6 at the end of iteration 105.
    route iteration 105, CPU time elapsed 0.031250 sec.
    forward max bucket size 11 , backward 3.
        Unrouted nets 6 at the end of iteration 106.
    route iteration 106, CPU time elapsed 0.031250 sec.
    forward max bucket size 11 , backward 3.
        Unrouted nets 6 at the end of iteration 107.
    route iteration 107, CPU time elapsed 0.031250 sec.
    forward max bucket size 11 , backward 3.
        Unrouted nets 6 at the end of iteration 108.
    route iteration 108, CPU time elapsed 0.015625 sec.
    forward max bucket size 11 , backward 3.
        Unrouted nets 6 at the end of iteration 109.
    route iteration 109, CPU time elapsed 0.031250 sec.
    forward max bucket size 11 , backward 3.
        Unrouted nets 6 at the end of iteration 110.
    route iteration 110, CPU time elapsed 0.015625 sec.
    forward max bucket size 11 , backward 3.
        Unrouted nets 6 at the end of iteration 111.
    route iteration 111, CPU time elapsed 0.015625 sec.
    forward max bucket size 11 , backward 3.
        Unrouted nets 6 at the end of iteration 112.
    route iteration 112, CPU time elapsed 0.031250 sec.
    forward max bucket size 11 , backward 3.
        Unrouted nets 6 at the end of iteration 113.
    route iteration 113, CPU time elapsed 0.031250 sec.
    forward max bucket size 11 , backward 3.
        Unrouted nets 6 at the end of iteration 114.
    route iteration 114, CPU time elapsed 0.015625 sec.
    forward max bucket size 11 , backward 3.
        Unrouted nets 6 at the end of iteration 115.
    route iteration 115, CPU time elapsed 0.015625 sec.
    forward max bucket size 11 , backward 3.
        Unrouted nets 6 at the end of iteration 116.
    route iteration 116, CPU time elapsed 0.031250 sec.
    forward max bucket size 18 , backward 10.
        Unrouted nets 21 at the end of iteration 117.
    route iteration 117, CPU time elapsed 0.031250 sec.
    forward max bucket size 38 , backward 36.
        Unrouted nets 32 at the end of iteration 118.
    route iteration 118, CPU time elapsed 0.031250 sec.
    forward max bucket size 44 , backward 50.
        Unrouted nets 30 at the end of iteration 119.
    route iteration 119, CPU time elapsed 0.031250 sec.
    forward max bucket size 31 , backward 72.
        Unrouted nets 19 at the end of iteration 120.
    route iteration 120, CPU time elapsed 0.031250 sec.
    forward max bucket size 23 , backward 19.
        Unrouted nets 22 at the end of iteration 121.
    route iteration 121, CPU time elapsed 0.031250 sec.
    forward max bucket size 29 , backward 37.
        Unrouted nets 17 at the end of iteration 122.
    route iteration 122, CPU time elapsed 0.046875 sec.
    forward max bucket size 54 , backward 135.
        Unrouted nets 16 at the end of iteration 123.
    route iteration 123, CPU time elapsed 0.046875 sec.
    forward max bucket size 60 , backward 111.
        Unrouted nets 19 at the end of iteration 124.
    route iteration 124, CPU time elapsed 0.031250 sec.
    forward max bucket size 24 , backward 89.
        Unrouted nets 17 at the end of iteration 125.
    route iteration 125, CPU time elapsed 0.031250 sec.
    forward max bucket size 27 , backward 32.
        Unrouted nets 12 at the end of iteration 126.
    route iteration 126, CPU time elapsed 0.031250 sec.
    forward max bucket size 17 , backward 13.
        Unrouted nets 5 at the end of iteration 127.
    route iteration 127, CPU time elapsed 0.031250 sec.
    forward max bucket size 12 , backward 4.
        Unrouted nets 4 at the end of iteration 128.
    route iteration 128, CPU time elapsed 0.015625 sec.
    forward max bucket size 10 , backward 9.
        Unrouted nets 2 at the end of iteration 129.
    route iteration 129, CPU time elapsed 0.015625 sec.
    forward max bucket size 9 , backward 7.
        Unrouted nets 0 at the end of iteration 130.
    route iteration 130, CPU time elapsed 0.031250 sec.
Detailed routing takes 130 iterations
Detailed routing takes 15.05 sec.
Start fix hold violation.
Build tmp routing results takes 0.09 sec.
Timing analysis takes 0.09 sec.
No hold violation.
Hold Violation Fix in router takes 0 iterations.
Fix hold violation Finished.
Hold Violation Fix in router takes 0.61 sec.

Dispose routing result:
    Collect routing result.
    Delete unused device instances.
    Annotate routing result.
    Change LUT configuration.
    Dispose misc instances.
    Annotate routing result again.
Finish routing takes 0.27 sec.
Used SRB routing arc is 73962.
Cleanup routing takes 0.03 sec.
Routing done.
Total routing takes 20.56 sec.


Device Utilization Summary :
+---------------------------------------------------------------------------+
| Logic Utilization        | Used     | Available     | Utilization(%)     
+---------------------------------------------------------------------------+
| Use of APM               | 0        | 84            | 0                  
| Use of BKCL              | 2        | 4             | 50                 
| Use of CLMA              | 820      | 6450          | 13                 
|   FF                     | 2190     | 38700         | 6                  
|   LUT                    | 2159     | 25800         | 9                  
|   LUT-FF pairs           | 326      | 25800         | 2                  
| Use of CLMS              | 503      | 4250          | 12                 
|   FF                     | 1367     | 25500         | 6                  
|   LUT                    | 1314     | 17000         | 8                  
|   LUT-FF pairs           | 240      | 17000         | 2                  
|   Distributed RAM        | 0        | 17000         | 0                  
| Use of CRYSTAL           | 0        | 2             | 0                  
| Use of DLL               | 0        | 10            | 0                  
| Use of DQSL              | 0        | 18            | 0                  
| Use of DRM               | 47       | 134           | 36                 
| Use of FUSECODE          | 0        | 1             | 0                  
| Use of HARD0N1           | 318      | 6672          | 5                  
| Use of IO                | 50       | 218           | 23                 
|   IOBD                   | 2        | 53            | 4                  
|   IOBR_LR                | 1        | 5             | 20                 
|   IOBR_TB                | 2        | 7             | 29                 
|   IOBS_LR                | 39       | 107           | 37                 
|   IOBS_TB                | 6        | 46            | 14                 
| Use of IOCKDIV           | 0        | 20            | 0                  
| Use of IOCKDLY           | 0        | 40            | 0                  
| Use of IOCKGATE          | 0        | 20            | 0                  
| Use of IOCKGMUX_TEST     | 0        | 20            | 0                  
| Use of IOL               | 50       | 400           | 13                 
| Use of IPAL              | 0        | 1             | 0                  
| Use of LDO               | 0        | 4             | 0                  
| Use of MFG_TEST          | 0        | 1             | 0                  
| Use of OSC               | 0        | 1             | 0                  
| Use of PIOMUX_TEST       | 0        | 10            | 0                  
| Use of PLL               | 1        | 5             | 20                 
| Use of PREGMUX_TEST      | 0        | 6             | 0                  
| Use of RCKB              | 0        | 24            | 0                  
|  RCKB dataused           | 0        | 24            | 0                  
| Use of RCKBMUX_TEST      | 0        | 12            | 0                  
| Use of RESCAL            | 0        | 4             | 0                  
| Use of SCANCHAIN         | 0        | 2             | 0                  
| Use of START             | 1        | 1             | 100                
| Use of UDID              | 0        | 1             | 0                  
| Use of USCM              | 1        | 30            | 4                  
|  USCM dataused           | 0        | 30            | 0                  
| Use of USCMMUX_TEST      | 0        | 30            | 0                  
| Use of VCKBMUX_TEST      | 0        | 12            | 0                  
+---------------------------------------------------------------------------+

Finished routing.
Design 'SoC_Top' has been placed and routed successfully.
Saving design to DB.
Finished placement and routing.
Action pnr: Real time elapsed is 0h:0m:52s
Action pnr: CPU time elapsed is 0h:0m:49s
Action pnr: Process CPU time elapsed is 0h:0m:56s
Current time: Wed Mar 25 12:03:49 2026
Action pnr: Peak memory pool usage is 999 MB
