#Build: Fabric Compiler 2022.2-SP6.4, Build 146967, Jan 31 01:39 2024
#Install: E:\pango\PDS_2022.2-SP6.4\bin
#Application name: pds_shell.exe
#OS: Windows 10 10.0.26200
#Hostname: LAPTOP-E3CFACBD
Generated by Fabric Compiler (version 2022.2-SP6.4 build 146967) at Mon Mar 30 17:20:10 2026
Compiling verification operator library.
Compiling common defs.
Compiling prim grid devices.
Compiling gate devices.
Compiling gate operators.
Building architecture model.
Loading device packaging model.
pnr strategy configuration : 
strategy name : 0
Building architecture floorplan logic view.
Constraint check start.
Executing : def_port {uart_tx} LOC=T11 VCCIO=3.3 IOSTANDARD=LVCMOS33 PULLUP=TRUE
C: ConstraintEditor-2009: uart_tx is lack of SLEW, OUTPUT or INOUT PORT had better set SLEW, the optional value is {SLOW, FAST}.
C: ConstraintEditor-2009: uart_tx is lack of DRIVE, OUTPUT or INOUT PORT had better set DRIVE, the optional value is {8, 4, 12, 16, 24}.
Executing : def_port {uart_tx} LOC=T11 VCCIO=3.3 IOSTANDARD=LVCMOS33 PULLUP=TRUE successfully
Executing : def_port {rst_n} LOC=C4 VCCIO=1.2 IOSTANDARD=LVCMOS12 PULLUP=TRUE
Executing : def_port {rst_n} LOC=C4 VCCIO=1.2 IOSTANDARD=LVCMOS12 PULLUP=TRUE successfully
Executing : def_port {sys_clk} LOC=V9 VCCIO=3.3 IOSTANDARD=LVCMOS33 PULLUP=TRUE
Executing : def_port {sys_clk} LOC=V9 VCCIO=3.3 IOSTANDARD=LVCMOS33 PULLUP=TRUE successfully
Executing : def_port {uart_rx} LOC=R11 VCCIO=3.3 IOSTANDARD=LVCMOS33 PULLUP=TRUE
Executing : def_port {uart_rx} LOC=R11 VCCIO=3.3 IOSTANDARD=LVCMOS33 PULLUP=TRUE successfully
W: ConstraintEditor-4019: Port Bus 'ext_axi_if_araddr' unspecified I/O constraint.
W: ConstraintEditor-4019: Port Bus 'ext_axi_if_awaddr' unspecified I/O constraint.
W: ConstraintEditor-4019: Port Bus 'ext_axi_if_bresp' unspecified I/O constraint.
W: ConstraintEditor-4019: Port Bus 'ext_axi_if_rdata' unspecified I/O constraint.
W: ConstraintEditor-4019: Port Bus 'ext_axi_if_rresp' unspecified I/O constraint.
W: ConstraintEditor-4019: Port Bus 'ext_axi_if_wdata' unspecified I/O constraint.
W: ConstraintEditor-4019: Port Bus 'ext_axi_if_wstrb' unspecified I/O constraint.
W: ConstraintEditor-4019: Port 'ext_axi_if_arready' unspecified I/O constraint.
W: ConstraintEditor-4019: Port 'ext_axi_if_arvalid' unspecified I/O constraint.
W: ConstraintEditor-4019: Port 'ext_axi_if_awready' unspecified I/O constraint.
W: ConstraintEditor-4019: Port 'ext_axi_if_awvalid' unspecified I/O constraint.
W: ConstraintEditor-4019: Port 'ext_axi_if_bready' unspecified I/O constraint.
W: ConstraintEditor-4019: Port 'ext_axi_if_bvalid' unspecified I/O constraint.
W: ConstraintEditor-4019: Port 'ext_axi_if_rready' unspecified I/O constraint.
W: ConstraintEditor-4019: Port 'ext_axi_if_rvalid' unspecified I/O constraint.
W: ConstraintEditor-4019: Port 'ext_axi_if_wready' unspecified I/O constraint.
W: ConstraintEditor-4019: Port 'ext_axi_if_wvalid' unspecified I/O constraint.
Constraint check end.
I: Column Clock Check open.
Read Column Clock Map.

Placement started.
Phase 1 Pre global placement started.
Mapping instance u_sys_pll/u_pll_e3/goppll to PLL_158_55.
Phase 1.1 1st GP placement started.
Design Utilization : 9%.
First map gop timing takes 0.48 sec
Worst slack after clock region global placement is 895
Wirelength after clock region global placement is 60051 and checksum is 9F9F97EB7BC70DD.
1st GP placement takes 4.47 sec.

Phase 1.2 Clock placement started.
Mapping instance clkbufg_0/gopclkbufg to USCM_84_108.
Clock placement takes 0.19 sec.

Wirelength after Pre Global Placement is 60051 and checksum is 9F9F97EB7BC70DD.
Pre global placement takes 4.92 sec.

Phase 2 Global placement started.
Phase 2.1 Fixed placement started.
Placed fixed group with base inst rst_n_ibuf/opit_1 on IOL_11_373.
Placed fixed group with base inst sys_clk_ibuf/opit_1 on IOL_159_5.
Placed fixed group with base inst uart_rx_ibuf/opit_1 on IOL_219_6.
Placed fixed group with base inst uart_tx_obuf/opit_1 on IOL_219_5.
Placed fixed instance clkbufg_0/gopclkbufg on USCM_84_108.
Placed fixed instance u_sys_pll/u_pll_e3/goppll on PLL_158_55.
Placed fixed instance BKCL_auto_0 on BKCL_188_376.
Placed fixed instance BKCL_auto_1 on BKCL_192_0.
Fixed placement takes 0.08 sec.

Phase 2.2 Process placement started.
Process placement takes 0.02 sec.

Phase 2.3 IO placement started.
IO placement takes 0.05 sec.

Phase 2.4 2nd GP placement started.
Run super clustering :
	Initial slack -12474.
	15 iterations finished.
	Final slack 277.
Super clustering done.
Design Utilization : 9%.
Worst slack after global placement is 2025
2nd GP placement takes 4.61 sec.

Wirelength after global placement is 57722 and checksum is ED9E3EB9E3D14632.
Global placement takes 4.75 sec.

Phase 3 Post global placement started.
Phase 3.1 Macro cell placement started.
I: Process macros using "Greedy".
Wirelength after macro cell placement is 72167 and checksum is 881DDBB8E235E827.
Macro cell placement takes 0.02 sec.

Phase 3.2 3rd GP placement started.
Run super clustering :
	Initial slack -12474.
	15 iterations finished.
	Final slack 277.
Super clustering done.
Design Utilization : 9%.
Worst slack after post global placement is 1746
3rd GP placement takes 4.33 sec.

Wirelength after post global placement is 66646 and checksum is 742366D8C8CC1B53.
Post global placement takes 4.36 sec.

Phase 4 Legalization started.
The average distance in LP is 0.971185.
Wirelength after legalization is 77648 and checksum is 6672FCC9AAE311DE.
Legalization takes 0.50 sec.

Phase 5 Timing-driven detailed placement started.
Phase 5.1 Replication placement started.
Worst slack before Replication Place is 330.
Replication placement takes 0.16 sec.

Wirelength after replication placement is 77648 and checksum is 6672FCC9AAE311DE.
Phase 5.2 DP placement started.
Legalized cost 330.000000.
The detailed placement ends at 1th iteration.
DP placement takes 0.56 sec.

Wirelength after detailed placement is 77694 and checksum is 905870BF127546B4.
Timing-driven detailed placement takes 0.75 sec.

Worst slack is 3106, TNS after placement is 0.
Placement done.
Total placement takes 17.31 sec.
Finished placement.

Routing started.
Building routing graph takes 1.84 sec.
Worst slack is 3106, TNS before global route is 0.
Processing design graph takes 0.75 sec.
Total memory for routing:
	119.017557 M.
Total nets for routing : 7008.
Global Routing step 1 processed 0 nets, it takes 0.19 sec.
Rcf routing step 1 processed 0 nets, it takes 0.00 sec.
Rcf routing step 2 processed 0 nets, it takes 0.00 sec.
Rcf routing step 3 processed 0 nets, it takes 0.00 sec.
Unrouted nets 2 at the end of iteration 0.
Unrouted nets 2 at the end of iteration 1.
Unrouted nets 2 at the end of iteration 2.
Unrouted nets 2 at the end of iteration 3.
Unrouted nets 2 at the end of iteration 4.
Unrouted nets 2 at the end of iteration 5.
Unrouted nets 2 at the end of iteration 6.
Unrouted nets 2 at the end of iteration 7.
Unrouted nets 2 at the end of iteration 8.
Unrouted nets 2 at the end of iteration 9.
Unrouted nets 2 at the end of iteration 10.
Unrouted nets 2 at the end of iteration 11.
Unrouted nets 0 at the end of iteration 12.
Global Routing step 1 processed 143 nets, it takes 0.03 sec.
Unrouted nets 161 at the end of iteration 0.
Unrouted nets 127 at the end of iteration 1.
Unrouted nets 109 at the end of iteration 2.
Unrouted nets 109 at the end of iteration 3.
Unrouted nets 82 at the end of iteration 4.
Unrouted nets 51 at the end of iteration 5.
Unrouted nets 39 at the end of iteration 6.
Unrouted nets 35 at the end of iteration 7.
Unrouted nets 32 at the end of iteration 8.
Unrouted nets 19 at the end of iteration 9.
Unrouted nets 18 at the end of iteration 10.
Unrouted nets 15 at the end of iteration 11.
Unrouted nets 13 at the end of iteration 12.
Unrouted nets 8 at the end of iteration 13.
Unrouted nets 8 at the end of iteration 14.
Unrouted nets 4 at the end of iteration 15.
Unrouted nets 5 at the end of iteration 16.
Unrouted nets 5 at the end of iteration 17.
Unrouted nets 5 at the end of iteration 18.
Unrouted nets 4 at the end of iteration 19.
Unrouted nets 4 at the end of iteration 20.
Unrouted nets 4 at the end of iteration 21.
Unrouted nets 4 at the end of iteration 22.
Unrouted nets 4 at the end of iteration 23.
Unrouted nets 4 at the end of iteration 24.
Unrouted nets 4 at the end of iteration 25.
Unrouted nets 4 at the end of iteration 26.
Unrouted nets 4 at the end of iteration 27.
Unrouted nets 3 at the end of iteration 28.
Unrouted nets 2 at the end of iteration 29.
Unrouted nets 2 at the end of iteration 30.
Unrouted nets 2 at the end of iteration 31.
Unrouted nets 3 at the end of iteration 32.
Unrouted nets 2 at the end of iteration 33.
Unrouted nets 2 at the end of iteration 34.
Unrouted nets 2 at the end of iteration 35.
Unrouted nets 2 at the end of iteration 36.
Unrouted nets 2 at the end of iteration 37.
Unrouted nets 2 at the end of iteration 38.
Unrouted nets 2 at the end of iteration 39.
Unrouted nets 2 at the end of iteration 40.
Unrouted nets 2 at the end of iteration 41.
Unrouted nets 2 at the end of iteration 42.
Unrouted nets 1 at the end of iteration 43.
Unrouted nets 1 at the end of iteration 44.
Unrouted nets 1 at the end of iteration 45.
Unrouted nets 1 at the end of iteration 46.
Unrouted nets 1 at the end of iteration 47.
Unrouted nets 1 at the end of iteration 48.
Unrouted nets 1 at the end of iteration 49.
Unrouted nets 1 at the end of iteration 50.
Unrouted nets 1 at the end of iteration 51.
Unrouted nets 1 at the end of iteration 52.
Unrouted nets 1 at the end of iteration 53.
Unrouted nets 1 at the end of iteration 54.
Unrouted nets 1 at the end of iteration 55.
Unrouted nets 1 at the end of iteration 56.
Unrouted nets 1 at the end of iteration 57.
Unrouted nets 1 at the end of iteration 58.
Unrouted nets 1 at the end of iteration 59.
Unrouted nets 1 at the end of iteration 60.
Unrouted nets 1 at the end of iteration 61.
Unrouted nets 1 at the end of iteration 62.
Unrouted nets 1 at the end of iteration 63.
Unrouted nets 1 at the end of iteration 64.
Unrouted nets 1 at the end of iteration 65.
Unrouted nets 1 at the end of iteration 66.
Unrouted nets 1 at the end of iteration 67.
Unrouted nets 1 at the end of iteration 68.
Unrouted nets 1 at the end of iteration 69.
Unrouted nets 1 at the end of iteration 70.
Unrouted nets 1 at the end of iteration 71.
Unrouted nets 1 at the end of iteration 72.
Unrouted nets 1 at the end of iteration 73.
Unrouted nets 1 at the end of iteration 74.
Unrouted nets 1 at the end of iteration 75.
Unrouted nets 1 at the end of iteration 76.
Unrouted nets 1 at the end of iteration 77.
Unrouted nets 1 at the end of iteration 78.
Unrouted nets 1 at the end of iteration 79.
Unrouted nets 1 at the end of iteration 80.
Unrouted nets 1 at the end of iteration 81.
Unrouted nets 1 at the end of iteration 82.
Unrouted nets 1 at the end of iteration 83.
Unrouted nets 1 at the end of iteration 84.
Unrouted nets 1 at the end of iteration 85.
Unrouted nets 1 at the end of iteration 86.
Unrouted nets 1 at the end of iteration 87.
Unrouted nets 1 at the end of iteration 88.
Unrouted nets 1 at the end of iteration 89.
Unrouted nets 1 at the end of iteration 90.
Unrouted nets 1 at the end of iteration 91.
Unrouted nets 1 at the end of iteration 92.
Unrouted nets 1 at the end of iteration 93.
Unrouted nets 1 at the end of iteration 94.
Unrouted nets 1 at the end of iteration 95.
Unrouted nets 1 at the end of iteration 96.
Unrouted nets 1 at the end of iteration 97.
Unrouted nets 1 at the end of iteration 98.
Unrouted nets 1 at the end of iteration 99.
Unrouted nets 1 at the end of iteration 100.
Unrouted nets 1 at the end of iteration 101.
Unrouted nets 1 at the end of iteration 102.
Unrouted nets 1 at the end of iteration 103.
Unrouted nets 1 at the end of iteration 104.
Unrouted nets 1 at the end of iteration 105.
Unrouted nets 1 at the end of iteration 106.
Unrouted nets 1 at the end of iteration 107.
Unrouted nets 1 at the end of iteration 108.
Unrouted nets 1 at the end of iteration 109.
Unrouted nets 1 at the end of iteration 110.
Unrouted nets 1 at the end of iteration 111.
Unrouted nets 1 at the end of iteration 112.
Unrouted nets 1 at the end of iteration 113.
Unrouted nets 1 at the end of iteration 114.
Unrouted nets 1 at the end of iteration 115.
Unrouted nets 1 at the end of iteration 116.
Unrouted nets 1 at the end of iteration 117.
Unrouted nets 1 at the end of iteration 118.
Unrouted nets 1 at the end of iteration 119.
Unrouted nets 1 at the end of iteration 120.
Unrouted nets 1 at the end of iteration 121.
Unrouted nets 1 at the end of iteration 122.
Unrouted nets 1 at the end of iteration 123.
Unrouted nets 1 at the end of iteration 124.
Unrouted nets 1 at the end of iteration 125.
Unrouted nets 1 at the end of iteration 126.
Unrouted nets 1 at the end of iteration 127.
Unrouted nets 1 at the end of iteration 128.
Unrouted nets 1 at the end of iteration 129.
Unrouted nets 1 at the end of iteration 130.
Unrouted nets 1 at the end of iteration 131.
Unrouted nets 1 at the end of iteration 132.
Unrouted nets 1 at the end of iteration 133.
Unrouted nets 1 at the end of iteration 134.
Unrouted nets 1 at the end of iteration 135.
Unrouted nets 1 at the end of iteration 136.
Unrouted nets 1 at the end of iteration 137.
Unrouted nets 1 at the end of iteration 138.
Unrouted nets 1 at the end of iteration 139.
Unrouted nets 1 at the end of iteration 140.
Unrouted nets 1 at the end of iteration 141.
Unrouted nets 1 at the end of iteration 142.
Unrouted nets 1 at the end of iteration 143.
Unrouted nets 1 at the end of iteration 144.
Unrouted nets 1 at the end of iteration 145.
Unrouted nets 1 at the end of iteration 146.
Unrouted nets 1 at the end of iteration 147.
Unrouted nets 1 at the end of iteration 148.
Unrouted nets 1 at the end of iteration 149.
Unrouted nets 1 at the end of iteration 150.
Unrouted nets 1 at the end of iteration 151.
Unrouted nets 1 at the end of iteration 152.
Unrouted nets 1 at the end of iteration 153.
Unrouted nets 1 at the end of iteration 154.
Unrouted nets 1 at the end of iteration 155.
Unrouted nets 1 at the end of iteration 156.
Unrouted nets 1 at the end of iteration 157.
Unrouted nets 1 at the end of iteration 158.
Unrouted nets 1 at the end of iteration 159.
Unrouted nets 1 at the end of iteration 160.
Unrouted nets 1 at the end of iteration 161.
Unrouted nets 1 at the end of iteration 162.
Unrouted nets 1 at the end of iteration 163.
Unrouted nets 1 at the end of iteration 164.
Unrouted nets 1 at the end of iteration 165.
Unrouted nets 1 at the end of iteration 166.
Unrouted nets 1 at the end of iteration 167.
Unrouted nets 1 at the end of iteration 168.
Unrouted nets 1 at the end of iteration 169.
Unrouted nets 1 at the end of iteration 170.
Unrouted nets 1 at the end of iteration 171.
Unrouted nets 1 at the end of iteration 172.
Unrouted nets 1 at the end of iteration 173.
Unrouted nets 1 at the end of iteration 174.
Unrouted nets 1 at the end of iteration 175.
Unrouted nets 1 at the end of iteration 176.
Unrouted nets 1 at the end of iteration 177.
Unrouted nets 1 at the end of iteration 178.
Unrouted nets 1 at the end of iteration 179.
Unrouted nets 1 at the end of iteration 180.
Unrouted nets 1 at the end of iteration 181.
Unrouted nets 1 at the end of iteration 182.
Unrouted nets 1 at the end of iteration 183.
Unrouted nets 1 at the end of iteration 184.
Unrouted nets 1 at the end of iteration 185.
Unrouted nets 1 at the end of iteration 186.
Unrouted nets 1 at the end of iteration 187.
Unrouted nets 1 at the end of iteration 188.
Unrouted nets 1 at the end of iteration 189.
Unrouted nets 1 at the end of iteration 190.
Unrouted nets 1 at the end of iteration 191.
Unrouted nets 1 at the end of iteration 192.
Unrouted nets 1 at the end of iteration 193.
Unrouted nets 1 at the end of iteration 194.
Unrouted nets 1 at the end of iteration 195.
Unrouted nets 1 at the end of iteration 196.
Unrouted nets 1 at the end of iteration 197.
Unrouted nets 1 at the end of iteration 198.
Unrouted nets 1 at the end of iteration 199.
Unrouted nets 1 at the end of iteration 200.
Unrouted nets 1 at the end of iteration 201.
Unrouted nets 1 at the end of iteration 202.
Unrouted nets 1 at the end of iteration 203.
Unrouted nets 1 at the end of iteration 204.
Unrouted nets 1 at the end of iteration 205.
Unrouted nets 1 at the end of iteration 206.
Unrouted nets 1 at the end of iteration 207.
Unrouted nets 1 at the end of iteration 208.
Unrouted nets 1 at the end of iteration 209.
Unrouted nets 1 at the end of iteration 210.
Unrouted nets 1 at the end of iteration 211.
Unrouted nets 1 at the end of iteration 212.
Unrouted nets 1 at the end of iteration 213.
Unrouted nets 1 at the end of iteration 214.
Unrouted nets 1 at the end of iteration 215.
Unrouted nets 1 at the end of iteration 216.
Unrouted nets 1 at the end of iteration 217.
Unrouted nets 1 at the end of iteration 218.
Unrouted nets 1 at the end of iteration 219.
Unrouted nets 1 at the end of iteration 220.
Unrouted nets 1 at the end of iteration 221.
Unrouted nets 1 at the end of iteration 222.
Unrouted nets 1 at the end of iteration 223.
Unrouted nets 1 at the end of iteration 224.
Unrouted nets 1 at the end of iteration 225.
Unrouted nets 1 at the end of iteration 226.
Unrouted nets 1 at the end of iteration 227.
Unrouted nets 1 at the end of iteration 228.
Unrouted nets 1 at the end of iteration 229.
Unrouted nets 1 at the end of iteration 230.
Unrouted nets 1 at the end of iteration 231.
Unrouted nets 1 at the end of iteration 232.
Unrouted nets 1 at the end of iteration 233.
Unrouted nets 1 at the end of iteration 234.
Unrouted nets 1 at the end of iteration 235.
Unrouted nets 1 at the end of iteration 236.
Unrouted nets 1 at the end of iteration 237.
Unrouted nets 1 at the end of iteration 238.
Unrouted nets 1 at the end of iteration 239.
Unrouted nets 1 at the end of iteration 240.
Unrouted nets 1 at the end of iteration 241.
Unrouted nets 1 at the end of iteration 242.
Unrouted nets 1 at the end of iteration 243.
Unrouted nets 1 at the end of iteration 244.
Unrouted nets 1 at the end of iteration 245.
Unrouted nets 1 at the end of iteration 246.
Unrouted nets 1 at the end of iteration 247.
Unrouted nets 1 at the end of iteration 248.
Unrouted nets 1 at the end of iteration 249.
Unrouted nets 1 at the end of iteration 250.
Unrouted nets 1 at the end of iteration 251.
Unrouted nets 0 at the end of iteration 252.
Global Routing step 2 processed 371 nets, it takes 9.73 sec.
Unrouted nets 124 at the end of iteration 0.
Unrouted nets 56 at the end of iteration 1.
Unrouted nets 29 at the end of iteration 2.
Unrouted nets 14 at the end of iteration 3.
Unrouted nets 8 at the end of iteration 4.
Unrouted nets 7 at the end of iteration 5.
Unrouted nets 5 at the end of iteration 6.
Unrouted nets 2 at the end of iteration 7.
Unrouted nets 1 at the end of iteration 8.
Unrouted nets 1 at the end of iteration 9.
Unrouted nets 0 at the end of iteration 10.
Global Routing step 3 processed 206 nets, it takes 1.38 sec.
Global routing takes 11.19 sec.
Total 8410 subnets.
    forward max bucket size 1255 , backward 291.
        Unrouted nets 5851 at the end of iteration 0.
    route iteration 0, CPU time elapsed 1.765625 sec.
    forward max bucket size 315 , backward 284.
        Unrouted nets 4958 at the end of iteration 1.
    route iteration 1, CPU time elapsed 1.203125 sec.
    forward max bucket size 291 , backward 247.
        Unrouted nets 4346 at the end of iteration 2.
    route iteration 2, CPU time elapsed 1.281250 sec.
    forward max bucket size 466 , backward 440.
        Unrouted nets 3836 at the end of iteration 3.
    route iteration 3, CPU time elapsed 1.265625 sec.
    forward max bucket size 496 , backward 361.
        Unrouted nets 3396 at the end of iteration 4.
    route iteration 4, CPU time elapsed 1.296875 sec.
    forward max bucket size 571 , backward 555.
        Unrouted nets 3155 at the end of iteration 5.
    route iteration 5, CPU time elapsed 1.343750 sec.
    forward max bucket size 390 , backward 273.
        Unrouted nets 2928 at the end of iteration 6.
    route iteration 6, CPU time elapsed 1.109375 sec.
    forward max bucket size 416 , backward 308.
        Unrouted nets 2572 at the end of iteration 7.
    route iteration 7, CPU time elapsed 0.984375 sec.
    forward max bucket size 344 , backward 303.
        Unrouted nets 2238 at the end of iteration 8.
    route iteration 8, CPU time elapsed 0.953125 sec.
    forward max bucket size 265 , backward 235.
        Unrouted nets 2009 at the end of iteration 9.
    route iteration 9, CPU time elapsed 0.875000 sec.
    forward max bucket size 329 , backward 230.
        Unrouted nets 1764 at the end of iteration 10.
    route iteration 10, CPU time elapsed 0.781250 sec.
    forward max bucket size 294 , backward 164.
        Unrouted nets 1567 at the end of iteration 11.
    route iteration 11, CPU time elapsed 0.734375 sec.
    forward max bucket size 211 , backward 217.
        Unrouted nets 1398 at the end of iteration 12.
    route iteration 12, CPU time elapsed 0.593750 sec.
    forward max bucket size 322 , backward 249.
        Unrouted nets 1297 at the end of iteration 13.
    route iteration 13, CPU time elapsed 0.671875 sec.
    forward max bucket size 239 , backward 204.
        Unrouted nets 1200 at the end of iteration 14.
    route iteration 14, CPU time elapsed 0.625000 sec.
    forward max bucket size 264 , backward 153.
        Unrouted nets 1080 at the end of iteration 15.
    route iteration 15, CPU time elapsed 0.531250 sec.
    forward max bucket size 200 , backward 563.
        Unrouted nets 976 at the end of iteration 16.
    route iteration 16, CPU time elapsed 0.468750 sec.
    forward max bucket size 320 , backward 180.
        Unrouted nets 908 at the end of iteration 17.
    route iteration 17, CPU time elapsed 0.484375 sec.
    forward max bucket size 316 , backward 242.
        Unrouted nets 805 at the end of iteration 18.
    route iteration 18, CPU time elapsed 0.437500 sec.
    forward max bucket size 277 , backward 259.
        Unrouted nets 693 at the end of iteration 19.
    route iteration 19, CPU time elapsed 0.390625 sec.
    forward max bucket size 317 , backward 224.
        Unrouted nets 686 at the end of iteration 20.
    route iteration 20, CPU time elapsed 0.359375 sec.
    forward max bucket size 359 , backward 251.
        Unrouted nets 614 at the end of iteration 21.
    route iteration 21, CPU time elapsed 0.312500 sec.
    forward max bucket size 188 , backward 185.
        Unrouted nets 546 at the end of iteration 22.
    route iteration 22, CPU time elapsed 0.281250 sec.
    forward max bucket size 181 , backward 136.
        Unrouted nets 519 at the end of iteration 23.
    route iteration 23, CPU time elapsed 0.328125 sec.
    forward max bucket size 183 , backward 103.
        Unrouted nets 486 at the end of iteration 24.
    route iteration 24, CPU time elapsed 0.265625 sec.
    forward max bucket size 343 , backward 341.
        Unrouted nets 438 at the end of iteration 25.
    route iteration 25, CPU time elapsed 0.203125 sec.
    forward max bucket size 165 , backward 72.
        Unrouted nets 403 at the end of iteration 26.
    route iteration 26, CPU time elapsed 0.187500 sec.
    forward max bucket size 468 , backward 235.
        Unrouted nets 384 at the end of iteration 27.
    route iteration 27, CPU time elapsed 0.218750 sec.
    forward max bucket size 76 , backward 106.
        Unrouted nets 351 at the end of iteration 28.
    route iteration 28, CPU time elapsed 0.203125 sec.
    forward max bucket size 129 , backward 85.
        Unrouted nets 313 at the end of iteration 29.
    route iteration 29, CPU time elapsed 0.156250 sec.
    forward max bucket size 62 , backward 67.
        Unrouted nets 274 at the end of iteration 30.
    route iteration 30, CPU time elapsed 0.203125 sec.
    forward max bucket size 273 , backward 89.
        Unrouted nets 276 at the end of iteration 31.
    route iteration 31, CPU time elapsed 0.187500 sec.
    forward max bucket size 91 , backward 72.
        Unrouted nets 292 at the end of iteration 32.
    route iteration 32, CPU time elapsed 0.140625 sec.
    forward max bucket size 86 , backward 69.
        Unrouted nets 273 at the end of iteration 33.
    route iteration 33, CPU time elapsed 0.156250 sec.
    forward max bucket size 97 , backward 108.
        Unrouted nets 254 at the end of iteration 34.
    route iteration 34, CPU time elapsed 0.156250 sec.
    forward max bucket size 88 , backward 58.
        Unrouted nets 239 at the end of iteration 35.
    route iteration 35, CPU time elapsed 0.171875 sec.
    forward max bucket size 332 , backward 231.
        Unrouted nets 242 at the end of iteration 36.
    route iteration 36, CPU time elapsed 0.140625 sec.
    forward max bucket size 42 , backward 65.
        Unrouted nets 219 at the end of iteration 37.
    route iteration 37, CPU time elapsed 0.125000 sec.
    forward max bucket size 47 , backward 68.
        Unrouted nets 206 at the end of iteration 38.
    route iteration 38, CPU time elapsed 0.140625 sec.
    forward max bucket size 61 , backward 53.
        Unrouted nets 213 at the end of iteration 39.
    route iteration 39, CPU time elapsed 0.125000 sec.
    forward max bucket size 116 , backward 151.
        Unrouted nets 191 at the end of iteration 40.
    route iteration 40, CPU time elapsed 0.125000 sec.
    forward max bucket size 46 , backward 60.
        Unrouted nets 183 at the end of iteration 41.
    route iteration 41, CPU time elapsed 0.109375 sec.
    forward max bucket size 45 , backward 60.
        Unrouted nets 173 at the end of iteration 42.
    route iteration 42, CPU time elapsed 0.109375 sec.
    forward max bucket size 63 , backward 82.
        Unrouted nets 163 at the end of iteration 43.
    route iteration 43, CPU time elapsed 0.125000 sec.
    forward max bucket size 51 , backward 89.
        Unrouted nets 177 at the end of iteration 44.
    route iteration 44, CPU time elapsed 0.125000 sec.
    forward max bucket size 223 , backward 193.
        Unrouted nets 192 at the end of iteration 45.
    route iteration 45, CPU time elapsed 0.125000 sec.
    forward max bucket size 50 , backward 85.
        Unrouted nets 175 at the end of iteration 46.
    route iteration 46, CPU time elapsed 0.109375 sec.
    forward max bucket size 220 , backward 247.
        Unrouted nets 126 at the end of iteration 47.
    route iteration 47, CPU time elapsed 0.093750 sec.
    forward max bucket size 49 , backward 65.
        Unrouted nets 106 at the end of iteration 48.
    route iteration 48, CPU time elapsed 0.093750 sec.
    forward max bucket size 56 , backward 48.
        Unrouted nets 100 at the end of iteration 49.
    route iteration 49, CPU time elapsed 0.093750 sec.
    forward max bucket size 68 , backward 73.
        Unrouted nets 99 at the end of iteration 50.
    route iteration 50, CPU time elapsed 0.078125 sec.
    forward max bucket size 304 , backward 67.
        Unrouted nets 89 at the end of iteration 51.
    route iteration 51, CPU time elapsed 0.062500 sec.
    forward max bucket size 304 , backward 54.
        Unrouted nets 79 at the end of iteration 52.
    route iteration 52, CPU time elapsed 0.078125 sec.
    forward max bucket size 128 , backward 67.
        Unrouted nets 94 at the end of iteration 53.
    route iteration 53, CPU time elapsed 0.078125 sec.
    forward max bucket size 73 , backward 61.
        Unrouted nets 84 at the end of iteration 54.
    route iteration 54, CPU time elapsed 0.062500 sec.
    forward max bucket size 59 , backward 56.
        Unrouted nets 74 at the end of iteration 55.
    route iteration 55, CPU time elapsed 0.062500 sec.
    forward max bucket size 181 , backward 71.
        Unrouted nets 61 at the end of iteration 56.
    route iteration 56, CPU time elapsed 0.062500 sec.
    forward max bucket size 95 , backward 82.
        Unrouted nets 50 at the end of iteration 57.
    route iteration 57, CPU time elapsed 0.062500 sec.
    forward max bucket size 97 , backward 80.
        Unrouted nets 69 at the end of iteration 58.
    route iteration 58, CPU time elapsed 0.062500 sec.
    forward max bucket size 214 , backward 143.
        Unrouted nets 72 at the end of iteration 59.
    route iteration 59, CPU time elapsed 0.078125 sec.
    forward max bucket size 227 , backward 217.
        Unrouted nets 63 at the end of iteration 60.
    route iteration 60, CPU time elapsed 0.046875 sec.
    forward max bucket size 85 , backward 46.
        Unrouted nets 51 at the end of iteration 61.
    route iteration 61, CPU time elapsed 0.062500 sec.
    forward max bucket size 75 , backward 56.
        Unrouted nets 48 at the end of iteration 62.
    route iteration 62, CPU time elapsed 0.046875 sec.
    forward max bucket size 70 , backward 59.
        Unrouted nets 39 at the end of iteration 63.
    route iteration 63, CPU time elapsed 0.046875 sec.
    forward max bucket size 59 , backward 45.
        Unrouted nets 35 at the end of iteration 64.
    route iteration 64, CPU time elapsed 0.031250 sec.
    forward max bucket size 39 , backward 35.
        Unrouted nets 35 at the end of iteration 65.
    route iteration 65, CPU time elapsed 0.062500 sec.
    forward max bucket size 210 , backward 246.
        Unrouted nets 37 at the end of iteration 66.
    route iteration 66, CPU time elapsed 0.062500 sec.
    forward max bucket size 325 , backward 124.
        Unrouted nets 39 at the end of iteration 67.
    route iteration 67, CPU time elapsed 0.046875 sec.
    forward max bucket size 32 , backward 49.
        Unrouted nets 33 at the end of iteration 68.
    route iteration 68, CPU time elapsed 0.046875 sec.
    forward max bucket size 41 , backward 36.
        Unrouted nets 25 at the end of iteration 69.
    route iteration 69, CPU time elapsed 0.031250 sec.
    forward max bucket size 47 , backward 65.
        Unrouted nets 16 at the end of iteration 70.
    route iteration 70, CPU time elapsed 0.031250 sec.
    forward max bucket size 21 , backward 24.
        Unrouted nets 15 at the end of iteration 71.
    route iteration 71, CPU time elapsed 0.031250 sec.
    forward max bucket size 15 , backward 23.
        Unrouted nets 7 at the end of iteration 72.
    route iteration 72, CPU time elapsed 0.046875 sec.
    forward max bucket size 22 , backward 34.
        Unrouted nets 6 at the end of iteration 73.
    route iteration 73, CPU time elapsed 0.031250 sec.
    forward max bucket size 299 , backward 217.
        Unrouted nets 7 at the end of iteration 74.
    route iteration 74, CPU time elapsed 0.046875 sec.
    forward max bucket size 119 , backward 60.
        Unrouted nets 13 at the end of iteration 75.
    route iteration 75, CPU time elapsed 0.031250 sec.
    forward max bucket size 13 , backward 19.
        Unrouted nets 8 at the end of iteration 76.
    route iteration 76, CPU time elapsed 0.031250 sec.
    forward max bucket size 15 , backward 32.
        Unrouted nets 6 at the end of iteration 77.
    route iteration 77, CPU time elapsed 0.031250 sec.
    forward max bucket size 20 , backward 45.
        Unrouted nets 7 at the end of iteration 78.
    route iteration 78, CPU time elapsed 0.031250 sec.
    forward max bucket size 27 , backward 49.
        Unrouted nets 6 at the end of iteration 79.
    route iteration 79, CPU time elapsed 0.046875 sec.
    forward max bucket size 20 , backward 21.
        Unrouted nets 4 at the end of iteration 80.
    route iteration 80, CPU time elapsed 0.031250 sec.
    forward max bucket size 20 , backward 30.
        Unrouted nets 3 at the end of iteration 81.
    route iteration 81, CPU time elapsed 0.046875 sec.
    forward max bucket size 9 , backward 8.
        Unrouted nets 1 at the end of iteration 82.
    route iteration 82, CPU time elapsed 0.031250 sec.
    forward max bucket size 9 , backward 3.
        Unrouted nets 1 at the end of iteration 83.
    route iteration 83, CPU time elapsed 0.031250 sec.
    forward max bucket size 9 , backward 3.
        Unrouted nets 1 at the end of iteration 84.
    route iteration 84, CPU time elapsed 0.031250 sec.
    forward max bucket size 9 , backward 3.
        Unrouted nets 1 at the end of iteration 85.
    route iteration 85, CPU time elapsed 0.031250 sec.
    forward max bucket size 9 , backward 3.
        Unrouted nets 1 at the end of iteration 86.
    route iteration 86, CPU time elapsed 0.031250 sec.
    forward max bucket size 9 , backward 3.
        Unrouted nets 1 at the end of iteration 87.
    route iteration 87, CPU time elapsed 0.031250 sec.
    forward max bucket size 9 , backward 3.
        Unrouted nets 1 at the end of iteration 88.
    route iteration 88, CPU time elapsed 0.031250 sec.
    forward max bucket size 9 , backward 3.
        Unrouted nets 1 at the end of iteration 89.
    route iteration 89, CPU time elapsed 0.031250 sec.
    forward max bucket size 9 , backward 3.
        Unrouted nets 1 at the end of iteration 90.
    route iteration 90, CPU time elapsed 0.031250 sec.
    forward max bucket size 9 , backward 3.
        Unrouted nets 1 at the end of iteration 91.
    route iteration 91, CPU time elapsed 0.015625 sec.
    forward max bucket size 9 , backward 3.
        Unrouted nets 1 at the end of iteration 92.
    route iteration 92, CPU time elapsed 0.031250 sec.
    forward max bucket size 9 , backward 3.
        Unrouted nets 1 at the end of iteration 93.
    route iteration 93, CPU time elapsed 0.015625 sec.
    forward max bucket size 9 , backward 3.
        Unrouted nets 1 at the end of iteration 94.
    route iteration 94, CPU time elapsed 0.015625 sec.
    forward max bucket size 9 , backward 3.
        Unrouted nets 1 at the end of iteration 95.
    route iteration 95, CPU time elapsed 0.031250 sec.
    forward max bucket size 9 , backward 3.
        Unrouted nets 1 at the end of iteration 96.
    route iteration 96, CPU time elapsed 0.031250 sec.
    forward max bucket size 9 , backward 3.
        Unrouted nets 1 at the end of iteration 97.
    route iteration 97, CPU time elapsed 0.031250 sec.
    forward max bucket size 9 , backward 3.
        Unrouted nets 1 at the end of iteration 98.
    route iteration 98, CPU time elapsed 0.015625 sec.
    forward max bucket size 9 , backward 3.
        Unrouted nets 1 at the end of iteration 99.
    route iteration 99, CPU time elapsed 0.031250 sec.
    forward max bucket size 9 , backward 3.
        Unrouted nets 1 at the end of iteration 100.
    route iteration 100, CPU time elapsed 0.031250 sec.
    forward max bucket size 9 , backward 3.
        Unrouted nets 1 at the end of iteration 101.
    route iteration 101, CPU time elapsed 0.031250 sec.
    forward max bucket size 9 , backward 3.
        Unrouted nets 1 at the end of iteration 102.
    route iteration 102, CPU time elapsed 0.031250 sec.
    forward max bucket size 9 , backward 3.
        Unrouted nets 1 at the end of iteration 103.
    route iteration 103, CPU time elapsed 0.031250 sec.
    forward max bucket size 9 , backward 3.
        Unrouted nets 1 at the end of iteration 104.
    route iteration 104, CPU time elapsed 0.031250 sec.
    forward max bucket size 9 , backward 3.
        Unrouted nets 1 at the end of iteration 105.
    route iteration 105, CPU time elapsed 0.031250 sec.
    forward max bucket size 9 , backward 3.
        Unrouted nets 1 at the end of iteration 106.
    route iteration 106, CPU time elapsed 0.015625 sec.
    forward max bucket size 9 , backward 3.
        Unrouted nets 1 at the end of iteration 107.
    route iteration 107, CPU time elapsed 0.031250 sec.
    forward max bucket size 9 , backward 3.
        Unrouted nets 1 at the end of iteration 108.
    route iteration 108, CPU time elapsed 0.031250 sec.
    forward max bucket size 9 , backward 3.
        Unrouted nets 1 at the end of iteration 109.
    route iteration 109, CPU time elapsed 0.031250 sec.
    forward max bucket size 9 , backward 3.
        Unrouted nets 1 at the end of iteration 110.
    route iteration 110, CPU time elapsed 0.015625 sec.
    forward max bucket size 9 , backward 3.
        Unrouted nets 1 at the end of iteration 111.
    route iteration 111, CPU time elapsed 0.031250 sec.
    forward max bucket size 9 , backward 3.
        Unrouted nets 1 at the end of iteration 112.
    route iteration 112, CPU time elapsed 0.046875 sec.
    forward max bucket size 9 , backward 3.
        Unrouted nets 1 at the end of iteration 113.
    route iteration 113, CPU time elapsed 0.031250 sec.
    forward max bucket size 9 , backward 3.
        Unrouted nets 1 at the end of iteration 114.
    route iteration 114, CPU time elapsed 0.031250 sec.
    forward max bucket size 9 , backward 3.
        Unrouted nets 1 at the end of iteration 115.
    route iteration 115, CPU time elapsed 0.031250 sec.
    forward max bucket size 9 , backward 3.
        Unrouted nets 1 at the end of iteration 116.
    route iteration 116, CPU time elapsed 0.031250 sec.
    forward max bucket size 9 , backward 3.
        Unrouted nets 1 at the end of iteration 117.
    route iteration 117, CPU time elapsed 0.031250 sec.
    forward max bucket size 9 , backward 3.
        Unrouted nets 1 at the end of iteration 118.
    route iteration 118, CPU time elapsed 0.015625 sec.
    forward max bucket size 9 , backward 3.
        Unrouted nets 1 at the end of iteration 119.
    route iteration 119, CPU time elapsed 0.031250 sec.
    forward max bucket size 9 , backward 3.
        Unrouted nets 1 at the end of iteration 120.
    route iteration 120, CPU time elapsed 0.031250 sec.
    forward max bucket size 9 , backward 3.
        Unrouted nets 1 at the end of iteration 121.
    route iteration 121, CPU time elapsed 0.046875 sec.
    forward max bucket size 9 , backward 3.
        Unrouted nets 1 at the end of iteration 122.
    route iteration 122, CPU time elapsed 0.031250 sec.
    forward max bucket size 9 , backward 3.
        Unrouted nets 1 at the end of iteration 123.
    route iteration 123, CPU time elapsed 0.015625 sec.
    forward max bucket size 9 , backward 3.
        Unrouted nets 1 at the end of iteration 124.
    route iteration 124, CPU time elapsed 0.031250 sec.
    forward max bucket size 9 , backward 3.
        Unrouted nets 1 at the end of iteration 125.
    route iteration 125, CPU time elapsed 0.031250 sec.
    forward max bucket size 9 , backward 3.
        Unrouted nets 1 at the end of iteration 126.
    route iteration 126, CPU time elapsed 0.015625 sec.
    forward max bucket size 9 , backward 3.
        Unrouted nets 1 at the end of iteration 127.
    route iteration 127, CPU time elapsed 0.031250 sec.
    forward max bucket size 9 , backward 3.
        Unrouted nets 1 at the end of iteration 128.
    route iteration 128, CPU time elapsed 0.031250 sec.
    forward max bucket size 9 , backward 3.
        Unrouted nets 1 at the end of iteration 129.
    route iteration 129, CPU time elapsed 0.031250 sec.
    forward max bucket size 9 , backward 3.
        Unrouted nets 1 at the end of iteration 130.
    route iteration 130, CPU time elapsed 0.031250 sec.
    forward max bucket size 9 , backward 3.
        Unrouted nets 1 at the end of iteration 131.
    route iteration 131, CPU time elapsed 0.031250 sec.
    forward max bucket size 9 , backward 3.
        Unrouted nets 1 at the end of iteration 132.
    route iteration 132, CPU time elapsed 0.031250 sec.
    forward max bucket size 9 , backward 3.
        Unrouted nets 1 at the end of iteration 133.
    route iteration 133, CPU time elapsed 0.031250 sec.
    forward max bucket size 9 , backward 3.
        Unrouted nets 1 at the end of iteration 134.
    route iteration 134, CPU time elapsed 0.031250 sec.
    forward max bucket size 9 , backward 3.
        Unrouted nets 1 at the end of iteration 135.
    route iteration 135, CPU time elapsed 0.031250 sec.
    forward max bucket size 9 , backward 3.
        Unrouted nets 1 at the end of iteration 136.
    route iteration 136, CPU time elapsed 0.031250 sec.
    forward max bucket size 9 , backward 3.
        Unrouted nets 1 at the end of iteration 137.
    route iteration 137, CPU time elapsed 0.031250 sec.
    forward max bucket size 9 , backward 3.
        Unrouted nets 1 at the end of iteration 138.
    route iteration 138, CPU time elapsed 0.031250 sec.
    forward max bucket size 9 , backward 3.
        Unrouted nets 1 at the end of iteration 139.
    route iteration 139, CPU time elapsed 0.031250 sec.
    forward max bucket size 8 , backward 12.
        Unrouted nets 2 at the end of iteration 140.
    route iteration 140, CPU time elapsed 0.031250 sec.
    forward max bucket size 12 , backward 7.
        Unrouted nets 2 at the end of iteration 141.
    route iteration 141, CPU time elapsed 0.031250 sec.
    forward max bucket size 10 , backward 9.
        Unrouted nets 2 at the end of iteration 142.
    route iteration 142, CPU time elapsed 0.031250 sec.
    forward max bucket size 15 , backward 10.
        Unrouted nets 0 at the end of iteration 143.
    route iteration 143, CPU time elapsed 0.031250 sec.
Detailed routing takes 143 iterations
Detailed routing takes 28.17 sec.
Start fix hold violation.
Build tmp routing results takes 0.11 sec.
Timing analysis takes 0.08 sec.
No hold violation.
Hold Violation Fix in router takes 0 iterations.
Fix hold violation Finished.
Hold Violation Fix in router takes 0.69 sec.

Dispose routing result:
    Collect routing result.
    Delete unused device instances.
    Annotate routing result.
    Change LUT configuration.
    Dispose misc instances.
    Annotate routing result again.
Finish routing takes 0.36 sec.
Used SRB routing arc is 85545.
Cleanup routing takes 0.03 sec.
Routing done.
Total routing takes 43.98 sec.

C: Place-2025: The VCCIO 1.2 in BANK BANK0 is incompatible.

Device Utilization Summary :
+---------------------------------------------------------------------------+
| Logic Utilization        | Used     | Available     | Utilization(%)     
+---------------------------------------------------------------------------+
| Use of APM               | 0        | 84            | 0                  
| Use of BKCL              | 2        | 4             | 50                 
| Use of CLMA              | 727      | 6450          | 12                 
|   FF                     | 1432     | 38700         | 4                  
|   LUT                    | 2161     | 25800         | 9                  
|   LUT-FF pairs           | 489      | 25800         | 2                  
| Use of CLMS              | 444      | 4250          | 11                 
|   FF                     | 912      | 25500         | 4                  
|   LUT                    | 1278     | 17000         | 8                  
|   LUT-FF pairs           | 370      | 17000         | 3                  
|   Distributed RAM        | 0        | 17000         | 0                  
| Use of CRYSTAL           | 0        | 2             | 0                  
| Use of DLL               | 0        | 10            | 0                  
| Use of DQSL              | 0        | 18            | 0                  
| Use of DRM               | 48       | 134           | 36                 
| Use of FUSECODE          | 0        | 1             | 0                  
| Use of HARD0N1           | 341      | 6672          | 6                  
| Use of IO                | 45       | 218           | 21                 
|   IOBD                   | 10       | 53            | 19                 
|   IOBR_LR                | 1        | 5             | 20                 
|   IOBR_TB                | 3        | 7             | 43                 
|   IOBS_LR                | 20       | 107           | 19                 
|   IOBS_TB                | 11       | 46            | 24                 
| Use of IOCKDIV           | 0        | 20            | 0                  
| Use of IOCKDLY           | 0        | 40            | 0                  
| Use of IOCKGATE          | 0        | 20            | 0                  
| Use of IOCKGMUX_TEST     | 0        | 20            | 0                  
| Use of IOL               | 45       | 400           | 12                 
| Use of IPAL              | 0        | 1             | 0                  
| Use of LDO               | 0        | 4             | 0                  
| Use of MFG_TEST          | 0        | 1             | 0                  
| Use of OSC               | 0        | 1             | 0                  
| Use of PIOMUX_TEST       | 0        | 10            | 0                  
| Use of PLL               | 1        | 5             | 20                 
| Use of PREGMUX_TEST      | 0        | 6             | 0                  
| Use of RCKB              | 0        | 24            | 0                  
|  RCKB dataused           | 0        | 24            | 0                  
| Use of RCKBMUX_TEST      | 0        | 12            | 0                  
| Use of RESCAL            | 0        | 4             | 0                  
| Use of SCANCHAIN         | 0        | 2             | 0                  
| Use of START             | 1        | 1             | 100                
| Use of UDID              | 0        | 1             | 0                  
| Use of USCM              | 1        | 30            | 4                  
|  USCM dataused           | 0        | 30            | 0                  
| Use of USCMMUX_TEST      | 0        | 30            | 0                  
| Use of VCKBMUX_TEST      | 0        | 12            | 0                  
+---------------------------------------------------------------------------+

Finished routing.
Design 'SoC_Top' has been placed and routed successfully.
Saving design to DB.
Finished placement and routing.
Action pnr: Real time elapsed is 0h:1m:22s
Action pnr: CPU time elapsed is 0h:1m:19s
Action pnr: Process CPU time elapsed is 0h:1m:25s
Current time: Mon Mar 30 17:21:31 2026
Action pnr: Peak memory pool usage is 999 MB
