#Build: Fabric Compiler 2022.2-SP6.4, Build 146967, Jan 31 01:39 2024
#Install: E:\pango\PDS_2022.2-SP6.4\bin
#Application name: pds_shell.exe
#OS: Windows 10 10.0.26200
#Hostname: LAPTOP-E3CFACBD
Generated by Fabric Compiler (version 2022.2-SP6.4 build 146967) at Fri Mar 27 12:51:36 2026
Compiling verification operator library.
Compiling common defs.
Compiling prim grid devices.
Compiling gate devices.
Compiling gate operators.
Building architecture model.
Loading device packaging model.
pnr strategy configuration : 
strategy name : 0
Building architecture floorplan logic view.
Constraint check start.
Executing : def_port {uart_tx} LOC=T11 VCCIO=3.3 IOSTANDARD=LVCMOS33 PULLUP=TRUE
C: ConstraintEditor-2009: uart_tx is lack of SLEW, OUTPUT or INOUT PORT had better set SLEW, the optional value is {SLOW, FAST}.
C: ConstraintEditor-2009: uart_tx is lack of DRIVE, OUTPUT or INOUT PORT had better set DRIVE, the optional value is {8, 4, 12, 16, 24}.
Executing : def_port {uart_tx} LOC=T11 VCCIO=3.3 IOSTANDARD=LVCMOS33 PULLUP=TRUE successfully
Executing : def_port {rst_n} LOC=C4 VCCIO=1.2 IOSTANDARD=LVCMOS12 PULLUP=TRUE
Executing : def_port {rst_n} LOC=C4 VCCIO=1.2 IOSTANDARD=LVCMOS12 PULLUP=TRUE successfully
Executing : def_port {sys_clk} LOC=V9 VCCIO=3.3 IOSTANDARD=LVCMOS33 PULLUP=TRUE
Executing : def_port {sys_clk} LOC=V9 VCCIO=3.3 IOSTANDARD=LVCMOS33 PULLUP=TRUE successfully
Executing : def_port {uart_rx} LOC=R11 VCCIO=3.3 IOSTANDARD=LVCMOS33 PULLUP=TRUE
Executing : def_port {uart_rx} LOC=R11 VCCIO=3.3 IOSTANDARD=LVCMOS33 PULLUP=TRUE successfully
W: ConstraintEditor-4019: Port Bus 'ext_axi_if_araddr' unspecified I/O constraint.
W: ConstraintEditor-4019: Port Bus 'ext_axi_if_awaddr' unspecified I/O constraint.
W: ConstraintEditor-4019: Port Bus 'ext_axi_if_bresp' unspecified I/O constraint.
W: ConstraintEditor-4019: Port Bus 'ext_axi_if_rdata' unspecified I/O constraint.
W: ConstraintEditor-4019: Port Bus 'ext_axi_if_rresp' unspecified I/O constraint.
W: ConstraintEditor-4019: Port Bus 'ext_axi_if_wdata' unspecified I/O constraint.
W: ConstraintEditor-4019: Port Bus 'ext_axi_if_wstrb' unspecified I/O constraint.
W: ConstraintEditor-4019: Port 'ext_axi_if_arready' unspecified I/O constraint.
W: ConstraintEditor-4019: Port 'ext_axi_if_arvalid' unspecified I/O constraint.
W: ConstraintEditor-4019: Port 'ext_axi_if_awready' unspecified I/O constraint.
W: ConstraintEditor-4019: Port 'ext_axi_if_awvalid' unspecified I/O constraint.
W: ConstraintEditor-4019: Port 'ext_axi_if_bready' unspecified I/O constraint.
W: ConstraintEditor-4019: Port 'ext_axi_if_bvalid' unspecified I/O constraint.
W: ConstraintEditor-4019: Port 'ext_axi_if_rready' unspecified I/O constraint.
W: ConstraintEditor-4019: Port 'ext_axi_if_rvalid' unspecified I/O constraint.
W: ConstraintEditor-4019: Port 'ext_axi_if_wready' unspecified I/O constraint.
W: ConstraintEditor-4019: Port 'ext_axi_if_wvalid' unspecified I/O constraint.
Constraint check end.
I: Column Clock Check open.
Read Column Clock Map.

Placement started.
Phase 1 Pre global placement started.
Mapping instance u_sys_pll/u_pll_e3/goppll to PLL_158_55.
Phase 1.1 1st GP placement started.
Design Utilization : 8%.
First map gop timing takes 0.25 sec
Worst slack after clock region global placement is 3780
Wirelength after clock region global placement is 44894 and checksum is DDBA6508161348C7.
1st GP placement takes 3.70 sec.

Phase 1.2 Clock placement started.
Mapping instance clkbufg_0/gopclkbufg to USCM_84_108.
Clock placement takes 0.17 sec.

Wirelength after Pre Global Placement is 44894 and checksum is DDBA6508161348C7.
Pre global placement takes 4.08 sec.

Phase 2 Global placement started.
Phase 2.1 Fixed placement started.
Placed fixed group with base inst rst_n_ibuf/opit_1 on IOL_11_373.
Placed fixed group with base inst sys_clk_ibuf/opit_1 on IOL_159_5.
Placed fixed group with base inst uart_rx_ibuf/opit_1 on IOL_219_6.
Placed fixed group with base inst uart_tx_obuf/opit_1 on IOL_219_5.
Placed fixed instance clkbufg_0/gopclkbufg on USCM_84_108.
Placed fixed instance u_sys_pll/u_pll_e3/goppll on PLL_158_55.
Placed fixed instance BKCL_auto_0 on BKCL_188_376.
Placed fixed instance BKCL_auto_1 on BKCL_192_0.
Fixed placement takes 0.06 sec.

Phase 2.2 Process placement started.
Process placement takes 0.00 sec.

Phase 2.3 IO placement started.
IO placement takes 0.03 sec.

Phase 2.4 2nd GP placement started.
Run super clustering :
	Initial slack -11733.
	16 iterations finished.
	Final slack 319.
Super clustering done.
Design Utilization : 8%.
Worst slack after global placement is 4655
2nd GP placement takes 3.45 sec.

Wirelength after global placement is 42123 and checksum is 71B5A31D2D335D0E.
Global placement takes 3.55 sec.

Phase 3 Post global placement started.
Phase 3.1 Macro cell placement started.
I: Process macros using "Greedy".
Wirelength after macro cell placement is 49876 and checksum is 307988FDFA9E0397.
Macro cell placement takes 0.02 sec.

Phase 3.2 3rd GP placement started.
Run super clustering :
	Initial slack -11733.
	16 iterations finished.
	Final slack 319.
Super clustering done.
Design Utilization : 8%.
Worst slack after post global placement is 4432
3rd GP placement takes 3.75 sec.

Wirelength after post global placement is 47593 and checksum is BDB28AA268EDF399.
Post global placement takes 3.77 sec.

Phase 4 Legalization started.
The average distance in LP is 1.210771.
Wirelength after legalization is 59903 and checksum is C904F8D0720E63.
Legalization takes 0.44 sec.

Phase 5 Timing-driven detailed placement started.
Phase 5.1 Replication placement started.
Worst slack before Replication Place is -2.
Replication placement takes 0.19 sec.

Wirelength after replication placement is 59903 and checksum is C904F8D0720E63.
Phase 5.2 DP placement started.
Legalized cost -2.000000.
The detailed placement ends at 1th iteration.
DP placement takes 0.44 sec.

Wirelength after detailed placement is 61366 and checksum is FF8E3178950DECF3.
Timing-driven detailed placement takes 0.64 sec.

Worst slack is 4011, TNS after placement is 0.
Placement done.
Total placement takes 13.58 sec.
Finished placement.

Routing started.
Building routing graph takes 1.64 sec.
Worst slack is 4011, TNS before global route is 0.
Processing design graph takes 0.58 sec.
Total memory for routing:
	118.432467 M.
Total nets for routing : 5730.
Global Routing step 1 processed 0 nets, it takes 0.09 sec.
Rcf routing step 1 processed 0 nets, it takes 0.00 sec.
Rcf routing step 2 processed 0 nets, it takes 0.00 sec.
Rcf routing step 3 processed 0 nets, it takes 0.00 sec.
Unrouted nets 4 at the end of iteration 0.
Unrouted nets 4 at the end of iteration 1.
Unrouted nets 4 at the end of iteration 2.
Unrouted nets 4 at the end of iteration 3.
Unrouted nets 4 at the end of iteration 4.
Unrouted nets 4 at the end of iteration 5.
Unrouted nets 4 at the end of iteration 6.
Unrouted nets 4 at the end of iteration 7.
Unrouted nets 2 at the end of iteration 8.
Unrouted nets 2 at the end of iteration 9.
Unrouted nets 2 at the end of iteration 10.
Unrouted nets 2 at the end of iteration 11.
Unrouted nets 2 at the end of iteration 12.
Unrouted nets 2 at the end of iteration 13.
Unrouted nets 2 at the end of iteration 14.
Unrouted nets 2 at the end of iteration 15.
Unrouted nets 2 at the end of iteration 16.
Unrouted nets 2 at the end of iteration 17.
Unrouted nets 2 at the end of iteration 18.
Unrouted nets 2 at the end of iteration 19.
Unrouted nets 2 at the end of iteration 20.
Unrouted nets 2 at the end of iteration 21.
Unrouted nets 2 at the end of iteration 22.
Unrouted nets 2 at the end of iteration 23.
Unrouted nets 2 at the end of iteration 24.
Unrouted nets 2 at the end of iteration 25.
Unrouted nets 2 at the end of iteration 26.
Unrouted nets 2 at the end of iteration 27.
Unrouted nets 2 at the end of iteration 28.
Unrouted nets 2 at the end of iteration 29.
Unrouted nets 2 at the end of iteration 30.
Unrouted nets 2 at the end of iteration 31.
Unrouted nets 2 at the end of iteration 32.
Unrouted nets 2 at the end of iteration 33.
Unrouted nets 2 at the end of iteration 34.
Unrouted nets 2 at the end of iteration 35.
Unrouted nets 2 at the end of iteration 36.
Unrouted nets 2 at the end of iteration 37.
Unrouted nets 2 at the end of iteration 38.
Unrouted nets 2 at the end of iteration 39.
Unrouted nets 2 at the end of iteration 40.
Unrouted nets 2 at the end of iteration 41.
Unrouted nets 2 at the end of iteration 42.
Unrouted nets 2 at the end of iteration 43.
Unrouted nets 2 at the end of iteration 44.
Unrouted nets 2 at the end of iteration 45.
Unrouted nets 2 at the end of iteration 46.
Unrouted nets 2 at the end of iteration 47.
Unrouted nets 2 at the end of iteration 48.
Unrouted nets 2 at the end of iteration 49.
Global Routing step 1 processed 132 nets, it takes 0.05 sec.
Unrouted nets 184 at the end of iteration 0.
Unrouted nets 151 at the end of iteration 1.
Unrouted nets 129 at the end of iteration 2.
Unrouted nets 110 at the end of iteration 3.
Unrouted nets 78 at the end of iteration 4.
Unrouted nets 57 at the end of iteration 5.
Unrouted nets 41 at the end of iteration 6.
Unrouted nets 30 at the end of iteration 7.
Unrouted nets 20 at the end of iteration 8.
Unrouted nets 12 at the end of iteration 9.
Unrouted nets 10 at the end of iteration 10.
Unrouted nets 11 at the end of iteration 11.
Unrouted nets 11 at the end of iteration 12.
Unrouted nets 9 at the end of iteration 13.
Unrouted nets 6 at the end of iteration 14.
Unrouted nets 6 at the end of iteration 15.
Unrouted nets 6 at the end of iteration 16.
Unrouted nets 6 at the end of iteration 17.
Unrouted nets 4 at the end of iteration 18.
Unrouted nets 4 at the end of iteration 19.
Unrouted nets 4 at the end of iteration 20.
Unrouted nets 4 at the end of iteration 21.
Unrouted nets 4 at the end of iteration 22.
Unrouted nets 4 at the end of iteration 23.
Unrouted nets 4 at the end of iteration 24.
Unrouted nets 4 at the end of iteration 25.
Unrouted nets 4 at the end of iteration 26.
Unrouted nets 5 at the end of iteration 27.
Unrouted nets 4 at the end of iteration 28.
Unrouted nets 4 at the end of iteration 29.
Unrouted nets 4 at the end of iteration 30.
Unrouted nets 4 at the end of iteration 31.
Unrouted nets 4 at the end of iteration 32.
Unrouted nets 4 at the end of iteration 33.
Unrouted nets 4 at the end of iteration 34.
Unrouted nets 4 at the end of iteration 35.
Unrouted nets 5 at the end of iteration 36.
Unrouted nets 3 at the end of iteration 37.
Unrouted nets 2 at the end of iteration 38.
Unrouted nets 2 at the end of iteration 39.
Unrouted nets 1 at the end of iteration 40.
Unrouted nets 1 at the end of iteration 41.
Unrouted nets 1 at the end of iteration 42.
Unrouted nets 1 at the end of iteration 43.
Unrouted nets 1 at the end of iteration 44.
Unrouted nets 1 at the end of iteration 45.
Unrouted nets 1 at the end of iteration 46.
Unrouted nets 1 at the end of iteration 47.
Unrouted nets 1 at the end of iteration 48.
Unrouted nets 1 at the end of iteration 49.
Unrouted nets 2 at the end of iteration 50.
Unrouted nets 1 at the end of iteration 51.
Unrouted nets 1 at the end of iteration 52.
Unrouted nets 1 at the end of iteration 53.
Unrouted nets 1 at the end of iteration 54.
Unrouted nets 1 at the end of iteration 55.
Unrouted nets 1 at the end of iteration 56.
Unrouted nets 1 at the end of iteration 57.
Unrouted nets 1 at the end of iteration 58.
Unrouted nets 1 at the end of iteration 59.
Unrouted nets 1 at the end of iteration 60.
Unrouted nets 1 at the end of iteration 61.
Unrouted nets 1 at the end of iteration 62.
Unrouted nets 1 at the end of iteration 63.
Unrouted nets 1 at the end of iteration 64.
Unrouted nets 1 at the end of iteration 65.
Unrouted nets 1 at the end of iteration 66.
Unrouted nets 1 at the end of iteration 67.
Unrouted nets 1 at the end of iteration 68.
Unrouted nets 1 at the end of iteration 69.
Unrouted nets 1 at the end of iteration 70.
Unrouted nets 1 at the end of iteration 71.
Unrouted nets 1 at the end of iteration 72.
Unrouted nets 1 at the end of iteration 73.
Unrouted nets 1 at the end of iteration 74.
Unrouted nets 0 at the end of iteration 75.
Global Routing step 2 processed 353 nets, it takes 3.12 sec.
Unrouted nets 89 at the end of iteration 0.
Unrouted nets 40 at the end of iteration 1.
Unrouted nets 19 at the end of iteration 2.
Unrouted nets 4 at the end of iteration 3.
Unrouted nets 1 at the end of iteration 4.
Unrouted nets 0 at the end of iteration 5.
Global Routing step 3 processed 161 nets, it takes 0.47 sec.
Global routing takes 3.69 sec.
Total 6674 subnets.
    forward max bucket size 1261 , backward 120.
        Unrouted nets 4544 at the end of iteration 0.
    route iteration 0, CPU time elapsed 1.015625 sec.
    forward max bucket size 279 , backward 140.
        Unrouted nets 4041 at the end of iteration 1.
    route iteration 1, CPU time elapsed 0.875000 sec.
    forward max bucket size 256 , backward 210.
        Unrouted nets 3682 at the end of iteration 2.
    route iteration 2, CPU time elapsed 1.093750 sec.
    forward max bucket size 396 , backward 213.
        Unrouted nets 3390 at the end of iteration 3.
    route iteration 3, CPU time elapsed 1.234375 sec.
    forward max bucket size 344 , backward 214.
        Unrouted nets 3116 at the end of iteration 4.
    route iteration 4, CPU time elapsed 1.296875 sec.
    forward max bucket size 292 , backward 426.
        Unrouted nets 2898 at the end of iteration 5.
    route iteration 5, CPU time elapsed 1.453125 sec.
    forward max bucket size 374 , backward 208.
        Unrouted nets 2831 at the end of iteration 6.
    route iteration 6, CPU time elapsed 1.312500 sec.
    forward max bucket size 450 , backward 264.
        Unrouted nets 2618 at the end of iteration 7.
    route iteration 7, CPU time elapsed 1.203125 sec.
    forward max bucket size 363 , backward 276.
        Unrouted nets 2359 at the end of iteration 8.
    route iteration 8, CPU time elapsed 1.203125 sec.
    forward max bucket size 319 , backward 260.
        Unrouted nets 2064 at the end of iteration 9.
    route iteration 9, CPU time elapsed 1.140625 sec.
    forward max bucket size 261 , backward 201.
        Unrouted nets 1822 at the end of iteration 10.
    route iteration 10, CPU time elapsed 1.062500 sec.
    forward max bucket size 237 , backward 164.
        Unrouted nets 1581 at the end of iteration 11.
    route iteration 11, CPU time elapsed 0.781250 sec.
    forward max bucket size 304 , backward 187.
        Unrouted nets 1456 at the end of iteration 12.
    route iteration 12, CPU time elapsed 0.765625 sec.
    forward max bucket size 469 , backward 207.
        Unrouted nets 1298 at the end of iteration 13.
    route iteration 13, CPU time elapsed 0.609375 sec.
    forward max bucket size 199 , backward 259.
        Unrouted nets 1157 at the end of iteration 14.
    route iteration 14, CPU time elapsed 0.562500 sec.
    forward max bucket size 467 , backward 155.
        Unrouted nets 1073 at the end of iteration 15.
    route iteration 15, CPU time elapsed 0.546875 sec.
    forward max bucket size 293 , backward 176.
        Unrouted nets 922 at the end of iteration 16.
    route iteration 16, CPU time elapsed 0.468750 sec.
    forward max bucket size 199 , backward 153.
        Unrouted nets 823 at the end of iteration 17.
    route iteration 17, CPU time elapsed 0.421875 sec.
    forward max bucket size 163 , backward 150.
        Unrouted nets 758 at the end of iteration 18.
    route iteration 18, CPU time elapsed 0.375000 sec.
    forward max bucket size 206 , backward 434.
        Unrouted nets 688 at the end of iteration 19.
    route iteration 19, CPU time elapsed 0.359375 sec.
    forward max bucket size 198 , backward 168.
        Unrouted nets 646 at the end of iteration 20.
    route iteration 20, CPU time elapsed 0.359375 sec.
    forward max bucket size 212 , backward 217.
        Unrouted nets 586 at the end of iteration 21.
    route iteration 21, CPU time elapsed 0.312500 sec.
    forward max bucket size 191 , backward 171.
        Unrouted nets 529 at the end of iteration 22.
    route iteration 22, CPU time elapsed 0.281250 sec.
    forward max bucket size 121 , backward 156.
        Unrouted nets 445 at the end of iteration 23.
    route iteration 23, CPU time elapsed 0.265625 sec.
    forward max bucket size 163 , backward 186.
        Unrouted nets 403 at the end of iteration 24.
    route iteration 24, CPU time elapsed 0.218750 sec.
    forward max bucket size 276 , backward 143.
        Unrouted nets 393 at the end of iteration 25.
    route iteration 25, CPU time elapsed 0.234375 sec.
    forward max bucket size 394 , backward 98.
        Unrouted nets 338 at the end of iteration 26.
    route iteration 26, CPU time elapsed 0.234375 sec.
    forward max bucket size 405 , backward 133.
        Unrouted nets 311 at the end of iteration 27.
    route iteration 27, CPU time elapsed 0.187500 sec.
    forward max bucket size 86 , backward 127.
        Unrouted nets 277 at the end of iteration 28.
    route iteration 28, CPU time elapsed 0.140625 sec.
    forward max bucket size 119 , backward 113.
        Unrouted nets 275 at the end of iteration 29.
    route iteration 29, CPU time elapsed 0.171875 sec.
    forward max bucket size 94 , backward 146.
        Unrouted nets 232 at the end of iteration 30.
    route iteration 30, CPU time elapsed 0.156250 sec.
    forward max bucket size 96 , backward 95.
        Unrouted nets 206 at the end of iteration 31.
    route iteration 31, CPU time elapsed 0.125000 sec.
    forward max bucket size 159 , backward 189.
        Unrouted nets 178 at the end of iteration 32.
    route iteration 32, CPU time elapsed 0.109375 sec.
    forward max bucket size 141 , backward 196.
        Unrouted nets 157 at the end of iteration 33.
    route iteration 33, CPU time elapsed 0.109375 sec.
    forward max bucket size 109 , backward 80.
        Unrouted nets 121 at the end of iteration 34.
    route iteration 34, CPU time elapsed 0.093750 sec.
    forward max bucket size 114 , backward 76.
        Unrouted nets 109 at the end of iteration 35.
    route iteration 35, CPU time elapsed 0.078125 sec.
    forward max bucket size 112 , backward 69.
        Unrouted nets 98 at the end of iteration 36.
    route iteration 36, CPU time elapsed 0.078125 sec.
    forward max bucket size 104 , backward 107.
        Unrouted nets 110 at the end of iteration 37.
    route iteration 37, CPU time elapsed 0.062500 sec.
    forward max bucket size 89 , backward 79.
        Unrouted nets 108 at the end of iteration 38.
    route iteration 38, CPU time elapsed 0.046875 sec.
    forward max bucket size 78 , backward 85.
        Unrouted nets 92 at the end of iteration 39.
    route iteration 39, CPU time elapsed 0.031250 sec.
    forward max bucket size 86 , backward 148.
        Unrouted nets 70 at the end of iteration 40.
    route iteration 40, CPU time elapsed 0.046875 sec.
    forward max bucket size 89 , backward 63.
        Unrouted nets 45 at the end of iteration 41.
    route iteration 41, CPU time elapsed 0.031250 sec.
    forward max bucket size 95 , backward 81.
        Unrouted nets 40 at the end of iteration 42.
    route iteration 42, CPU time elapsed 0.046875 sec.
    forward max bucket size 97 , backward 57.
        Unrouted nets 37 at the end of iteration 43.
    route iteration 43, CPU time elapsed 0.046875 sec.
    forward max bucket size 154 , backward 105.
        Unrouted nets 39 at the end of iteration 44.
    route iteration 44, CPU time elapsed 0.031250 sec.
    forward max bucket size 81 , backward 32.
        Unrouted nets 35 at the end of iteration 45.
    route iteration 45, CPU time elapsed 0.031250 sec.
    forward max bucket size 121 , backward 145.
        Unrouted nets 31 at the end of iteration 46.
    route iteration 46, CPU time elapsed 0.015625 sec.
    forward max bucket size 151 , backward 32.
        Unrouted nets 28 at the end of iteration 47.
    route iteration 47, CPU time elapsed 0.031250 sec.
    forward max bucket size 129 , backward 100.
        Unrouted nets 29 at the end of iteration 48.
    route iteration 48, CPU time elapsed 0.031250 sec.
    forward max bucket size 67 , backward 48.
        Unrouted nets 28 at the end of iteration 49.
    route iteration 49, CPU time elapsed 0.031250 sec.
    forward max bucket size 87 , backward 64.
        Unrouted nets 17 at the end of iteration 50.
    route iteration 50, CPU time elapsed 0.031250 sec.
    forward max bucket size 73 , backward 57.
        Unrouted nets 12 at the end of iteration 51.
    route iteration 51, CPU time elapsed 0.031250 sec.
    forward max bucket size 20 , backward 15.
        Unrouted nets 9 at the end of iteration 52.
    route iteration 52, CPU time elapsed 0.015625 sec.
    forward max bucket size 74 , backward 61.
        Unrouted nets 6 at the end of iteration 53.
    route iteration 53, CPU time elapsed 0.015625 sec.
    forward max bucket size 24 , backward 27.
        Unrouted nets 6 at the end of iteration 54.
    route iteration 54, CPU time elapsed 0.015625 sec.
    forward max bucket size 32 , backward 26.
        Unrouted nets 6 at the end of iteration 55.
    route iteration 55, CPU time elapsed 0.015625 sec.
    forward max bucket size 52 , backward 44.
        Unrouted nets 7 at the end of iteration 56.
    route iteration 56, CPU time elapsed 0.031250 sec.
    forward max bucket size 39 , backward 43.
        Unrouted nets 4 at the end of iteration 57.
    route iteration 57, CPU time elapsed 0.015625 sec.
    forward max bucket size 17 , backward 13.
        Unrouted nets 4 at the end of iteration 58.
    route iteration 58, CPU time elapsed 0.031250 sec.
    forward max bucket size 51 , backward 39.
        Unrouted nets 4 at the end of iteration 59.
    route iteration 59, CPU time elapsed 0.031250 sec.
    forward max bucket size 158 , backward 52.
        Unrouted nets 0 at the end of iteration 60.
    route iteration 60, CPU time elapsed 0.015625 sec.
Detailed routing takes 60 iterations
Detailed routing takes 22.11 sec.
Start fix hold violation.
Build tmp routing results takes 0.08 sec.
Timing analysis takes 0.05 sec.
No hold violation.
Hold Violation Fix in router takes 0 iterations.
Fix hold violation Finished.
Hold Violation Fix in router takes 0.42 sec.

Dispose routing result:
    Collect routing result.
    Delete unused device instances.
    Annotate routing result.
    Change LUT configuration.
    Dispose misc instances.
    Annotate routing result again.
Finish routing takes 0.27 sec.
Used SRB routing arc is 69284.
Cleanup routing takes 0.02 sec.
Routing done.
Total routing takes 29.42 sec.


Device Utilization Summary :
+---------------------------------------------------------------------------+
| Logic Utilization        | Used     | Available     | Utilization(%)     
+---------------------------------------------------------------------------+
| Use of APM               | 0        | 84            | 0                  
| Use of BKCL              | 2        | 4             | 50                 
| Use of CLMA              | 664      | 6450          | 11                 
|   FF                     | 1253     | 38700         | 4                  
|   LUT                    | 1908     | 25800         | 8                  
|   LUT-FF pairs           | 394      | 25800         | 2                  
| Use of CLMS              | 413      | 4250          | 10                 
|   FF                     | 868      | 25500         | 4                  
|   LUT                    | 1137     | 17000         | 7                  
|   LUT-FF pairs           | 262      | 17000         | 2                  
|   Distributed RAM        | 0        | 17000         | 0                  
| Use of CRYSTAL           | 0        | 2             | 0                  
| Use of DLL               | 0        | 10            | 0                  
| Use of DQSL              | 0        | 18            | 0                  
| Use of DRM               | 24       | 134           | 18                 
| Use of FUSECODE          | 0        | 1             | 0                  
| Use of HARD0N1           | 199      | 6672          | 3                  
| Use of IO                | 45       | 218           | 21                 
|   IOBD                   | 1        | 53            | 2                  
|   IOBR_LR                | 1        | 5             | 20                 
|   IOBR_TB                | 2        | 7             | 29                 
|   IOBS_LR                | 39       | 107           | 37                 
|   IOBS_TB                | 2        | 46            | 5                  
| Use of IOCKDIV           | 0        | 20            | 0                  
| Use of IOCKDLY           | 0        | 40            | 0                  
| Use of IOCKGATE          | 0        | 20            | 0                  
| Use of IOCKGMUX_TEST     | 0        | 20            | 0                  
| Use of IOL               | 45       | 400           | 12                 
| Use of IPAL              | 0        | 1             | 0                  
| Use of LDO               | 0        | 4             | 0                  
| Use of MFG_TEST          | 0        | 1             | 0                  
| Use of OSC               | 0        | 1             | 0                  
| Use of PIOMUX_TEST       | 0        | 10            | 0                  
| Use of PLL               | 1        | 5             | 20                 
| Use of PREGMUX_TEST      | 0        | 6             | 0                  
| Use of RCKB              | 0        | 24            | 0                  
|  RCKB dataused           | 0        | 24            | 0                  
| Use of RCKBMUX_TEST      | 0        | 12            | 0                  
| Use of RESCAL            | 0        | 4             | 0                  
| Use of SCANCHAIN         | 0        | 2             | 0                  
| Use of START             | 1        | 1             | 100                
| Use of UDID              | 0        | 1             | 0                  
| Use of USCM              | 1        | 30            | 4                  
|  USCM dataused           | 0        | 30            | 0                  
| Use of USCMMUX_TEST      | 0        | 30            | 0                  
| Use of VCKBMUX_TEST      | 0        | 12            | 0                  
+---------------------------------------------------------------------------+

Finished routing.
Design 'SoC_Top' has been placed and routed successfully.
Saving design to DB.
Finished placement and routing.
Action pnr: Real time elapsed is 0h:1m:1s
Action pnr: CPU time elapsed is 0h:0m:58s
Action pnr: Process CPU time elapsed is 0h:1m:3s
Current time: Fri Mar 27 12:52:35 2026
Action pnr: Peak memory pool usage is 951 MB
