#Build: Fabric Compiler 2022.2-SP6.4, Build 146967, Jan 31 01:39 2024
#Install: E:\pango\PDS_2022.2-SP6.4\bin
#Application name: pds_shell.exe
#OS: Windows 10 10.0.26200
#Hostname: LAPTOP-E3CFACBD
Generated by Fabric Compiler (version 2022.2-SP6.4 build 146967) at Wed Mar 25 13:28:16 2026
Compiling verification operator library.
Compiling common defs.
Compiling prim grid devices.
Compiling gate devices.
Compiling gate operators.
Building architecture model.
Loading device packaging model.
pnr strategy configuration : 
strategy name : 0
Building architecture floorplan logic view.
Constraint check start.
Executing : def_port {uart_tx} LOC=T11 VCCIO=3.3 IOSTANDARD=LVCMOS33 PULLUP=TRUE
C: ConstraintEditor-2009: uart_tx is lack of SLEW, OUTPUT or INOUT PORT had better set SLEW, the optional value is {SLOW, FAST}.
C: ConstraintEditor-2009: uart_tx is lack of DRIVE, OUTPUT or INOUT PORT had better set DRIVE, the optional value is {8, 4, 12, 16, 24}.
Executing : def_port {uart_tx} LOC=T11 VCCIO=3.3 IOSTANDARD=LVCMOS33 PULLUP=TRUE successfully
Executing : def_port {rst_n} LOC=C4 VCCIO=1.2 IOSTANDARD=LVCMOS12 PULLUP=TRUE
Executing : def_port {rst_n} LOC=C4 VCCIO=1.2 IOSTANDARD=LVCMOS12 PULLUP=TRUE successfully
Executing : def_port {sys_clk} LOC=V9 VCCIO=3.3 IOSTANDARD=LVCMOS33 PULLUP=TRUE
Executing : def_port {sys_clk} LOC=V9 VCCIO=3.3 IOSTANDARD=LVCMOS33 PULLUP=TRUE successfully
Executing : def_port {uart_rx} LOC=R11 VCCIO=3.3 IOSTANDARD=LVCMOS33 PULLUP=TRUE
Executing : def_port {uart_rx} LOC=R11 VCCIO=3.3 IOSTANDARD=LVCMOS33 PULLUP=TRUE successfully
W: ConstraintEditor-4019: Port Bus 'ext_axi_if_araddr' unspecified I/O constraint.
W: ConstraintEditor-4019: Port Bus 'ext_axi_if_awaddr' unspecified I/O constraint.
W: ConstraintEditor-4019: Port Bus 'ext_axi_if_bresp' unspecified I/O constraint.
W: ConstraintEditor-4019: Port Bus 'ext_axi_if_rdata' unspecified I/O constraint.
W: ConstraintEditor-4019: Port Bus 'ext_axi_if_rresp' unspecified I/O constraint.
W: ConstraintEditor-4019: Port Bus 'ext_axi_if_wdata' unspecified I/O constraint.
W: ConstraintEditor-4019: Port Bus 'ext_axi_if_wstrb' unspecified I/O constraint.
W: ConstraintEditor-4019: Port 'ext_axi_if_arready' unspecified I/O constraint.
W: ConstraintEditor-4019: Port 'ext_axi_if_arvalid' unspecified I/O constraint.
W: ConstraintEditor-4019: Port 'ext_axi_if_awready' unspecified I/O constraint.
W: ConstraintEditor-4019: Port 'ext_axi_if_awvalid' unspecified I/O constraint.
W: ConstraintEditor-4019: Port 'ext_axi_if_bready' unspecified I/O constraint.
W: ConstraintEditor-4019: Port 'ext_axi_if_bvalid' unspecified I/O constraint.
W: ConstraintEditor-4019: Port 'ext_axi_if_rready' unspecified I/O constraint.
W: ConstraintEditor-4019: Port 'ext_axi_if_rvalid' unspecified I/O constraint.
W: ConstraintEditor-4019: Port 'ext_axi_if_wready' unspecified I/O constraint.
W: ConstraintEditor-4019: Port 'ext_axi_if_wvalid' unspecified I/O constraint.
Constraint check end.
I: Column Clock Check open.
Read Column Clock Map.

Placement started.
Phase 1 Pre global placement started.
Mapping instance sys_pll_u0/u_pll_e3/goppll to PLL_158_55.
Phase 1.1 1st GP placement started.
Design Utilization : 9%.
First map gop timing takes 0.17 sec
Worst slack after clock region global placement is 15908
Wirelength after clock region global placement is 44892 and checksum is EA991E82535760CB.
1st GP placement takes 3.41 sec.

Phase 1.2 Clock placement started.
Mapping instance clkbufg_0/gopclkbufg to USCM_84_108.
Clock placement takes 0.14 sec.

Wirelength after Pre Global Placement is 44892 and checksum is EA991E82535760CB.
Pre global placement takes 3.73 sec.

Phase 2 Global placement started.
Phase 2.1 Fixed placement started.
Placed fixed group with base inst rst_n_ibuf/opit_1 on IOL_11_373.
Placed fixed group with base inst sys_clk_ibuf/opit_1 on IOL_159_5.
Placed fixed group with base inst uart_rx_ibuf/opit_1 on IOL_219_6.
Placed fixed group with base inst uart_tx_obuf/opit_1 on IOL_219_5.
Placed fixed instance clkbufg_0/gopclkbufg on USCM_84_108.
Placed fixed instance sys_pll_u0/u_pll_e3/goppll on PLL_158_55.
Placed fixed instance BKCL_auto_0 on BKCL_188_376.
Placed fixed instance BKCL_auto_1 on BKCL_192_0.
Fixed placement takes 0.11 sec.

Phase 2.2 Process placement started.
Process placement takes 0.02 sec.

Phase 2.3 IO placement started.
IO placement takes 0.08 sec.

Phase 2.4 2nd GP placement started.
Run super clustering :
	Initial slack -9340.
	11 iterations finished.
	Final slack 12127.
Super clustering done.
Design Utilization : 9%.
Worst slack after global placement is 17701
2nd GP placement takes 2.53 sec.

Wirelength after global placement is 45857 and checksum is 53958ABFE67AC3B5.
Global placement takes 2.73 sec.

Phase 3 Post global placement started.
Phase 3.1 Macro cell placement started.
I: Process macros using "Greedy".
Wirelength after macro cell placement is 51441 and checksum is C6EC93CA651A2986.
Macro cell placement takes 0.02 sec.

Phase 3.2 3rd GP placement started.
Run super clustering :
	Initial slack -9340.
	11 iterations finished.
	Final slack 12127.
Super clustering done.
Design Utilization : 9%.
Worst slack after post global placement is 17266
3rd GP placement takes 2.77 sec.

Wirelength after post global placement is 53302 and checksum is C5EE05E8CA39343E.
Post global placement takes 2.78 sec.

Phase 4 Legalization started.
The average distance in LP is 1.559086.
Wirelength after legalization is 67151 and checksum is 2C241BBDA647AC37.
Legalization takes 0.89 sec.

Phase 5 Timing-driven detailed placement started.
Phase 5.1 Replication placement started.
Worst slack before Replication Place is 11503.
Replication placement takes 0.09 sec.

Wirelength after replication placement is 67151 and checksum is 2C241BBDA647AC37.
Phase 5.2 DP placement started.
Legalized cost 11503.000000.
The detailed placement ends at 0th iteration.
DP placement takes 0.12 sec.

Wirelength after detailed placement is 67151 and checksum is 2C241BBDA647AC37.
Timing-driven detailed placement takes 0.23 sec.

Worst slack is 11503, TNS after placement is 0.
Placement done.
Total placement takes 11.73 sec.
Finished placement.

Routing started.
Building routing graph takes 1.27 sec.
Worst slack is 11503, TNS before global route is 0.
Processing design graph takes 0.50 sec.
Total memory for routing:
	119.151667 M.
Total nets for routing : 7636.
Global Routing step 1 processed 0 nets, it takes 0.03 sec.
Rcf routing step 1 processed 0 nets, it takes 0.00 sec.
Rcf routing step 2 processed 0 nets, it takes 0.00 sec.
Rcf routing step 3 processed 0 nets, it takes 0.00 sec.
Unrouted nets 0 at the end of iteration 0.
Global Routing step 1 processed 17 nets, it takes 0.02 sec.
Unrouted nets 130 at the end of iteration 0.
Unrouted nets 54 at the end of iteration 1.
Unrouted nets 29 at the end of iteration 2.
Unrouted nets 11 at the end of iteration 3.
Unrouted nets 4 at the end of iteration 4.
Unrouted nets 4 at the end of iteration 5.
Unrouted nets 3 at the end of iteration 6.
Unrouted nets 2 at the end of iteration 7.
Unrouted nets 2 at the end of iteration 8.
Unrouted nets 0 at the end of iteration 9.
Global Routing step 2 processed 299 nets, it takes 0.42 sec.
Unrouted nets 119 at the end of iteration 0.
Unrouted nets 60 at the end of iteration 1.
Unrouted nets 29 at the end of iteration 2.
Unrouted nets 14 at the end of iteration 3.
Unrouted nets 10 at the end of iteration 4.
Unrouted nets 5 at the end of iteration 5.
Unrouted nets 2 at the end of iteration 6.
Unrouted nets 2 at the end of iteration 7.
Unrouted nets 1 at the end of iteration 8.
Unrouted nets 1 at the end of iteration 9.
Unrouted nets 1 at the end of iteration 10.
Unrouted nets 1 at the end of iteration 11.
Unrouted nets 1 at the end of iteration 12.
Unrouted nets 1 at the end of iteration 13.
Unrouted nets 1 at the end of iteration 14.
Unrouted nets 1 at the end of iteration 15.
Unrouted nets 1 at the end of iteration 16.
Unrouted nets 1 at the end of iteration 17.
Unrouted nets 1 at the end of iteration 18.
Unrouted nets 1 at the end of iteration 19.
Unrouted nets 1 at the end of iteration 20.
Unrouted nets 1 at the end of iteration 21.
Unrouted nets 0 at the end of iteration 22.
Global Routing step 3 processed 257 nets, it takes 1.33 sec.
Global routing takes 1.78 sec.
Total 8913 subnets.
    forward max bucket size 1237 , backward 217.
        Unrouted nets 5875 at the end of iteration 0.
    route iteration 0, CPU time elapsed 1.171875 sec.
    forward max bucket size 218 , backward 234.
        Unrouted nets 4703 at the end of iteration 1.
    route iteration 1, CPU time elapsed 0.843750 sec.
    forward max bucket size 273 , backward 215.
        Unrouted nets 3813 at the end of iteration 2.
    route iteration 2, CPU time elapsed 0.921875 sec.
    forward max bucket size 303 , backward 219.
        Unrouted nets 3158 at the end of iteration 3.
    route iteration 3, CPU time elapsed 0.953125 sec.
    forward max bucket size 309 , backward 373.
        Unrouted nets 2727 at the end of iteration 4.
    route iteration 4, CPU time elapsed 0.937500 sec.
    forward max bucket size 388 , backward 288.
        Unrouted nets 2392 at the end of iteration 5.
    route iteration 5, CPU time elapsed 0.906250 sec.
    forward max bucket size 369 , backward 279.
        Unrouted nets 2842 at the end of iteration 6.
    route iteration 6, CPU time elapsed 0.796875 sec.
    forward max bucket size 402 , backward 252.
        Unrouted nets 2752 at the end of iteration 7.
    route iteration 7, CPU time elapsed 0.750000 sec.
    forward max bucket size 202 , backward 176.
        Unrouted nets 2539 at the end of iteration 8.
    route iteration 8, CPU time elapsed 0.718750 sec.
    forward max bucket size 170 , backward 177.
        Unrouted nets 2296 at the end of iteration 9.
    route iteration 9, CPU time elapsed 0.625000 sec.
    forward max bucket size 136 , backward 181.
        Unrouted nets 1946 at the end of iteration 10.
    route iteration 10, CPU time elapsed 0.562500 sec.
    forward max bucket size 231 , backward 195.
        Unrouted nets 1724 at the end of iteration 11.
    route iteration 11, CPU time elapsed 0.546875 sec.
    forward max bucket size 197 , backward 149.
        Unrouted nets 1427 at the end of iteration 12.
    route iteration 12, CPU time elapsed 0.453125 sec.
    forward max bucket size 156 , backward 91.
        Unrouted nets 1221 at the end of iteration 13.
    route iteration 13, CPU time elapsed 0.359375 sec.
    forward max bucket size 251 , backward 199.
        Unrouted nets 1041 at the end of iteration 14.
    route iteration 14, CPU time elapsed 0.312500 sec.
    forward max bucket size 99 , backward 115.
        Unrouted nets 871 at the end of iteration 15.
    route iteration 15, CPU time elapsed 0.250000 sec.
    forward max bucket size 141 , backward 101.
        Unrouted nets 666 at the end of iteration 16.
    route iteration 16, CPU time elapsed 0.203125 sec.
    forward max bucket size 122 , backward 136.
        Unrouted nets 551 at the end of iteration 17.
    route iteration 17, CPU time elapsed 0.171875 sec.
    forward max bucket size 147 , backward 80.
        Unrouted nets 465 at the end of iteration 18.
    route iteration 18, CPU time elapsed 0.156250 sec.
    forward max bucket size 73 , backward 83.
        Unrouted nets 421 at the end of iteration 19.
    route iteration 19, CPU time elapsed 0.125000 sec.
    forward max bucket size 61 , backward 73.
        Unrouted nets 339 at the end of iteration 20.
    route iteration 20, CPU time elapsed 0.125000 sec.
    forward max bucket size 195 , backward 132.
        Unrouted nets 283 at the end of iteration 21.
    route iteration 21, CPU time elapsed 0.109375 sec.
    forward max bucket size 71 , backward 91.
        Unrouted nets 261 at the end of iteration 22.
    route iteration 22, CPU time elapsed 0.093750 sec.
    forward max bucket size 91 , backward 124.
        Unrouted nets 264 at the end of iteration 23.
    route iteration 23, CPU time elapsed 0.093750 sec.
    forward max bucket size 59 , backward 81.
        Unrouted nets 232 at the end of iteration 24.
    route iteration 24, CPU time elapsed 0.093750 sec.
    forward max bucket size 74 , backward 63.
        Unrouted nets 202 at the end of iteration 25.
    route iteration 25, CPU time elapsed 0.078125 sec.
    forward max bucket size 93 , backward 46.
        Unrouted nets 183 at the end of iteration 26.
    route iteration 26, CPU time elapsed 0.062500 sec.
    forward max bucket size 74 , backward 106.
        Unrouted nets 158 at the end of iteration 27.
    route iteration 27, CPU time elapsed 0.078125 sec.
    forward max bucket size 52 , backward 95.
        Unrouted nets 140 at the end of iteration 28.
    route iteration 28, CPU time elapsed 0.062500 sec.
    forward max bucket size 74 , backward 117.
        Unrouted nets 118 at the end of iteration 29.
    route iteration 29, CPU time elapsed 0.062500 sec.
    forward max bucket size 90 , backward 95.
        Unrouted nets 98 at the end of iteration 30.
    route iteration 30, CPU time elapsed 0.062500 sec.
    forward max bucket size 147 , backward 190.
        Unrouted nets 81 at the end of iteration 31.
    route iteration 31, CPU time elapsed 0.062500 sec.
    forward max bucket size 61 , backward 65.
        Unrouted nets 66 at the end of iteration 32.
    route iteration 32, CPU time elapsed 0.046875 sec.
    forward max bucket size 50 , backward 53.
        Unrouted nets 38 at the end of iteration 33.
    route iteration 33, CPU time elapsed 0.031250 sec.
    forward max bucket size 84 , backward 27.
        Unrouted nets 29 at the end of iteration 34.
    route iteration 34, CPU time elapsed 0.031250 sec.
    forward max bucket size 34 , backward 25.
        Unrouted nets 19 at the end of iteration 35.
    route iteration 35, CPU time elapsed 0.031250 sec.
    forward max bucket size 26 , backward 22.
        Unrouted nets 17 at the end of iteration 36.
    route iteration 36, CPU time elapsed 0.031250 sec.
    forward max bucket size 21 , backward 25.
        Unrouted nets 5 at the end of iteration 37.
    route iteration 37, CPU time elapsed 0.031250 sec.
    forward max bucket size 19 , backward 16.
        Unrouted nets 6 at the end of iteration 38.
    route iteration 38, CPU time elapsed 0.031250 sec.
    forward max bucket size 30 , backward 32.
        Unrouted nets 13 at the end of iteration 39.
    route iteration 39, CPU time elapsed 0.031250 sec.
    forward max bucket size 16 , backward 18.
        Unrouted nets 12 at the end of iteration 40.
    route iteration 40, CPU time elapsed 0.015625 sec.
    forward max bucket size 33 , backward 42.
        Unrouted nets 9 at the end of iteration 41.
    route iteration 41, CPU time elapsed 0.015625 sec.
    forward max bucket size 29 , backward 45.
        Unrouted nets 6 at the end of iteration 42.
    route iteration 42, CPU time elapsed 0.015625 sec.
    forward max bucket size 11 , backward 12.
        Unrouted nets 2 at the end of iteration 43.
    route iteration 43, CPU time elapsed 0.015625 sec.
    forward max bucket size 20 , backward 17.
        Unrouted nets 2 at the end of iteration 44.
    route iteration 44, CPU time elapsed 0.031250 sec.
    forward max bucket size 26 , backward 35.
        Unrouted nets 4 at the end of iteration 45.
    route iteration 45, CPU time elapsed 0.031250 sec.
    forward max bucket size 29 , backward 47.
        Unrouted nets 2 at the end of iteration 46.
    route iteration 46, CPU time elapsed 0.031250 sec.
    forward max bucket size 15 , backward 31.
        Unrouted nets 2 at the end of iteration 47.
    route iteration 47, CPU time elapsed 0.031250 sec.
    forward max bucket size 21 , backward 24.
        Unrouted nets 2 at the end of iteration 48.
    route iteration 48, CPU time elapsed 0.015625 sec.
    forward max bucket size 25 , backward 29.
        Unrouted nets 3 at the end of iteration 49.
    route iteration 49, CPU time elapsed 0.015625 sec.
    forward max bucket size 9 , backward 19.
        Unrouted nets 5 at the end of iteration 50.
    route iteration 50, CPU time elapsed 0.015625 sec.
    forward max bucket size 9 , backward 17.
        Unrouted nets 0 at the end of iteration 51.
    route iteration 51, CPU time elapsed 0.015625 sec.
Detailed routing takes 51 iterations
Detailed routing takes 13.66 sec.
Start fix hold violation.
Build tmp routing results takes 0.08 sec.
Timing analysis takes 0.06 sec.
No hold violation.
Hold Violation Fix in router takes 0 iterations.
Fix hold violation Finished.
Hold Violation Fix in router takes 0.39 sec.

Dispose routing result:
    Collect routing result.
    Delete unused device instances.
    Annotate routing result.
    Change LUT configuration.
    Dispose misc instances.
    Annotate routing result again.
Finish routing takes 0.25 sec.
Used SRB routing arc is 82430.
Cleanup routing takes 0.02 sec.
Routing done.
Total routing takes 18.39 sec.


Device Utilization Summary :
+---------------------------------------------------------------------------+
| Logic Utilization        | Used     | Available     | Utilization(%)     
+---------------------------------------------------------------------------+
| Use of APM               | 0        | 84            | 0                  
| Use of BKCL              | 2        | 4             | 50                 
| Use of CLMA              | 921      | 6450          | 15                 
|   FF                     | 2184     | 38700         | 6                  
|   LUT                    | 2425     | 25800         | 10                 
|   LUT-FF pairs           | 358      | 25800         | 2                  
| Use of CLMS              | 528      | 4250          | 13                 
|   FF                     | 1248     | 25500         | 5                  
|   LUT                    | 1384     | 17000         | 9                  
|   LUT-FF pairs           | 216      | 17000         | 2                  
|   Distributed RAM        | 0        | 17000         | 0                  
| Use of CRYSTAL           | 0        | 2             | 0                  
| Use of DLL               | 0        | 10            | 0                  
| Use of DQSL              | 0        | 18            | 0                  
| Use of DRM               | 16       | 134           | 12                 
| Use of FUSECODE          | 0        | 1             | 0                  
| Use of HARD0N1           | 149      | 6672          | 3                  
| Use of IO                | 110      | 218           | 51                 
|   IOBD                   | 13       | 53            | 25                 
|   IOBR_LR                | 3        | 5             | 60                 
|   IOBR_TB                | 3        | 7             | 43                 
|   IOBS_LR                | 75       | 107           | 71                 
|   IOBS_TB                | 16       | 46            | 35                 
| Use of IOCKDIV           | 0        | 20            | 0                  
| Use of IOCKDLY           | 0        | 40            | 0                  
| Use of IOCKGATE          | 0        | 20            | 0                  
| Use of IOCKGMUX_TEST     | 0        | 20            | 0                  
| Use of IOL               | 110      | 400           | 28                 
| Use of IPAL              | 0        | 1             | 0                  
| Use of LDO               | 0        | 4             | 0                  
| Use of MFG_TEST          | 0        | 1             | 0                  
| Use of OSC               | 0        | 1             | 0                  
| Use of PIOMUX_TEST       | 0        | 10            | 0                  
| Use of PLL               | 1        | 5             | 20                 
| Use of PREGMUX_TEST      | 0        | 6             | 0                  
| Use of RCKB              | 0        | 24            | 0                  
|  RCKB dataused           | 0        | 24            | 0                  
| Use of RCKBMUX_TEST      | 0        | 12            | 0                  
| Use of RESCAL            | 0        | 4             | 0                  
| Use of SCANCHAIN         | 0        | 2             | 0                  
| Use of START             | 1        | 1             | 100                
| Use of UDID              | 0        | 1             | 0                  
| Use of USCM              | 1        | 30            | 4                  
|  USCM dataused           | 0        | 30            | 0                  
| Use of USCMMUX_TEST      | 0        | 30            | 0                  
| Use of VCKBMUX_TEST      | 0        | 12            | 0                  
+---------------------------------------------------------------------------+

Finished routing.
Design 'SoC_Top' has been placed and routed successfully.
Saving design to DB.
Finished placement and routing.
Action pnr: Real time elapsed is 0h:0m:47s
Action pnr: CPU time elapsed is 0h:0m:45s
Action pnr: Process CPU time elapsed is 0h:0m:51s
Current time: Wed Mar 25 13:29:01 2026
Action pnr: Peak memory pool usage is 981 MB
