#Build: Fabric Compiler 2022.2-SP6.4, Build 146967, Jan 31 01:39 2024
#Install: E:\pango\PDS_2022.2-SP6.4\bin
#Application name: pds_shell.exe
#OS: Windows 10 10.0.26200
#Hostname: LAPTOP-E3CFACBD
Generated by Fabric Compiler (version 2022.2-SP6.4 build 146967) at Thu Mar 26 21:56:08 2026
Compiling verification operator library.
Compiling common defs.
Compiling prim grid devices.
Compiling gate devices.
Compiling gate operators.
Building architecture model.
Loading device packaging model.
pnr strategy configuration : 
strategy name : 0
Building architecture floorplan logic view.
Constraint check start.
Executing : def_port {uart_tx} LOC=T11 VCCIO=3.3 IOSTANDARD=LVCMOS33 PULLUP=TRUE
C: ConstraintEditor-2009: uart_tx is lack of SLEW, OUTPUT or INOUT PORT had better set SLEW, the optional value is {SLOW, FAST}.
C: ConstraintEditor-2009: uart_tx is lack of DRIVE, OUTPUT or INOUT PORT had better set DRIVE, the optional value is {8, 4, 12, 16, 24}.
Executing : def_port {uart_tx} LOC=T11 VCCIO=3.3 IOSTANDARD=LVCMOS33 PULLUP=TRUE successfully
Executing : def_port {rst_n} LOC=C4 VCCIO=1.2 IOSTANDARD=LVCMOS12 PULLUP=TRUE
Executing : def_port {rst_n} LOC=C4 VCCIO=1.2 IOSTANDARD=LVCMOS12 PULLUP=TRUE successfully
Executing : def_port {sys_clk} LOC=V9 VCCIO=3.3 IOSTANDARD=LVCMOS33 PULLUP=TRUE
Executing : def_port {sys_clk} LOC=V9 VCCIO=3.3 IOSTANDARD=LVCMOS33 PULLUP=TRUE successfully
Executing : def_port {uart_rx} LOC=R11 VCCIO=3.3 IOSTANDARD=LVCMOS33 PULLUP=TRUE
Executing : def_port {uart_rx} LOC=R11 VCCIO=3.3 IOSTANDARD=LVCMOS33 PULLUP=TRUE successfully
W: ConstraintEditor-4019: Port Bus 'ext_axi_if_araddr' unspecified I/O constraint.
W: ConstraintEditor-4019: Port Bus 'ext_axi_if_awaddr' unspecified I/O constraint.
W: ConstraintEditor-4019: Port Bus 'ext_axi_if_bresp' unspecified I/O constraint.
W: ConstraintEditor-4019: Port Bus 'ext_axi_if_rdata' unspecified I/O constraint.
W: ConstraintEditor-4019: Port Bus 'ext_axi_if_rresp' unspecified I/O constraint.
W: ConstraintEditor-4019: Port Bus 'ext_axi_if_wdata' unspecified I/O constraint.
W: ConstraintEditor-4019: Port Bus 'ext_axi_if_wstrb' unspecified I/O constraint.
W: ConstraintEditor-4019: Port 'ext_axi_if_arready' unspecified I/O constraint.
W: ConstraintEditor-4019: Port 'ext_axi_if_arvalid' unspecified I/O constraint.
W: ConstraintEditor-4019: Port 'ext_axi_if_awready' unspecified I/O constraint.
W: ConstraintEditor-4019: Port 'ext_axi_if_awvalid' unspecified I/O constraint.
W: ConstraintEditor-4019: Port 'ext_axi_if_bready' unspecified I/O constraint.
W: ConstraintEditor-4019: Port 'ext_axi_if_bvalid' unspecified I/O constraint.
W: ConstraintEditor-4019: Port 'ext_axi_if_rready' unspecified I/O constraint.
W: ConstraintEditor-4019: Port 'ext_axi_if_rvalid' unspecified I/O constraint.
W: ConstraintEditor-4019: Port 'ext_axi_if_wready' unspecified I/O constraint.
W: ConstraintEditor-4019: Port 'ext_axi_if_wvalid' unspecified I/O constraint.
Constraint check end.
I: Column Clock Check open.
Read Column Clock Map.

Placement started.
Phase 1 Pre global placement started.
Mapping instance u_sys_pll/u_pll_e3/goppll to PLL_158_55.
Phase 1.1 1st GP placement started.
Design Utilization : 7%.
First map gop timing takes 0.17 sec
Worst slack after clock region global placement is 4122
Wirelength after clock region global placement is 31110 and checksum is 73548B7770194546.
1st GP placement takes 3.78 sec.

Phase 1.2 Clock placement started.
Mapping instance clkbufg_0/gopclkbufg to USCM_84_108.
Clock placement takes 0.19 sec.

Wirelength after Pre Global Placement is 31110 and checksum is 73548B7770194546.
Pre global placement takes 4.19 sec.

Phase 2 Global placement started.
Phase 2.1 Fixed placement started.
Placed fixed group with base inst rst_n_ibuf/opit_1 on IOL_11_373.
Placed fixed group with base inst sys_clk_ibuf/opit_1 on IOL_159_5.
Placed fixed group with base inst uart_rx_ibuf/opit_1 on IOL_219_6.
Placed fixed group with base inst uart_tx_obuf/opit_1 on IOL_219_5.
Placed fixed instance clkbufg_0/gopclkbufg on USCM_84_108.
Placed fixed instance u_sys_pll/u_pll_e3/goppll on PLL_158_55.
Placed fixed instance BKCL_auto_0 on BKCL_188_376.
Placed fixed instance BKCL_auto_1 on BKCL_192_0.
Fixed placement takes 0.12 sec.

Phase 2.2 Process placement started.
Process placement takes 0.02 sec.

Phase 2.3 IO placement started.
IO placement takes 0.03 sec.

Phase 2.4 2nd GP placement started.
Run super clustering :
	Initial slack -10096.
	10 iterations finished.
	Final slack -1759.
Super clustering done.
Design Utilization : 7%.
Worst slack after global placement is 4908
2nd GP placement takes 2.20 sec.

Wirelength after global placement is 45164 and checksum is AC5DA480AE2B821D.
Global placement takes 2.38 sec.

Phase 3 Post global placement started.
Phase 3.1 Macro cell placement started.
I: Process macros using "Greedy".
Wirelength after macro cell placement is 48756 and checksum is CE88F90586C23A51.
Macro cell placement takes 0.00 sec.

Phase 3.2 3rd GP placement started.
Run super clustering :
	Initial slack -10096.
	10 iterations finished.
	Final slack -1759.
Super clustering done.
Design Utilization : 7%.
Worst slack after post global placement is 4732
3rd GP placement takes 2.23 sec.

Wirelength after post global placement is 37161 and checksum is E8947F3D77981CD.
Post global placement takes 2.27 sec.

Phase 4 Legalization started.
The average distance in LP is 1.022856.
Wirelength after legalization is 45966 and checksum is 70B0F299D612B645.
Legalization takes 0.44 sec.

Phase 5 Timing-driven detailed placement started.
Phase 5.1 Replication placement started.
Worst slack before Replication Place is 1719.
Replication placement takes 0.12 sec.

Wirelength after replication placement is 45966 and checksum is 70B0F299D612B645.
Phase 5.2 DP placement started.
Legalized cost 1719.000000.
The detailed placement ends at 0th iteration.
DP placement takes 0.06 sec.

Wirelength after detailed placement is 45966 and checksum is 70B0F299D612B645.
Timing-driven detailed placement takes 0.20 sec.

Worst slack is 1719, TNS after placement is 0.
Placement done.
Total placement takes 10.61 sec.
Finished placement.

Routing started.
Building routing graph takes 1.69 sec.
Worst slack is 1719, TNS before global route is 0.
Processing design graph takes 0.59 sec.
Total memory for routing:
	118.260088 M.
Total nets for routing : 5390.
Global Routing step 1 processed 0 nets, it takes 0.05 sec.
Rcf routing step 1 processed 0 nets, it takes 0.00 sec.
Rcf routing step 2 processed 0 nets, it takes 0.00 sec.
Rcf routing step 3 processed 0 nets, it takes 0.00 sec.
Unrouted nets 0 at the end of iteration 0.
Global Routing step 1 processed 126 nets, it takes 0.02 sec.
Unrouted nets 134 at the end of iteration 0.
Unrouted nets 93 at the end of iteration 1.
Unrouted nets 68 at the end of iteration 2.
Unrouted nets 59 at the end of iteration 3.
Unrouted nets 39 at the end of iteration 4.
Unrouted nets 35 at the end of iteration 5.
Unrouted nets 26 at the end of iteration 6.
Unrouted nets 22 at the end of iteration 7.
Unrouted nets 23 at the end of iteration 8.
Unrouted nets 18 at the end of iteration 9.
Unrouted nets 16 at the end of iteration 10.
Unrouted nets 17 at the end of iteration 11.
Unrouted nets 16 at the end of iteration 12.
Unrouted nets 14 at the end of iteration 13.
Unrouted nets 17 at the end of iteration 14.
Unrouted nets 15 at the end of iteration 15.
Unrouted nets 12 at the end of iteration 16.
Unrouted nets 10 at the end of iteration 17.
Unrouted nets 11 at the end of iteration 18.
Unrouted nets 10 at the end of iteration 19.
Unrouted nets 10 at the end of iteration 20.
Unrouted nets 10 at the end of iteration 21.
Unrouted nets 6 at the end of iteration 22.
Unrouted nets 6 at the end of iteration 23.
Unrouted nets 6 at the end of iteration 24.
Unrouted nets 7 at the end of iteration 25.
Unrouted nets 6 at the end of iteration 26.
Unrouted nets 6 at the end of iteration 27.
Unrouted nets 6 at the end of iteration 28.
Unrouted nets 6 at the end of iteration 29.
Unrouted nets 7 at the end of iteration 30.
Unrouted nets 6 at the end of iteration 31.
Unrouted nets 6 at the end of iteration 32.
Unrouted nets 6 at the end of iteration 33.
Unrouted nets 6 at the end of iteration 34.
Unrouted nets 7 at the end of iteration 35.
Unrouted nets 6 at the end of iteration 36.
Unrouted nets 6 at the end of iteration 37.
Unrouted nets 6 at the end of iteration 38.
Unrouted nets 6 at the end of iteration 39.
Unrouted nets 7 at the end of iteration 40.
Unrouted nets 7 at the end of iteration 41.
Unrouted nets 6 at the end of iteration 42.
Unrouted nets 6 at the end of iteration 43.
Unrouted nets 6 at the end of iteration 44.
Unrouted nets 6 at the end of iteration 45.
Unrouted nets 6 at the end of iteration 46.
Unrouted nets 7 at the end of iteration 47.
Unrouted nets 5 at the end of iteration 48.
Unrouted nets 5 at the end of iteration 49.
Unrouted nets 4 at the end of iteration 50.
Unrouted nets 4 at the end of iteration 51.
Unrouted nets 4 at the end of iteration 52.
Unrouted nets 4 at the end of iteration 53.
Unrouted nets 4 at the end of iteration 54.
Unrouted nets 4 at the end of iteration 55.
Unrouted nets 4 at the end of iteration 56.
Unrouted nets 5 at the end of iteration 57.
Unrouted nets 4 at the end of iteration 58.
Unrouted nets 4 at the end of iteration 59.
Unrouted nets 4 at the end of iteration 60.
Unrouted nets 4 at the end of iteration 61.
Unrouted nets 4 at the end of iteration 62.
Unrouted nets 4 at the end of iteration 63.
Unrouted nets 4 at the end of iteration 64.
Unrouted nets 4 at the end of iteration 65.
Unrouted nets 4 at the end of iteration 66.
Unrouted nets 4 at the end of iteration 67.
Unrouted nets 3 at the end of iteration 68.
Unrouted nets 3 at the end of iteration 69.
Unrouted nets 3 at the end of iteration 70.
Unrouted nets 3 at the end of iteration 71.
Unrouted nets 3 at the end of iteration 72.
Unrouted nets 3 at the end of iteration 73.
Unrouted nets 3 at the end of iteration 74.
Unrouted nets 3 at the end of iteration 75.
Unrouted nets 3 at the end of iteration 76.
Unrouted nets 3 at the end of iteration 77.
Unrouted nets 4 at the end of iteration 78.
Unrouted nets 5 at the end of iteration 79.
Unrouted nets 2 at the end of iteration 80.
Unrouted nets 2 at the end of iteration 81.
Unrouted nets 2 at the end of iteration 82.
Unrouted nets 2 at the end of iteration 83.
Unrouted nets 2 at the end of iteration 84.
Unrouted nets 2 at the end of iteration 85.
Unrouted nets 2 at the end of iteration 86.
Unrouted nets 2 at the end of iteration 87.
Unrouted nets 2 at the end of iteration 88.
Unrouted nets 2 at the end of iteration 89.
Unrouted nets 2 at the end of iteration 90.
Unrouted nets 2 at the end of iteration 91.
Unrouted nets 2 at the end of iteration 92.
Unrouted nets 1 at the end of iteration 93.
Unrouted nets 1 at the end of iteration 94.
Unrouted nets 1 at the end of iteration 95.
Unrouted nets 1 at the end of iteration 96.
Unrouted nets 1 at the end of iteration 97.
Unrouted nets 1 at the end of iteration 98.
Unrouted nets 1 at the end of iteration 99.
Unrouted nets 1 at the end of iteration 100.
Unrouted nets 1 at the end of iteration 101.
Unrouted nets 1 at the end of iteration 102.
Unrouted nets 1 at the end of iteration 103.
Unrouted nets 1 at the end of iteration 104.
Unrouted nets 1 at the end of iteration 105.
Unrouted nets 1 at the end of iteration 106.
Unrouted nets 1 at the end of iteration 107.
Unrouted nets 1 at the end of iteration 108.
Unrouted nets 1 at the end of iteration 109.
Unrouted nets 1 at the end of iteration 110.
Unrouted nets 1 at the end of iteration 111.
Unrouted nets 1 at the end of iteration 112.
Unrouted nets 1 at the end of iteration 113.
Unrouted nets 1 at the end of iteration 114.
Unrouted nets 1 at the end of iteration 115.
Unrouted nets 1 at the end of iteration 116.
Unrouted nets 1 at the end of iteration 117.
Unrouted nets 1 at the end of iteration 118.
Unrouted nets 1 at the end of iteration 119.
Unrouted nets 0 at the end of iteration 120.
Global Routing step 2 processed 339 nets, it takes 3.86 sec.
Unrouted nets 69 at the end of iteration 0.
Unrouted nets 25 at the end of iteration 1.
Unrouted nets 10 at the end of iteration 2.
Unrouted nets 4 at the end of iteration 3.
Unrouted nets 0 at the end of iteration 4.
Global Routing step 3 processed 155 nets, it takes 0.33 sec.
Global routing takes 4.23 sec.
Total 6087 subnets.
    forward max bucket size 929 , backward 114.
        Unrouted nets 4168 at the end of iteration 0.
    route iteration 0, CPU time elapsed 1.015625 sec.
    forward max bucket size 173 , backward 137.
        Unrouted nets 3648 at the end of iteration 1.
    route iteration 1, CPU time elapsed 0.875000 sec.
    forward max bucket size 212 , backward 140.
        Unrouted nets 3248 at the end of iteration 2.
    route iteration 2, CPU time elapsed 0.843750 sec.
    forward max bucket size 199 , backward 101.
        Unrouted nets 2877 at the end of iteration 3.
    route iteration 3, CPU time elapsed 0.906250 sec.
    forward max bucket size 233 , backward 131.
        Unrouted nets 2618 at the end of iteration 4.
    route iteration 4, CPU time elapsed 0.906250 sec.
    forward max bucket size 167 , backward 120.
        Unrouted nets 2391 at the end of iteration 5.
    route iteration 5, CPU time elapsed 0.890625 sec.
    forward max bucket size 117 , backward 108.
        Unrouted nets 2325 at the end of iteration 6.
    route iteration 6, CPU time elapsed 0.796875 sec.
    forward max bucket size 182 , backward 121.
        Unrouted nets 2126 at the end of iteration 7.
    route iteration 7, CPU time elapsed 0.734375 sec.
    forward max bucket size 147 , backward 85.
        Unrouted nets 1847 at the end of iteration 8.
    route iteration 8, CPU time elapsed 0.656250 sec.
    forward max bucket size 198 , backward 110.
        Unrouted nets 1592 at the end of iteration 9.
    route iteration 9, CPU time elapsed 0.593750 sec.
    forward max bucket size 236 , backward 133.
        Unrouted nets 1348 at the end of iteration 10.
    route iteration 10, CPU time elapsed 0.515625 sec.
    forward max bucket size 196 , backward 94.
        Unrouted nets 1180 at the end of iteration 11.
    route iteration 11, CPU time elapsed 0.515625 sec.
    forward max bucket size 166 , backward 159.
        Unrouted nets 1013 at the end of iteration 12.
    route iteration 12, CPU time elapsed 0.390625 sec.
    forward max bucket size 149 , backward 82.
        Unrouted nets 861 at the end of iteration 13.
    route iteration 13, CPU time elapsed 0.359375 sec.
    forward max bucket size 61 , backward 78.
        Unrouted nets 708 at the end of iteration 14.
    route iteration 14, CPU time elapsed 0.296875 sec.
    forward max bucket size 70 , backward 94.
        Unrouted nets 631 at the end of iteration 15.
    route iteration 15, CPU time elapsed 0.234375 sec.
    forward max bucket size 68 , backward 99.
        Unrouted nets 549 at the end of iteration 16.
    route iteration 16, CPU time elapsed 0.250000 sec.
    forward max bucket size 64 , backward 85.
        Unrouted nets 475 at the end of iteration 17.
    route iteration 17, CPU time elapsed 0.203125 sec.
    forward max bucket size 58 , backward 105.
        Unrouted nets 403 at the end of iteration 18.
    route iteration 18, CPU time elapsed 0.171875 sec.
    forward max bucket size 43 , backward 88.
        Unrouted nets 331 at the end of iteration 19.
    route iteration 19, CPU time elapsed 0.109375 sec.
    forward max bucket size 37 , backward 89.
        Unrouted nets 281 at the end of iteration 20.
    route iteration 20, CPU time elapsed 0.125000 sec.
    forward max bucket size 57 , backward 207.
        Unrouted nets 249 at the end of iteration 21.
    route iteration 21, CPU time elapsed 0.109375 sec.
    forward max bucket size 54 , backward 227.
        Unrouted nets 245 at the end of iteration 22.
    route iteration 22, CPU time elapsed 0.109375 sec.
    forward max bucket size 46 , backward 259.
        Unrouted nets 225 at the end of iteration 23.
    route iteration 23, CPU time elapsed 0.125000 sec.
    forward max bucket size 112 , backward 170.
        Unrouted nets 198 at the end of iteration 24.
    route iteration 24, CPU time elapsed 0.109375 sec.
    forward max bucket size 40 , backward 66.
        Unrouted nets 181 at the end of iteration 25.
    route iteration 25, CPU time elapsed 0.078125 sec.
    forward max bucket size 68 , backward 71.
        Unrouted nets 164 at the end of iteration 26.
    route iteration 26, CPU time elapsed 0.078125 sec.
    forward max bucket size 128 , backward 168.
        Unrouted nets 144 at the end of iteration 27.
    route iteration 27, CPU time elapsed 0.078125 sec.
    forward max bucket size 119 , backward 66.
        Unrouted nets 125 at the end of iteration 28.
    route iteration 28, CPU time elapsed 0.078125 sec.
    forward max bucket size 49 , backward 79.
        Unrouted nets 119 at the end of iteration 29.
    route iteration 29, CPU time elapsed 0.062500 sec.
    forward max bucket size 62 , backward 206.
        Unrouted nets 115 at the end of iteration 30.
    route iteration 30, CPU time elapsed 0.062500 sec.
    forward max bucket size 71 , backward 135.
        Unrouted nets 97 at the end of iteration 31.
    route iteration 31, CPU time elapsed 0.062500 sec.
    forward max bucket size 111 , backward 99.
        Unrouted nets 84 at the end of iteration 32.
    route iteration 32, CPU time elapsed 0.078125 sec.
    forward max bucket size 50 , backward 88.
        Unrouted nets 72 at the end of iteration 33.
    route iteration 33, CPU time elapsed 0.046875 sec.
    forward max bucket size 59 , backward 92.
        Unrouted nets 86 at the end of iteration 34.
    route iteration 34, CPU time elapsed 0.062500 sec.
    forward max bucket size 93 , backward 75.
        Unrouted nets 78 at the end of iteration 35.
    route iteration 35, CPU time elapsed 0.046875 sec.
    forward max bucket size 50 , backward 55.
        Unrouted nets 87 at the end of iteration 36.
    route iteration 36, CPU time elapsed 0.046875 sec.
    forward max bucket size 96 , backward 77.
        Unrouted nets 58 at the end of iteration 37.
    route iteration 37, CPU time elapsed 0.046875 sec.
    forward max bucket size 32 , backward 39.
        Unrouted nets 70 at the end of iteration 38.
    route iteration 38, CPU time elapsed 0.062500 sec.
    forward max bucket size 35 , backward 39.
        Unrouted nets 51 at the end of iteration 39.
    route iteration 39, CPU time elapsed 0.031250 sec.
    forward max bucket size 38 , backward 63.
        Unrouted nets 56 at the end of iteration 40.
    route iteration 40, CPU time elapsed 0.046875 sec.
    forward max bucket size 40 , backward 64.
        Unrouted nets 43 at the end of iteration 41.
    route iteration 41, CPU time elapsed 0.046875 sec.
    forward max bucket size 28 , backward 37.
        Unrouted nets 23 at the end of iteration 42.
    route iteration 42, CPU time elapsed 0.031250 sec.
    forward max bucket size 26 , backward 23.
        Unrouted nets 17 at the end of iteration 43.
    route iteration 43, CPU time elapsed 0.015625 sec.
    forward max bucket size 179 , backward 96.
        Unrouted nets 12 at the end of iteration 44.
    route iteration 44, CPU time elapsed 0.015625 sec.
    forward max bucket size 179 , backward 101.
        Unrouted nets 12 at the end of iteration 45.
    route iteration 45, CPU time elapsed 0.031250 sec.
    forward max bucket size 32 , backward 29.
        Unrouted nets 22 at the end of iteration 46.
    route iteration 46, CPU time elapsed 0.031250 sec.
    forward max bucket size 29 , backward 48.
        Unrouted nets 28 at the end of iteration 47.
    route iteration 47, CPU time elapsed 0.015625 sec.
    forward max bucket size 27 , backward 27.
        Unrouted nets 22 at the end of iteration 48.
    route iteration 48, CPU time elapsed 0.031250 sec.
    forward max bucket size 24 , backward 42.
        Unrouted nets 26 at the end of iteration 49.
    route iteration 49, CPU time elapsed 0.046875 sec.
    forward max bucket size 40 , backward 32.
        Unrouted nets 23 at the end of iteration 50.
    route iteration 50, CPU time elapsed 0.015625 sec.
    forward max bucket size 86 , backward 158.
        Unrouted nets 22 at the end of iteration 51.
    route iteration 51, CPU time elapsed 0.015625 sec.
    forward max bucket size 81 , backward 178.
        Unrouted nets 25 at the end of iteration 52.
    route iteration 52, CPU time elapsed 0.031250 sec.
    forward max bucket size 90 , backward 182.
        Unrouted nets 18 at the end of iteration 53.
    route iteration 53, CPU time elapsed 0.031250 sec.
    forward max bucket size 27 , backward 58.
        Unrouted nets 16 at the end of iteration 54.
    route iteration 54, CPU time elapsed 0.031250 sec.
    forward max bucket size 17 , backward 18.
        Unrouted nets 15 at the end of iteration 55.
    route iteration 55, CPU time elapsed 0.015625 sec.
    forward max bucket size 20 , backward 34.
        Unrouted nets 12 at the end of iteration 56.
    route iteration 56, CPU time elapsed 0.031250 sec.
    forward max bucket size 30 , backward 88.
        Unrouted nets 12 at the end of iteration 57.
    route iteration 57, CPU time elapsed 0.031250 sec.
    forward max bucket size 67 , backward 156.
        Unrouted nets 16 at the end of iteration 58.
    route iteration 58, CPU time elapsed 0.015625 sec.
    forward max bucket size 45 , backward 70.
        Unrouted nets 19 at the end of iteration 59.
    route iteration 59, CPU time elapsed 0.015625 sec.
    forward max bucket size 28 , backward 26.
        Unrouted nets 16 at the end of iteration 60.
    route iteration 60, CPU time elapsed 0.031250 sec.
    forward max bucket size 39 , backward 42.
        Unrouted nets 11 at the end of iteration 61.
    route iteration 61, CPU time elapsed 0.031250 sec.
    forward max bucket size 23 , backward 26.
        Unrouted nets 11 at the end of iteration 62.
    route iteration 62, CPU time elapsed 0.031250 sec.
    forward max bucket size 24 , backward 22.
        Unrouted nets 11 at the end of iteration 63.
    route iteration 63, CPU time elapsed 0.015625 sec.
    forward max bucket size 28 , backward 27.
        Unrouted nets 9 at the end of iteration 64.
    route iteration 64, CPU time elapsed 0.015625 sec.
    forward max bucket size 17 , backward 9.
        Unrouted nets 9 at the end of iteration 65.
    route iteration 65, CPU time elapsed 0.031250 sec.
    forward max bucket size 17 , backward 12.
        Unrouted nets 8 at the end of iteration 66.
    route iteration 66, CPU time elapsed 0.031250 sec.
    forward max bucket size 20 , backward 29.
        Unrouted nets 9 at the end of iteration 67.
    route iteration 67, CPU time elapsed 0.015625 sec.
    forward max bucket size 20 , backward 16.
        Unrouted nets 6 at the end of iteration 68.
    route iteration 68, CPU time elapsed 0.031250 sec.
    forward max bucket size 20 , backward 13.
        Unrouted nets 6 at the end of iteration 69.
    route iteration 69, CPU time elapsed 0.015625 sec.
    forward max bucket size 20 , backward 28.
        Unrouted nets 4 at the end of iteration 70.
    route iteration 70, CPU time elapsed 0.015625 sec.
    forward max bucket size 24 , backward 21.
        Unrouted nets 2 at the end of iteration 71.
    route iteration 71, CPU time elapsed 0.031250 sec.
    forward max bucket size 6 , backward 3.
        Unrouted nets 2 at the end of iteration 72.
    route iteration 72, CPU time elapsed 0.015625 sec.
    forward max bucket size 6 , backward 3.
        Unrouted nets 2 at the end of iteration 73.
    route iteration 73, CPU time elapsed 0.000000 sec.
    forward max bucket size 6 , backward 3.
        Unrouted nets 2 at the end of iteration 74.
    route iteration 74, CPU time elapsed 0.015625 sec.
    forward max bucket size 6 , backward 3.
        Unrouted nets 2 at the end of iteration 75.
    route iteration 75, CPU time elapsed 0.015625 sec.
    forward max bucket size 6 , backward 3.
        Unrouted nets 2 at the end of iteration 76.
    route iteration 76, CPU time elapsed 0.015625 sec.
    forward max bucket size 6 , backward 3.
        Unrouted nets 2 at the end of iteration 77.
    route iteration 77, CPU time elapsed 0.015625 sec.
    forward max bucket size 6 , backward 3.
        Unrouted nets 2 at the end of iteration 78.
    route iteration 78, CPU time elapsed 0.015625 sec.
    forward max bucket size 6 , backward 3.
        Unrouted nets 2 at the end of iteration 79.
    route iteration 79, CPU time elapsed 0.015625 sec.
    forward max bucket size 6 , backward 3.
        Unrouted nets 2 at the end of iteration 80.
    route iteration 80, CPU time elapsed 0.015625 sec.
    forward max bucket size 6 , backward 3.
        Unrouted nets 2 at the end of iteration 81.
    route iteration 81, CPU time elapsed 0.031250 sec.
    forward max bucket size 6 , backward 3.
        Unrouted nets 2 at the end of iteration 82.
    route iteration 82, CPU time elapsed 0.015625 sec.
    forward max bucket size 6 , backward 3.
        Unrouted nets 2 at the end of iteration 83.
    route iteration 83, CPU time elapsed 0.015625 sec.
    forward max bucket size 6 , backward 3.
        Unrouted nets 2 at the end of iteration 84.
    route iteration 84, CPU time elapsed 0.015625 sec.
    forward max bucket size 6 , backward 3.
        Unrouted nets 2 at the end of iteration 85.
    route iteration 85, CPU time elapsed 0.015625 sec.
    forward max bucket size 6 , backward 3.
        Unrouted nets 2 at the end of iteration 86.
    route iteration 86, CPU time elapsed 0.015625 sec.
    forward max bucket size 6 , backward 3.
        Unrouted nets 2 at the end of iteration 87.
    route iteration 87, CPU time elapsed 0.015625 sec.
    forward max bucket size 6 , backward 3.
        Unrouted nets 2 at the end of iteration 88.
    route iteration 88, CPU time elapsed 0.015625 sec.
    forward max bucket size 6 , backward 3.
        Unrouted nets 2 at the end of iteration 89.
    route iteration 89, CPU time elapsed 0.015625 sec.
    forward max bucket size 6 , backward 3.
        Unrouted nets 2 at the end of iteration 90.
    route iteration 90, CPU time elapsed 0.015625 sec.
    forward max bucket size 6 , backward 3.
        Unrouted nets 2 at the end of iteration 91.
    route iteration 91, CPU time elapsed 0.015625 sec.
    forward max bucket size 6 , backward 3.
        Unrouted nets 2 at the end of iteration 92.
    route iteration 92, CPU time elapsed 0.015625 sec.
    forward max bucket size 6 , backward 3.
        Unrouted nets 2 at the end of iteration 93.
    route iteration 93, CPU time elapsed 0.015625 sec.
    forward max bucket size 6 , backward 3.
        Unrouted nets 2 at the end of iteration 94.
    route iteration 94, CPU time elapsed 0.031250 sec.
    forward max bucket size 6 , backward 3.
        Unrouted nets 2 at the end of iteration 95.
    route iteration 95, CPU time elapsed 0.031250 sec.
    forward max bucket size 6 , backward 3.
        Unrouted nets 2 at the end of iteration 96.
    route iteration 96, CPU time elapsed 0.015625 sec.
    forward max bucket size 6 , backward 3.
        Unrouted nets 2 at the end of iteration 97.
    route iteration 97, CPU time elapsed 0.015625 sec.
    forward max bucket size 6 , backward 3.
        Unrouted nets 2 at the end of iteration 98.
    route iteration 98, CPU time elapsed 0.015625 sec.
    forward max bucket size 6 , backward 3.
        Unrouted nets 2 at the end of iteration 99.
    route iteration 99, CPU time elapsed 0.015625 sec.
    forward max bucket size 6 , backward 3.
        Unrouted nets 2 at the end of iteration 100.
    route iteration 100, CPU time elapsed 0.031250 sec.
    forward max bucket size 6 , backward 3.
        Unrouted nets 2 at the end of iteration 101.
    route iteration 101, CPU time elapsed 0.015625 sec.
    forward max bucket size 6 , backward 3.
        Unrouted nets 2 at the end of iteration 102.
    route iteration 102, CPU time elapsed 0.015625 sec.
    forward max bucket size 6 , backward 3.
        Unrouted nets 2 at the end of iteration 103.
    route iteration 103, CPU time elapsed 0.015625 sec.
    forward max bucket size 6 , backward 3.
        Unrouted nets 2 at the end of iteration 104.
    route iteration 104, CPU time elapsed 0.015625 sec.
    forward max bucket size 6 , backward 3.
        Unrouted nets 2 at the end of iteration 105.
    route iteration 105, CPU time elapsed 0.015625 sec.
    forward max bucket size 6 , backward 3.
        Unrouted nets 2 at the end of iteration 106.
    route iteration 106, CPU time elapsed 0.015625 sec.
    forward max bucket size 6 , backward 3.
        Unrouted nets 2 at the end of iteration 107.
    route iteration 107, CPU time elapsed 0.015625 sec.
    forward max bucket size 6 , backward 3.
        Unrouted nets 2 at the end of iteration 108.
    route iteration 108, CPU time elapsed 0.031250 sec.
    forward max bucket size 6 , backward 3.
        Unrouted nets 2 at the end of iteration 109.
    route iteration 109, CPU time elapsed 0.015625 sec.
    forward max bucket size 6 , backward 3.
        Unrouted nets 2 at the end of iteration 110.
    route iteration 110, CPU time elapsed 0.015625 sec.
    forward max bucket size 6 , backward 3.
        Unrouted nets 2 at the end of iteration 111.
    route iteration 111, CPU time elapsed 0.015625 sec.
    forward max bucket size 6 , backward 3.
        Unrouted nets 2 at the end of iteration 112.
    route iteration 112, CPU time elapsed 0.015625 sec.
    forward max bucket size 6 , backward 3.
        Unrouted nets 2 at the end of iteration 113.
    route iteration 113, CPU time elapsed 0.015625 sec.
    forward max bucket size 6 , backward 3.
        Unrouted nets 2 at the end of iteration 114.
    route iteration 114, CPU time elapsed 0.015625 sec.
    forward max bucket size 6 , backward 3.
        Unrouted nets 2 at the end of iteration 115.
    route iteration 115, CPU time elapsed 0.015625 sec.
    forward max bucket size 6 , backward 3.
        Unrouted nets 2 at the end of iteration 116.
    route iteration 116, CPU time elapsed 0.000000 sec.
    forward max bucket size 6 , backward 3.
        Unrouted nets 2 at the end of iteration 117.
    route iteration 117, CPU time elapsed 0.015625 sec.
    forward max bucket size 6 , backward 3.
        Unrouted nets 2 at the end of iteration 118.
    route iteration 118, CPU time elapsed 0.015625 sec.
    forward max bucket size 6 , backward 3.
        Unrouted nets 2 at the end of iteration 119.
    route iteration 119, CPU time elapsed 0.015625 sec.
    forward max bucket size 6 , backward 3.
        Unrouted nets 2 at the end of iteration 120.
    route iteration 120, CPU time elapsed 0.015625 sec.
    forward max bucket size 6 , backward 3.
        Unrouted nets 2 at the end of iteration 121.
    route iteration 121, CPU time elapsed 0.015625 sec.
    forward max bucket size 6 , backward 3.
        Unrouted nets 2 at the end of iteration 122.
    route iteration 122, CPU time elapsed 0.000000 sec.
    forward max bucket size 6 , backward 3.
        Unrouted nets 2 at the end of iteration 123.
    route iteration 123, CPU time elapsed 0.015625 sec.
    forward max bucket size 6 , backward 3.
        Unrouted nets 2 at the end of iteration 124.
    route iteration 124, CPU time elapsed 0.015625 sec.
    forward max bucket size 6 , backward 3.
        Unrouted nets 2 at the end of iteration 125.
    route iteration 125, CPU time elapsed 0.015625 sec.
    forward max bucket size 6 , backward 3.
        Unrouted nets 2 at the end of iteration 126.
    route iteration 126, CPU time elapsed 0.015625 sec.
    forward max bucket size 6 , backward 3.
        Unrouted nets 2 at the end of iteration 127.
    route iteration 127, CPU time elapsed 0.031250 sec.
    forward max bucket size 6 , backward 3.
        Unrouted nets 2 at the end of iteration 128.
    route iteration 128, CPU time elapsed 0.015625 sec.
    forward max bucket size 6 , backward 3.
        Unrouted nets 2 at the end of iteration 129.
    route iteration 129, CPU time elapsed 0.015625 sec.
    forward max bucket size 6 , backward 3.
        Unrouted nets 2 at the end of iteration 130.
    route iteration 130, CPU time elapsed 0.015625 sec.
    forward max bucket size 6 , backward 3.
        Unrouted nets 2 at the end of iteration 131.
    route iteration 131, CPU time elapsed 0.015625 sec.
    forward max bucket size 10 , backward 7.
        Unrouted nets 11 at the end of iteration 132.
    route iteration 132, CPU time elapsed 0.015625 sec.
    forward max bucket size 18 , backward 13.
        Unrouted nets 9 at the end of iteration 133.
    route iteration 133, CPU time elapsed 0.031250 sec.
    forward max bucket size 16 , backward 13.
        Unrouted nets 2 at the end of iteration 134.
    route iteration 134, CPU time elapsed 0.031250 sec.
    forward max bucket size 16 , backward 8.
        Unrouted nets 3 at the end of iteration 135.
    route iteration 135, CPU time elapsed 0.015625 sec.
    forward max bucket size 18 , backward 23.
        Unrouted nets 2 at the end of iteration 136.
    route iteration 136, CPU time elapsed 0.031250 sec.
    forward max bucket size 16 , backward 6.
        Unrouted nets 2 at the end of iteration 137.
    route iteration 137, CPU time elapsed 0.015625 sec.
    forward max bucket size 23 , backward 21.
        Unrouted nets 2 at the end of iteration 138.
    route iteration 138, CPU time elapsed 0.015625 sec.
    forward max bucket size 14 , backward 16.
        Unrouted nets 0 at the end of iteration 139.
    route iteration 139, CPU time elapsed 0.015625 sec.
Detailed routing takes 139 iterations
Detailed routing takes 15.78 sec.
Start fix hold violation.
Build tmp routing results takes 0.08 sec.
Timing analysis takes 0.05 sec.
No hold violation.
Hold Violation Fix in router takes 0 iterations.
Fix hold violation Finished.
Hold Violation Fix in router takes 0.41 sec.

Dispose routing result:
    Collect routing result.
    Delete unused device instances.
    Annotate routing result.
    Change LUT configuration.
    Dispose misc instances.
    Annotate routing result again.
Finish routing takes 0.27 sec.
Used SRB routing arc is 60399.
Cleanup routing takes 0.03 sec.
Routing done.
Total routing takes 23.67 sec.


Device Utilization Summary :
+---------------------------------------------------------------------------+
| Logic Utilization        | Used     | Available     | Utilization(%)     
+---------------------------------------------------------------------------+
| Use of APM               | 0        | 84            | 0                  
| Use of BKCL              | 2        | 4             | 50                 
| Use of CLMA              | 678      | 6450          | 11                 
|   FF                     | 1271     | 38700         | 4                  
|   LUT                    | 1824     | 25800         | 8                  
|   LUT-FF pairs           | 360      | 25800         | 2                  
| Use of CLMS              | 424      | 4250          | 10                 
|   FF                     | 834      | 25500         | 4                  
|   LUT                    | 1127     | 17000         | 7                  
|   LUT-FF pairs           | 286      | 17000         | 2                  
|   Distributed RAM        | 0        | 17000         | 0                  
| Use of CRYSTAL           | 0        | 2             | 0                  
| Use of DLL               | 0        | 10            | 0                  
| Use of DQSL              | 0        | 18            | 0                  
| Use of DRM               | 10       | 134           | 8                  
| Use of FUSECODE          | 0        | 1             | 0                  
| Use of HARD0N1           | 134      | 6672          | 3                  
| Use of IO                | 45       | 218           | 21                 
|   IOBD                   | 1        | 53            | 2                  
|   IOBR_LR                | 1        | 5             | 20                 
|   IOBR_TB                | 2        | 7             | 29                 
|   IOBS_LR                | 37       | 107           | 35                 
|   IOBS_TB                | 4        | 46            | 9                  
| Use of IOCKDIV           | 0        | 20            | 0                  
| Use of IOCKDLY           | 0        | 40            | 0                  
| Use of IOCKGATE          | 0        | 20            | 0                  
| Use of IOCKGMUX_TEST     | 0        | 20            | 0                  
| Use of IOL               | 45       | 400           | 12                 
| Use of IPAL              | 0        | 1             | 0                  
| Use of LDO               | 0        | 4             | 0                  
| Use of MFG_TEST          | 0        | 1             | 0                  
| Use of OSC               | 0        | 1             | 0                  
| Use of PIOMUX_TEST       | 0        | 10            | 0                  
| Use of PLL               | 1        | 5             | 20                 
| Use of PREGMUX_TEST      | 0        | 6             | 0                  
| Use of RCKB              | 0        | 24            | 0                  
|  RCKB dataused           | 0        | 24            | 0                  
| Use of RCKBMUX_TEST      | 0        | 12            | 0                  
| Use of RESCAL            | 0        | 4             | 0                  
| Use of SCANCHAIN         | 0        | 2             | 0                  
| Use of START             | 1        | 1             | 100                
| Use of UDID              | 0        | 1             | 0                  
| Use of USCM              | 1        | 30            | 4                  
|  USCM dataused           | 0        | 30            | 0                  
| Use of USCMMUX_TEST      | 0        | 30            | 0                  
| Use of VCKBMUX_TEST      | 0        | 12            | 0                  
+---------------------------------------------------------------------------+

Finished routing.
Design 'SoC_Top' has been placed and routed successfully.
Saving design to DB.
Finished placement and routing.
Action pnr: Real time elapsed is 0h:0m:52s
Action pnr: CPU time elapsed is 0h:0m:48s
Action pnr: Process CPU time elapsed is 0h:0m:53s
Current time: Thu Mar 26 21:56:58 2026
Action pnr: Peak memory pool usage is 933 MB
