#Build: Fabric Compiler 2022.2-SP6.4, Build 146967, Jan 31 01:39 2024
#Install: E:\pango\PDS_2022.2-SP6.4\bin
#Application name: pds_shell.exe
#OS: Windows 10 10.0.26200
#Hostname: LAPTOP-E3CFACBD
Generated by Fabric Compiler (version 2022.2-SP6.4 build 146967) at Fri Mar 27 18:41:16 2026
Compiling verification operator library.
Compiling common defs.
Compiling prim grid devices.
Compiling gate devices.
Compiling gate operators.
Building architecture model.
Loading device packaging model.
pnr strategy configuration : 
strategy name : 0
Building architecture floorplan logic view.
Constraint check start.
Executing : def_port {uart_tx} LOC=T11 VCCIO=3.3 IOSTANDARD=LVCMOS33 PULLUP=TRUE
C: ConstraintEditor-2009: uart_tx is lack of SLEW, OUTPUT or INOUT PORT had better set SLEW, the optional value is {SLOW, FAST}.
C: ConstraintEditor-2009: uart_tx is lack of DRIVE, OUTPUT or INOUT PORT had better set DRIVE, the optional value is {8, 4, 12, 16, 24}.
Executing : def_port {uart_tx} LOC=T11 VCCIO=3.3 IOSTANDARD=LVCMOS33 PULLUP=TRUE successfully
Executing : def_port {rst_n} LOC=C4 VCCIO=1.2 IOSTANDARD=LVCMOS12 PULLUP=TRUE
Executing : def_port {rst_n} LOC=C4 VCCIO=1.2 IOSTANDARD=LVCMOS12 PULLUP=TRUE successfully
Executing : def_port {sys_clk} LOC=V9 VCCIO=3.3 IOSTANDARD=LVCMOS33 PULLUP=TRUE
Executing : def_port {sys_clk} LOC=V9 VCCIO=3.3 IOSTANDARD=LVCMOS33 PULLUP=TRUE successfully
Executing : def_port {uart_rx} LOC=R11 VCCIO=3.3 IOSTANDARD=LVCMOS33 PULLUP=TRUE
Executing : def_port {uart_rx} LOC=R11 VCCIO=3.3 IOSTANDARD=LVCMOS33 PULLUP=TRUE successfully
W: ConstraintEditor-4019: Port Bus 'ext_axi_if_araddr' unspecified I/O constraint.
W: ConstraintEditor-4019: Port Bus 'ext_axi_if_awaddr' unspecified I/O constraint.
W: ConstraintEditor-4019: Port Bus 'ext_axi_if_bresp' unspecified I/O constraint.
W: ConstraintEditor-4019: Port Bus 'ext_axi_if_rdata' unspecified I/O constraint.
W: ConstraintEditor-4019: Port Bus 'ext_axi_if_rresp' unspecified I/O constraint.
W: ConstraintEditor-4019: Port Bus 'ext_axi_if_wdata' unspecified I/O constraint.
W: ConstraintEditor-4019: Port Bus 'ext_axi_if_wstrb' unspecified I/O constraint.
W: ConstraintEditor-4019: Port 'ext_axi_if_arready' unspecified I/O constraint.
W: ConstraintEditor-4019: Port 'ext_axi_if_arvalid' unspecified I/O constraint.
W: ConstraintEditor-4019: Port 'ext_axi_if_awready' unspecified I/O constraint.
W: ConstraintEditor-4019: Port 'ext_axi_if_awvalid' unspecified I/O constraint.
W: ConstraintEditor-4019: Port 'ext_axi_if_bready' unspecified I/O constraint.
W: ConstraintEditor-4019: Port 'ext_axi_if_bvalid' unspecified I/O constraint.
W: ConstraintEditor-4019: Port 'ext_axi_if_rready' unspecified I/O constraint.
W: ConstraintEditor-4019: Port 'ext_axi_if_rvalid' unspecified I/O constraint.
W: ConstraintEditor-4019: Port 'ext_axi_if_wready' unspecified I/O constraint.
W: ConstraintEditor-4019: Port 'ext_axi_if_wvalid' unspecified I/O constraint.
Constraint check end.
I: Column Clock Check open.
Read Column Clock Map.

Placement started.
Phase 1 Pre global placement started.
Mapping instance u_sys_pll/u_pll_e3/goppll to PLL_158_55.
Phase 1.1 1st GP placement started.
Design Utilization : 8%.
First map gop timing takes 0.34 sec
Worst slack after clock region global placement is 2077
Wirelength after clock region global placement is 54008 and checksum is C6B8B7D413B1489E.
1st GP placement takes 3.69 sec.

Phase 1.2 Clock placement started.
Mapping instance clkbufg_0/gopclkbufg to USCM_84_108.
Clock placement takes 0.17 sec.

Wirelength after Pre Global Placement is 54008 and checksum is C6B8B7D413B1489E.
Pre global placement takes 4.06 sec.

Phase 2 Global placement started.
Phase 2.1 Fixed placement started.
Placed fixed group with base inst rst_n_ibuf/opit_1 on IOL_11_373.
Placed fixed group with base inst sys_clk_ibuf/opit_1 on IOL_159_5.
Placed fixed group with base inst uart_rx_ibuf/opit_1 on IOL_219_6.
Placed fixed group with base inst uart_tx_obuf/opit_1 on IOL_219_5.
Placed fixed instance clkbufg_0/gopclkbufg on USCM_84_108.
Placed fixed instance u_sys_pll/u_pll_e3/goppll on PLL_158_55.
Placed fixed instance BKCL_auto_0 on BKCL_188_376.
Placed fixed instance BKCL_auto_1 on BKCL_192_0.
Fixed placement takes 0.06 sec.

Phase 2.2 Process placement started.
Process placement takes 0.00 sec.

Phase 2.3 IO placement started.
IO placement takes 0.03 sec.

Phase 2.4 2nd GP placement started.
Run super clustering :
	Initial slack -11177.
	13 iterations finished.
	Final slack -49.
Super clustering done.
Design Utilization : 8%.
Worst slack after global placement is 1894
2nd GP placement takes 3.11 sec.

Wirelength after global placement is 56172 and checksum is ED7103424B76CDB2.
Global placement takes 3.20 sec.

Phase 3 Post global placement started.
Phase 3.1 Macro cell placement started.
I: Process macros using "Greedy".
Wirelength after macro cell placement is 65004 and checksum is 40D8289F018FA929.
Macro cell placement takes 0.00 sec.

Phase 3.2 3rd GP placement started.
Run super clustering :
	Initial slack -11177.
	13 iterations finished.
	Final slack -49.
Super clustering done.
Design Utilization : 8%.
Worst slack after post global placement is 2353
3rd GP placement takes 2.91 sec.

Wirelength after post global placement is 61240 and checksum is D80F364080CFE243.
Post global placement takes 2.92 sec.

Phase 4 Legalization started.
The average distance in LP is 0.924375.
Wirelength after legalization is 69776 and checksum is 7E782D2041538FA.
Legalization takes 0.33 sec.

Phase 5 Timing-driven detailed placement started.
Phase 5.1 Replication placement started.
Worst slack before Replication Place is 488.
Replication placement takes 0.12 sec.

Wirelength after replication placement is 69776 and checksum is 7E782D2041538FA.
Phase 5.2 DP placement started.
Legalized cost 488.000000.
The detailed placement ends at 1th iteration.
DP placement takes 0.38 sec.

Wirelength after detailed placement is 70349 and checksum is B7B522C6B505A81.
Timing-driven detailed placement takes 0.50 sec.

Worst slack is 3357, TNS after placement is 0.
Placement done.
Total placement takes 12.47 sec.
Finished placement.

Routing started.
Building routing graph takes 1.52 sec.
Worst slack is 3357, TNS before global route is 0.
Processing design graph takes 0.66 sec.
Total memory for routing:
	118.717104 M.
Total nets for routing : 6386.
Global Routing step 1 processed 0 nets, it takes 0.14 sec.
Rcf routing step 1 processed 0 nets, it takes 0.00 sec.
Rcf routing step 2 processed 0 nets, it takes 0.00 sec.
Rcf routing step 3 processed 0 nets, it takes 0.00 sec.
Unrouted nets 0 at the end of iteration 0.
Global Routing step 1 processed 153 nets, it takes 0.03 sec.
Unrouted nets 180 at the end of iteration 0.
Unrouted nets 129 at the end of iteration 1.
Unrouted nets 117 at the end of iteration 2.
Unrouted nets 104 at the end of iteration 3.
Unrouted nets 96 at the end of iteration 4.
Unrouted nets 70 at the end of iteration 5.
Unrouted nets 57 at the end of iteration 6.
Unrouted nets 52 at the end of iteration 7.
Unrouted nets 47 at the end of iteration 8.
Unrouted nets 39 at the end of iteration 9.
Unrouted nets 22 at the end of iteration 10.
Unrouted nets 15 at the end of iteration 11.
Unrouted nets 12 at the end of iteration 12.
Unrouted nets 10 at the end of iteration 13.
Unrouted nets 7 at the end of iteration 14.
Unrouted nets 5 at the end of iteration 15.
Unrouted nets 4 at the end of iteration 16.
Unrouted nets 4 at the end of iteration 17.
Unrouted nets 2 at the end of iteration 18.
Unrouted nets 2 at the end of iteration 19.
Unrouted nets 2 at the end of iteration 20.
Unrouted nets 2 at the end of iteration 21.
Unrouted nets 2 at the end of iteration 22.
Unrouted nets 2 at the end of iteration 23.
Unrouted nets 2 at the end of iteration 24.
Unrouted nets 2 at the end of iteration 25.
Unrouted nets 2 at the end of iteration 26.
Unrouted nets 1 at the end of iteration 27.
Unrouted nets 1 at the end of iteration 28.
Unrouted nets 1 at the end of iteration 29.
Unrouted nets 1 at the end of iteration 30.
Unrouted nets 1 at the end of iteration 31.
Unrouted nets 1 at the end of iteration 32.
Unrouted nets 1 at the end of iteration 33.
Unrouted nets 1 at the end of iteration 34.
Unrouted nets 1 at the end of iteration 35.
Unrouted nets 1 at the end of iteration 36.
Unrouted nets 1 at the end of iteration 37.
Unrouted nets 1 at the end of iteration 38.
Unrouted nets 1 at the end of iteration 39.
Unrouted nets 1 at the end of iteration 40.
Unrouted nets 1 at the end of iteration 41.
Unrouted nets 1 at the end of iteration 42.
Unrouted nets 1 at the end of iteration 43.
Unrouted nets 1 at the end of iteration 44.
Unrouted nets 1 at the end of iteration 45.
Unrouted nets 1 at the end of iteration 46.
Unrouted nets 1 at the end of iteration 47.
Unrouted nets 1 at the end of iteration 48.
Unrouted nets 1 at the end of iteration 49.
Unrouted nets 1 at the end of iteration 50.
Unrouted nets 1 at the end of iteration 51.
Unrouted nets 1 at the end of iteration 52.
Unrouted nets 1 at the end of iteration 53.
Unrouted nets 1 at the end of iteration 54.
Unrouted nets 1 at the end of iteration 55.
Unrouted nets 1 at the end of iteration 56.
Unrouted nets 1 at the end of iteration 57.
Unrouted nets 1 at the end of iteration 58.
Unrouted nets 1 at the end of iteration 59.
Unrouted nets 1 at the end of iteration 60.
Unrouted nets 1 at the end of iteration 61.
Unrouted nets 1 at the end of iteration 62.
Unrouted nets 1 at the end of iteration 63.
Unrouted nets 1 at the end of iteration 64.
Unrouted nets 1 at the end of iteration 65.
Unrouted nets 1 at the end of iteration 66.
Unrouted nets 1 at the end of iteration 67.
Unrouted nets 1 at the end of iteration 68.
Unrouted nets 1 at the end of iteration 69.
Unrouted nets 1 at the end of iteration 70.
Unrouted nets 1 at the end of iteration 71.
Unrouted nets 1 at the end of iteration 72.
Unrouted nets 1 at the end of iteration 73.
Unrouted nets 1 at the end of iteration 74.
Unrouted nets 1 at the end of iteration 75.
Unrouted nets 1 at the end of iteration 76.
Unrouted nets 1 at the end of iteration 77.
Unrouted nets 1 at the end of iteration 78.
Unrouted nets 1 at the end of iteration 79.
Unrouted nets 1 at the end of iteration 80.
Unrouted nets 1 at the end of iteration 81.
Unrouted nets 1 at the end of iteration 82.
Unrouted nets 1 at the end of iteration 83.
Unrouted nets 1 at the end of iteration 84.
Unrouted nets 1 at the end of iteration 85.
Unrouted nets 1 at the end of iteration 86.
Unrouted nets 1 at the end of iteration 87.
Unrouted nets 1 at the end of iteration 88.
Unrouted nets 1 at the end of iteration 89.
Unrouted nets 1 at the end of iteration 90.
Unrouted nets 1 at the end of iteration 91.
Unrouted nets 1 at the end of iteration 92.
Unrouted nets 1 at the end of iteration 93.
Unrouted nets 1 at the end of iteration 94.
Unrouted nets 1 at the end of iteration 95.
Unrouted nets 1 at the end of iteration 96.
Unrouted nets 1 at the end of iteration 97.
Unrouted nets 1 at the end of iteration 98.
Unrouted nets 1 at the end of iteration 99.
Unrouted nets 1 at the end of iteration 100.
Unrouted nets 1 at the end of iteration 101.
Unrouted nets 1 at the end of iteration 102.
Unrouted nets 1 at the end of iteration 103.
Unrouted nets 1 at the end of iteration 104.
Unrouted nets 1 at the end of iteration 105.
Unrouted nets 1 at the end of iteration 106.
Unrouted nets 1 at the end of iteration 107.
Unrouted nets 1 at the end of iteration 108.
Unrouted nets 1 at the end of iteration 109.
Unrouted nets 1 at the end of iteration 110.
Unrouted nets 1 at the end of iteration 111.
Unrouted nets 1 at the end of iteration 112.
Unrouted nets 1 at the end of iteration 113.
Unrouted nets 1 at the end of iteration 114.
Unrouted nets 1 at the end of iteration 115.
Unrouted nets 1 at the end of iteration 116.
Unrouted nets 1 at the end of iteration 117.
Unrouted nets 1 at the end of iteration 118.
Unrouted nets 1 at the end of iteration 119.
Unrouted nets 1 at the end of iteration 120.
Unrouted nets 1 at the end of iteration 121.
Unrouted nets 1 at the end of iteration 122.
Unrouted nets 1 at the end of iteration 123.
Unrouted nets 1 at the end of iteration 124.
Unrouted nets 1 at the end of iteration 125.
Unrouted nets 1 at the end of iteration 126.
Unrouted nets 1 at the end of iteration 127.
Unrouted nets 1 at the end of iteration 128.
Unrouted nets 1 at the end of iteration 129.
Unrouted nets 1 at the end of iteration 130.
Unrouted nets 1 at the end of iteration 131.
Unrouted nets 1 at the end of iteration 132.
Unrouted nets 1 at the end of iteration 133.
Unrouted nets 1 at the end of iteration 134.
Unrouted nets 1 at the end of iteration 135.
Unrouted nets 1 at the end of iteration 136.
Unrouted nets 1 at the end of iteration 137.
Unrouted nets 1 at the end of iteration 138.
Unrouted nets 1 at the end of iteration 139.
Unrouted nets 1 at the end of iteration 140.
Unrouted nets 1 at the end of iteration 141.
Unrouted nets 1 at the end of iteration 142.
Unrouted nets 1 at the end of iteration 143.
Unrouted nets 1 at the end of iteration 144.
Unrouted nets 1 at the end of iteration 145.
Unrouted nets 1 at the end of iteration 146.
Unrouted nets 1 at the end of iteration 147.
Unrouted nets 1 at the end of iteration 148.
Unrouted nets 1 at the end of iteration 149.
Unrouted nets 1 at the end of iteration 150.
Unrouted nets 1 at the end of iteration 151.
Unrouted nets 1 at the end of iteration 152.
Unrouted nets 1 at the end of iteration 153.
Unrouted nets 1 at the end of iteration 154.
Unrouted nets 1 at the end of iteration 155.
Unrouted nets 1 at the end of iteration 156.
Unrouted nets 1 at the end of iteration 157.
Unrouted nets 1 at the end of iteration 158.
Unrouted nets 1 at the end of iteration 159.
Unrouted nets 1 at the end of iteration 160.
Unrouted nets 1 at the end of iteration 161.
Unrouted nets 1 at the end of iteration 162.
Unrouted nets 1 at the end of iteration 163.
Unrouted nets 1 at the end of iteration 164.
Unrouted nets 1 at the end of iteration 165.
Unrouted nets 1 at the end of iteration 166.
Unrouted nets 1 at the end of iteration 167.
Unrouted nets 1 at the end of iteration 168.
Unrouted nets 1 at the end of iteration 169.
Unrouted nets 1 at the end of iteration 170.
Unrouted nets 1 at the end of iteration 171.
Unrouted nets 1 at the end of iteration 172.
Unrouted nets 1 at the end of iteration 173.
Unrouted nets 1 at the end of iteration 174.
Unrouted nets 1 at the end of iteration 175.
Unrouted nets 1 at the end of iteration 176.
Unrouted nets 1 at the end of iteration 177.
Unrouted nets 1 at the end of iteration 178.
Unrouted nets 1 at the end of iteration 179.
Unrouted nets 1 at the end of iteration 180.
Unrouted nets 1 at the end of iteration 181.
Unrouted nets 1 at the end of iteration 182.
Unrouted nets 1 at the end of iteration 183.
Unrouted nets 1 at the end of iteration 184.
Unrouted nets 1 at the end of iteration 185.
Unrouted nets 1 at the end of iteration 186.
Unrouted nets 1 at the end of iteration 187.
Unrouted nets 1 at the end of iteration 188.
Unrouted nets 1 at the end of iteration 189.
Unrouted nets 1 at the end of iteration 190.
Unrouted nets 1 at the end of iteration 191.
Unrouted nets 1 at the end of iteration 192.
Unrouted nets 1 at the end of iteration 193.
Unrouted nets 1 at the end of iteration 194.
Unrouted nets 1 at the end of iteration 195.
Unrouted nets 1 at the end of iteration 196.
Unrouted nets 1 at the end of iteration 197.
Unrouted nets 1 at the end of iteration 198.
Unrouted nets 1 at the end of iteration 199.
Unrouted nets 1 at the end of iteration 200.
Unrouted nets 1 at the end of iteration 201.
Unrouted nets 1 at the end of iteration 202.
Unrouted nets 1 at the end of iteration 203.
Unrouted nets 1 at the end of iteration 204.
Unrouted nets 1 at the end of iteration 205.
Unrouted nets 1 at the end of iteration 206.
Unrouted nets 1 at the end of iteration 207.
Unrouted nets 1 at the end of iteration 208.
Unrouted nets 1 at the end of iteration 209.
Unrouted nets 1 at the end of iteration 210.
Unrouted nets 1 at the end of iteration 211.
Unrouted nets 1 at the end of iteration 212.
Unrouted nets 1 at the end of iteration 213.
Unrouted nets 1 at the end of iteration 214.
Unrouted nets 1 at the end of iteration 215.
Unrouted nets 1 at the end of iteration 216.
Unrouted nets 1 at the end of iteration 217.
Unrouted nets 1 at the end of iteration 218.
Unrouted nets 1 at the end of iteration 219.
Unrouted nets 1 at the end of iteration 220.
Unrouted nets 1 at the end of iteration 221.
Unrouted nets 1 at the end of iteration 222.
Unrouted nets 1 at the end of iteration 223.
Unrouted nets 1 at the end of iteration 224.
Unrouted nets 1 at the end of iteration 225.
Unrouted nets 1 at the end of iteration 226.
Unrouted nets 1 at the end of iteration 227.
Unrouted nets 1 at the end of iteration 228.
Unrouted nets 1 at the end of iteration 229.
Unrouted nets 1 at the end of iteration 230.
Unrouted nets 1 at the end of iteration 231.
Unrouted nets 1 at the end of iteration 232.
Unrouted nets 1 at the end of iteration 233.
Unrouted nets 1 at the end of iteration 234.
Unrouted nets 1 at the end of iteration 235.
Unrouted nets 1 at the end of iteration 236.
Unrouted nets 1 at the end of iteration 237.
Unrouted nets 1 at the end of iteration 238.
Unrouted nets 1 at the end of iteration 239.
Unrouted nets 1 at the end of iteration 240.
Unrouted nets 1 at the end of iteration 241.
Unrouted nets 1 at the end of iteration 242.
Unrouted nets 1 at the end of iteration 243.
Unrouted nets 1 at the end of iteration 244.
Unrouted nets 1 at the end of iteration 245.
Unrouted nets 1 at the end of iteration 246.
Unrouted nets 0 at the end of iteration 247.
Global Routing step 2 processed 370 nets, it takes 7.47 sec.
Unrouted nets 112 at the end of iteration 0.
Unrouted nets 69 at the end of iteration 1.
Unrouted nets 44 at the end of iteration 2.
Unrouted nets 24 at the end of iteration 3.
Unrouted nets 12 at the end of iteration 4.
Unrouted nets 7 at the end of iteration 5.
Unrouted nets 4 at the end of iteration 6.
Unrouted nets 5 at the end of iteration 7.
Unrouted nets 7 at the end of iteration 8.
Unrouted nets 4 at the end of iteration 9.
Unrouted nets 4 at the end of iteration 10.
Unrouted nets 1 at the end of iteration 11.
Unrouted nets 1 at the end of iteration 12.
Unrouted nets 1 at the end of iteration 13.
Unrouted nets 1 at the end of iteration 14.
Unrouted nets 3 at the end of iteration 15.
Unrouted nets 1 at the end of iteration 16.
Unrouted nets 1 at the end of iteration 17.
Unrouted nets 0 at the end of iteration 18.
Global Routing step 3 processed 180 nets, it takes 1.67 sec.
Global routing takes 9.19 sec.
Total 7723 subnets.
    forward max bucket size 1256 , backward 126.
        Unrouted nets 5224 at the end of iteration 0.
    route iteration 0, CPU time elapsed 1.343750 sec.
    forward max bucket size 208 , backward 137.
        Unrouted nets 4399 at the end of iteration 1.
    route iteration 1, CPU time elapsed 1.031250 sec.
    forward max bucket size 368 , backward 311.
        Unrouted nets 3819 at the end of iteration 2.
    route iteration 2, CPU time elapsed 1.031250 sec.
    forward max bucket size 303 , backward 320.
        Unrouted nets 3445 at the end of iteration 3.
    route iteration 3, CPU time elapsed 1.109375 sec.
    forward max bucket size 299 , backward 373.
        Unrouted nets 3085 at the end of iteration 4.
    route iteration 4, CPU time elapsed 1.109375 sec.
    forward max bucket size 320 , backward 484.
        Unrouted nets 2801 at the end of iteration 5.
    route iteration 5, CPU time elapsed 1.109375 sec.
    forward max bucket size 547 , backward 508.
        Unrouted nets 2748 at the end of iteration 6.
    route iteration 6, CPU time elapsed 0.984375 sec.
    forward max bucket size 307 , backward 279.
        Unrouted nets 2476 at the end of iteration 7.
    route iteration 7, CPU time elapsed 1.015625 sec.
    forward max bucket size 214 , backward 326.
        Unrouted nets 2223 at the end of iteration 8.
    route iteration 8, CPU time elapsed 0.890625 sec.
    forward max bucket size 325 , backward 389.
        Unrouted nets 1906 at the end of iteration 9.
    route iteration 9, CPU time elapsed 0.875000 sec.
    forward max bucket size 233 , backward 388.
        Unrouted nets 1699 at the end of iteration 10.
    route iteration 10, CPU time elapsed 0.765625 sec.
    forward max bucket size 227 , backward 183.
        Unrouted nets 1458 at the end of iteration 11.
    route iteration 11, CPU time elapsed 0.703125 sec.
    forward max bucket size 367 , backward 272.
        Unrouted nets 1289 at the end of iteration 12.
    route iteration 12, CPU time elapsed 0.593750 sec.
    forward max bucket size 295 , backward 174.
        Unrouted nets 1152 at the end of iteration 13.
    route iteration 13, CPU time elapsed 0.531250 sec.
    forward max bucket size 408 , backward 198.
        Unrouted nets 1079 at the end of iteration 14.
    route iteration 14, CPU time elapsed 0.453125 sec.
    forward max bucket size 275 , backward 140.
        Unrouted nets 990 at the end of iteration 15.
    route iteration 15, CPU time elapsed 0.484375 sec.
    forward max bucket size 280 , backward 147.
        Unrouted nets 905 at the end of iteration 16.
    route iteration 16, CPU time elapsed 0.375000 sec.
    forward max bucket size 255 , backward 204.
        Unrouted nets 803 at the end of iteration 17.
    route iteration 17, CPU time elapsed 0.343750 sec.
    forward max bucket size 296 , backward 244.
        Unrouted nets 730 at the end of iteration 18.
    route iteration 18, CPU time elapsed 0.375000 sec.
    forward max bucket size 232 , backward 176.
        Unrouted nets 672 at the end of iteration 19.
    route iteration 19, CPU time elapsed 0.343750 sec.
    forward max bucket size 213 , backward 118.
        Unrouted nets 582 at the end of iteration 20.
    route iteration 20, CPU time elapsed 0.296875 sec.
    forward max bucket size 155 , backward 195.
        Unrouted nets 523 at the end of iteration 21.
    route iteration 21, CPU time elapsed 0.250000 sec.
    forward max bucket size 147 , backward 226.
        Unrouted nets 482 at the end of iteration 22.
    route iteration 22, CPU time elapsed 0.203125 sec.
    forward max bucket size 187 , backward 194.
        Unrouted nets 433 at the end of iteration 23.
    route iteration 23, CPU time elapsed 0.187500 sec.
    forward max bucket size 275 , backward 146.
        Unrouted nets 394 at the end of iteration 24.
    route iteration 24, CPU time elapsed 0.187500 sec.
    forward max bucket size 189 , backward 146.
        Unrouted nets 363 at the end of iteration 25.
    route iteration 25, CPU time elapsed 0.156250 sec.
    forward max bucket size 198 , backward 130.
        Unrouted nets 332 at the end of iteration 26.
    route iteration 26, CPU time elapsed 0.140625 sec.
    forward max bucket size 207 , backward 146.
        Unrouted nets 338 at the end of iteration 27.
    route iteration 27, CPU time elapsed 0.125000 sec.
    forward max bucket size 206 , backward 133.
        Unrouted nets 300 at the end of iteration 28.
    route iteration 28, CPU time elapsed 0.140625 sec.
    forward max bucket size 174 , backward 104.
        Unrouted nets 265 at the end of iteration 29.
    route iteration 29, CPU time elapsed 0.125000 sec.
    forward max bucket size 90 , backward 77.
        Unrouted nets 216 at the end of iteration 30.
    route iteration 30, CPU time elapsed 0.109375 sec.
    forward max bucket size 159 , backward 91.
        Unrouted nets 218 at the end of iteration 31.
    route iteration 31, CPU time elapsed 0.109375 sec.
    forward max bucket size 121 , backward 72.
        Unrouted nets 183 at the end of iteration 32.
    route iteration 32, CPU time elapsed 0.093750 sec.
    forward max bucket size 118 , backward 55.
        Unrouted nets 151 at the end of iteration 33.
    route iteration 33, CPU time elapsed 0.078125 sec.
    forward max bucket size 91 , backward 92.
        Unrouted nets 140 at the end of iteration 34.
    route iteration 34, CPU time elapsed 0.078125 sec.
    forward max bucket size 142 , backward 97.
        Unrouted nets 147 at the end of iteration 35.
    route iteration 35, CPU time elapsed 0.078125 sec.
    forward max bucket size 165 , backward 87.
        Unrouted nets 134 at the end of iteration 36.
    route iteration 36, CPU time elapsed 0.046875 sec.
    forward max bucket size 58 , backward 55.
        Unrouted nets 154 at the end of iteration 37.
    route iteration 37, CPU time elapsed 0.078125 sec.
    forward max bucket size 62 , backward 68.
        Unrouted nets 128 at the end of iteration 38.
    route iteration 38, CPU time elapsed 0.062500 sec.
    forward max bucket size 64 , backward 55.
        Unrouted nets 117 at the end of iteration 39.
    route iteration 39, CPU time elapsed 0.062500 sec.
    forward max bucket size 75 , backward 78.
        Unrouted nets 104 at the end of iteration 40.
    route iteration 40, CPU time elapsed 0.062500 sec.
    forward max bucket size 179 , backward 118.
        Unrouted nets 128 at the end of iteration 41.
    route iteration 41, CPU time elapsed 0.062500 sec.
    forward max bucket size 58 , backward 70.
        Unrouted nets 106 at the end of iteration 42.
    route iteration 42, CPU time elapsed 0.062500 sec.
    forward max bucket size 89 , backward 79.
        Unrouted nets 104 at the end of iteration 43.
    route iteration 43, CPU time elapsed 0.062500 sec.
    forward max bucket size 71 , backward 75.
        Unrouted nets 79 at the end of iteration 44.
    route iteration 44, CPU time elapsed 0.046875 sec.
    forward max bucket size 93 , backward 64.
        Unrouted nets 77 at the end of iteration 45.
    route iteration 45, CPU time elapsed 0.046875 sec.
    forward max bucket size 62 , backward 64.
        Unrouted nets 68 at the end of iteration 46.
    route iteration 46, CPU time elapsed 0.046875 sec.
    forward max bucket size 71 , backward 57.
        Unrouted nets 64 at the end of iteration 47.
    route iteration 47, CPU time elapsed 0.046875 sec.
    forward max bucket size 90 , backward 146.
        Unrouted nets 60 at the end of iteration 48.
    route iteration 48, CPU time elapsed 0.031250 sec.
    forward max bucket size 705 , backward 709.
        Unrouted nets 72 at the end of iteration 49.
    route iteration 49, CPU time elapsed 0.046875 sec.
    forward max bucket size 399 , backward 286.
        Unrouted nets 59 at the end of iteration 50.
    route iteration 50, CPU time elapsed 0.046875 sec.
    forward max bucket size 293 , backward 184.
        Unrouted nets 54 at the end of iteration 51.
    route iteration 51, CPU time elapsed 0.046875 sec.
    forward max bucket size 268 , backward 167.
        Unrouted nets 47 at the end of iteration 52.
    route iteration 52, CPU time elapsed 0.031250 sec.
    forward max bucket size 161 , backward 62.
        Unrouted nets 33 at the end of iteration 53.
    route iteration 53, CPU time elapsed 0.031250 sec.
    forward max bucket size 185 , backward 119.
        Unrouted nets 17 at the end of iteration 54.
    route iteration 54, CPU time elapsed 0.031250 sec.
    forward max bucket size 122 , backward 48.
        Unrouted nets 26 at the end of iteration 55.
    route iteration 55, CPU time elapsed 0.031250 sec.
    forward max bucket size 240 , backward 291.
        Unrouted nets 30 at the end of iteration 56.
    route iteration 56, CPU time elapsed 0.046875 sec.
    forward max bucket size 244 , backward 175.
        Unrouted nets 37 at the end of iteration 57.
    route iteration 57, CPU time elapsed 0.031250 sec.
    forward max bucket size 44 , backward 35.
        Unrouted nets 28 at the end of iteration 58.
    route iteration 58, CPU time elapsed 0.031250 sec.
    forward max bucket size 29 , backward 32.
        Unrouted nets 23 at the end of iteration 59.
    route iteration 59, CPU time elapsed 0.031250 sec.
    forward max bucket size 30 , backward 20.
        Unrouted nets 19 at the end of iteration 60.
    route iteration 60, CPU time elapsed 0.031250 sec.
    forward max bucket size 56 , backward 38.
        Unrouted nets 22 at the end of iteration 61.
    route iteration 61, CPU time elapsed 0.031250 sec.
    forward max bucket size 67 , backward 117.
        Unrouted nets 17 at the end of iteration 62.
    route iteration 62, CPU time elapsed 0.031250 sec.
    forward max bucket size 39 , backward 44.
        Unrouted nets 17 at the end of iteration 63.
    route iteration 63, CPU time elapsed 0.031250 sec.
    forward max bucket size 43 , backward 30.
        Unrouted nets 9 at the end of iteration 64.
    route iteration 64, CPU time elapsed 0.015625 sec.
    forward max bucket size 28 , backward 28.
        Unrouted nets 13 at the end of iteration 65.
    route iteration 65, CPU time elapsed 0.015625 sec.
    forward max bucket size 23 , backward 27.
        Unrouted nets 9 at the end of iteration 66.
    route iteration 66, CPU time elapsed 0.015625 sec.
    forward max bucket size 29 , backward 23.
        Unrouted nets 8 at the end of iteration 67.
    route iteration 67, CPU time elapsed 0.015625 sec.
    forward max bucket size 30 , backward 35.
        Unrouted nets 13 at the end of iteration 68.
    route iteration 68, CPU time elapsed 0.015625 sec.
    forward max bucket size 31 , backward 31.
        Unrouted nets 15 at the end of iteration 69.
    route iteration 69, CPU time elapsed 0.015625 sec.
    forward max bucket size 18 , backward 38.
        Unrouted nets 10 at the end of iteration 70.
    route iteration 70, CPU time elapsed 0.015625 sec.
    forward max bucket size 32 , backward 40.
        Unrouted nets 15 at the end of iteration 71.
    route iteration 71, CPU time elapsed 0.015625 sec.
    forward max bucket size 29 , backward 33.
        Unrouted nets 10 at the end of iteration 72.
    route iteration 72, CPU time elapsed 0.015625 sec.
    forward max bucket size 30 , backward 36.
        Unrouted nets 9 at the end of iteration 73.
    route iteration 73, CPU time elapsed 0.015625 sec.
    forward max bucket size 29 , backward 35.
        Unrouted nets 6 at the end of iteration 74.
    route iteration 74, CPU time elapsed 0.015625 sec.
    forward max bucket size 20 , backward 20.
        Unrouted nets 2 at the end of iteration 75.
    route iteration 75, CPU time elapsed 0.015625 sec.
    forward max bucket size 21 , backward 24.
        Unrouted nets 4 at the end of iteration 76.
    route iteration 76, CPU time elapsed 0.015625 sec.
    forward max bucket size 13 , backward 20.
        Unrouted nets 2 at the end of iteration 77.
    route iteration 77, CPU time elapsed 0.015625 sec.
    forward max bucket size 23 , backward 12.
        Unrouted nets 0 at the end of iteration 78.
    route iteration 78, CPU time elapsed 0.015625 sec.
Detailed routing takes 78 iterations
Detailed routing takes 20.12 sec.
Start fix hold violation.
Build tmp routing results takes 0.08 sec.
Timing analysis takes 0.03 sec.
No hold violation.
Hold Violation Fix in router takes 0 iterations.
Fix hold violation Finished.
Hold Violation Fix in router takes 0.44 sec.

Dispose routing result:
    Collect routing result.
    Delete unused device instances.
    Annotate routing result.
    Change LUT configuration.
    Dispose misc instances.
    Annotate routing result again.
Finish routing takes 0.25 sec.
Used SRB routing arc is 78962.
Cleanup routing takes 0.02 sec.
Routing done.
Total routing takes 32.94 sec.


Device Utilization Summary :
+---------------------------------------------------------------------------+
| Logic Utilization        | Used     | Available     | Utilization(%)     
+---------------------------------------------------------------------------+
| Use of APM               | 0        | 84            | 0                  
| Use of BKCL              | 2        | 4             | 50                 
| Use of CLMA              | 700      | 6450          | 11                 
|   FF                     | 1267     | 38700         | 4                  
|   LUT                    | 1918     | 25800         | 8                  
|   LUT-FF pairs           | 487      | 25800         | 2                  
| Use of CLMS              | 442      | 4250          | 11                 
|   FF                     | 856      | 25500         | 4                  
|   LUT                    | 1187     | 17000         | 7                  
|   LUT-FF pairs           | 240      | 17000         | 2                  
|   Distributed RAM        | 0        | 17000         | 0                  
| Use of CRYSTAL           | 0        | 2             | 0                  
| Use of DLL               | 0        | 10            | 0                  
| Use of DQSL              | 0        | 18            | 0                  
| Use of DRM               | 48       | 134           | 36                 
| Use of FUSECODE          | 0        | 1             | 0                  
| Use of HARD0N1           | 320      | 6672          | 5                  
| Use of IO                | 45       | 218           | 21                 
|   IOBD                   | 7        | 53            | 14                 
|   IOBR_LR                | 1        | 5             | 20                 
|   IOBR_TB                | 3        | 7             | 43                 
|   IOBS_LR                | 25       | 107           | 24                 
|   IOBS_TB                | 9        | 46            | 20                 
| Use of IOCKDIV           | 0        | 20            | 0                  
| Use of IOCKDLY           | 0        | 40            | 0                  
| Use of IOCKGATE          | 0        | 20            | 0                  
| Use of IOCKGMUX_TEST     | 0        | 20            | 0                  
| Use of IOL               | 45       | 400           | 12                 
| Use of IPAL              | 0        | 1             | 0                  
| Use of LDO               | 0        | 4             | 0                  
| Use of MFG_TEST          | 0        | 1             | 0                  
| Use of OSC               | 0        | 1             | 0                  
| Use of PIOMUX_TEST       | 0        | 10            | 0                  
| Use of PLL               | 1        | 5             | 20                 
| Use of PREGMUX_TEST      | 0        | 6             | 0                  
| Use of RCKB              | 0        | 24            | 0                  
|  RCKB dataused           | 0        | 24            | 0                  
| Use of RCKBMUX_TEST      | 0        | 12            | 0                  
| Use of RESCAL            | 0        | 4             | 0                  
| Use of SCANCHAIN         | 0        | 2             | 0                  
| Use of START             | 1        | 1             | 100                
| Use of UDID              | 0        | 1             | 0                  
| Use of USCM              | 1        | 30            | 4                  
|  USCM dataused           | 0        | 30            | 0                  
| Use of USCMMUX_TEST      | 0        | 30            | 0                  
| Use of VCKBMUX_TEST      | 0        | 12            | 0                  
+---------------------------------------------------------------------------+

Finished routing.
Design 'SoC_Top' has been placed and routed successfully.
Saving design to DB.
Finished placement and routing.
Action pnr: Real time elapsed is 0h:1m:4s
Action pnr: CPU time elapsed is 0h:1m:0s
Action pnr: Process CPU time elapsed is 0h:1m:6s
Current time: Fri Mar 27 18:42:18 2026
Action pnr: Peak memory pool usage is 975 MB
