#Build: Fabric Compiler 2022.2-SP6.4, Build 146967, Jan 31 01:39 2024
#Install: E:\pango\PDS_2022.2-SP6.4\bin
#Application name: pds_shell.exe
#OS: Windows 10 10.0.26200
#Hostname: LAPTOP-E3CFACBD
Generated by Fabric Compiler (version 2022.2-SP6.4 build 146967) at Mon Mar 30 20:41:09 2026
Compiling verification operator library.
Compiling common defs.
Compiling prim grid devices.
Compiling gate devices.
Compiling gate operators.
Building architecture model.
Loading device packaging model.
pnr strategy configuration : 
strategy name : 0
Building architecture floorplan logic view.
Constraint check start.
Executing : def_port {uart_tx} LOC=T11 VCCIO=3.3 IOSTANDARD=LVCMOS33 PULLUP=TRUE
C: ConstraintEditor-2009: uart_tx is lack of SLEW, OUTPUT or INOUT PORT had better set SLEW, the optional value is {SLOW, FAST}.
C: ConstraintEditor-2009: uart_tx is lack of DRIVE, OUTPUT or INOUT PORT had better set DRIVE, the optional value is {8, 4, 12, 16, 24}.
Executing : def_port {uart_tx} LOC=T11 VCCIO=3.3 IOSTANDARD=LVCMOS33 PULLUP=TRUE successfully
Executing : def_port {rst_n} LOC=C4 VCCIO=1.2 IOSTANDARD=LVCMOS12 PULLUP=TRUE
Executing : def_port {rst_n} LOC=C4 VCCIO=1.2 IOSTANDARD=LVCMOS12 PULLUP=TRUE successfully
Executing : def_port {sys_clk} LOC=V9 VCCIO=3.3 IOSTANDARD=LVCMOS33 PULLUP=TRUE
Executing : def_port {sys_clk} LOC=V9 VCCIO=3.3 IOSTANDARD=LVCMOS33 PULLUP=TRUE successfully
Executing : def_port {uart_rx} LOC=R11 VCCIO=3.3 IOSTANDARD=LVCMOS33 PULLUP=TRUE
Executing : def_port {uart_rx} LOC=R11 VCCIO=3.3 IOSTANDARD=LVCMOS33 PULLUP=TRUE successfully
W: ConstraintEditor-4019: Port Bus 'ext_axi_if_araddr' unspecified I/O constraint.
W: ConstraintEditor-4019: Port Bus 'ext_axi_if_awaddr' unspecified I/O constraint.
W: ConstraintEditor-4019: Port Bus 'ext_axi_if_bresp' unspecified I/O constraint.
W: ConstraintEditor-4019: Port Bus 'ext_axi_if_rdata' unspecified I/O constraint.
W: ConstraintEditor-4019: Port Bus 'ext_axi_if_rresp' unspecified I/O constraint.
W: ConstraintEditor-4019: Port Bus 'ext_axi_if_wdata' unspecified I/O constraint.
W: ConstraintEditor-4019: Port Bus 'ext_axi_if_wstrb' unspecified I/O constraint.
W: ConstraintEditor-4019: Port 'ext_axi_if_arready' unspecified I/O constraint.
W: ConstraintEditor-4019: Port 'ext_axi_if_arvalid' unspecified I/O constraint.
W: ConstraintEditor-4019: Port 'ext_axi_if_awready' unspecified I/O constraint.
W: ConstraintEditor-4019: Port 'ext_axi_if_awvalid' unspecified I/O constraint.
W: ConstraintEditor-4019: Port 'ext_axi_if_bready' unspecified I/O constraint.
W: ConstraintEditor-4019: Port 'ext_axi_if_bvalid' unspecified I/O constraint.
W: ConstraintEditor-4019: Port 'ext_axi_if_rready' unspecified I/O constraint.
W: ConstraintEditor-4019: Port 'ext_axi_if_rvalid' unspecified I/O constraint.
W: ConstraintEditor-4019: Port 'ext_axi_if_wready' unspecified I/O constraint.
W: ConstraintEditor-4019: Port 'ext_axi_if_wvalid' unspecified I/O constraint.
Constraint check end.
I: Column Clock Check open.
Read Column Clock Map.

Placement started.
Phase 1 Pre global placement started.
Mapping instance u_sys_pll/u_pll_e3/goppll to PLL_158_55.
Phase 1.1 1st GP placement started.
Design Utilization : 9%.
First map gop timing takes 0.48 sec
Worst slack after clock region global placement is 705
Wirelength after clock region global placement is 69793 and checksum is 65ABCEC0E8B5DDD0.
1st GP placement takes 4.44 sec.

Phase 1.2 Clock placement started.
Mapping instance clkbufg_0/gopclkbufg to USCM_84_108.
Clock placement takes 0.20 sec.

Wirelength after Pre Global Placement is 69793 and checksum is 65ABCEC0E8B5DDD0.
Pre global placement takes 4.91 sec.

Phase 2 Global placement started.
Phase 2.1 Fixed placement started.
Placed fixed group with base inst rst_n_ibuf/opit_1 on IOL_11_373.
Placed fixed group with base inst sys_clk_ibuf/opit_1 on IOL_159_5.
Placed fixed group with base inst uart_rx_ibuf/opit_1 on IOL_219_6.
Placed fixed group with base inst uart_tx_obuf/opit_1 on IOL_219_5.
Placed fixed instance clkbufg_0/gopclkbufg on USCM_84_108.
Placed fixed instance u_sys_pll/u_pll_e3/goppll on PLL_158_55.
Placed fixed instance BKCL_auto_0 on BKCL_188_376.
Placed fixed instance BKCL_auto_1 on BKCL_192_0.
Fixed placement takes 0.08 sec.

Phase 2.2 Process placement started.
Process placement takes 0.00 sec.

Phase 2.3 IO placement started.
IO placement takes 0.06 sec.

Phase 2.4 2nd GP placement started.
Run super clustering :
	Initial slack -11984.
	14 iterations finished.
	Final slack -615.
Super clustering done.
Design Utilization : 9%.
Worst slack after global placement is 1004
2nd GP placement takes 4.06 sec.

Wirelength after global placement is 69657 and checksum is B419E39627FF2449.
Global placement takes 4.20 sec.

Phase 3 Post global placement started.
Phase 3.1 Macro cell placement started.
I: Process macros using "Greedy".
Wirelength after macro cell placement is 82212 and checksum is C3BB13D026BECE60.
Macro cell placement takes 0.02 sec.

Phase 3.2 3rd GP placement started.
Run super clustering :
	Initial slack -11984.
	14 iterations finished.
	Final slack -615.
Super clustering done.
Design Utilization : 9%.
Worst slack after post global placement is -233
3rd GP placement takes 3.52 sec.

Wirelength after post global placement is 73784 and checksum is F31482A50981715C.
Post global placement takes 3.53 sec.

Phase 4 Legalization started.
The average distance in LP is 0.932216.
Wirelength after legalization is 83714 and checksum is 1A089DB2918BC7D3.
Legalization takes 0.44 sec.

Phase 5 Timing-driven detailed placement started.
Phase 5.1 Replication placement started.
Worst slack before Replication Place is -768.
Replication placement takes 0.31 sec.

Wirelength after replication placement is 83714 and checksum is 1A089DB2918BC7D3.
Phase 5.2 DP placement started.
Legalized cost -768.000000.
The detailed placement ends at 1th iteration.
DP placement takes 0.97 sec.

Wirelength after detailed placement is 84238 and checksum is 620356D7B59E8B05.
Timing-driven detailed placement takes 1.30 sec.

Worst slack is 3077, TNS after placement is 0.
Placement done.
Total placement takes 16.34 sec.
Finished placement.

Routing started.
Building routing graph takes 1.86 sec.
Worst slack is 3077, TNS before global route is 0.
Processing design graph takes 0.81 sec.
Total memory for routing:
	119.027174 M.
Total nets for routing : 7083.
Global Routing step 1 processed 0 nets, it takes 0.20 sec.
Rcf routing step 1 processed 0 nets, it takes 0.00 sec.
Rcf routing step 2 processed 0 nets, it takes 0.00 sec.
Rcf routing step 3 processed 0 nets, it takes 0.00 sec.
Unrouted nets 0 at the end of iteration 0.
Global Routing step 1 processed 183 nets, it takes 0.03 sec.
Unrouted nets 169 at the end of iteration 0.
Unrouted nets 120 at the end of iteration 1.
Unrouted nets 94 at the end of iteration 2.
Unrouted nets 87 at the end of iteration 3.
Unrouted nets 61 at the end of iteration 4.
Unrouted nets 40 at the end of iteration 5.
Unrouted nets 33 at the end of iteration 6.
Unrouted nets 31 at the end of iteration 7.
Unrouted nets 30 at the end of iteration 8.
Unrouted nets 21 at the end of iteration 9.
Unrouted nets 16 at the end of iteration 10.
Unrouted nets 13 at the end of iteration 11.
Unrouted nets 15 at the end of iteration 12.
Unrouted nets 10 at the end of iteration 13.
Unrouted nets 3 at the end of iteration 14.
Unrouted nets 3 at the end of iteration 15.
Unrouted nets 2 at the end of iteration 16.
Unrouted nets 2 at the end of iteration 17.
Unrouted nets 2 at the end of iteration 18.
Unrouted nets 2 at the end of iteration 19.
Unrouted nets 2 at the end of iteration 20.
Unrouted nets 2 at the end of iteration 21.
Unrouted nets 2 at the end of iteration 22.
Unrouted nets 2 at the end of iteration 23.
Unrouted nets 2 at the end of iteration 24.
Unrouted nets 2 at the end of iteration 25.
Unrouted nets 2 at the end of iteration 26.
Unrouted nets 2 at the end of iteration 27.
Unrouted nets 2 at the end of iteration 28.
Unrouted nets 2 at the end of iteration 29.
Unrouted nets 2 at the end of iteration 30.
Unrouted nets 2 at the end of iteration 31.
Unrouted nets 2 at the end of iteration 32.
Unrouted nets 2 at the end of iteration 33.
Unrouted nets 2 at the end of iteration 34.
Unrouted nets 2 at the end of iteration 35.
Unrouted nets 2 at the end of iteration 36.
Unrouted nets 2 at the end of iteration 37.
Unrouted nets 2 at the end of iteration 38.
Unrouted nets 2 at the end of iteration 39.
Unrouted nets 2 at the end of iteration 40.
Unrouted nets 2 at the end of iteration 41.
Unrouted nets 2 at the end of iteration 42.
Unrouted nets 2 at the end of iteration 43.
Unrouted nets 2 at the end of iteration 44.
Unrouted nets 2 at the end of iteration 45.
Unrouted nets 3 at the end of iteration 46.
Unrouted nets 2 at the end of iteration 47.
Unrouted nets 2 at the end of iteration 48.
Unrouted nets 2 at the end of iteration 49.
Unrouted nets 2 at the end of iteration 50.
Unrouted nets 2 at the end of iteration 51.
Unrouted nets 2 at the end of iteration 52.
Unrouted nets 2 at the end of iteration 53.
Unrouted nets 2 at the end of iteration 54.
Unrouted nets 2 at the end of iteration 55.
Unrouted nets 2 at the end of iteration 56.
Unrouted nets 2 at the end of iteration 57.
Unrouted nets 2 at the end of iteration 58.
Unrouted nets 2 at the end of iteration 59.
Unrouted nets 2 at the end of iteration 60.
Unrouted nets 2 at the end of iteration 61.
Unrouted nets 2 at the end of iteration 62.
Unrouted nets 2 at the end of iteration 63.
Unrouted nets 2 at the end of iteration 64.
Unrouted nets 2 at the end of iteration 65.
Unrouted nets 2 at the end of iteration 66.
Unrouted nets 2 at the end of iteration 67.
Unrouted nets 2 at the end of iteration 68.
Unrouted nets 2 at the end of iteration 69.
Unrouted nets 2 at the end of iteration 70.
Unrouted nets 2 at the end of iteration 71.
Unrouted nets 2 at the end of iteration 72.
Unrouted nets 2 at the end of iteration 73.
Unrouted nets 2 at the end of iteration 74.
Unrouted nets 2 at the end of iteration 75.
Unrouted nets 2 at the end of iteration 76.
Unrouted nets 2 at the end of iteration 77.
Unrouted nets 2 at the end of iteration 78.
Unrouted nets 2 at the end of iteration 79.
Unrouted nets 2 at the end of iteration 80.
Unrouted nets 2 at the end of iteration 81.
Unrouted nets 2 at the end of iteration 82.
Unrouted nets 2 at the end of iteration 83.
Unrouted nets 2 at the end of iteration 84.
Unrouted nets 2 at the end of iteration 85.
Unrouted nets 2 at the end of iteration 86.
Unrouted nets 2 at the end of iteration 87.
Unrouted nets 2 at the end of iteration 88.
Unrouted nets 2 at the end of iteration 89.
Unrouted nets 2 at the end of iteration 90.
Unrouted nets 2 at the end of iteration 91.
Unrouted nets 2 at the end of iteration 92.
Unrouted nets 2 at the end of iteration 93.
Unrouted nets 2 at the end of iteration 94.
Unrouted nets 2 at the end of iteration 95.
Unrouted nets 2 at the end of iteration 96.
Unrouted nets 2 at the end of iteration 97.
Unrouted nets 2 at the end of iteration 98.
Unrouted nets 2 at the end of iteration 99.
Unrouted nets 2 at the end of iteration 100.
Unrouted nets 2 at the end of iteration 101.
Unrouted nets 2 at the end of iteration 102.
Unrouted nets 4 at the end of iteration 103.
Unrouted nets 2 at the end of iteration 104.
Unrouted nets 2 at the end of iteration 105.
Unrouted nets 2 at the end of iteration 106.
Unrouted nets 2 at the end of iteration 107.
Unrouted nets 1 at the end of iteration 108.
Unrouted nets 1 at the end of iteration 109.
Unrouted nets 0 at the end of iteration 110.
Global Routing step 2 processed 351 nets, it takes 4.19 sec.
Unrouted nets 120 at the end of iteration 0.
Unrouted nets 56 at the end of iteration 1.
Unrouted nets 23 at the end of iteration 2.
Unrouted nets 12 at the end of iteration 3.
Unrouted nets 10 at the end of iteration 4.
Unrouted nets 6 at the end of iteration 5.
Unrouted nets 8 at the end of iteration 6.
Unrouted nets 6 at the end of iteration 7.
Unrouted nets 7 at the end of iteration 8.
Unrouted nets 5 at the end of iteration 9.
Unrouted nets 2 at the end of iteration 10.
Unrouted nets 1 at the end of iteration 11.
Unrouted nets 1 at the end of iteration 12.
Unrouted nets 1 at the end of iteration 13.
Unrouted nets 1 at the end of iteration 14.
Unrouted nets 1 at the end of iteration 15.
Unrouted nets 0 at the end of iteration 16.
Global Routing step 3 processed 207 nets, it takes 1.66 sec.
Global routing takes 5.92 sec.
Total 8435 subnets.
    forward max bucket size 1245 , backward 260.
        Unrouted nets 5861 at the end of iteration 0.
    route iteration 0, CPU time elapsed 1.718750 sec.
    forward max bucket size 247 , backward 207.
        Unrouted nets 5005 at the end of iteration 1.
    route iteration 1, CPU time elapsed 1.328125 sec.
    forward max bucket size 375 , backward 397.
        Unrouted nets 4429 at the end of iteration 2.
    route iteration 2, CPU time elapsed 1.375000 sec.
    forward max bucket size 570 , backward 409.
        Unrouted nets 3947 at the end of iteration 3.
    route iteration 3, CPU time elapsed 1.437500 sec.
    forward max bucket size 550 , backward 353.
        Unrouted nets 3541 at the end of iteration 4.
    route iteration 4, CPU time elapsed 1.437500 sec.
    forward max bucket size 677 , backward 771.
        Unrouted nets 3202 at the end of iteration 5.
    route iteration 5, CPU time elapsed 1.421875 sec.
    forward max bucket size 584 , backward 621.
        Unrouted nets 3167 at the end of iteration 6.
    route iteration 6, CPU time elapsed 1.296875 sec.
    forward max bucket size 450 , backward 483.
        Unrouted nets 2889 at the end of iteration 7.
    route iteration 7, CPU time elapsed 1.156250 sec.
    forward max bucket size 332 , backward 571.
        Unrouted nets 2502 at the end of iteration 8.
    route iteration 8, CPU time elapsed 1.078125 sec.
    forward max bucket size 343 , backward 250.
        Unrouted nets 2163 at the end of iteration 9.
    route iteration 9, CPU time elapsed 0.875000 sec.
    forward max bucket size 431 , backward 200.
        Unrouted nets 1893 at the end of iteration 10.
    route iteration 10, CPU time elapsed 0.859375 sec.
    forward max bucket size 472 , backward 708.
        Unrouted nets 1639 at the end of iteration 11.
    route iteration 11, CPU time elapsed 0.781250 sec.
    forward max bucket size 469 , backward 281.
        Unrouted nets 1448 at the end of iteration 12.
    route iteration 12, CPU time elapsed 0.656250 sec.
    forward max bucket size 374 , backward 337.
        Unrouted nets 1295 at the end of iteration 13.
    route iteration 13, CPU time elapsed 0.609375 sec.
    forward max bucket size 457 , backward 626.
        Unrouted nets 1110 at the end of iteration 14.
    route iteration 14, CPU time elapsed 0.593750 sec.
    forward max bucket size 356 , backward 349.
        Unrouted nets 984 at the end of iteration 15.
    route iteration 15, CPU time elapsed 0.500000 sec.
    forward max bucket size 292 , backward 124.
        Unrouted nets 873 at the end of iteration 16.
    route iteration 16, CPU time elapsed 0.421875 sec.
    forward max bucket size 357 , backward 499.
        Unrouted nets 781 at the end of iteration 17.
    route iteration 17, CPU time elapsed 0.437500 sec.
    forward max bucket size 366 , backward 526.
        Unrouted nets 746 at the end of iteration 18.
    route iteration 18, CPU time elapsed 0.406250 sec.
    forward max bucket size 283 , backward 159.
        Unrouted nets 625 at the end of iteration 19.
    route iteration 19, CPU time elapsed 0.390625 sec.
    forward max bucket size 378 , backward 585.
        Unrouted nets 550 at the end of iteration 20.
    route iteration 20, CPU time elapsed 0.328125 sec.
    forward max bucket size 293 , backward 136.
        Unrouted nets 516 at the end of iteration 21.
    route iteration 21, CPU time elapsed 0.343750 sec.
    forward max bucket size 295 , backward 172.
        Unrouted nets 490 at the end of iteration 22.
    route iteration 22, CPU time elapsed 0.312500 sec.
    forward max bucket size 466 , backward 952.
        Unrouted nets 408 at the end of iteration 23.
    route iteration 23, CPU time elapsed 0.265625 sec.
    forward max bucket size 251 , backward 246.
        Unrouted nets 384 at the end of iteration 24.
    route iteration 24, CPU time elapsed 0.234375 sec.
    forward max bucket size 164 , backward 163.
        Unrouted nets 346 at the end of iteration 25.
    route iteration 25, CPU time elapsed 0.171875 sec.
    forward max bucket size 250 , backward 164.
        Unrouted nets 325 at the end of iteration 26.
    route iteration 26, CPU time elapsed 0.187500 sec.
    forward max bucket size 176 , backward 223.
        Unrouted nets 315 at the end of iteration 27.
    route iteration 27, CPU time elapsed 0.218750 sec.
    forward max bucket size 275 , backward 189.
        Unrouted nets 275 at the end of iteration 28.
    route iteration 28, CPU time elapsed 0.156250 sec.
    forward max bucket size 246 , backward 197.
        Unrouted nets 256 at the end of iteration 29.
    route iteration 29, CPU time elapsed 0.140625 sec.
    forward max bucket size 206 , backward 129.
        Unrouted nets 230 at the end of iteration 30.
    route iteration 30, CPU time elapsed 0.140625 sec.
    forward max bucket size 192 , backward 201.
        Unrouted nets 209 at the end of iteration 31.
    route iteration 31, CPU time elapsed 0.140625 sec.
    forward max bucket size 206 , backward 94.
        Unrouted nets 197 at the end of iteration 32.
    route iteration 32, CPU time elapsed 0.140625 sec.
    forward max bucket size 52 , backward 79.
        Unrouted nets 154 at the end of iteration 33.
    route iteration 33, CPU time elapsed 0.125000 sec.
    forward max bucket size 108 , backward 98.
        Unrouted nets 139 at the end of iteration 34.
    route iteration 34, CPU time elapsed 0.093750 sec.
    forward max bucket size 295 , backward 519.
        Unrouted nets 117 at the end of iteration 35.
    route iteration 35, CPU time elapsed 0.078125 sec.
    forward max bucket size 192 , backward 139.
        Unrouted nets 101 at the end of iteration 36.
    route iteration 36, CPU time elapsed 0.093750 sec.
    forward max bucket size 44 , backward 32.
        Unrouted nets 82 at the end of iteration 37.
    route iteration 37, CPU time elapsed 0.062500 sec.
    forward max bucket size 76 , backward 43.
        Unrouted nets 71 at the end of iteration 38.
    route iteration 38, CPU time elapsed 0.062500 sec.
    forward max bucket size 46 , backward 42.
        Unrouted nets 45 at the end of iteration 39.
    route iteration 39, CPU time elapsed 0.062500 sec.
    forward max bucket size 90 , backward 69.
        Unrouted nets 39 at the end of iteration 40.
    route iteration 40, CPU time elapsed 0.046875 sec.
    forward max bucket size 87 , backward 78.
        Unrouted nets 37 at the end of iteration 41.
    route iteration 41, CPU time elapsed 0.046875 sec.
    forward max bucket size 227 , backward 64.
        Unrouted nets 21 at the end of iteration 42.
    route iteration 42, CPU time elapsed 0.046875 sec.
    forward max bucket size 106 , backward 64.
        Unrouted nets 19 at the end of iteration 43.
    route iteration 43, CPU time elapsed 0.046875 sec.
    forward max bucket size 162 , backward 65.
        Unrouted nets 16 at the end of iteration 44.
    route iteration 44, CPU time elapsed 0.031250 sec.
    forward max bucket size 86 , backward 63.
        Unrouted nets 19 at the end of iteration 45.
    route iteration 45, CPU time elapsed 0.046875 sec.
    forward max bucket size 30 , backward 36.
        Unrouted nets 16 at the end of iteration 46.
    route iteration 46, CPU time elapsed 0.031250 sec.
    forward max bucket size 19 , backward 24.
        Unrouted nets 15 at the end of iteration 47.
    route iteration 47, CPU time elapsed 0.046875 sec.
    forward max bucket size 42 , backward 21.
        Unrouted nets 11 at the end of iteration 48.
    route iteration 48, CPU time elapsed 0.031250 sec.
    forward max bucket size 61 , backward 48.
        Unrouted nets 12 at the end of iteration 49.
    route iteration 49, CPU time elapsed 0.046875 sec.
    forward max bucket size 59 , backward 52.
        Unrouted nets 12 at the end of iteration 50.
    route iteration 50, CPU time elapsed 0.031250 sec.
    forward max bucket size 83 , backward 85.
        Unrouted nets 8 at the end of iteration 51.
    route iteration 51, CPU time elapsed 0.031250 sec.
    forward max bucket size 93 , backward 103.
        Unrouted nets 10 at the end of iteration 52.
    route iteration 52, CPU time elapsed 0.046875 sec.
    forward max bucket size 119 , backward 78.
        Unrouted nets 13 at the end of iteration 53.
    route iteration 53, CPU time elapsed 0.031250 sec.
    forward max bucket size 73 , backward 79.
        Unrouted nets 9 at the end of iteration 54.
    route iteration 54, CPU time elapsed 0.046875 sec.
    forward max bucket size 73 , backward 78.
        Unrouted nets 6 at the end of iteration 55.
    route iteration 55, CPU time elapsed 0.031250 sec.
    forward max bucket size 31 , backward 26.
        Unrouted nets 8 at the end of iteration 56.
    route iteration 56, CPU time elapsed 0.046875 sec.
    forward max bucket size 32 , backward 35.
        Unrouted nets 10 at the end of iteration 57.
    route iteration 57, CPU time elapsed 0.031250 sec.
    forward max bucket size 29 , backward 28.
        Unrouted nets 4 at the end of iteration 58.
    route iteration 58, CPU time elapsed 0.031250 sec.
    forward max bucket size 13 , backward 11.
        Unrouted nets 5 at the end of iteration 59.
    route iteration 59, CPU time elapsed 0.046875 sec.
    forward max bucket size 17 , backward 13.
        Unrouted nets 2 at the end of iteration 60.
    route iteration 60, CPU time elapsed 0.046875 sec.
    forward max bucket size 10 , backward 9.
        Unrouted nets 3 at the end of iteration 61.
    route iteration 61, CPU time elapsed 0.046875 sec.
    forward max bucket size 14 , backward 23.
        Unrouted nets 0 at the end of iteration 62.
    route iteration 62, CPU time elapsed 0.031250 sec.
Detailed routing takes 62 iterations
Detailed routing takes 23.95 sec.
Start fix hold violation.
Build tmp routing results takes 0.12 sec.
Timing analysis takes 0.08 sec.
No hold violation.
Hold Violation Fix in router takes 0 iterations.
Fix hold violation Finished.
Hold Violation Fix in router takes 0.70 sec.

Dispose routing result:
    Collect routing result.
    Delete unused device instances.
    Annotate routing result.
    Change LUT configuration.
    Dispose misc instances.
    Annotate routing result again.
Finish routing takes 0.36 sec.
Used SRB routing arc is 86830.
Cleanup routing takes 0.03 sec.
Routing done.
Total routing takes 34.59 sec.

C: Place-2025: The VCCIO 1.2 in BANK BANK0 is incompatible.

Device Utilization Summary :
+---------------------------------------------------------------------------+
| Logic Utilization        | Used     | Available     | Utilization(%)     
+---------------------------------------------------------------------------+
| Use of APM               | 0        | 84            | 0                  
| Use of BKCL              | 2        | 4             | 50                 
| Use of CLMA              | 770      | 6450          | 12                 
|   FF                     | 1414     | 38700         | 4                  
|   LUT                    | 2178     | 25800         | 9                  
|   LUT-FF pairs           | 537      | 25800         | 3                  
| Use of CLMS              | 472      | 4250          | 12                 
|   FF                     | 930      | 25500         | 4                  
|   LUT                    | 1267     | 17000         | 8                  
|   LUT-FF pairs           | 326      | 17000         | 2                  
|   Distributed RAM        | 0        | 17000         | 0                  
| Use of CRYSTAL           | 0        | 2             | 0                  
| Use of DLL               | 0        | 10            | 0                  
| Use of DQSL              | 0        | 18            | 0                  
| Use of DRM               | 48       | 134           | 36                 
| Use of FUSECODE          | 0        | 1             | 0                  
| Use of HARD0N1           | 333      | 6672          | 5                  
| Use of IO                | 45       | 218           | 21                 
|   IOBD                   | 7        | 53            | 14                 
|   IOBR_LR                | 1        | 5             | 20                 
|   IOBR_TB                | 2        | 7             | 29                 
|   IOBS_LR                | 26       | 107           | 25                 
|   IOBS_TB                | 9        | 46            | 20                 
| Use of IOCKDIV           | 0        | 20            | 0                  
| Use of IOCKDLY           | 0        | 40            | 0                  
| Use of IOCKGATE          | 0        | 20            | 0                  
| Use of IOCKGMUX_TEST     | 0        | 20            | 0                  
| Use of IOL               | 45       | 400           | 12                 
| Use of IPAL              | 0        | 1             | 0                  
| Use of LDO               | 0        | 4             | 0                  
| Use of MFG_TEST          | 0        | 1             | 0                  
| Use of OSC               | 0        | 1             | 0                  
| Use of PIOMUX_TEST       | 0        | 10            | 0                  
| Use of PLL               | 1        | 5             | 20                 
| Use of PREGMUX_TEST      | 0        | 6             | 0                  
| Use of RCKB              | 0        | 24            | 0                  
|  RCKB dataused           | 0        | 24            | 0                  
| Use of RCKBMUX_TEST      | 0        | 12            | 0                  
| Use of RESCAL            | 0        | 4             | 0                  
| Use of SCANCHAIN         | 0        | 2             | 0                  
| Use of START             | 1        | 1             | 100                
| Use of UDID              | 0        | 1             | 0                  
| Use of USCM              | 1        | 30            | 4                  
|  USCM dataused           | 0        | 30            | 0                  
| Use of USCMMUX_TEST      | 0        | 30            | 0                  
| Use of VCKBMUX_TEST      | 0        | 12            | 0                  
+---------------------------------------------------------------------------+

Finished routing.
Design 'SoC_Top' has been placed and routed successfully.
Saving design to DB.
Finished placement and routing.
Action pnr: Real time elapsed is 0h:1m:13s
Action pnr: CPU time elapsed is 0h:1m:9s
Action pnr: Process CPU time elapsed is 0h:1m:16s
Current time: Mon Mar 30 20:42:20 2026
Action pnr: Peak memory pool usage is 1,004 MB
