#Build: Fabric Compiler 2022.2-SP6.4, Build 146967, Jan 31 01:39 2024
#Install: E:\pango\PDS_2022.2-SP6.4\bin
#Application name: pds_shell.exe
#OS: Windows 10 10.0.26200
#Hostname: LAPTOP-E3CFACBD
Generated by Fabric Compiler (version 2022.2-SP6.4 build 146967) at Mon Mar 30 21:40:12 2026
Compiling verification operator library.
Compiling common defs.
Compiling prim grid devices.
Compiling gate devices.
Compiling gate operators.
Building architecture model.
Loading device packaging model.
pnr strategy configuration : 
strategy name : 0
Building architecture floorplan logic view.
Constraint check start.
Executing : def_port {uart_tx} LOC=T11 VCCIO=3.3 IOSTANDARD=LVCMOS33 PULLUP=TRUE
C: ConstraintEditor-2009: uart_tx is lack of SLEW, OUTPUT or INOUT PORT had better set SLEW, the optional value is {SLOW, FAST}.
C: ConstraintEditor-2009: uart_tx is lack of DRIVE, OUTPUT or INOUT PORT had better set DRIVE, the optional value is {8, 4, 12, 16, 24}.
Executing : def_port {uart_tx} LOC=T11 VCCIO=3.3 IOSTANDARD=LVCMOS33 PULLUP=TRUE successfully
Executing : def_port {rst_n} LOC=C4 VCCIO=1.2 IOSTANDARD=LVCMOS12 PULLUP=TRUE
Executing : def_port {rst_n} LOC=C4 VCCIO=1.2 IOSTANDARD=LVCMOS12 PULLUP=TRUE successfully
Executing : def_port {sys_clk} LOC=V9 VCCIO=3.3 IOSTANDARD=LVCMOS33 PULLUP=TRUE
Executing : def_port {sys_clk} LOC=V9 VCCIO=3.3 IOSTANDARD=LVCMOS33 PULLUP=TRUE successfully
Executing : def_port {uart_rx} LOC=R11 VCCIO=3.3 IOSTANDARD=LVCMOS33 PULLUP=TRUE
Executing : def_port {uart_rx} LOC=R11 VCCIO=3.3 IOSTANDARD=LVCMOS33 PULLUP=TRUE successfully
W: ConstraintEditor-4019: Port Bus 'ext_axi_if_araddr' unspecified I/O constraint.
W: ConstraintEditor-4019: Port Bus 'ext_axi_if_awaddr' unspecified I/O constraint.
W: ConstraintEditor-4019: Port Bus 'ext_axi_if_bresp' unspecified I/O constraint.
W: ConstraintEditor-4019: Port Bus 'ext_axi_if_rdata' unspecified I/O constraint.
W: ConstraintEditor-4019: Port Bus 'ext_axi_if_rresp' unspecified I/O constraint.
W: ConstraintEditor-4019: Port Bus 'ext_axi_if_wdata' unspecified I/O constraint.
W: ConstraintEditor-4019: Port Bus 'ext_axi_if_wstrb' unspecified I/O constraint.
W: ConstraintEditor-4019: Port 'ext_axi_if_arready' unspecified I/O constraint.
W: ConstraintEditor-4019: Port 'ext_axi_if_arvalid' unspecified I/O constraint.
W: ConstraintEditor-4019: Port 'ext_axi_if_awready' unspecified I/O constraint.
W: ConstraintEditor-4019: Port 'ext_axi_if_awvalid' unspecified I/O constraint.
W: ConstraintEditor-4019: Port 'ext_axi_if_bready' unspecified I/O constraint.
W: ConstraintEditor-4019: Port 'ext_axi_if_bvalid' unspecified I/O constraint.
W: ConstraintEditor-4019: Port 'ext_axi_if_rready' unspecified I/O constraint.
W: ConstraintEditor-4019: Port 'ext_axi_if_rvalid' unspecified I/O constraint.
W: ConstraintEditor-4019: Port 'ext_axi_if_wready' unspecified I/O constraint.
W: ConstraintEditor-4019: Port 'ext_axi_if_wvalid' unspecified I/O constraint.
Constraint check end.
I: Column Clock Check open.
Read Column Clock Map.

Placement started.
Phase 1 Pre global placement started.
Mapping instance u_sys_pll/u_pll_e3/goppll to PLL_158_55.
Phase 1.1 1st GP placement started.
Design Utilization : 9%.
First map gop timing takes 0.30 sec
Worst slack after clock region global placement is 2519
Wirelength after clock region global placement is 55328 and checksum is 2057A7A5C9F2304D.
1st GP placement takes 3.41 sec.

Phase 1.2 Clock placement started.
Mapping instance clkbufg_0/gopclkbufg to USCM_84_108.
Clock placement takes 0.14 sec.

Wirelength after Pre Global Placement is 55328 and checksum is 2057A7A5C9F2304D.
Pre global placement takes 3.73 sec.

Phase 2 Global placement started.
Phase 2.1 Fixed placement started.
Placed fixed group with base inst rst_n_ibuf/opit_1 on IOL_11_373.
Placed fixed group with base inst sys_clk_ibuf/opit_1 on IOL_159_5.
Placed fixed group with base inst uart_rx_ibuf/opit_1 on IOL_219_6.
Placed fixed group with base inst uart_tx_obuf/opit_1 on IOL_219_5.
Placed fixed instance clkbufg_0/gopclkbufg on USCM_84_108.
Placed fixed instance u_sys_pll/u_pll_e3/goppll on PLL_158_55.
Placed fixed instance BKCL_auto_0 on BKCL_188_376.
Placed fixed instance BKCL_auto_1 on BKCL_192_0.
Fixed placement takes 0.08 sec.

Phase 2.2 Process placement started.
Process placement takes 0.00 sec.

Phase 2.3 IO placement started.
IO placement takes 0.03 sec.

Phase 2.4 2nd GP placement started.
Run super clustering :
	Initial slack -11120.
	18 iterations finished.
	Final slack 670.
Super clustering done.
Design Utilization : 9%.
Worst slack after global placement is 118
2nd GP placement takes 3.97 sec.

Wirelength after global placement is 69384 and checksum is 95EB998780B4905E.
Global placement takes 4.09 sec.

Phase 3 Post global placement started.
Phase 3.1 Macro cell placement started.
I: Process macros using "Greedy".
Wirelength after macro cell placement is 79520 and checksum is CFE2981EDF99B381.
Macro cell placement takes 0.02 sec.

Phase 3.2 3rd GP placement started.
Run super clustering :
	Initial slack -11120.
	18 iterations finished.
	Final slack 670.
Super clustering done.
Design Utilization : 9%.
Worst slack after post global placement is -116
3rd GP placement takes 3.48 sec.

Wirelength after post global placement is 67852 and checksum is B5F051E9FF936F4C.
Post global placement takes 3.50 sec.

Phase 4 Legalization started.
The average distance in LP is 0.918536.
Wirelength after legalization is 78506 and checksum is 5DD3241E0F22D133.
Legalization takes 0.33 sec.

Phase 5 Timing-driven detailed placement started.
Phase 5.1 Replication placement started.
Worst slack before Replication Place is 723.
Replication placement takes 0.14 sec.

Wirelength after replication placement is 78506 and checksum is 5DD3241E0F22D133.
Phase 5.2 DP placement started.
Legalized cost 723.000000.
The detailed placement ends at 1th iteration.
DP placement takes 0.30 sec.

Wirelength after detailed placement is 78823 and checksum is 87AF86B5B8516027.
Timing-driven detailed placement takes 0.44 sec.

Worst slack is 3175, TNS after placement is 0.
Placement done.
Total placement takes 13.73 sec.
Finished placement.

Routing started.
Building routing graph takes 1.19 sec.
Worst slack is 3175, TNS before global route is 0.
Processing design graph takes 0.56 sec.
Total memory for routing:
	119.062006 M.
Total nets for routing : 7100.
Global Routing step 1 processed 0 nets, it takes 0.14 sec.
Rcf routing step 1 processed 0 nets, it takes 0.00 sec.
Rcf routing step 2 processed 0 nets, it takes 0.00 sec.
Rcf routing step 3 processed 0 nets, it takes 0.00 sec.
Unrouted nets 0 at the end of iteration 0.
Global Routing step 1 processed 123 nets, it takes 0.02 sec.
Unrouted nets 200 at the end of iteration 0.
Unrouted nets 152 at the end of iteration 1.
Unrouted nets 138 at the end of iteration 2.
Unrouted nets 125 at the end of iteration 3.
Unrouted nets 93 at the end of iteration 4.
Unrouted nets 73 at the end of iteration 5.
Unrouted nets 60 at the end of iteration 6.
Unrouted nets 58 at the end of iteration 7.
Unrouted nets 44 at the end of iteration 8.
Unrouted nets 35 at the end of iteration 9.
Unrouted nets 25 at the end of iteration 10.
Unrouted nets 17 at the end of iteration 11.
Unrouted nets 18 at the end of iteration 12.
Unrouted nets 12 at the end of iteration 13.
Unrouted nets 9 at the end of iteration 14.
Unrouted nets 9 at the end of iteration 15.
Unrouted nets 10 at the end of iteration 16.
Unrouted nets 8 at the end of iteration 17.
Unrouted nets 8 at the end of iteration 18.
Unrouted nets 6 at the end of iteration 19.
Unrouted nets 6 at the end of iteration 20.
Unrouted nets 4 at the end of iteration 21.
Unrouted nets 5 at the end of iteration 22.
Unrouted nets 4 at the end of iteration 23.
Unrouted nets 4 at the end of iteration 24.
Unrouted nets 4 at the end of iteration 25.
Unrouted nets 4 at the end of iteration 26.
Unrouted nets 5 at the end of iteration 27.
Unrouted nets 4 at the end of iteration 28.
Unrouted nets 4 at the end of iteration 29.
Unrouted nets 5 at the end of iteration 30.
Unrouted nets 2 at the end of iteration 31.
Unrouted nets 2 at the end of iteration 32.
Unrouted nets 2 at the end of iteration 33.
Unrouted nets 3 at the end of iteration 34.
Unrouted nets 2 at the end of iteration 35.
Unrouted nets 2 at the end of iteration 36.
Unrouted nets 2 at the end of iteration 37.
Unrouted nets 2 at the end of iteration 38.
Unrouted nets 2 at the end of iteration 39.
Unrouted nets 2 at the end of iteration 40.
Unrouted nets 2 at the end of iteration 41.
Unrouted nets 2 at the end of iteration 42.
Unrouted nets 2 at the end of iteration 43.
Unrouted nets 2 at the end of iteration 44.
Unrouted nets 2 at the end of iteration 45.
Unrouted nets 2 at the end of iteration 46.
Unrouted nets 2 at the end of iteration 47.
Unrouted nets 2 at the end of iteration 48.
Unrouted nets 2 at the end of iteration 49.
Unrouted nets 2 at the end of iteration 50.
Unrouted nets 2 at the end of iteration 51.
Unrouted nets 2 at the end of iteration 52.
Unrouted nets 2 at the end of iteration 53.
Unrouted nets 2 at the end of iteration 54.
Unrouted nets 2 at the end of iteration 55.
Unrouted nets 2 at the end of iteration 56.
Unrouted nets 2 at the end of iteration 57.
Unrouted nets 2 at the end of iteration 58.
Unrouted nets 2 at the end of iteration 59.
Unrouted nets 2 at the end of iteration 60.
Unrouted nets 1 at the end of iteration 61.
Unrouted nets 1 at the end of iteration 62.
Unrouted nets 1 at the end of iteration 63.
Unrouted nets 1 at the end of iteration 64.
Unrouted nets 1 at the end of iteration 65.
Unrouted nets 1 at the end of iteration 66.
Unrouted nets 1 at the end of iteration 67.
Unrouted nets 1 at the end of iteration 68.
Unrouted nets 1 at the end of iteration 69.
Unrouted nets 1 at the end of iteration 70.
Unrouted nets 1 at the end of iteration 71.
Unrouted nets 1 at the end of iteration 72.
Unrouted nets 0 at the end of iteration 73.
Global Routing step 2 processed 398 nets, it takes 2.95 sec.
Unrouted nets 109 at the end of iteration 0.
Unrouted nets 50 at the end of iteration 1.
Unrouted nets 25 at the end of iteration 2.
Unrouted nets 9 at the end of iteration 3.
Unrouted nets 2 at the end of iteration 4.
Unrouted nets 3 at the end of iteration 5.
Unrouted nets 0 at the end of iteration 6.
Global Routing step 3 processed 220 nets, it takes 0.73 sec.
Global routing takes 3.73 sec.
Total 8523 subnets.
    forward max bucket size 1247 , backward 410.
        Unrouted nets 5883 at the end of iteration 0.
    route iteration 0, CPU time elapsed 1.125000 sec.
    forward max bucket size 377 , backward 340.
        Unrouted nets 5037 at the end of iteration 1.
    route iteration 1, CPU time elapsed 0.906250 sec.
    forward max bucket size 642 , backward 571.
        Unrouted nets 4389 at the end of iteration 2.
    route iteration 2, CPU time elapsed 0.875000 sec.
    forward max bucket size 803 , backward 926.
        Unrouted nets 3896 at the end of iteration 3.
    route iteration 3, CPU time elapsed 0.937500 sec.
    forward max bucket size 936 , backward 854.
        Unrouted nets 3466 at the end of iteration 4.
    route iteration 4, CPU time elapsed 0.968750 sec.
    forward max bucket size 840 , backward 1201.
        Unrouted nets 3156 at the end of iteration 5.
    route iteration 5, CPU time elapsed 0.953125 sec.
    forward max bucket size 696 , backward 919.
        Unrouted nets 3036 at the end of iteration 6.
    route iteration 6, CPU time elapsed 0.843750 sec.
    forward max bucket size 597 , backward 923.
        Unrouted nets 2710 at the end of iteration 7.
    route iteration 7, CPU time elapsed 0.781250 sec.
    forward max bucket size 692 , backward 1168.
        Unrouted nets 2439 at the end of iteration 8.
    route iteration 8, CPU time elapsed 0.734375 sec.
    forward max bucket size 989 , backward 1385.
        Unrouted nets 2182 at the end of iteration 9.
    route iteration 9, CPU time elapsed 0.671875 sec.
    forward max bucket size 1131 , backward 1300.
        Unrouted nets 1881 at the end of iteration 10.
    route iteration 10, CPU time elapsed 0.609375 sec.
    forward max bucket size 1083 , backward 1738.
        Unrouted nets 1637 at the end of iteration 11.
    route iteration 11, CPU time elapsed 0.546875 sec.
    forward max bucket size 605 , backward 1307.
        Unrouted nets 1499 at the end of iteration 12.
    route iteration 12, CPU time elapsed 0.515625 sec.
    forward max bucket size 547 , backward 704.
        Unrouted nets 1250 at the end of iteration 13.
    route iteration 13, CPU time elapsed 0.453125 sec.
    forward max bucket size 1019 , backward 1587.
        Unrouted nets 1138 at the end of iteration 14.
    route iteration 14, CPU time elapsed 0.421875 sec.
    forward max bucket size 326 , backward 409.
        Unrouted nets 1000 at the end of iteration 15.
    route iteration 15, CPU time elapsed 0.375000 sec.
    forward max bucket size 310 , backward 534.
        Unrouted nets 905 at the end of iteration 16.
    route iteration 16, CPU time elapsed 0.343750 sec.
    forward max bucket size 290 , backward 314.
        Unrouted nets 847 at the end of iteration 17.
    route iteration 17, CPU time elapsed 0.312500 sec.
    forward max bucket size 374 , backward 166.
        Unrouted nets 749 at the end of iteration 18.
    route iteration 18, CPU time elapsed 0.281250 sec.
    forward max bucket size 659 , backward 847.
        Unrouted nets 700 at the end of iteration 19.
    route iteration 19, CPU time elapsed 0.250000 sec.
    forward max bucket size 695 , backward 1565.
        Unrouted nets 610 at the end of iteration 20.
    route iteration 20, CPU time elapsed 0.234375 sec.
    forward max bucket size 386 , backward 1506.
        Unrouted nets 576 at the end of iteration 21.
    route iteration 21, CPU time elapsed 0.234375 sec.
    forward max bucket size 666 , backward 1544.
        Unrouted nets 494 at the end of iteration 22.
    route iteration 22, CPU time elapsed 0.203125 sec.
    forward max bucket size 745 , backward 1452.
        Unrouted nets 445 at the end of iteration 23.
    route iteration 23, CPU time elapsed 0.187500 sec.
    forward max bucket size 220 , backward 175.
        Unrouted nets 409 at the end of iteration 24.
    route iteration 24, CPU time elapsed 0.171875 sec.
    forward max bucket size 338 , backward 590.
        Unrouted nets 371 at the end of iteration 25.
    route iteration 25, CPU time elapsed 0.171875 sec.
    forward max bucket size 336 , backward 409.
        Unrouted nets 347 at the end of iteration 26.
    route iteration 26, CPU time elapsed 0.140625 sec.
    forward max bucket size 239 , backward 370.
        Unrouted nets 359 at the end of iteration 27.
    route iteration 27, CPU time elapsed 0.140625 sec.
    forward max bucket size 118 , backward 153.
        Unrouted nets 342 at the end of iteration 28.
    route iteration 28, CPU time elapsed 0.156250 sec.
    forward max bucket size 172 , backward 371.
        Unrouted nets 308 at the end of iteration 29.
    route iteration 29, CPU time elapsed 0.140625 sec.
    forward max bucket size 203 , backward 210.
        Unrouted nets 276 at the end of iteration 30.
    route iteration 30, CPU time elapsed 0.125000 sec.
    forward max bucket size 321 , backward 385.
        Unrouted nets 207 at the end of iteration 31.
    route iteration 31, CPU time elapsed 0.078125 sec.
    forward max bucket size 122 , backward 140.
        Unrouted nets 172 at the end of iteration 32.
    route iteration 32, CPU time elapsed 0.093750 sec.
    forward max bucket size 357 , backward 98.
        Unrouted nets 161 at the end of iteration 33.
    route iteration 33, CPU time elapsed 0.078125 sec.
    forward max bucket size 330 , backward 388.
        Unrouted nets 152 at the end of iteration 34.
    route iteration 34, CPU time elapsed 0.078125 sec.
    forward max bucket size 519 , backward 667.
        Unrouted nets 131 at the end of iteration 35.
    route iteration 35, CPU time elapsed 0.078125 sec.
    forward max bucket size 731 , backward 1758.
        Unrouted nets 119 at the end of iteration 36.
    route iteration 36, CPU time elapsed 0.078125 sec.
    forward max bucket size 282 , backward 1108.
        Unrouted nets 104 at the end of iteration 37.
    route iteration 37, CPU time elapsed 0.062500 sec.
    forward max bucket size 69 , backward 46.
        Unrouted nets 93 at the end of iteration 38.
    route iteration 38, CPU time elapsed 0.046875 sec.
    forward max bucket size 50 , backward 78.
        Unrouted nets 84 at the end of iteration 39.
    route iteration 39, CPU time elapsed 0.046875 sec.
    forward max bucket size 44 , backward 43.
        Unrouted nets 70 at the end of iteration 40.
    route iteration 40, CPU time elapsed 0.046875 sec.
    forward max bucket size 125 , backward 180.
        Unrouted nets 74 at the end of iteration 41.
    route iteration 41, CPU time elapsed 0.062500 sec.
    forward max bucket size 144 , backward 91.
        Unrouted nets 51 at the end of iteration 42.
    route iteration 42, CPU time elapsed 0.046875 sec.
    forward max bucket size 36 , backward 108.
        Unrouted nets 55 at the end of iteration 43.
    route iteration 43, CPU time elapsed 0.031250 sec.
    forward max bucket size 363 , backward 150.
        Unrouted nets 53 at the end of iteration 44.
    route iteration 44, CPU time elapsed 0.046875 sec.
    forward max bucket size 202 , backward 103.
        Unrouted nets 55 at the end of iteration 45.
    route iteration 45, CPU time elapsed 0.046875 sec.
    forward max bucket size 57 , backward 51.
        Unrouted nets 39 at the end of iteration 46.
    route iteration 46, CPU time elapsed 0.046875 sec.
    forward max bucket size 49 , backward 56.
        Unrouted nets 35 at the end of iteration 47.
    route iteration 47, CPU time elapsed 0.031250 sec.
    forward max bucket size 39 , backward 34.
        Unrouted nets 38 at the end of iteration 48.
    route iteration 48, CPU time elapsed 0.031250 sec.
    forward max bucket size 43 , backward 61.
        Unrouted nets 31 at the end of iteration 49.
    route iteration 49, CPU time elapsed 0.031250 sec.
    forward max bucket size 58 , backward 36.
        Unrouted nets 26 at the end of iteration 50.
    route iteration 50, CPU time elapsed 0.031250 sec.
    forward max bucket size 41 , backward 19.
        Unrouted nets 14 at the end of iteration 51.
    route iteration 51, CPU time elapsed 0.031250 sec.
    forward max bucket size 536 , backward 1124.
        Unrouted nets 10 at the end of iteration 52.
    route iteration 52, CPU time elapsed 0.015625 sec.
    forward max bucket size 41 , backward 20.
        Unrouted nets 9 at the end of iteration 53.
    route iteration 53, CPU time elapsed 0.031250 sec.
    forward max bucket size 39 , backward 22.
        Unrouted nets 4 at the end of iteration 54.
    route iteration 54, CPU time elapsed 0.015625 sec.
    forward max bucket size 45 , backward 24.
        Unrouted nets 4 at the end of iteration 55.
    route iteration 55, CPU time elapsed 0.015625 sec.
    forward max bucket size 30 , backward 29.
        Unrouted nets 4 at the end of iteration 56.
    route iteration 56, CPU time elapsed 0.015625 sec.
    forward max bucket size 21 , backward 32.
        Unrouted nets 5 at the end of iteration 57.
    route iteration 57, CPU time elapsed 0.015625 sec.
    forward max bucket size 15 , backward 11.
        Unrouted nets 6 at the end of iteration 58.
    route iteration 58, CPU time elapsed 0.015625 sec.
    forward max bucket size 30 , backward 10.
        Unrouted nets 2 at the end of iteration 59.
    route iteration 59, CPU time elapsed 0.015625 sec.
    forward max bucket size 17 , backward 8.
        Unrouted nets 0 at the end of iteration 60.
    route iteration 60, CPU time elapsed 0.015625 sec.
Detailed routing takes 60 iterations
Detailed routing takes 16.70 sec.
Start fix hold violation.
Build tmp routing results takes 0.08 sec.
Timing analysis takes 0.08 sec.
No hold violation.
Hold Violation Fix in router takes 0 iterations.
Fix hold violation Finished.
Hold Violation Fix in router takes 0.52 sec.

Dispose routing result:
    Collect routing result.
    Delete unused device instances.
    Annotate routing result.
    Change LUT configuration.
    Dispose misc instances.
    Annotate routing result again.
Finish routing takes 0.27 sec.
Used SRB routing arc is 86485.
Cleanup routing takes 0.03 sec.
Routing done.
Total routing takes 23.72 sec.

C: Place-2025: The VCCIO 1.2 in BANK BANK0 is incompatible.

Device Utilization Summary :
+---------------------------------------------------------------------------+
| Logic Utilization        | Used     | Available     | Utilization(%)     
+---------------------------------------------------------------------------+
| Use of APM               | 0        | 84            | 0                  
| Use of BKCL              | 2        | 4             | 50                 
| Use of CLMA              | 751      | 6450          | 12                 
|   FF                     | 1469     | 38700         | 4                  
|   LUT                    | 2117     | 25800         | 9                  
|   LUT-FF pairs           | 552      | 25800         | 3                  
| Use of CLMS              | 478      | 4250          | 12                 
|   FF                     | 885      | 25500         | 4                  
|   LUT                    | 1390     | 17000         | 9                  
|   LUT-FF pairs           | 321      | 17000         | 2                  
|   Distributed RAM        | 0        | 17000         | 0                  
| Use of CRYSTAL           | 0        | 2             | 0                  
| Use of DLL               | 0        | 10            | 0                  
| Use of DQSL              | 0        | 18            | 0                  
| Use of DRM               | 48       | 134           | 36                 
| Use of FUSECODE          | 0        | 1             | 0                  
| Use of HARD0N1           | 342      | 6672          | 6                  
| Use of IO                | 45       | 218           | 21                 
|   IOBD                   | 4        | 53            | 8                  
|   IOBR_LR                | 2        | 5             | 40                 
|   IOBR_TB                | 2        | 7             | 29                 
|   IOBS_LR                | 24       | 107           | 23                 
|   IOBS_TB                | 13       | 46            | 29                 
| Use of IOCKDIV           | 0        | 20            | 0                  
| Use of IOCKDLY           | 0        | 40            | 0                  
| Use of IOCKGATE          | 0        | 20            | 0                  
| Use of IOCKGMUX_TEST     | 0        | 20            | 0                  
| Use of IOL               | 45       | 400           | 12                 
| Use of IPAL              | 0        | 1             | 0                  
| Use of LDO               | 0        | 4             | 0                  
| Use of MFG_TEST          | 0        | 1             | 0                  
| Use of OSC               | 0        | 1             | 0                  
| Use of PIOMUX_TEST       | 0        | 10            | 0                  
| Use of PLL               | 1        | 5             | 20                 
| Use of PREGMUX_TEST      | 0        | 6             | 0                  
| Use of RCKB              | 0        | 24            | 0                  
|  RCKB dataused           | 0        | 24            | 0                  
| Use of RCKBMUX_TEST      | 0        | 12            | 0                  
| Use of RESCAL            | 0        | 4             | 0                  
| Use of SCANCHAIN         | 0        | 2             | 0                  
| Use of START             | 1        | 1             | 100                
| Use of UDID              | 0        | 1             | 0                  
| Use of USCM              | 1        | 30            | 4                  
|  USCM dataused           | 0        | 30            | 0                  
| Use of USCMMUX_TEST      | 0        | 30            | 0                  
| Use of VCKBMUX_TEST      | 0        | 12            | 0                  
+---------------------------------------------------------------------------+

Finished routing.
Design 'SoC_Top' has been placed and routed successfully.
Saving design to DB.
Finished placement and routing.
Action pnr: Real time elapsed is 0h:0m:56s
Action pnr: CPU time elapsed is 0h:0m:52s
Action pnr: Process CPU time elapsed is 0h:0m:58s
Current time: Mon Mar 30 21:41:06 2026
Action pnr: Peak memory pool usage is 1,000 MB
