#Build: Fabric Compiler 2022.2-SP6.4, Build 146967, Jan 31 01:39 2024
#Install: E:\pango\PDS_2022.2-SP6.4\bin
#Application name: pds_shell.exe
#OS: Windows 10 10.0.26200
#Hostname: LAPTOP-E3CFACBD
Generated by Fabric Compiler (version 2022.2-SP6.4 build 146967) at Wed Mar 25 13:44:21 2026
Compiling verification operator library.
Compiling common defs.
Compiling prim grid devices.
Compiling gate devices.
Compiling gate operators.
Building architecture model.
Loading device packaging model.
pnr strategy configuration : 
strategy name : 0
Building architecture floorplan logic view.
Constraint check start.
Executing : def_port {uart_tx} LOC=T11 VCCIO=3.3 IOSTANDARD=LVCMOS33 PULLUP=TRUE
C: ConstraintEditor-2009: uart_tx is lack of SLEW, OUTPUT or INOUT PORT had better set SLEW, the optional value is {SLOW, FAST}.
C: ConstraintEditor-2009: uart_tx is lack of DRIVE, OUTPUT or INOUT PORT had better set DRIVE, the optional value is {8, 4, 12, 16, 24}.
Executing : def_port {uart_tx} LOC=T11 VCCIO=3.3 IOSTANDARD=LVCMOS33 PULLUP=TRUE successfully
Executing : def_port {rst_n} LOC=C4 VCCIO=1.2 IOSTANDARD=LVCMOS12 PULLUP=TRUE
Executing : def_port {rst_n} LOC=C4 VCCIO=1.2 IOSTANDARD=LVCMOS12 PULLUP=TRUE successfully
Executing : def_port {sys_clk} LOC=V9 VCCIO=3.3 IOSTANDARD=LVCMOS33 PULLUP=TRUE
Executing : def_port {sys_clk} LOC=V9 VCCIO=3.3 IOSTANDARD=LVCMOS33 PULLUP=TRUE successfully
Executing : def_port {uart_rx} LOC=R11 VCCIO=3.3 IOSTANDARD=LVCMOS33 PULLUP=TRUE
Executing : def_port {uart_rx} LOC=R11 VCCIO=3.3 IOSTANDARD=LVCMOS33 PULLUP=TRUE successfully
W: ConstraintEditor-4019: Port Bus 'ext_axi_if_araddr' unspecified I/O constraint.
W: ConstraintEditor-4019: Port Bus 'ext_axi_if_awaddr' unspecified I/O constraint.
W: ConstraintEditor-4019: Port Bus 'ext_axi_if_bresp' unspecified I/O constraint.
W: ConstraintEditor-4019: Port Bus 'ext_axi_if_rdata' unspecified I/O constraint.
W: ConstraintEditor-4019: Port Bus 'ext_axi_if_rresp' unspecified I/O constraint.
W: ConstraintEditor-4019: Port Bus 'ext_axi_if_wdata' unspecified I/O constraint.
W: ConstraintEditor-4019: Port Bus 'ext_axi_if_wstrb' unspecified I/O constraint.
W: ConstraintEditor-4019: Port 'ext_axi_if_arready' unspecified I/O constraint.
W: ConstraintEditor-4019: Port 'ext_axi_if_arvalid' unspecified I/O constraint.
W: ConstraintEditor-4019: Port 'ext_axi_if_awready' unspecified I/O constraint.
W: ConstraintEditor-4019: Port 'ext_axi_if_awvalid' unspecified I/O constraint.
W: ConstraintEditor-4019: Port 'ext_axi_if_bready' unspecified I/O constraint.
W: ConstraintEditor-4019: Port 'ext_axi_if_bvalid' unspecified I/O constraint.
W: ConstraintEditor-4019: Port 'ext_axi_if_rready' unspecified I/O constraint.
W: ConstraintEditor-4019: Port 'ext_axi_if_rvalid' unspecified I/O constraint.
W: ConstraintEditor-4019: Port 'ext_axi_if_wready' unspecified I/O constraint.
W: ConstraintEditor-4019: Port 'ext_axi_if_wvalid' unspecified I/O constraint.
Constraint check end.
I: Column Clock Check open.
Read Column Clock Map.

Placement started.
Phase 1 Pre global placement started.
Mapping instance sys_pll_u0/u_pll_e3/goppll to PLL_158_55.
Phase 1.1 1st GP placement started.
Design Utilization : 9%.
First map gop timing takes 0.14 sec
Worst slack after clock region global placement is 15623
Wirelength after clock region global placement is 36653 and checksum is 5BAE87BC603413DE.
1st GP placement takes 3.08 sec.

Phase 1.2 Clock placement started.
Mapping instance clkbufg_0/gopclkbufg to USCM_84_108.
Clock placement takes 0.12 sec.

Wirelength after Pre Global Placement is 36653 and checksum is 5BAE87BC603413DE.
Pre global placement takes 3.38 sec.

Phase 2 Global placement started.
Phase 2.1 Fixed placement started.
Placed fixed group with base inst rst_n_ibuf/opit_1 on IOL_11_373.
Placed fixed group with base inst sys_clk_ibuf/opit_1 on IOL_159_5.
Placed fixed group with base inst uart_rx_ibuf/opit_1 on IOL_219_6.
Placed fixed group with base inst uart_tx_obuf/opit_1 on IOL_219_5.
Placed fixed instance clkbufg_0/gopclkbufg on USCM_84_108.
Placed fixed instance sys_pll_u0/u_pll_e3/goppll on PLL_158_55.
Placed fixed instance BKCL_auto_0 on BKCL_188_376.
Placed fixed instance BKCL_auto_1 on BKCL_192_0.
Fixed placement takes 0.11 sec.

Phase 2.2 Process placement started.
Process placement takes 0.00 sec.

Phase 2.3 IO placement started.
IO placement takes 0.08 sec.

Phase 2.4 2nd GP placement started.
Run super clustering :
	Initial slack -11307.
	10 iterations finished.
	Final slack 12298.
Super clustering done.
Design Utilization : 9%.
Worst slack after global placement is 18086
2nd GP placement takes 2.30 sec.

Wirelength after global placement is 40970 and checksum is AB5B8F125E4FC002.
Global placement takes 2.48 sec.

Phase 3 Post global placement started.
Phase 3.1 Macro cell placement started.
I: Process macros using "Greedy".
Wirelength after macro cell placement is 44524 and checksum is 791B6C6CF09ED14E.
Macro cell placement takes 0.02 sec.

Phase 3.2 3rd GP placement started.
Run super clustering :
	Initial slack -11307.
	10 iterations finished.
	Final slack 12298.
Super clustering done.
Design Utilization : 9%.
Worst slack after post global placement is 18080
3rd GP placement takes 2.45 sec.

Wirelength after post global placement is 41985 and checksum is 9C5DA78494C890B7.
Post global placement takes 2.47 sec.

Phase 4 Legalization started.
The average distance in LP is 1.344602.
Wirelength after legalization is 56837 and checksum is 66FF1485AB9B7C3D.
Legalization takes 0.72 sec.

Phase 5 Timing-driven detailed placement started.
Phase 5.1 Replication placement started.
Worst slack before Replication Place is 9250.
Replication placement takes 0.11 sec.

Wirelength after replication placement is 56837 and checksum is 66FF1485AB9B7C3D.
Phase 5.2 DP placement started.
Legalized cost 9250.000000.
The detailed placement ends at 0th iteration.
DP placement takes 0.08 sec.

Wirelength after detailed placement is 56837 and checksum is 66FF1485AB9B7C3D.
Timing-driven detailed placement takes 0.19 sec.

Worst slack is 9250, TNS after placement is 0.
Placement done.
Total placement takes 10.56 sec.
Finished placement.

Routing started.
Building routing graph takes 1.30 sec.
Worst slack is 9250, TNS before global route is 0.
Processing design graph takes 0.47 sec.
Total memory for routing:
	119.033873 M.
Total nets for routing : 7343.
Global Routing step 1 processed 0 nets, it takes 0.03 sec.
Rcf routing step 1 processed 0 nets, it takes 0.00 sec.
Rcf routing step 2 processed 0 nets, it takes 0.00 sec.
Rcf routing step 3 processed 0 nets, it takes 0.00 sec.
Unrouted nets 0 at the end of iteration 0.
Global Routing step 1 processed 59 nets, it takes 0.02 sec.
Unrouted nets 115 at the end of iteration 0.
Unrouted nets 73 at the end of iteration 1.
Unrouted nets 52 at the end of iteration 2.
Unrouted nets 47 at the end of iteration 3.
Unrouted nets 30 at the end of iteration 4.
Unrouted nets 23 at the end of iteration 5.
Unrouted nets 19 at the end of iteration 6.
Unrouted nets 20 at the end of iteration 7.
Unrouted nets 14 at the end of iteration 8.
Unrouted nets 15 at the end of iteration 9.
Unrouted nets 14 at the end of iteration 10.
Unrouted nets 8 at the end of iteration 11.
Unrouted nets 3 at the end of iteration 12.
Unrouted nets 5 at the end of iteration 13.
Unrouted nets 6 at the end of iteration 14.
Unrouted nets 7 at the end of iteration 15.
Unrouted nets 3 at the end of iteration 16.
Unrouted nets 1 at the end of iteration 17.
Unrouted nets 1 at the end of iteration 18.
Unrouted nets 1 at the end of iteration 19.
Unrouted nets 1 at the end of iteration 20.
Unrouted nets 1 at the end of iteration 21.
Unrouted nets 1 at the end of iteration 22.
Unrouted nets 1 at the end of iteration 23.
Unrouted nets 1 at the end of iteration 24.
Unrouted nets 1 at the end of iteration 25.
Unrouted nets 1 at the end of iteration 26.
Unrouted nets 1 at the end of iteration 27.
Unrouted nets 1 at the end of iteration 28.
Unrouted nets 1 at the end of iteration 29.
Unrouted nets 1 at the end of iteration 30.
Unrouted nets 1 at the end of iteration 31.
Unrouted nets 1 at the end of iteration 32.
Unrouted nets 1 at the end of iteration 33.
Unrouted nets 1 at the end of iteration 34.
Unrouted nets 1 at the end of iteration 35.
Unrouted nets 1 at the end of iteration 36.
Unrouted nets 1 at the end of iteration 37.
Unrouted nets 1 at the end of iteration 38.
Unrouted nets 1 at the end of iteration 39.
Unrouted nets 1 at the end of iteration 40.
Unrouted nets 1 at the end of iteration 41.
Unrouted nets 1 at the end of iteration 42.
Unrouted nets 1 at the end of iteration 43.
Unrouted nets 1 at the end of iteration 44.
Unrouted nets 1 at the end of iteration 45.
Unrouted nets 1 at the end of iteration 46.
Unrouted nets 1 at the end of iteration 47.
Unrouted nets 0 at the end of iteration 48.
Global Routing step 2 processed 315 nets, it takes 1.16 sec.
Unrouted nets 107 at the end of iteration 0.
Unrouted nets 48 at the end of iteration 1.
Unrouted nets 17 at the end of iteration 2.
Unrouted nets 5 at the end of iteration 3.
Unrouted nets 0 at the end of iteration 4.
Global Routing step 3 processed 220 nets, it takes 0.50 sec.
Global routing takes 1.69 sec.
Total 8432 subnets.
    forward max bucket size 1256 , backward 196.
        Unrouted nets 5666 at the end of iteration 0.
    route iteration 0, CPU time elapsed 1.031250 sec.
    forward max bucket size 301 , backward 140.
        Unrouted nets 4856 at the end of iteration 1.
    route iteration 1, CPU time elapsed 0.734375 sec.
    forward max bucket size 275 , backward 118.
        Unrouted nets 4193 at the end of iteration 2.
    route iteration 2, CPU time elapsed 0.750000 sec.
    forward max bucket size 301 , backward 184.
        Unrouted nets 3711 at the end of iteration 3.
    route iteration 3, CPU time elapsed 0.796875 sec.
    forward max bucket size 313 , backward 181.
        Unrouted nets 3255 at the end of iteration 4.
    route iteration 4, CPU time elapsed 0.812500 sec.
    forward max bucket size 498 , backward 152.
        Unrouted nets 2897 at the end of iteration 5.
    route iteration 5, CPU time elapsed 0.828125 sec.
    forward max bucket size 425 , backward 147.
        Unrouted nets 2931 at the end of iteration 6.
    route iteration 6, CPU time elapsed 0.703125 sec.
    forward max bucket size 274 , backward 172.
        Unrouted nets 2619 at the end of iteration 7.
    route iteration 7, CPU time elapsed 0.656250 sec.
    forward max bucket size 222 , backward 237.
        Unrouted nets 2315 at the end of iteration 8.
    route iteration 8, CPU time elapsed 0.875000 sec.
    forward max bucket size 110 , backward 88.
        Unrouted nets 1973 at the end of iteration 9.
    route iteration 9, CPU time elapsed 0.656250 sec.
    forward max bucket size 131 , backward 83.
        Unrouted nets 1615 at the end of iteration 10.
    route iteration 10, CPU time elapsed 0.609375 sec.
    forward max bucket size 87 , backward 95.
        Unrouted nets 1359 at the end of iteration 11.
    route iteration 11, CPU time elapsed 0.484375 sec.
    forward max bucket size 124 , backward 215.
        Unrouted nets 1160 at the end of iteration 12.
    route iteration 12, CPU time elapsed 0.484375 sec.
    forward max bucket size 87 , backward 217.
        Unrouted nets 966 at the end of iteration 13.
    route iteration 13, CPU time elapsed 0.390625 sec.
    forward max bucket size 112 , backward 140.
        Unrouted nets 835 at the end of iteration 14.
    route iteration 14, CPU time elapsed 0.406250 sec.
    forward max bucket size 206 , backward 172.
        Unrouted nets 704 at the end of iteration 15.
    route iteration 15, CPU time elapsed 0.328125 sec.
    forward max bucket size 139 , backward 126.
        Unrouted nets 597 at the end of iteration 16.
    route iteration 16, CPU time elapsed 0.250000 sec.
    forward max bucket size 161 , backward 131.
        Unrouted nets 498 at the end of iteration 17.
    route iteration 17, CPU time elapsed 0.218750 sec.
    forward max bucket size 62 , backward 104.
        Unrouted nets 371 at the end of iteration 18.
    route iteration 18, CPU time elapsed 0.234375 sec.
    forward max bucket size 68 , backward 82.
        Unrouted nets 315 at the end of iteration 19.
    route iteration 19, CPU time elapsed 0.203125 sec.
    forward max bucket size 64 , backward 82.
        Unrouted nets 277 at the end of iteration 20.
    route iteration 20, CPU time elapsed 0.187500 sec.
    forward max bucket size 136 , backward 151.
        Unrouted nets 207 at the end of iteration 21.
    route iteration 21, CPU time elapsed 0.140625 sec.
    forward max bucket size 80 , backward 144.
        Unrouted nets 169 at the end of iteration 22.
    route iteration 22, CPU time elapsed 0.125000 sec.
    forward max bucket size 158 , backward 110.
        Unrouted nets 168 at the end of iteration 23.
    route iteration 23, CPU time elapsed 0.140625 sec.
    forward max bucket size 39 , backward 59.
        Unrouted nets 140 at the end of iteration 24.
    route iteration 24, CPU time elapsed 0.093750 sec.
    forward max bucket size 50 , backward 98.
        Unrouted nets 164 at the end of iteration 25.
    route iteration 25, CPU time elapsed 0.125000 sec.
    forward max bucket size 204 , backward 214.
        Unrouted nets 147 at the end of iteration 26.
    route iteration 26, CPU time elapsed 0.109375 sec.
    forward max bucket size 46 , backward 64.
        Unrouted nets 120 at the end of iteration 27.
    route iteration 27, CPU time elapsed 0.093750 sec.
    forward max bucket size 40 , backward 81.
        Unrouted nets 103 at the end of iteration 28.
    route iteration 28, CPU time elapsed 0.078125 sec.
    forward max bucket size 32 , backward 51.
        Unrouted nets 90 at the end of iteration 29.
    route iteration 29, CPU time elapsed 0.062500 sec.
    forward max bucket size 38 , backward 83.
        Unrouted nets 68 at the end of iteration 30.
    route iteration 30, CPU time elapsed 0.062500 sec.
    forward max bucket size 33 , backward 52.
        Unrouted nets 66 at the end of iteration 31.
    route iteration 31, CPU time elapsed 0.062500 sec.
    forward max bucket size 62 , backward 65.
        Unrouted nets 73 at the end of iteration 32.
    route iteration 32, CPU time elapsed 0.062500 sec.
    forward max bucket size 52 , backward 54.
        Unrouted nets 74 at the end of iteration 33.
    route iteration 33, CPU time elapsed 0.062500 sec.
    forward max bucket size 65 , backward 70.
        Unrouted nets 61 at the end of iteration 34.
    route iteration 34, CPU time elapsed 0.062500 sec.
    forward max bucket size 91 , backward 108.
        Unrouted nets 49 at the end of iteration 35.
    route iteration 35, CPU time elapsed 0.046875 sec.
    forward max bucket size 114 , backward 95.
        Unrouted nets 57 at the end of iteration 36.
    route iteration 36, CPU time elapsed 0.046875 sec.
    forward max bucket size 36 , backward 101.
        Unrouted nets 39 at the end of iteration 37.
    route iteration 37, CPU time elapsed 0.046875 sec.
    forward max bucket size 51 , backward 68.
        Unrouted nets 34 at the end of iteration 38.
    route iteration 38, CPU time elapsed 0.046875 sec.
    forward max bucket size 54 , backward 77.
        Unrouted nets 34 at the end of iteration 39.
    route iteration 39, CPU time elapsed 0.031250 sec.
    forward max bucket size 20 , backward 32.
        Unrouted nets 24 at the end of iteration 40.
    route iteration 40, CPU time elapsed 0.031250 sec.
    forward max bucket size 18 , backward 40.
        Unrouted nets 21 at the end of iteration 41.
    route iteration 41, CPU time elapsed 0.015625 sec.
    forward max bucket size 18 , backward 54.
        Unrouted nets 21 at the end of iteration 42.
    route iteration 42, CPU time elapsed 0.031250 sec.
    forward max bucket size 28 , backward 25.
        Unrouted nets 14 at the end of iteration 43.
    route iteration 43, CPU time elapsed 0.031250 sec.
    forward max bucket size 23 , backward 31.
        Unrouted nets 10 at the end of iteration 44.
    route iteration 44, CPU time elapsed 0.031250 sec.
    forward max bucket size 17 , backward 12.
        Unrouted nets 8 at the end of iteration 45.
    route iteration 45, CPU time elapsed 0.031250 sec.
    forward max bucket size 18 , backward 23.
        Unrouted nets 7 at the end of iteration 46.
    route iteration 46, CPU time elapsed 0.015625 sec.
    forward max bucket size 18 , backward 9.
        Unrouted nets 2 at the end of iteration 47.
    route iteration 47, CPU time elapsed 0.031250 sec.
    forward max bucket size 7 , backward 8.
        Unrouted nets 0 at the end of iteration 48.
    route iteration 48, CPU time elapsed 0.031250 sec.
Detailed routing takes 48 iterations
Detailed routing takes 13.95 sec.
Start fix hold violation.
Build tmp routing results takes 0.11 sec.
Timing analysis takes 0.08 sec.
No hold violation.
Hold Violation Fix in router takes 0 iterations.
Fix hold violation Finished.
Hold Violation Fix in router takes 0.47 sec.

Dispose routing result:
    Collect routing result.
    Delete unused device instances.
    Annotate routing result.
    Change LUT configuration.
    Dispose misc instances.
    Annotate routing result again.
Finish routing takes 0.33 sec.
Used SRB routing arc is 76001.
Cleanup routing takes 0.03 sec.
Routing done.
Total routing takes 18.81 sec.

C: Place-2025: The VCCIO 1.2 in BANK BANK0 is incompatible.

Device Utilization Summary :
+---------------------------------------------------------------------------+
| Logic Utilization        | Used     | Available     | Utilization(%)     
+---------------------------------------------------------------------------+
| Use of APM               | 0        | 84            | 0                  
| Use of BKCL              | 2        | 4             | 50                 
| Use of CLMA              | 851      | 6450          | 14                 
|   FF                     | 2108     | 38700         | 6                  
|   LUT                    | 2376     | 25800         | 10                 
|   LUT-FF pairs           | 331      | 25800         | 2                  
| Use of CLMS              | 500      | 4250          | 12                 
|   FF                     | 1322     | 25500         | 6                  
|   LUT                    | 1377     | 17000         | 9                  
|   LUT-FF pairs           | 214      | 17000         | 2                  
|   Distributed RAM        | 0        | 17000         | 0                  
| Use of CRYSTAL           | 0        | 2             | 0                  
| Use of DLL               | 0        | 10            | 0                  
| Use of DQSL              | 0        | 18            | 0                  
| Use of DRM               | 10       | 134           | 8                  
| Use of FUSECODE          | 0        | 1             | 0                  
| Use of HARD0N1           | 106      | 6672          | 2                  
| Use of IO                | 106      | 218           | 49                 
|   IOBD                   | 23       | 53            | 44                 
|   IOBR_LR                | 3        | 5             | 60                 
|   IOBR_TB                | 4        | 7             | 58                 
|   IOBS_LR                | 56       | 107           | 53                 
|   IOBS_TB                | 20       | 46            | 44                 
| Use of IOCKDIV           | 0        | 20            | 0                  
| Use of IOCKDLY           | 0        | 40            | 0                  
| Use of IOCKGATE          | 0        | 20            | 0                  
| Use of IOCKGMUX_TEST     | 0        | 20            | 0                  
| Use of IOL               | 106      | 400           | 27                 
| Use of IPAL              | 0        | 1             | 0                  
| Use of LDO               | 0        | 4             | 0                  
| Use of MFG_TEST          | 0        | 1             | 0                  
| Use of OSC               | 0        | 1             | 0                  
| Use of PIOMUX_TEST       | 0        | 10            | 0                  
| Use of PLL               | 1        | 5             | 20                 
| Use of PREGMUX_TEST      | 0        | 6             | 0                  
| Use of RCKB              | 0        | 24            | 0                  
|  RCKB dataused           | 0        | 24            | 0                  
| Use of RCKBMUX_TEST      | 0        | 12            | 0                  
| Use of RESCAL            | 0        | 4             | 0                  
| Use of SCANCHAIN         | 0        | 2             | 0                  
| Use of START             | 1        | 1             | 100                
| Use of UDID              | 0        | 1             | 0                  
| Use of USCM              | 1        | 30            | 4                  
|  USCM dataused           | 0        | 30            | 0                  
| Use of USCMMUX_TEST      | 0        | 30            | 0                  
| Use of VCKBMUX_TEST      | 0        | 12            | 0                  
+---------------------------------------------------------------------------+

Finished routing.
Design 'SoC_Top' has been placed and routed successfully.
Saving design to DB.
Finished placement and routing.
Action pnr: Real time elapsed is 0h:0m:46s
Action pnr: CPU time elapsed is 0h:0m:43s
Action pnr: Process CPU time elapsed is 0h:0m:48s
Current time: Wed Mar 25 13:45:05 2026
Action pnr: Peak memory pool usage is 969 MB
