#Build: Fabric Compiler 2022.2-SP6.4, Build 146967, Jan 31 01:39 2024
#Install: E:\pango\PDS_2022.2-SP6.4\bin
#Application name: pds_shell.exe
#OS: Windows 10 10.0.26200
#Hostname: LAPTOP-E3CFACBD
Generated by Fabric Compiler (version 2022.2-SP6.4 build 146967) at Wed Mar 25 12:53:31 2026
License checkout: fabric_ads from C:\Users\lhx\Downloads\new_pds_cc1531929604.lic
Compiling verification operator library.
Loading technology operator library.
Compiling technology operator library.
Compiling technology operator (valence) library.
I: Enable Verilog2k features and keywords
Start rtl-analyze.
Executing : .rtl_analyze -work work -include_path {E:/FPGA/TSP_RVmaster/FPGA/pango_cpu} E:/FPGA/TSP_RVmaster/FPGA/pango_cpu/source/core/core.v
I: Verilog-0001: Analyzing file E:/FPGA/TSP_RVmaster/FPGA/pango_cpu/source/core/core.v
I: Found Verilog include file E:/FPGA/TSP_RVmaster/FPGA/pango_cpu/source/core/defines.v
I: Verilog-0002: [E:/FPGA/TSP_RVmaster/FPGA/pango_cpu/source/core/core.v(line number: 3)] Analyzing module TSP_Core (library work)
Parsing done.
Executing : .rtl_analyze -work work -include_path {E:/FPGA/TSP_RVmaster/FPGA/pango_cpu} E:/FPGA/TSP_RVmaster/FPGA/pango_cpu/source/core/core.v successfully.
W: Public-4030: File 'E:/FPGA/TSP_RVmaster/FPGA/pango_cpu/source/core/defines.v' has been added. It is skipped.
Executing : .rtl_analyze -work work -include_path {E:/FPGA/TSP_RVmaster/FPGA/pango_cpu} E:/FPGA/TSP_RVmaster/FPGA/pango_cpu/source/core/defines.v
I: Verilog-0001: Analyzing file E:/FPGA/TSP_RVmaster/FPGA/pango_cpu/source/core/defines.v
Parsing done.
Executing : .rtl_analyze -work work -include_path {E:/FPGA/TSP_RVmaster/FPGA/pango_cpu} E:/FPGA/TSP_RVmaster/FPGA/pango_cpu/source/core/defines.v successfully.
Executing : .rtl_analyze -work work -include_path {E:/FPGA/TSP_RVmaster/FPGA/pango_cpu} E:/FPGA/TSP_RVmaster/FPGA/pango_cpu/source/core/dff.v
I: Verilog-0001: Analyzing file E:/FPGA/TSP_RVmaster/FPGA/pango_cpu/source/core/dff.v
I: Found Verilog include file E:/FPGA/TSP_RVmaster/FPGA/pango_cpu/source/core/defines.v
W: Public-4030: File 'E:/FPGA/TSP_RVmaster/FPGA/pango_cpu/source/core/defines.v' has been added. It is skipped.
I: Verilog-0002: [E:/FPGA/TSP_RVmaster/FPGA/pango_cpu/source/core/dff.v(line number: 4)] Analyzing module REGs_WLWR (library work)
I: Verilog-0002: [E:/FPGA/TSP_RVmaster/FPGA/pango_cpu/source/core/dff.v(line number: 25)] Analyzing module REGs_WLNR (library work)
I: Verilog-0002: [E:/FPGA/TSP_RVmaster/FPGA/pango_cpu/source/core/dff.v(line number: 42)] Analyzing module REGs_NLWR (library work)
I: Verilog-0002: [E:/FPGA/TSP_RVmaster/FPGA/pango_cpu/source/core/dff.v(line number: 62)] Analyzing module REGs_NLNR (library work)
Parsing done.
Executing : .rtl_analyze -work work -include_path {E:/FPGA/TSP_RVmaster/FPGA/pango_cpu} E:/FPGA/TSP_RVmaster/FPGA/pango_cpu/source/core/dff.v successfully.
Executing : .rtl_analyze -work work -include_path {E:/FPGA/TSP_RVmaster/FPGA/pango_cpu} E:/FPGA/TSP_RVmaster/FPGA/pango_cpu/source/core/disp_exu.v
I: Verilog-0001: Analyzing file E:/FPGA/TSP_RVmaster/FPGA/pango_cpu/source/core/disp_exu.v
I: Found Verilog include file E:/FPGA/TSP_RVmaster/FPGA/pango_cpu/source/core/defines.v
W: Public-4030: File 'E:/FPGA/TSP_RVmaster/FPGA/pango_cpu/source/core/defines.v' has been added. It is skipped.
I: Verilog-0002: [E:/FPGA/TSP_RVmaster/FPGA/pango_cpu/source/core/disp_exu.v(line number: 3)] Analyzing module TSP_Disp_Exu (library work)
Parsing done.
Executing : .rtl_analyze -work work -include_path {E:/FPGA/TSP_RVmaster/FPGA/pango_cpu} E:/FPGA/TSP_RVmaster/FPGA/pango_cpu/source/core/disp_exu.v successfully.
Executing : .rtl_analyze -work work -include_path {E:/FPGA/TSP_RVmaster/FPGA/pango_cpu} E:/FPGA/TSP_RVmaster/FPGA/pango_cpu/source/core/exu_bjp.v
I: Verilog-0001: Analyzing file E:/FPGA/TSP_RVmaster/FPGA/pango_cpu/source/core/exu_bjp.v
I: Found Verilog include file E:/FPGA/TSP_RVmaster/FPGA/pango_cpu/source/core/defines.v
W: Public-4030: File 'E:/FPGA/TSP_RVmaster/FPGA/pango_cpu/source/core/defines.v' has been added. It is skipped.
I: Verilog-0002: [E:/FPGA/TSP_RVmaster/FPGA/pango_cpu/source/core/exu_bjp.v(line number: 3)] Analyzing module Exu_bjp (library work)
Parsing done.
Executing : .rtl_analyze -work work -include_path {E:/FPGA/TSP_RVmaster/FPGA/pango_cpu} E:/FPGA/TSP_RVmaster/FPGA/pango_cpu/source/core/exu_bjp.v successfully.
Executing : .rtl_analyze -work work -include_path {E:/FPGA/TSP_RVmaster/FPGA/pango_cpu} E:/FPGA/TSP_RVmaster/FPGA/pango_cpu/source/core/exu_common.v
I: Verilog-0001: Analyzing file E:/FPGA/TSP_RVmaster/FPGA/pango_cpu/source/core/exu_common.v
I: Found Verilog include file E:/FPGA/TSP_RVmaster/FPGA/pango_cpu/source/core/defines.v
W: Public-4030: File 'E:/FPGA/TSP_RVmaster/FPGA/pango_cpu/source/core/defines.v' has been added. It is skipped.
I: Verilog-0002: [E:/FPGA/TSP_RVmaster/FPGA/pango_cpu/source/core/exu_common.v(line number: 3)] Analyzing module TSP_Exu_common (library work)
Parsing done.
Executing : .rtl_analyze -work work -include_path {E:/FPGA/TSP_RVmaster/FPGA/pango_cpu} E:/FPGA/TSP_RVmaster/FPGA/pango_cpu/source/core/exu_common.v successfully.
Executing : .rtl_analyze -work work -include_path {E:/FPGA/TSP_RVmaster/FPGA/pango_cpu} E:/FPGA/TSP_RVmaster/FPGA/pango_cpu/source/core/exu_ls.v
I: Verilog-0001: Analyzing file E:/FPGA/TSP_RVmaster/FPGA/pango_cpu/source/core/exu_ls.v
I: Found Verilog include file E:/FPGA/TSP_RVmaster/FPGA/pango_cpu/source/core/defines.v
W: Public-4030: File 'E:/FPGA/TSP_RVmaster/FPGA/pango_cpu/source/core/defines.v' has been added. It is skipped.
I: Verilog-0002: [E:/FPGA/TSP_RVmaster/FPGA/pango_cpu/source/core/exu_ls.v(line number: 3)] Analyzing module TSP_Exu_ls (library work)
Parsing done.
Executing : .rtl_analyze -work work -include_path {E:/FPGA/TSP_RVmaster/FPGA/pango_cpu} E:/FPGA/TSP_RVmaster/FPGA/pango_cpu/source/core/exu_ls.v successfully.
Executing : .rtl_analyze -work work -include_path {E:/FPGA/TSP_RVmaster/FPGA/pango_cpu} E:/FPGA/TSP_RVmaster/FPGA/pango_cpu/source/core/exu_muldiv.v
I: Verilog-0001: Analyzing file E:/FPGA/TSP_RVmaster/FPGA/pango_cpu/source/core/exu_muldiv.v
I: Found Verilog include file E:/FPGA/TSP_RVmaster/FPGA/pango_cpu/source/core/defines.v
W: Public-4030: File 'E:/FPGA/TSP_RVmaster/FPGA/pango_cpu/source/core/defines.v' has been added. It is skipped.
I: Verilog-0002: [E:/FPGA/TSP_RVmaster/FPGA/pango_cpu/source/core/exu_muldiv.v(line number: 3)] Analyzing module TSP_Exu_muldiv (library work)
I: Verilog-0002: [E:/FPGA/TSP_RVmaster/FPGA/pango_cpu/source/core/exu_muldiv.v(line number: 159)] Analyzing module Booth_Multiplier_4xB (library work)
I: Verilog-0002: [E:/FPGA/TSP_RVmaster/FPGA/pango_cpu/source/core/exu_muldiv.v(line number: 573)] Analyzing module divfunc (library work)
Parsing done.
Executing : .rtl_analyze -work work -include_path {E:/FPGA/TSP_RVmaster/FPGA/pango_cpu} E:/FPGA/TSP_RVmaster/FPGA/pango_cpu/source/core/exu_muldiv.v successfully.
Executing : .rtl_analyze -work work -include_path {E:/FPGA/TSP_RVmaster/FPGA/pango_cpu} E:/FPGA/TSP_RVmaster/FPGA/pango_cpu/source/core/idec.v
I: Verilog-0001: Analyzing file E:/FPGA/TSP_RVmaster/FPGA/pango_cpu/source/core/idec.v
I: Found Verilog include file E:/FPGA/TSP_RVmaster/FPGA/pango_cpu/source/core/defines.v
W: Public-4030: File 'E:/FPGA/TSP_RVmaster/FPGA/pango_cpu/source/core/defines.v' has been added. It is skipped.
I: Verilog-0002: [E:/FPGA/TSP_RVmaster/FPGA/pango_cpu/source/core/idec.v(line number: 6)] Analyzing module TSP_Idec (library work)
Parsing done.
Executing : .rtl_analyze -work work -include_path {E:/FPGA/TSP_RVmaster/FPGA/pango_cpu} E:/FPGA/TSP_RVmaster/FPGA/pango_cpu/source/core/idec.v successfully.
Executing : .rtl_analyze -work work -include_path {E:/FPGA/TSP_RVmaster/FPGA/pango_cpu} E:/FPGA/TSP_RVmaster/FPGA/pango_cpu/source/core/Ifu.v
I: Verilog-0001: Analyzing file E:/FPGA/TSP_RVmaster/FPGA/pango_cpu/source/core/Ifu.v
I: Found Verilog include file E:/FPGA/TSP_RVmaster/FPGA/pango_cpu/source/core/defines.v
W: Public-4030: File 'E:/FPGA/TSP_RVmaster/FPGA/pango_cpu/source/core/defines.v' has been added. It is skipped.
I: Verilog-0002: [E:/FPGA/TSP_RVmaster/FPGA/pango_cpu/source/core/Ifu.v(line number: 3)] Analyzing module TSP_Ifu (library work)
Parsing done.
Executing : .rtl_analyze -work work -include_path {E:/FPGA/TSP_RVmaster/FPGA/pango_cpu} E:/FPGA/TSP_RVmaster/FPGA/pango_cpu/source/core/Ifu.v successfully.
Executing : .rtl_analyze -work work -include_path {E:/FPGA/TSP_RVmaster/FPGA/pango_cpu} E:/FPGA/TSP_RVmaster/FPGA/pango_cpu/source/core/ls_ctrl.v
I: Verilog-0001: Analyzing file E:/FPGA/TSP_RVmaster/FPGA/pango_cpu/source/core/ls_ctrl.v
I: Found Verilog include file E:/FPGA/TSP_RVmaster/FPGA/pango_cpu/source/core/defines.v
W: Public-4030: File 'E:/FPGA/TSP_RVmaster/FPGA/pango_cpu/source/core/defines.v' has been added. It is skipped.
I: Verilog-0002: [E:/FPGA/TSP_RVmaster/FPGA/pango_cpu/source/core/ls_ctrl.v(line number: 3)] Analyzing module ls_ctrl (library work)
Parsing done.
Executing : .rtl_analyze -work work -include_path {E:/FPGA/TSP_RVmaster/FPGA/pango_cpu} E:/FPGA/TSP_RVmaster/FPGA/pango_cpu/source/core/ls_ctrl.v successfully.
Executing : .rtl_analyze -work work -include_path {E:/FPGA/TSP_RVmaster/FPGA/pango_cpu} E:/FPGA/TSP_RVmaster/FPGA/pango_cpu/source/core/PC_control.v
I: Verilog-0001: Analyzing file E:/FPGA/TSP_RVmaster/FPGA/pango_cpu/source/core/PC_control.v
I: Found Verilog include file E:/FPGA/TSP_RVmaster/FPGA/pango_cpu/source/core/defines.v
W: Public-4030: File 'E:/FPGA/TSP_RVmaster/FPGA/pango_cpu/source/core/defines.v' has been added. It is skipped.
I: Verilog-0002: [E:/FPGA/TSP_RVmaster/FPGA/pango_cpu/source/core/PC_control.v(line number: 4)] Analyzing module PC_control (library work)
Parsing done.
Executing : .rtl_analyze -work work -include_path {E:/FPGA/TSP_RVmaster/FPGA/pango_cpu} E:/FPGA/TSP_RVmaster/FPGA/pango_cpu/source/core/PC_control.v successfully.
Executing : .rtl_analyze -work work -include_path {E:/FPGA/TSP_RVmaster/FPGA/pango_cpu} E:/FPGA/TSP_RVmaster/FPGA/pango_cpu/source/core/regfiles.v
I: Verilog-0001: Analyzing file E:/FPGA/TSP_RVmaster/FPGA/pango_cpu/source/core/regfiles.v
I: Found Verilog include file E:/FPGA/TSP_RVmaster/FPGA/pango_cpu/source/core/defines.v
W: Public-4030: File 'E:/FPGA/TSP_RVmaster/FPGA/pango_cpu/source/core/defines.v' has been added. It is skipped.
I: Verilog-0002: [E:/FPGA/TSP_RVmaster/FPGA/pango_cpu/source/core/regfiles.v(line number: 3)] Analyzing module TSP_Regfiles (library work)
Parsing done.
Executing : .rtl_analyze -work work -include_path {E:/FPGA/TSP_RVmaster/FPGA/pango_cpu} E:/FPGA/TSP_RVmaster/FPGA/pango_cpu/source/core/regfiles.v successfully.
Executing : .rtl_analyze -work work -include_path {E:/FPGA/TSP_RVmaster/FPGA/pango_cpu} E:/FPGA/TSP_RVmaster/FPGA/pango_cpu/source/core/wb_arbiter.v
I: Verilog-0001: Analyzing file E:/FPGA/TSP_RVmaster/FPGA/pango_cpu/source/core/wb_arbiter.v
I: Found Verilog include file E:/FPGA/TSP_RVmaster/FPGA/pango_cpu/source/core/defines.v
W: Public-4030: File 'E:/FPGA/TSP_RVmaster/FPGA/pango_cpu/source/core/defines.v' has been added. It is skipped.
I: Verilog-0002: [E:/FPGA/TSP_RVmaster/FPGA/pango_cpu/source/core/wb_arbiter.v(line number: 3)] Analyzing module TSP_Wb_arbiter (library work)
Parsing done.
Executing : .rtl_analyze -work work -include_path {E:/FPGA/TSP_RVmaster/FPGA/pango_cpu} E:/FPGA/TSP_RVmaster/FPGA/pango_cpu/source/core/wb_arbiter.v successfully.
Executing : .rtl_analyze -work work -include_path {E:/FPGA/TSP_RVmaster/FPGA/pango_cpu} E:/FPGA/TSP_RVmaster/FPGA/pango_cpu/source/peripheral/AXI_Interconnect.v
I: Verilog-0001: Analyzing file E:/FPGA/TSP_RVmaster/FPGA/pango_cpu/source/peripheral/AXI_Interconnect.v
I: Found Verilog include file E:/FPGA/TSP_RVmaster/FPGA/pango_cpu/source/core/defines.v
W: Public-4030: File 'E:/FPGA/TSP_RVmaster/FPGA/pango_cpu/source/core/defines.v' has been added. It is skipped.
I: Verilog-0002: [E:/FPGA/TSP_RVmaster/FPGA/pango_cpu/source/peripheral/AXI_Interconnect.v(line number: 3)] Analyzing module TSP_AXI_Interconnect (library work)
Parsing done.
Executing : .rtl_analyze -work work -include_path {E:/FPGA/TSP_RVmaster/FPGA/pango_cpu} E:/FPGA/TSP_RVmaster/FPGA/pango_cpu/source/peripheral/AXI_Interconnect.v successfully.
Executing : .rtl_analyze -work work -include_path {E:/FPGA/TSP_RVmaster/FPGA/pango_cpu} E:/FPGA/TSP_RVmaster/FPGA/pango_cpu/source/peripheral/soc_top.v
I: Verilog-0001: Analyzing file E:/FPGA/TSP_RVmaster/FPGA/pango_cpu/source/peripheral/soc_top.v
I: Found Verilog include file E:/FPGA/TSP_RVmaster/FPGA/pango_cpu/source/core/defines.v
W: Public-4030: File 'E:/FPGA/TSP_RVmaster/FPGA/pango_cpu/source/core/defines.v' has been added. It is skipped.
I: Verilog-0002: [E:/FPGA/TSP_RVmaster/FPGA/pango_cpu/source/peripheral/soc_top.v(line number: 3)] Analyzing module SoC_Top (library work)
Parsing done.
Executing : .rtl_analyze -work work -include_path {E:/FPGA/TSP_RVmaster/FPGA/pango_cpu} E:/FPGA/TSP_RVmaster/FPGA/pango_cpu/source/peripheral/soc_top.v successfully.
Executing : .rtl_analyze -work work -include_path {E:/FPGA/TSP_RVmaster/FPGA/pango_cpu} E:/FPGA/TSP_RVmaster/FPGA/pango_cpu/source/ram/ram.v
I: Verilog-0001: Analyzing file E:/FPGA/TSP_RVmaster/FPGA/pango_cpu/source/ram/ram.v
I: Found Verilog include file E:/FPGA/TSP_RVmaster/FPGA/pango_cpu/source/core/defines.v
W: Public-4030: File 'E:/FPGA/TSP_RVmaster/FPGA/pango_cpu/source/core/defines.v' has been added. It is skipped.
I: Verilog-0002: [E:/FPGA/TSP_RVmaster/FPGA/pango_cpu/source/ram/ram.v(line number: 3)] Analyzing module TSP_RAM (library work)
Parsing done.
Executing : .rtl_analyze -work work -include_path {E:/FPGA/TSP_RVmaster/FPGA/pango_cpu} E:/FPGA/TSP_RVmaster/FPGA/pango_cpu/source/ram/ram.v successfully.
Executing : .rtl_analyze -work work -include_path {E:/FPGA/TSP_RVmaster/FPGA/pango_cpu} E:/FPGA/TSP_RVmaster/FPGA/pango_cpu/source/ram/sram.v
I: Verilog-0001: Analyzing file E:/FPGA/TSP_RVmaster/FPGA/pango_cpu/source/ram/sram.v
I: Found Verilog include file E:/FPGA/TSP_RVmaster/FPGA/pango_cpu/source/core/defines.v
W: Public-4030: File 'E:/FPGA/TSP_RVmaster/FPGA/pango_cpu/source/core/defines.v' has been added. It is skipped.
I: Verilog-0002: [E:/FPGA/TSP_RVmaster/FPGA/pango_cpu/source/ram/sram.v(line number: 3)] Analyzing module TSP_Sram (library work)
Parsing done.
Executing : .rtl_analyze -work work -include_path {E:/FPGA/TSP_RVmaster/FPGA/pango_cpu} E:/FPGA/TSP_RVmaster/FPGA/pango_cpu/source/ram/sram.v successfully.
Executing : .rtl_analyze -work work -include_path {E:/FPGA/TSP_RVmaster/FPGA/pango_cpu} E:/FPGA/TSP_RVmaster/FPGA/pango_cpu/source/uart/uart.v
I: Verilog-0001: Analyzing file E:/FPGA/TSP_RVmaster/FPGA/pango_cpu/source/uart/uart.v
I: Verilog-0002: [E:/FPGA/TSP_RVmaster/FPGA/pango_cpu/source/uart/uart.v(line number: 32)] Analyzing module uart (library work)
Parsing done.
Executing : .rtl_analyze -work work -include_path {E:/FPGA/TSP_RVmaster/FPGA/pango_cpu} E:/FPGA/TSP_RVmaster/FPGA/pango_cpu/source/uart/uart.v successfully.
Executing : .rtl_analyze -work work -include_path {E:/FPGA/TSP_RVmaster/FPGA/pango_cpu} E:/FPGA/TSP_RVmaster/FPGA/pango_cpu/source/uart/uart_axi_lite_wrapper.v
I: Verilog-0001: Analyzing file E:/FPGA/TSP_RVmaster/FPGA/pango_cpu/source/uart/uart_axi_lite_wrapper.v
I: Found Verilog include file E:/FPGA/TSP_RVmaster/FPGA/pango_cpu/source/core/defines.v
W: Public-4030: File 'E:/FPGA/TSP_RVmaster/FPGA/pango_cpu/source/core/defines.v' has been added. It is skipped.
I: Verilog-0002: [E:/FPGA/TSP_RVmaster/FPGA/pango_cpu/source/uart/uart_axi_lite_wrapper.v(line number: 3)] Analyzing module uart_axi_lite_wrapper (library work)
Parsing done.
Executing : .rtl_analyze -work work -include_path {E:/FPGA/TSP_RVmaster/FPGA/pango_cpu} E:/FPGA/TSP_RVmaster/FPGA/pango_cpu/source/uart/uart_axi_lite_wrapper.v successfully.
Executing : .rtl_analyze -work work -include_path {E:/FPGA/TSP_RVmaster/FPGA/pango_cpu} E:/FPGA/TSP_RVmaster/FPGA/pango_cpu/source/uart/uart_rx.v
I: Verilog-0001: Analyzing file E:/FPGA/TSP_RVmaster/FPGA/pango_cpu/source/uart/uart_rx.v
I: Verilog-0002: [E:/FPGA/TSP_RVmaster/FPGA/pango_cpu/source/uart/uart_rx.v(line number: 32)] Analyzing module uart_rx (library work)
Parsing done.
Executing : .rtl_analyze -work work -include_path {E:/FPGA/TSP_RVmaster/FPGA/pango_cpu} E:/FPGA/TSP_RVmaster/FPGA/pango_cpu/source/uart/uart_rx.v successfully.
Executing : .rtl_analyze -work work -include_path {E:/FPGA/TSP_RVmaster/FPGA/pango_cpu} E:/FPGA/TSP_RVmaster/FPGA/pango_cpu/source/uart/uart_tx.v
I: Verilog-0001: Analyzing file E:/FPGA/TSP_RVmaster/FPGA/pango_cpu/source/uart/uart_tx.v
I: Verilog-0002: [E:/FPGA/TSP_RVmaster/FPGA/pango_cpu/source/uart/uart_tx.v(line number: 32)] Analyzing module uart_tx (library work)
Parsing done.
Executing : .rtl_analyze -work work -include_path {E:/FPGA/TSP_RVmaster/FPGA/pango_cpu} E:/FPGA/TSP_RVmaster/FPGA/pango_cpu/source/uart/uart_tx.v successfully.
Executing : .rtl_analyze -include_path {E:/FPGA/TSP_RVmaster/FPGA/pango_cpu} E:/FPGA/TSP_RVmaster/FPGA/pango_cpu/ipcore/sys_pll/sys_pll.v
I: Verilog-0001: Analyzing file E:/FPGA/TSP_RVmaster/FPGA/pango_cpu/ipcore/sys_pll/sys_pll.v
I: Verilog-0002: [E:/FPGA/TSP_RVmaster/FPGA/pango_cpu/ipcore/sys_pll/sys_pll.v(line number: 18)] Analyzing module sys_pll (library work)
Parsing done.
Executing : .rtl_analyze -include_path {E:/FPGA/TSP_RVmaster/FPGA/pango_cpu} E:/FPGA/TSP_RVmaster/FPGA/pango_cpu/ipcore/sys_pll/sys_pll.v successfully.
Executing : .rtl_analyze -include_path {E:/FPGA/TSP_RVmaster/FPGA/pango_cpu} E:/FPGA/TSP_RVmaster/FPGA/pango_cpu/ipcore/RAM/rtl/ipml_spram_v1_7_RAM.v
I: Verilog-0001: Analyzing file E:/FPGA/TSP_RVmaster/FPGA/pango_cpu/ipcore/RAM/rtl/ipml_spram_v1_7_RAM.v
I: Verilog-0002: [E:/FPGA/TSP_RVmaster/FPGA/pango_cpu/ipcore/RAM/rtl/ipml_spram_v1_7_RAM.v(line number: 17)] Analyzing module ipml_spram_v1_7_RAM (library work)
I: Found Verilog include file E:/FPGA/TSP_RVmaster/FPGA/pango_cpu/ipcore/RAM/rtl/RAM_init_param.v
W: Verilog-2008: [E:/FPGA/TSP_RVmaster/FPGA/pango_cpu/ipcore/RAM/rtl/ipml_spram_v1_7_RAM.v(line number: 140)] Ignore 'system task' $display
W: Verilog-2008: [E:/FPGA/TSP_RVmaster/FPGA/pango_cpu/ipcore/RAM/rtl/ipml_spram_v1_7_RAM.v(line number: 144)] Ignore 'system task' $display
W: Verilog-2008: [E:/FPGA/TSP_RVmaster/FPGA/pango_cpu/ipcore/RAM/rtl/ipml_spram_v1_7_RAM.v(line number: 148)] Ignore 'system task' $display
W: Verilog-2008: [E:/FPGA/TSP_RVmaster/FPGA/pango_cpu/ipcore/RAM/rtl/ipml_spram_v1_7_RAM.v(line number: 149)] Ignore 'system task' $finish
W: Verilog-2008: [E:/FPGA/TSP_RVmaster/FPGA/pango_cpu/ipcore/RAM/rtl/ipml_spram_v1_7_RAM.v(line number: 152)] Ignore 'system task' $display
W: Verilog-2008: [E:/FPGA/TSP_RVmaster/FPGA/pango_cpu/ipcore/RAM/rtl/ipml_spram_v1_7_RAM.v(line number: 153)] Ignore 'system task' $finish
W: Verilog-2008: [E:/FPGA/TSP_RVmaster/FPGA/pango_cpu/ipcore/RAM/rtl/ipml_spram_v1_7_RAM.v(line number: 156)] Ignore 'system task' $display
W: Verilog-2008: [E:/FPGA/TSP_RVmaster/FPGA/pango_cpu/ipcore/RAM/rtl/ipml_spram_v1_7_RAM.v(line number: 157)] Ignore 'system task' $finish
W: Verilog-2008: [E:/FPGA/TSP_RVmaster/FPGA/pango_cpu/ipcore/RAM/rtl/ipml_spram_v1_7_RAM.v(line number: 160)] Ignore 'system task' $display
W: Verilog-2008: [E:/FPGA/TSP_RVmaster/FPGA/pango_cpu/ipcore/RAM/rtl/ipml_spram_v1_7_RAM.v(line number: 161)] Ignore 'system task' $finish
W: Verilog-2008: [E:/FPGA/TSP_RVmaster/FPGA/pango_cpu/ipcore/RAM/rtl/ipml_spram_v1_7_RAM.v(line number: 164)] Ignore 'system task' $display
W: Verilog-2008: [E:/FPGA/TSP_RVmaster/FPGA/pango_cpu/ipcore/RAM/rtl/ipml_spram_v1_7_RAM.v(line number: 165)] Ignore 'system task' $finish
W: Verilog-2008: [E:/FPGA/TSP_RVmaster/FPGA/pango_cpu/ipcore/RAM/rtl/ipml_spram_v1_7_RAM.v(line number: 168)] Ignore 'system task' $display
W: Verilog-2008: [E:/FPGA/TSP_RVmaster/FPGA/pango_cpu/ipcore/RAM/rtl/ipml_spram_v1_7_RAM.v(line number: 169)] Ignore 'system task' $finish
W: Verilog-2008: [E:/FPGA/TSP_RVmaster/FPGA/pango_cpu/ipcore/RAM/rtl/ipml_spram_v1_7_RAM.v(line number: 172)] Ignore 'system task' $display
W: Verilog-2008: [E:/FPGA/TSP_RVmaster/FPGA/pango_cpu/ipcore/RAM/rtl/ipml_spram_v1_7_RAM.v(line number: 173)] Ignore 'system task' $finish
W: Verilog-2008: [E:/FPGA/TSP_RVmaster/FPGA/pango_cpu/ipcore/RAM/rtl/ipml_spram_v1_7_RAM.v(line number: 176)] Ignore 'system task' $display
W: Verilog-2008: [E:/FPGA/TSP_RVmaster/FPGA/pango_cpu/ipcore/RAM/rtl/ipml_spram_v1_7_RAM.v(line number: 177)] Ignore 'system task' $finish
W: Verilog-2008: [E:/FPGA/TSP_RVmaster/FPGA/pango_cpu/ipcore/RAM/rtl/ipml_spram_v1_7_RAM.v(line number: 180)] Ignore 'system task' $display
W: Verilog-2008: [E:/FPGA/TSP_RVmaster/FPGA/pango_cpu/ipcore/RAM/rtl/ipml_spram_v1_7_RAM.v(line number: 181)] Ignore 'system task' $finish
W: Verilog-2008: [E:/FPGA/TSP_RVmaster/FPGA/pango_cpu/ipcore/RAM/rtl/ipml_spram_v1_7_RAM.v(line number: 184)] Ignore 'system task' $display
W: Verilog-2008: [E:/FPGA/TSP_RVmaster/FPGA/pango_cpu/ipcore/RAM/rtl/ipml_spram_v1_7_RAM.v(line number: 185)] Ignore 'system task' $finish
W: Verilog-2008: [E:/FPGA/TSP_RVmaster/FPGA/pango_cpu/ipcore/RAM/rtl/ipml_spram_v1_7_RAM.v(line number: 188)] Ignore 'system task' $display
W: Verilog-2008: [E:/FPGA/TSP_RVmaster/FPGA/pango_cpu/ipcore/RAM/rtl/ipml_spram_v1_7_RAM.v(line number: 189)] Ignore 'system task' $finish
W: Verilog-2008: [E:/FPGA/TSP_RVmaster/FPGA/pango_cpu/ipcore/RAM/rtl/ipml_spram_v1_7_RAM.v(line number: 192)] Ignore 'system task' $display
W: Verilog-2008: [E:/FPGA/TSP_RVmaster/FPGA/pango_cpu/ipcore/RAM/rtl/ipml_spram_v1_7_RAM.v(line number: 193)] Ignore 'system task' $finish
W: Verilog-2008: [E:/FPGA/TSP_RVmaster/FPGA/pango_cpu/ipcore/RAM/rtl/ipml_spram_v1_7_RAM.v(line number: 197)] Ignore 'system task' $display
W: Verilog-2008: [E:/FPGA/TSP_RVmaster/FPGA/pango_cpu/ipcore/RAM/rtl/ipml_spram_v1_7_RAM.v(line number: 198)] Ignore 'system task' $finish
W: Verilog-2008: [E:/FPGA/TSP_RVmaster/FPGA/pango_cpu/ipcore/RAM/rtl/ipml_spram_v1_7_RAM.v(line number: 201)] Ignore 'system task' $display
W: Verilog-2008: [E:/FPGA/TSP_RVmaster/FPGA/pango_cpu/ipcore/RAM/rtl/ipml_spram_v1_7_RAM.v(line number: 202)] Ignore 'system task' $finish
W: Verilog-2008: [E:/FPGA/TSP_RVmaster/FPGA/pango_cpu/ipcore/RAM/rtl/ipml_spram_v1_7_RAM.v(line number: 206)] Ignore 'system task' $display
W: Verilog-2008: [E:/FPGA/TSP_RVmaster/FPGA/pango_cpu/ipcore/RAM/rtl/ipml_spram_v1_7_RAM.v(line number: 207)] Ignore 'system task' $finish
W: Verilog-2008: [E:/FPGA/TSP_RVmaster/FPGA/pango_cpu/ipcore/RAM/rtl/ipml_spram_v1_7_RAM.v(line number: 214)] Ignore 'system task' $display
W: Verilog-2008: [E:/FPGA/TSP_RVmaster/FPGA/pango_cpu/ipcore/RAM/rtl/ipml_spram_v1_7_RAM.v(line number: 215)] Ignore 'system task' $finish
Parsing done.
Executing : .rtl_analyze -include_path {E:/FPGA/TSP_RVmaster/FPGA/pango_cpu} E:/FPGA/TSP_RVmaster/FPGA/pango_cpu/ipcore/RAM/rtl/ipml_spram_v1_7_RAM.v successfully.
Executing : .rtl_analyze -include_path {E:/FPGA/TSP_RVmaster/FPGA/pango_cpu} E:/FPGA/TSP_RVmaster/FPGA/pango_cpu/ipcore/RAM/RAM.v
I: Verilog-0001: Analyzing file E:/FPGA/TSP_RVmaster/FPGA/pango_cpu/ipcore/RAM/RAM.v
I: Verilog-0002: [E:/FPGA/TSP_RVmaster/FPGA/pango_cpu/ipcore/RAM/RAM.v(line number: 16)] Analyzing module RAM (library work)
Parsing done.
Executing : .rtl_analyze -include_path {E:/FPGA/TSP_RVmaster/FPGA/pango_cpu} E:/FPGA/TSP_RVmaster/FPGA/pango_cpu/ipcore/RAM/RAM.v successfully.
I: Module "SoC_Top" is set as top module.
Executing : rtl-analyze successfully. Time elapsed: 1.622s wall, 0.047s user + 0.000s system = 0.047s CPU (2.9%)

Start rtl-elaborate.
I: Verilog-0003: [E:/FPGA/TSP_RVmaster/FPGA/pango_cpu/source/peripheral/soc_top.v(line number: 3)] Elaborating module SoC_Top
I: Verilog-0004: [E:/FPGA/TSP_RVmaster/FPGA/pango_cpu/source/peripheral/soc_top.v(line number: 21)] Elaborating instance sys_pll_u0
I: Verilog-0003: [E:/FPGA/TSP_RVmaster/FPGA/pango_cpu/ipcore/sys_pll/sys_pll.v(line number: 18)] Elaborating module sys_pll
I: Verilog-0004: [E:/FPGA/TSP_RVmaster/FPGA/pango_cpu/ipcore/sys_pll/sys_pll.v(line number: 228)] Elaborating instance u_pll_e3
W: Verilog-2021: [E:/FPGA/TSP_RVmaster/FPGA/pango_cpu/ipcore/sys_pll/sys_pll.v(line number: 115)] Net clkfb in sys_pll(original module sys_pll) does not have a driver, tie it to 0
W: Verilog-2021: [E:/FPGA/TSP_RVmaster/FPGA/pango_cpu/ipcore/sys_pll/sys_pll.v(line number: 118)] Net pfden in sys_pll(original module sys_pll) does not have a driver, tie it to 0
W: Verilog-2021: [E:/FPGA/TSP_RVmaster/FPGA/pango_cpu/ipcore/sys_pll/sys_pll.v(line number: 119)] Net clkout0_gate in sys_pll(original module sys_pll) does not have a driver, tie it to 0
W: Verilog-2021: [E:/FPGA/TSP_RVmaster/FPGA/pango_cpu/ipcore/sys_pll/sys_pll.v(line number: 120)] Net clkout0_2pad_gate in sys_pll(original module sys_pll) does not have a driver, tie it to 0
W: Verilog-2021: [E:/FPGA/TSP_RVmaster/FPGA/pango_cpu/ipcore/sys_pll/sys_pll.v(line number: 121)] Net clkout1_gate in sys_pll(original module sys_pll) does not have a driver, tie it to 0
W: Verilog-2021: [E:/FPGA/TSP_RVmaster/FPGA/pango_cpu/ipcore/sys_pll/sys_pll.v(line number: 122)] Net clkout2_gate in sys_pll(original module sys_pll) does not have a driver, tie it to 0
W: Verilog-2021: [E:/FPGA/TSP_RVmaster/FPGA/pango_cpu/ipcore/sys_pll/sys_pll.v(line number: 123)] Net clkout3_gate in sys_pll(original module sys_pll) does not have a driver, tie it to 0
W: Verilog-2021: [E:/FPGA/TSP_RVmaster/FPGA/pango_cpu/ipcore/sys_pll/sys_pll.v(line number: 124)] Net clkout4_gate in sys_pll(original module sys_pll) does not have a driver, tie it to 0
W: Verilog-2021: [E:/FPGA/TSP_RVmaster/FPGA/pango_cpu/ipcore/sys_pll/sys_pll.v(line number: 125)] Net clkout5_gate in sys_pll(original module sys_pll) does not have a driver, tie it to 0
W: Verilog-2021: [E:/FPGA/TSP_RVmaster/FPGA/pango_cpu/ipcore/sys_pll/sys_pll.v(line number: 126)] Net dyn_idiv in sys_pll(original module sys_pll) does not have a driver, tie it to 0
W: Verilog-2021: [E:/FPGA/TSP_RVmaster/FPGA/pango_cpu/ipcore/sys_pll/sys_pll.v(line number: 127)] Net dyn_odiv0 in sys_pll(original module sys_pll) does not have a driver, tie it to 0
W: Verilog-2021: [E:/FPGA/TSP_RVmaster/FPGA/pango_cpu/ipcore/sys_pll/sys_pll.v(line number: 128)] Net dyn_odiv1 in sys_pll(original module sys_pll) does not have a driver, tie it to 0
W: Verilog-2021: [E:/FPGA/TSP_RVmaster/FPGA/pango_cpu/ipcore/sys_pll/sys_pll.v(line number: 129)] Net dyn_odiv2 in sys_pll(original module sys_pll) does not have a driver, tie it to 0
W: Verilog-2021: [E:/FPGA/TSP_RVmaster/FPGA/pango_cpu/ipcore/sys_pll/sys_pll.v(line number: 130)] Net dyn_odiv3 in sys_pll(original module sys_pll) does not have a driver, tie it to 0
W: Verilog-2021: [E:/FPGA/TSP_RVmaster/FPGA/pango_cpu/ipcore/sys_pll/sys_pll.v(line number: 131)] Net dyn_odiv4 in sys_pll(original module sys_pll) does not have a driver, tie it to 0
W: Verilog-2021: [E:/FPGA/TSP_RVmaster/FPGA/pango_cpu/ipcore/sys_pll/sys_pll.v(line number: 132)] Net dyn_fdiv in sys_pll(original module sys_pll) does not have a driver, tie it to 0
W: Verilog-2021: [E:/FPGA/TSP_RVmaster/FPGA/pango_cpu/ipcore/sys_pll/sys_pll.v(line number: 133)] Net dyn_duty0 in sys_pll(original module sys_pll) does not have a driver, tie it to 0
W: Verilog-2021: [E:/FPGA/TSP_RVmaster/FPGA/pango_cpu/ipcore/sys_pll/sys_pll.v(line number: 134)] Net dyn_duty1 in sys_pll(original module sys_pll) does not have a driver, tie it to 0
W: Verilog-2021: [E:/FPGA/TSP_RVmaster/FPGA/pango_cpu/ipcore/sys_pll/sys_pll.v(line number: 135)] Net dyn_duty2 in sys_pll(original module sys_pll) does not have a driver, tie it to 0
W: Verilog-2021: [E:/FPGA/TSP_RVmaster/FPGA/pango_cpu/ipcore/sys_pll/sys_pll.v(line number: 136)] Net dyn_duty3 in sys_pll(original module sys_pll) does not have a driver, tie it to 0
W: Verilog-2021: [E:/FPGA/TSP_RVmaster/FPGA/pango_cpu/ipcore/sys_pll/sys_pll.v(line number: 137)] Net dyn_duty4 in sys_pll(original module sys_pll) does not have a driver, tie it to 0
I: Verilog-0004: [E:/FPGA/TSP_RVmaster/FPGA/pango_cpu/source/peripheral/soc_top.v(line number: 51)] Elaborating instance u_TSP_Core
I: Verilog-0003: [E:/FPGA/TSP_RVmaster/FPGA/pango_cpu/source/core/core.v(line number: 3)] Elaborating module TSP_Core
I: Verilog-0004: [E:/FPGA/TSP_RVmaster/FPGA/pango_cpu/source/core/core.v(line number: 71)] Elaborating instance u_PC_control
I: Verilog-0003: [E:/FPGA/TSP_RVmaster/FPGA/pango_cpu/source/core/PC_control.v(line number: 4)] Elaborating module PC_control
I: Verilog-0004: [E:/FPGA/TSP_RVmaster/FPGA/pango_cpu/source/core/core.v(line number: 94)] Elaborating instance u_TSP_Ifu
I: Verilog-0003: [E:/FPGA/TSP_RVmaster/FPGA/pango_cpu/source/core/Ifu.v(line number: 3)] Elaborating module TSP_Ifu
I: Verilog-0004: [E:/FPGA/TSP_RVmaster/FPGA/pango_cpu/source/core/Ifu.v(line number: 121)] Elaborating instance u_Iram
I: Verilog-0003: [E:/FPGA/TSP_RVmaster/FPGA/pango_cpu/source/ram/ram.v(line number: 3)] Elaborating module TSP_RAM
I: Module instance {SoC_Top/u_TSP_Core/u_TSP_Ifu/u_Iram} parameter value:
    RAM_DEPTH = 32'b00000000000000000100000000000000
    INIT_FILE = ../boot.txt
C: Verilog-3001: [E:/FPGA/TSP_RVmaster/FPGA/pango_cpu/source/ram/ram.v(line number: 80)] Cannot open specified data file "../boot.txt"
W: Verilog-2024: [E:/FPGA/TSP_RVmaster/FPGA/pango_cpu/source/ram/ram.v(line number: 3)] Give an initial value for the no drive output pin portB_rdata in graph of sdm module TSP_RAM
I: Verilog-0004: [E:/FPGA/TSP_RVmaster/FPGA/pango_cpu/source/core/core.v(line number: 155)] Elaborating instance u_TSP_Idec
I: Verilog-0003: [E:/FPGA/TSP_RVmaster/FPGA/pango_cpu/source/core/idec.v(line number: 6)] Elaborating module TSP_Idec
I: Verilog-0004: [E:/FPGA/TSP_RVmaster/FPGA/pango_cpu/source/core/core.v(line number: 203)] Elaborating instance u_TSP_Regfiles
I: Verilog-0003: [E:/FPGA/TSP_RVmaster/FPGA/pango_cpu/source/core/regfiles.v(line number: 3)] Elaborating module TSP_Regfiles
I: Verilog-0004: [E:/FPGA/TSP_RVmaster/FPGA/pango_cpu/source/core/regfiles.v(line number: 26)] Elaborating instance RV32I_reg_i
I: Verilog-0003: [E:/FPGA/TSP_RVmaster/FPGA/pango_cpu/source/core/dff.v(line number: 4)] Elaborating module REGs_WLWR
I: Module instance {SoC_Top/u_TSP_Core/u_TSP_Regfiles/x1_31[1].RV32I_reg_i} parameter value:
    RW = 32'b00000000000000000000000000100000
    RST_VAL = 32'b00000000000000000000000000000000
I: Verilog-0004: [E:/FPGA/TSP_RVmaster/FPGA/pango_cpu/source/core/regfiles.v(line number: 26)] Elaborating instance RV32I_reg_i
I: Verilog-0003: [E:/FPGA/TSP_RVmaster/FPGA/pango_cpu/source/core/dff.v(line number: 4)] Elaborating module REGs_WLWR
I: Module instance {SoC_Top/u_TSP_Core/u_TSP_Regfiles/x1_31[2].RV32I_reg_i} parameter value:
    RW = 32'b00000000000000000000000000100000
    RST_VAL = 32'b00000000000000000000000000000000
I: Verilog-0004: [E:/FPGA/TSP_RVmaster/FPGA/pango_cpu/source/core/regfiles.v(line number: 26)] Elaborating instance RV32I_reg_i
I: Verilog-0003: [E:/FPGA/TSP_RVmaster/FPGA/pango_cpu/source/core/dff.v(line number: 4)] Elaborating module REGs_WLWR
I: Module instance {SoC_Top/u_TSP_Core/u_TSP_Regfiles/x1_31[3].RV32I_reg_i} parameter value:
    RW = 32'b00000000000000000000000000100000
    RST_VAL = 32'b00000000000000000000000000000000
I: Verilog-0004: [E:/FPGA/TSP_RVmaster/FPGA/pango_cpu/source/core/regfiles.v(line number: 26)] Elaborating instance RV32I_reg_i
I: Verilog-0003: [E:/FPGA/TSP_RVmaster/FPGA/pango_cpu/source/core/dff.v(line number: 4)] Elaborating module REGs_WLWR
I: Module instance {SoC_Top/u_TSP_Core/u_TSP_Regfiles/x1_31[4].RV32I_reg_i} parameter value:
    RW = 32'b00000000000000000000000000100000
    RST_VAL = 32'b00000000000000000000000000000000
I: Verilog-0004: [E:/FPGA/TSP_RVmaster/FPGA/pango_cpu/source/core/regfiles.v(line number: 26)] Elaborating instance RV32I_reg_i
I: Verilog-0003: [E:/FPGA/TSP_RVmaster/FPGA/pango_cpu/source/core/dff.v(line number: 4)] Elaborating module REGs_WLWR
I: Module instance {SoC_Top/u_TSP_Core/u_TSP_Regfiles/x1_31[5].RV32I_reg_i} parameter value:
    RW = 32'b00000000000000000000000000100000
    RST_VAL = 32'b00000000000000000000000000000000
I: Verilog-0004: [E:/FPGA/TSP_RVmaster/FPGA/pango_cpu/source/core/regfiles.v(line number: 26)] Elaborating instance RV32I_reg_i
I: Verilog-0003: [E:/FPGA/TSP_RVmaster/FPGA/pango_cpu/source/core/dff.v(line number: 4)] Elaborating module REGs_WLWR
I: Module instance {SoC_Top/u_TSP_Core/u_TSP_Regfiles/x1_31[6].RV32I_reg_i} parameter value:
    RW = 32'b00000000000000000000000000100000
    RST_VAL = 32'b00000000000000000000000000000000
I: Verilog-0004: [E:/FPGA/TSP_RVmaster/FPGA/pango_cpu/source/core/regfiles.v(line number: 26)] Elaborating instance RV32I_reg_i
I: Verilog-0003: [E:/FPGA/TSP_RVmaster/FPGA/pango_cpu/source/core/dff.v(line number: 4)] Elaborating module REGs_WLWR
I: Module instance {SoC_Top/u_TSP_Core/u_TSP_Regfiles/x1_31[7].RV32I_reg_i} parameter value:
    RW = 32'b00000000000000000000000000100000
    RST_VAL = 32'b00000000000000000000000000000000
I: Verilog-0004: [E:/FPGA/TSP_RVmaster/FPGA/pango_cpu/source/core/regfiles.v(line number: 26)] Elaborating instance RV32I_reg_i
I: Verilog-0003: [E:/FPGA/TSP_RVmaster/FPGA/pango_cpu/source/core/dff.v(line number: 4)] Elaborating module REGs_WLWR
I: Module instance {SoC_Top/u_TSP_Core/u_TSP_Regfiles/x1_31[8].RV32I_reg_i} parameter value:
    RW = 32'b00000000000000000000000000100000
    RST_VAL = 32'b00000000000000000000000000000000
I: Verilog-0004: [E:/FPGA/TSP_RVmaster/FPGA/pango_cpu/source/core/regfiles.v(line number: 26)] Elaborating instance RV32I_reg_i
I: Verilog-0003: [E:/FPGA/TSP_RVmaster/FPGA/pango_cpu/source/core/dff.v(line number: 4)] Elaborating module REGs_WLWR
I: Module instance {SoC_Top/u_TSP_Core/u_TSP_Regfiles/x1_31[9].RV32I_reg_i} parameter value:
    RW = 32'b00000000000000000000000000100000
    RST_VAL = 32'b00000000000000000000000000000000
I: Verilog-0004: [E:/FPGA/TSP_RVmaster/FPGA/pango_cpu/source/core/regfiles.v(line number: 26)] Elaborating instance RV32I_reg_i
I: Verilog-0003: [E:/FPGA/TSP_RVmaster/FPGA/pango_cpu/source/core/dff.v(line number: 4)] Elaborating module REGs_WLWR
I: Module instance {SoC_Top/u_TSP_Core/u_TSP_Regfiles/x1_31[10].RV32I_reg_i} parameter value:
    RW = 32'b00000000000000000000000000100000
    RST_VAL = 32'b00000000000000000000000000000000
I: Verilog-0004: [E:/FPGA/TSP_RVmaster/FPGA/pango_cpu/source/core/regfiles.v(line number: 26)] Elaborating instance RV32I_reg_i
I: Verilog-0003: [E:/FPGA/TSP_RVmaster/FPGA/pango_cpu/source/core/dff.v(line number: 4)] Elaborating module REGs_WLWR
I: Module instance {SoC_Top/u_TSP_Core/u_TSP_Regfiles/x1_31[11].RV32I_reg_i} parameter value:
    RW = 32'b00000000000000000000000000100000
    RST_VAL = 32'b00000000000000000000000000000000
I: Verilog-0004: [E:/FPGA/TSP_RVmaster/FPGA/pango_cpu/source/core/regfiles.v(line number: 26)] Elaborating instance RV32I_reg_i
I: Verilog-0003: [E:/FPGA/TSP_RVmaster/FPGA/pango_cpu/source/core/dff.v(line number: 4)] Elaborating module REGs_WLWR
I: Module instance {SoC_Top/u_TSP_Core/u_TSP_Regfiles/x1_31[12].RV32I_reg_i} parameter value:
    RW = 32'b00000000000000000000000000100000
    RST_VAL = 32'b00000000000000000000000000000000
I: Verilog-0004: [E:/FPGA/TSP_RVmaster/FPGA/pango_cpu/source/core/regfiles.v(line number: 26)] Elaborating instance RV32I_reg_i
I: Verilog-0003: [E:/FPGA/TSP_RVmaster/FPGA/pango_cpu/source/core/dff.v(line number: 4)] Elaborating module REGs_WLWR
I: Module instance {SoC_Top/u_TSP_Core/u_TSP_Regfiles/x1_31[13].RV32I_reg_i} parameter value:
    RW = 32'b00000000000000000000000000100000
    RST_VAL = 32'b00000000000000000000000000000000
I: Verilog-0004: [E:/FPGA/TSP_RVmaster/FPGA/pango_cpu/source/core/regfiles.v(line number: 26)] Elaborating instance RV32I_reg_i
I: Verilog-0003: [E:/FPGA/TSP_RVmaster/FPGA/pango_cpu/source/core/dff.v(line number: 4)] Elaborating module REGs_WLWR
I: Module instance {SoC_Top/u_TSP_Core/u_TSP_Regfiles/x1_31[14].RV32I_reg_i} parameter value:
    RW = 32'b00000000000000000000000000100000
    RST_VAL = 32'b00000000000000000000000000000000
I: Verilog-0004: [E:/FPGA/TSP_RVmaster/FPGA/pango_cpu/source/core/regfiles.v(line number: 26)] Elaborating instance RV32I_reg_i
I: Verilog-0003: [E:/FPGA/TSP_RVmaster/FPGA/pango_cpu/source/core/dff.v(line number: 4)] Elaborating module REGs_WLWR
I: Module instance {SoC_Top/u_TSP_Core/u_TSP_Regfiles/x1_31[15].RV32I_reg_i} parameter value:
    RW = 32'b00000000000000000000000000100000
    RST_VAL = 32'b00000000000000000000000000000000
I: Verilog-0004: [E:/FPGA/TSP_RVmaster/FPGA/pango_cpu/source/core/regfiles.v(line number: 26)] Elaborating instance RV32I_reg_i
I: Verilog-0003: [E:/FPGA/TSP_RVmaster/FPGA/pango_cpu/source/core/dff.v(line number: 4)] Elaborating module REGs_WLWR
I: Module instance {SoC_Top/u_TSP_Core/u_TSP_Regfiles/x1_31[16].RV32I_reg_i} parameter value:
    RW = 32'b00000000000000000000000000100000
    RST_VAL = 32'b00000000000000000000000000000000
I: Verilog-0004: [E:/FPGA/TSP_RVmaster/FPGA/pango_cpu/source/core/regfiles.v(line number: 26)] Elaborating instance RV32I_reg_i
I: Verilog-0003: [E:/FPGA/TSP_RVmaster/FPGA/pango_cpu/source/core/dff.v(line number: 4)] Elaborating module REGs_WLWR
I: Module instance {SoC_Top/u_TSP_Core/u_TSP_Regfiles/x1_31[17].RV32I_reg_i} parameter value:
    RW = 32'b00000000000000000000000000100000
    RST_VAL = 32'b00000000000000000000000000000000
I: Verilog-0004: [E:/FPGA/TSP_RVmaster/FPGA/pango_cpu/source/core/regfiles.v(line number: 26)] Elaborating instance RV32I_reg_i
I: Verilog-0003: [E:/FPGA/TSP_RVmaster/FPGA/pango_cpu/source/core/dff.v(line number: 4)] Elaborating module REGs_WLWR
I: Module instance {SoC_Top/u_TSP_Core/u_TSP_Regfiles/x1_31[18].RV32I_reg_i} parameter value:
    RW = 32'b00000000000000000000000000100000
    RST_VAL = 32'b00000000000000000000000000000000
I: Verilog-0004: [E:/FPGA/TSP_RVmaster/FPGA/pango_cpu/source/core/regfiles.v(line number: 26)] Elaborating instance RV32I_reg_i
I: Verilog-0003: [E:/FPGA/TSP_RVmaster/FPGA/pango_cpu/source/core/dff.v(line number: 4)] Elaborating module REGs_WLWR
I: Module instance {SoC_Top/u_TSP_Core/u_TSP_Regfiles/x1_31[19].RV32I_reg_i} parameter value:
    RW = 32'b00000000000000000000000000100000
    RST_VAL = 32'b00000000000000000000000000000000
I: Verilog-0004: [E:/FPGA/TSP_RVmaster/FPGA/pango_cpu/source/core/regfiles.v(line number: 26)] Elaborating instance RV32I_reg_i
I: Verilog-0003: [E:/FPGA/TSP_RVmaster/FPGA/pango_cpu/source/core/dff.v(line number: 4)] Elaborating module REGs_WLWR
I: Module instance {SoC_Top/u_TSP_Core/u_TSP_Regfiles/x1_31[20].RV32I_reg_i} parameter value:
    RW = 32'b00000000000000000000000000100000
    RST_VAL = 32'b00000000000000000000000000000000
I: Verilog-0004: [E:/FPGA/TSP_RVmaster/FPGA/pango_cpu/source/core/regfiles.v(line number: 26)] Elaborating instance RV32I_reg_i
I: Verilog-0003: [E:/FPGA/TSP_RVmaster/FPGA/pango_cpu/source/core/dff.v(line number: 4)] Elaborating module REGs_WLWR
I: Module instance {SoC_Top/u_TSP_Core/u_TSP_Regfiles/x1_31[21].RV32I_reg_i} parameter value:
    RW = 32'b00000000000000000000000000100000
    RST_VAL = 32'b00000000000000000000000000000000
I: Verilog-0004: [E:/FPGA/TSP_RVmaster/FPGA/pango_cpu/source/core/regfiles.v(line number: 26)] Elaborating instance RV32I_reg_i
I: Verilog-0003: [E:/FPGA/TSP_RVmaster/FPGA/pango_cpu/source/core/dff.v(line number: 4)] Elaborating module REGs_WLWR
I: Module instance {SoC_Top/u_TSP_Core/u_TSP_Regfiles/x1_31[22].RV32I_reg_i} parameter value:
    RW = 32'b00000000000000000000000000100000
    RST_VAL = 32'b00000000000000000000000000000000
I: Verilog-0004: [E:/FPGA/TSP_RVmaster/FPGA/pango_cpu/source/core/regfiles.v(line number: 26)] Elaborating instance RV32I_reg_i
I: Verilog-0003: [E:/FPGA/TSP_RVmaster/FPGA/pango_cpu/source/core/dff.v(line number: 4)] Elaborating module REGs_WLWR
I: Module instance {SoC_Top/u_TSP_Core/u_TSP_Regfiles/x1_31[23].RV32I_reg_i} parameter value:
    RW = 32'b00000000000000000000000000100000
    RST_VAL = 32'b00000000000000000000000000000000
I: Verilog-0004: [E:/FPGA/TSP_RVmaster/FPGA/pango_cpu/source/core/regfiles.v(line number: 26)] Elaborating instance RV32I_reg_i
I: Verilog-0003: [E:/FPGA/TSP_RVmaster/FPGA/pango_cpu/source/core/dff.v(line number: 4)] Elaborating module REGs_WLWR
I: Module instance {SoC_Top/u_TSP_Core/u_TSP_Regfiles/x1_31[24].RV32I_reg_i} parameter value:
    RW = 32'b00000000000000000000000000100000
    RST_VAL = 32'b00000000000000000000000000000000
I: Verilog-0004: [E:/FPGA/TSP_RVmaster/FPGA/pango_cpu/source/core/regfiles.v(line number: 26)] Elaborating instance RV32I_reg_i
I: Verilog-0003: [E:/FPGA/TSP_RVmaster/FPGA/pango_cpu/source/core/dff.v(line number: 4)] Elaborating module REGs_WLWR
I: Module instance {SoC_Top/u_TSP_Core/u_TSP_Regfiles/x1_31[25].RV32I_reg_i} parameter value:
    RW = 32'b00000000000000000000000000100000
    RST_VAL = 32'b00000000000000000000000000000000
I: Verilog-0004: [E:/FPGA/TSP_RVmaster/FPGA/pango_cpu/source/core/regfiles.v(line number: 26)] Elaborating instance RV32I_reg_i
I: Verilog-0003: [E:/FPGA/TSP_RVmaster/FPGA/pango_cpu/source/core/dff.v(line number: 4)] Elaborating module REGs_WLWR
I: Module instance {SoC_Top/u_TSP_Core/u_TSP_Regfiles/x1_31[26].RV32I_reg_i} parameter value:
    RW = 32'b00000000000000000000000000100000
    RST_VAL = 32'b00000000000000000000000000000000
I: Verilog-0004: [E:/FPGA/TSP_RVmaster/FPGA/pango_cpu/source/core/regfiles.v(line number: 26)] Elaborating instance RV32I_reg_i
I: Verilog-0003: [E:/FPGA/TSP_RVmaster/FPGA/pango_cpu/source/core/dff.v(line number: 4)] Elaborating module REGs_WLWR
I: Module instance {SoC_Top/u_TSP_Core/u_TSP_Regfiles/x1_31[27].RV32I_reg_i} parameter value:
    RW = 32'b00000000000000000000000000100000
    RST_VAL = 32'b00000000000000000000000000000000
I: Verilog-0004: [E:/FPGA/TSP_RVmaster/FPGA/pango_cpu/source/core/regfiles.v(line number: 26)] Elaborating instance RV32I_reg_i
I: Verilog-0003: [E:/FPGA/TSP_RVmaster/FPGA/pango_cpu/source/core/dff.v(line number: 4)] Elaborating module REGs_WLWR
I: Module instance {SoC_Top/u_TSP_Core/u_TSP_Regfiles/x1_31[28].RV32I_reg_i} parameter value:
    RW = 32'b00000000000000000000000000100000
    RST_VAL = 32'b00000000000000000000000000000000
I: Verilog-0004: [E:/FPGA/TSP_RVmaster/FPGA/pango_cpu/source/core/regfiles.v(line number: 26)] Elaborating instance RV32I_reg_i
I: Verilog-0003: [E:/FPGA/TSP_RVmaster/FPGA/pango_cpu/source/core/dff.v(line number: 4)] Elaborating module REGs_WLWR
I: Module instance {SoC_Top/u_TSP_Core/u_TSP_Regfiles/x1_31[29].RV32I_reg_i} parameter value:
    RW = 32'b00000000000000000000000000100000
    RST_VAL = 32'b00000000000000000000000000000000
I: Verilog-0004: [E:/FPGA/TSP_RVmaster/FPGA/pango_cpu/source/core/regfiles.v(line number: 26)] Elaborating instance RV32I_reg_i
I: Verilog-0003: [E:/FPGA/TSP_RVmaster/FPGA/pango_cpu/source/core/dff.v(line number: 4)] Elaborating module REGs_WLWR
I: Module instance {SoC_Top/u_TSP_Core/u_TSP_Regfiles/x1_31[30].RV32I_reg_i} parameter value:
    RW = 32'b00000000000000000000000000100000
    RST_VAL = 32'b00000000000000000000000000000000
I: Verilog-0004: [E:/FPGA/TSP_RVmaster/FPGA/pango_cpu/source/core/regfiles.v(line number: 26)] Elaborating instance RV32I_reg_i
I: Verilog-0003: [E:/FPGA/TSP_RVmaster/FPGA/pango_cpu/source/core/dff.v(line number: 4)] Elaborating module REGs_WLWR
I: Module instance {SoC_Top/u_TSP_Core/u_TSP_Regfiles/x1_31[31].RV32I_reg_i} parameter value:
    RW = 32'b00000000000000000000000000100000
    RST_VAL = 32'b00000000000000000000000000000000
I: Verilog-0004: [E:/FPGA/TSP_RVmaster/FPGA/pango_cpu/source/core/core.v(line number: 248)] Elaborating instance u_TSP_Disp_Exu
I: Verilog-0003: [E:/FPGA/TSP_RVmaster/FPGA/pango_cpu/source/core/disp_exu.v(line number: 3)] Elaborating module TSP_Disp_Exu
I: Verilog-0004: [E:/FPGA/TSP_RVmaster/FPGA/pango_cpu/source/core/disp_exu.v(line number: 87)] Elaborating instance DECODE_PC_REG1
I: Verilog-0003: [E:/FPGA/TSP_RVmaster/FPGA/pango_cpu/source/core/dff.v(line number: 4)] Elaborating module REGs_WLWR
I: Module instance {SoC_Top/u_TSP_Core/u_TSP_Disp_Exu/DECODE_PC_REG1} parameter value:
    RW = 32'b00000000000000000000000000100000
    RST_VAL = 32'b00000000000000000000000000000000
I: Verilog-0004: [E:/FPGA/TSP_RVmaster/FPGA/pango_cpu/source/core/disp_exu.v(line number: 108)] Elaborating instance Exu_common_u0
I: Verilog-0003: [E:/FPGA/TSP_RVmaster/FPGA/pango_cpu/source/core/exu_common.v(line number: 3)] Elaborating module TSP_Exu_common
I: Verilog-0004: [E:/FPGA/TSP_RVmaster/FPGA/pango_cpu/source/core/disp_exu.v(line number: 175)] Elaborating instance Exu_bjp_u0
I: Verilog-0003: [E:/FPGA/TSP_RVmaster/FPGA/pango_cpu/source/core/exu_bjp.v(line number: 3)] Elaborating module Exu_bjp
I: Verilog-0004: [E:/FPGA/TSP_RVmaster/FPGA/pango_cpu/source/core/exu_bjp.v(line number: 47)] Elaborating instance BTB_update_valid_reg
I: Verilog-0003: [E:/FPGA/TSP_RVmaster/FPGA/pango_cpu/source/core/dff.v(line number: 42)] Elaborating module REGs_NLWR
I: Module instance {SoC_Top/u_TSP_Core/u_TSP_Disp_Exu/Exu_bjp_u0/BTB_update_valid_reg} parameter value:
    RW = 32'b00000000000000000000000000000001
    RST_VAL = 32'b00000000000000000000000000000000
I: Verilog-0004: [E:/FPGA/TSP_RVmaster/FPGA/pango_cpu/source/core/disp_exu.v(line number: 202)] Elaborating instance Exu_muldiv_u0
I: Verilog-0003: [E:/FPGA/TSP_RVmaster/FPGA/pango_cpu/source/core/exu_muldiv.v(line number: 3)] Elaborating module TSP_Exu_muldiv
I: Verilog-0004: [E:/FPGA/TSP_RVmaster/FPGA/pango_cpu/source/core/exu_muldiv.v(line number: 80)] Elaborating instance Exu_multiplier
I: Verilog-0003: [E:/FPGA/TSP_RVmaster/FPGA/pango_cpu/source/core/exu_muldiv.v(line number: 159)] Elaborating module Booth_Multiplier_4xB
I: Module instance {SoC_Top/u_TSP_Core/u_TSP_Disp_Exu/Exu_muldiv_u0/Exu_multiplier} parameter value:
    N = 32'b00000000000000000000000000100000
I: Verilog-0004: [E:/FPGA/TSP_RVmaster/FPGA/pango_cpu/source/core/exu_muldiv.v(line number: 123)] Elaborating instance Exu_divider
I: Verilog-0003: [E:/FPGA/TSP_RVmaster/FPGA/pango_cpu/source/core/exu_muldiv.v(line number: 573)] Elaborating module divfunc
I: Module instance {SoC_Top/u_TSP_Core/u_TSP_Disp_Exu/Exu_muldiv_u0/Exu_divider} parameter value:
    XLEN = 32'b00000000000000000000000000100000
    STAGE_LIST = 32'b11111111111111111111111111111111
I: Verilog-0004: [E:/FPGA/TSP_RVmaster/FPGA/pango_cpu/source/core/disp_exu.v(line number: 233)] Elaborating instance Exu_ls_u0
I: Verilog-0003: [E:/FPGA/TSP_RVmaster/FPGA/pango_cpu/source/core/exu_ls.v(line number: 3)] Elaborating module TSP_Exu_ls
I: Verilog-0004: [E:/FPGA/TSP_RVmaster/FPGA/pango_cpu/source/core/core.v(line number: 324)] Elaborating instance u_ls_ctrl
I: Verilog-0003: [E:/FPGA/TSP_RVmaster/FPGA/pango_cpu/source/core/ls_ctrl.v(line number: 3)] Elaborating module ls_ctrl
I: Verilog-0004: [E:/FPGA/TSP_RVmaster/FPGA/pango_cpu/source/core/core.v(line number: 365)] Elaborating instance u_TSP_Wb_arbiter
I: Verilog-0003: [E:/FPGA/TSP_RVmaster/FPGA/pango_cpu/source/core/wb_arbiter.v(line number: 3)] Elaborating module TSP_Wb_arbiter
I: Verilog-0004: [E:/FPGA/TSP_RVmaster/FPGA/pango_cpu/source/peripheral/soc_top.v(line number: 69)] Elaborating instance u_Interconnect
I: Verilog-0003: [E:/FPGA/TSP_RVmaster/FPGA/pango_cpu/source/peripheral/AXI_Interconnect.v(line number: 3)] Elaborating module TSP_AXI_Interconnect
I: Verilog-0004: [E:/FPGA/TSP_RVmaster/FPGA/pango_cpu/source/peripheral/soc_top.v(line number: 91)] Elaborating instance u_SRAM
I: Verilog-0003: [E:/FPGA/TSP_RVmaster/FPGA/pango_cpu/source/ram/sram.v(line number: 3)] Elaborating module TSP_Sram
I: Verilog-0004: [E:/FPGA/TSP_RVmaster/FPGA/pango_cpu/source/ram/sram.v(line number: 111)] Elaborating instance u_Data_Ram
I: Verilog-0003: [E:/FPGA/TSP_RVmaster/FPGA/pango_cpu/ipcore/RAM/RAM.v(line number: 16)] Elaborating module RAM
I: Verilog-0004: [E:/FPGA/TSP_RVmaster/FPGA/pango_cpu/ipcore/RAM/RAM.v(line number: 128)] Elaborating instance U_ipml_spram_RAM
I: Verilog-0003: [E:/FPGA/TSP_RVmaster/FPGA/pango_cpu/ipcore/RAM/rtl/ipml_spram_v1_7_RAM.v(line number: 17)] Elaborating module ipml_spram_v1_7_RAM
I: Module instance {SoC_Top/u_SRAM/u_Data_Ram/U_ipml_spram_RAM} parameter value:
    c_SIM_DEVICE = LOGOS
    c_ADDR_WIDTH = 32'b00000000000000000000000000001100
    c_DATA_WIDTH = 32'b00000000000000000000000000100000
    c_OUTPUT_REG = 32'b00000000000000000000000000000000
    c_RD_OCE_EN = 32'b00000000000000000000000000000000
    c_CLK_EN = 32'b00000000000000000000000000000000
    c_ADDR_STROBE_EN = 32'b00000000000000000000000000000000
    c_RESET_TYPE = ASYNC_RESET
    c_POWER_OPT = 32'b00000000000000000000000000000000
    c_CLK_OR_POL_INV = 32'b00000000000000000000000000000000
    c_INIT_FILE = NONE
    c_INIT_FORMAT = HEX
    c_WR_BYTE_EN = 32'b00000000000000000000000000000001
    c_BE_WIDTH = 32'b00000000000000000000000000000100
    c_RAM_MODE = SINGLE_PORT
    c_WRITE_MODE = NORMAL_WRITE
W: Verilog-2039: [E:/FPGA/TSP_RVmaster/FPGA/pango_cpu/ipcore/RAM/rtl/ipml_spram_v1_7_RAM.v(line number: 255)] Repeat multiplier in concatenation evaluates to 0
W: Verilog-2039: [E:/FPGA/TSP_RVmaster/FPGA/pango_cpu/ipcore/RAM/rtl/ipml_spram_v1_7_RAM.v(line number: 257)] Repeat multiplier in concatenation evaluates to 0
W: Verilog-2039: [E:/FPGA/TSP_RVmaster/FPGA/pango_cpu/ipcore/RAM/rtl/ipml_spram_v1_7_RAM.v(line number: 259)] Repeat multiplier in concatenation evaluates to 0
W: Verilog-2038: [E:/FPGA/TSP_RVmaster/FPGA/pango_cpu/ipcore/RAM/rtl/ipml_spram_v1_7_RAM.v(line number: 266)] Case condition never applies
W: Verilog-2038: [E:/FPGA/TSP_RVmaster/FPGA/pango_cpu/ipcore/RAM/rtl/ipml_spram_v1_7_RAM.v(line number: 270)] Case condition never applies
W: Verilog-2038: [E:/FPGA/TSP_RVmaster/FPGA/pango_cpu/ipcore/RAM/rtl/ipml_spram_v1_7_RAM.v(line number: 274)] Case condition never applies
W: Verilog-2038: [E:/FPGA/TSP_RVmaster/FPGA/pango_cpu/ipcore/RAM/rtl/ipml_spram_v1_7_RAM.v(line number: 278)] Case condition never applies
W: Verilog-2038: [E:/FPGA/TSP_RVmaster/FPGA/pango_cpu/ipcore/RAM/rtl/ipml_spram_v1_7_RAM.v(line number: 278)] Case condition never applies
W: Verilog-2038: [E:/FPGA/TSP_RVmaster/FPGA/pango_cpu/ipcore/RAM/rtl/ipml_spram_v1_7_RAM.v(line number: 266)] Case condition never applies
W: Verilog-2038: [E:/FPGA/TSP_RVmaster/FPGA/pango_cpu/ipcore/RAM/rtl/ipml_spram_v1_7_RAM.v(line number: 270)] Case condition never applies
W: Verilog-2038: [E:/FPGA/TSP_RVmaster/FPGA/pango_cpu/ipcore/RAM/rtl/ipml_spram_v1_7_RAM.v(line number: 274)] Case condition never applies
W: Verilog-2038: [E:/FPGA/TSP_RVmaster/FPGA/pango_cpu/ipcore/RAM/rtl/ipml_spram_v1_7_RAM.v(line number: 278)] Case condition never applies
W: Verilog-2038: [E:/FPGA/TSP_RVmaster/FPGA/pango_cpu/ipcore/RAM/rtl/ipml_spram_v1_7_RAM.v(line number: 278)] Case condition never applies
I: Verilog-0004: [E:/FPGA/TSP_RVmaster/FPGA/pango_cpu/ipcore/RAM/rtl/ipml_spram_v1_7_RAM.v(line number: 568)] Elaborating instance U_GTP_DRM18K
I: Verilog-0004: [E:/FPGA/TSP_RVmaster/FPGA/pango_cpu/ipcore/RAM/rtl/ipml_spram_v1_7_RAM.v(line number: 568)] Elaborating instance U_GTP_DRM18K
I: Verilog-0004: [E:/FPGA/TSP_RVmaster/FPGA/pango_cpu/ipcore/RAM/rtl/ipml_spram_v1_7_RAM.v(line number: 568)] Elaborating instance U_GTP_DRM18K
I: Verilog-0004: [E:/FPGA/TSP_RVmaster/FPGA/pango_cpu/ipcore/RAM/rtl/ipml_spram_v1_7_RAM.v(line number: 568)] Elaborating instance U_GTP_DRM18K
I: Verilog-0004: [E:/FPGA/TSP_RVmaster/FPGA/pango_cpu/ipcore/RAM/rtl/ipml_spram_v1_7_RAM.v(line number: 568)] Elaborating instance U_GTP_DRM18K
I: Verilog-0004: [E:/FPGA/TSP_RVmaster/FPGA/pango_cpu/ipcore/RAM/rtl/ipml_spram_v1_7_RAM.v(line number: 568)] Elaborating instance U_GTP_DRM18K
I: Verilog-0004: [E:/FPGA/TSP_RVmaster/FPGA/pango_cpu/ipcore/RAM/rtl/ipml_spram_v1_7_RAM.v(line number: 568)] Elaborating instance U_GTP_DRM18K
I: Verilog-0004: [E:/FPGA/TSP_RVmaster/FPGA/pango_cpu/ipcore/RAM/rtl/ipml_spram_v1_7_RAM.v(line number: 568)] Elaborating instance U_GTP_DRM18K
W: Verilog-2020: [E:/FPGA/TSP_RVmaster/FPGA/pango_cpu/ipcore/RAM/rtl/ipml_spram_v1_7_RAM.v(line number: 427)] Net DA_bus[8] in ipml_spram_v1_7_RAM(original module ipml_spram_v1_7_RAM) does not have a driver, tie it to 0
W: Verilog-2020: [E:/FPGA/TSP_RVmaster/FPGA/pango_cpu/ipcore/RAM/rtl/ipml_spram_v1_7_RAM.v(line number: 427)] Net DA_bus[17] in ipml_spram_v1_7_RAM(original module ipml_spram_v1_7_RAM) does not have a driver, tie it to 0
W: Verilog-2020: [E:/FPGA/TSP_RVmaster/FPGA/pango_cpu/ipcore/RAM/rtl/ipml_spram_v1_7_RAM.v(line number: 427)] Net DA_bus[26] in ipml_spram_v1_7_RAM(original module ipml_spram_v1_7_RAM) does not have a driver, tie it to 0
W: Verilog-2020: [E:/FPGA/TSP_RVmaster/FPGA/pango_cpu/ipcore/RAM/rtl/ipml_spram_v1_7_RAM.v(line number: 427)] Net DA_bus[35] in ipml_spram_v1_7_RAM(original module ipml_spram_v1_7_RAM) does not have a driver, tie it to 0
W: Verilog-2020: [E:/FPGA/TSP_RVmaster/FPGA/pango_cpu/ipcore/RAM/rtl/ipml_spram_v1_7_RAM.v(line number: 428)] Net DB_bus[8] in ipml_spram_v1_7_RAM(original module ipml_spram_v1_7_RAM) does not have a driver, tie it to 0
W: Verilog-2020: [E:/FPGA/TSP_RVmaster/FPGA/pango_cpu/ipcore/RAM/rtl/ipml_spram_v1_7_RAM.v(line number: 428)] Net DB_bus[17] in ipml_spram_v1_7_RAM(original module ipml_spram_v1_7_RAM) does not have a driver, tie it to 0
W: Verilog-2020: [E:/FPGA/TSP_RVmaster/FPGA/pango_cpu/ipcore/RAM/rtl/ipml_spram_v1_7_RAM.v(line number: 428)] Net DB_bus[26] in ipml_spram_v1_7_RAM(original module ipml_spram_v1_7_RAM) does not have a driver, tie it to 0
W: Verilog-2020: [E:/FPGA/TSP_RVmaster/FPGA/pango_cpu/ipcore/RAM/rtl/ipml_spram_v1_7_RAM.v(line number: 428)] Net DB_bus[35] in ipml_spram_v1_7_RAM(original module ipml_spram_v1_7_RAM) does not have a driver, tie it to 0
W: Verilog-2019: [E:/FPGA/TSP_RVmaster/FPGA/pango_cpu/source/ram/sram.v(line number: 111)] Width mismatch between port addr and signal bound to it for instantiated module RAM
I: Verilog-0004: [E:/FPGA/TSP_RVmaster/FPGA/pango_cpu/source/peripheral/soc_top.v(line number: 106)] Elaborating instance u_UART
I: Verilog-0003: [E:/FPGA/TSP_RVmaster/FPGA/pango_cpu/source/uart/uart_axi_lite_wrapper.v(line number: 3)] Elaborating module uart_axi_lite_wrapper
I: Module instance {SoC_Top/u_UART} parameter value:
    CLK_FREQ_p = 32'b00000010111110101111000010000000
    BAUD_RATE_p = 32'b00000000000000011100001000000000
I: Verilog-0004: [E:/FPGA/TSP_RVmaster/FPGA/pango_cpu/source/uart/uart_axi_lite_wrapper.v(line number: 57)] Elaborating instance u_uart_core
I: Verilog-0003: [E:/FPGA/TSP_RVmaster/FPGA/pango_cpu/source/uart/uart.v(line number: 32)] Elaborating module uart
I: Module instance {SoC_Top/u_UART/u_uart_core} parameter value:
    DATA_WIDTH = 32'b00000000000000000000000000001000
I: Verilog-0004: [E:/FPGA/TSP_RVmaster/FPGA/pango_cpu/source/uart/uart.v(line number: 78)] Elaborating instance uart_tx_inst
I: Verilog-0003: [E:/FPGA/TSP_RVmaster/FPGA/pango_cpu/source/uart/uart_tx.v(line number: 32)] Elaborating module uart_tx
I: Module instance {SoC_Top/u_UART/u_uart_core/uart_tx_inst} parameter value:
    DATA_WIDTH = 32'b00000000000000000000000000001000
I: Verilog-0004: [E:/FPGA/TSP_RVmaster/FPGA/pango_cpu/source/uart/uart.v(line number: 96)] Elaborating instance uart_rx_inst
I: Verilog-0003: [E:/FPGA/TSP_RVmaster/FPGA/pango_cpu/source/uart/uart_rx.v(line number: 32)] Elaborating module uart_rx
I: Module instance {SoC_Top/u_UART/u_uart_core/uart_rx_inst} parameter value:
    DATA_WIDTH = 32'b00000000000000000000000000001000
Executing : rtl-elaborate successfully. Time elapsed: 0.066s wall, 0.062s user + 0.000s system = 0.062s CPU (94.3%)

Start rtl-prep.
Executing : rtl-prep successfully. Time elapsed: 0.084s wall, 0.094s user + 0.000s system = 0.094s CPU (111.5%)

Start rtl-infer.
Start DFF-inference.
I: Removed inst wready_r that is redundant to awready_r.
W: Sdm-2003: [E:/FPGA/TSP_RVmaster/FPGA/pango_cpu/source/core/regfiles.v(line number: 20)] The net 'RV32I_regs[0]' in SoC_Top.u_TSP_Core.u_TSP_Regfiles is un-driven.
I: Removed inst wready_r that is redundant to awready_r.
Executing : DFF-inference successfully.
I: Sdm-0001: [E:/FPGA/TSP_RVmaster/FPGA/pango_cpu/source/ram/ram.v(line number: 51)] Found Ram RAM, depth=16384, width=8.
I: Sdm-0001: [E:/FPGA/TSP_RVmaster/FPGA/pango_cpu/source/ram/ram.v(line number: 51)] Found Ram RAM, depth=16384, width=8.
I: Sdm-0001: [E:/FPGA/TSP_RVmaster/FPGA/pango_cpu/source/ram/ram.v(line number: 51)] Found Ram RAM, depth=16384, width=8.
I: Sdm-0001: [E:/FPGA/TSP_RVmaster/FPGA/pango_cpu/source/ram/ram.v(line number: 51)] Found Ram RAM, depth=16384, width=8.
W: Loop was found during constant probe.
W: Loop was found during constant probe.
Executing : rtl-infer successfully. Time elapsed: 0.803s wall, 0.500s user + 0.297s system = 0.797s CPU (99.2%)

Start rtl-control-opt.
Executing : rtl-control-opt successfully. Time elapsed: 0.009s wall, 0.016s user + 0.000s system = 0.016s CPU (174.9%)

Start rtl-data-opt.
Executing : rtl-data-opt successfully. Time elapsed: 0.070s wall, 0.047s user + 0.016s system = 0.062s CPU (89.6%)

Start FSM inference.
I: FSM r_target_fsm[1:0] inferred.
I: FSM w_target_fsm[1:0] inferred.
I: FSM state_fsm[2:0] inferred.
W: Loop was found during constant probe.
W: Loop was found during constant probe.
W: Loop was found during constant probe.
Executing : FSM inference successfully. Time elapsed: 0.032s wall, 0.031s user + 0.000s system = 0.031s CPU (96.9%)

Start sdm2adm.
W: Loop was found during constant probe.
W: Loop was found during constant probe.
W: Loop was found during constant probe.
W: Loop was found during constant probe.
W: Loop was found during constant probe.
W: Loop was found during constant probe.
I: Constant propagation done on N234 (bmsPMUX).
I: Constant propagation done on N196 (bmsPMUX).
I: Constant propagation done on N281 (bmsWIDEMUX).
I: Constant propagation done on N4 (bmsWIDEMUX).
I: Constant propagation done on N265 (bmsWIDEMUX).
W: Loop was found during constant probe.
W: Loop was found during constant probe.
W: Loop was found during constant probe.
W: Loop was found during constant probe.
I: Constant propagation done on N121 (bmsPMUX).
I: Constant propagation done on N22 (bmsWIDEMUX).
I: Constant propagation done on N112_1 (bmsWIDEMUX).
I: Constant propagation done on N91 (bmsWIDEMUX).
I: Constant propagation done on N129 (bmsWIDEMUX).
W: Loop was found during constant probe.
W: Loop was found during constant probe.
W: Loop was found during constant probe.
W: Loop was found during constant probe.
W: Loop was found during constant probe.
W: Loop was found during constant probe.
W: Loop was found during constant probe.
W: Loop was found during constant probe.
W: Loop was found during constant probe.
W: Loop was found during constant probe.
Executing : sdm2adm successfully. Time elapsed: 0.198s wall, 0.188s user + 0.016s system = 0.203s CPU (102.7%)

Saving design to DB.
Action compile: Real time elapsed is 0h:0m:6s
Action compile: CPU time elapsed is 0h:0m:2s
Action compile: Process CPU time elapsed is 0h:0m:2s
Current time: Wed Mar 25 12:53:36 2026
Action compile: Peak memory pool usage is 177 MB
