------------------------------------------------------------------------------------------------------------------------------------------------------
Notes: 
  Total_num: the numbers of add/sub in rtl
  Module Name: the module name of the instantiated module calling directly the add/sub sub module
  Location/Inst Name: if linefile info exists(no optimization), print the codes location of add/sub in rtl, else print the inst name
  Count: the amount of lutcarry for add/sub
  Number: the numbers of add/sub with the same lutcarry counts and linefile

Detailed RTL Component Info :
-----Add :
               Total_Num :2
-----Sub :
               Total_Num :1
-----AddSub :
               Total_Num :0

Add_Sub_AddSub: Initial Mapping Report :
|--------------------------|---------|---------|---------|--------------------------------------------------------------|
|Module Name               |Type     |Count    |Number   |Location/Inst Name                                            |
|--------------------------|---------|---------|---------|--------------------------------------------------------------|
|Exu_bjp_u0                |Add      |30       |1        |../source/core/exu_bjp.v:53                                   |
|--------------------------|---------|---------|---------|--------------------------------------------------------------|
|u_PC_control              |Add      |30       |1        |../source/core/PC_control.v:59                                |
|--------------------------|---------|---------|---------|--------------------------------------------------------------|
|uart_tx_inst              |Sub      |20       |1        |u_UART/u_uart_core/uart_tx_inst/N121_3                        |
|--------------------------|---------|---------|---------|--------------------------------------------------------------|

------------------------------------------------------------------------------------------------------------------------------------------------------

