#Build: Fabric Compiler 2022.2-SP6.4, Build 146967, Jan 31 01:39 2024
#Install: E:\pango\PDS_2022.2-SP6.4\bin
#Application name: pds_shell.exe
#OS: Windows 10 10.0.26200
#Hostname: LAPTOP-E3CFACBD
Generated by Fabric Compiler (version 2022.2-SP6.4 build 146967) at Thu Mar 12 13:16:56 2026
License checkout: fabric_ads from C:\Users\lhx\Downloads\new_pds_cc1531929604.lic
Compiling verification operator library.
Compiling common defs.
Loading technology operator library.
Compiling technology operator library.
Compiling technology operator (valence) library.
Reading design from compile DB
Reading design from compile DB successfully.
Constraint check start.
Compiling prim grid devices.
Building architecture model.
Loading device packaging model.
Building architecture floorplan logic view.
Executing : get_ports sys_clk
Executing : get_ports sys_clk successfully.
Executing : create_clock -name sys_clk [get_ports sys_clk] -period 20.000 -waveform {0.000 10.000}
Executing : create_clock -name sys_clk [get_ports sys_clk] -period 20.000 -waveform {0.000 10.000} successfully.
C: ConstraintEditor-2009: p:uart_tx is lack of PAP_IO_DRIVE, OUTPUT or INOUT PORT had better set PAP_IO_DRIVE, the optional value is {8, 4, 12, 16, 24}.
C: ConstraintEditor-2009: p:uart_tx is lack of PAP_IO_SLEW, OUTPUT or INOUT PORT had better set PAP_IO_SLEW, the optional value is {SLOW, FAST}.
W: ConstraintEditor-4019: Port Bus 'ext_axi_if_araddr' unspecified I/O constraint.
W: ConstraintEditor-4019: Port Bus 'ext_axi_if_awaddr' unspecified I/O constraint.
W: ConstraintEditor-4019: Port Bus 'ext_axi_if_bresp' unspecified I/O constraint.
W: ConstraintEditor-4019: Port Bus 'ext_axi_if_rdata' unspecified I/O constraint.
W: ConstraintEditor-4019: Port Bus 'ext_axi_if_rresp' unspecified I/O constraint.
W: ConstraintEditor-4019: Port Bus 'ext_axi_if_wdata' unspecified I/O constraint.
W: ConstraintEditor-4019: Port Bus 'ext_axi_if_wstrb' unspecified I/O constraint.
W: ConstraintEditor-4019: Port 'ext_axi_if_arready' unspecified I/O constraint.
W: ConstraintEditor-4019: Port 'ext_axi_if_arvalid' unspecified I/O constraint.
W: ConstraintEditor-4019: Port 'ext_axi_if_awready' unspecified I/O constraint.
W: ConstraintEditor-4019: Port 'ext_axi_if_awvalid' unspecified I/O constraint.
W: ConstraintEditor-4019: Port 'ext_axi_if_bready' unspecified I/O constraint.
W: ConstraintEditor-4019: Port 'ext_axi_if_bvalid' unspecified I/O constraint.
W: ConstraintEditor-4019: Port 'ext_axi_if_rready' unspecified I/O constraint.
W: ConstraintEditor-4019: Port 'ext_axi_if_rvalid' unspecified I/O constraint.
W: ConstraintEditor-4019: Port 'ext_axi_if_wready' unspecified I/O constraint.
W: ConstraintEditor-4019: Port 'ext_axi_if_wvalid' unspecified I/O constraint.
Constraint check end.

C: SDC-2025: Clock source 'n:sys_pll_u0/clkout0' need a clock constraint, please use 'create_clock' or 'create_generate_clock' to generate.
Executing : get_ports sys_clk
Executing : get_ports sys_clk successfully.
Executing : get_pins sys_pll_u0/u_pll_e3:CLKOUT0
Executing : get_pins sys_pll_u0/u_pll_e3:CLKOUT0 successfully.
Executing : create_generated_clock -name sys_clk|sys_pll_u0/u_pll_e3/CLKOUT0_Inferred -source [get_ports sys_clk] [get_pins sys_pll_u0/u_pll_e3:CLKOUT0] -master_clock sys_clk -edges {1 2 3} -edge_shift {0.000000 40.000000 80.000000} -add
Executing : create_generated_clock -name sys_clk|sys_pll_u0/u_pll_e3/CLKOUT0_Inferred -source [get_ports sys_clk] [get_pins sys_pll_u0/u_pll_e3:CLKOUT0] -master_clock sys_clk -edges {1 2 3} -edge_shift {0.000000 40.000000 80.000000} -add successfully.
Start pre-mapping.
I: Constant propagation done on u_TSP_Core/u_TSP_Disp_Exu/Exu_common_u0/N203 (bmsWIDEMUX).
I: Constant propagation done on u_TSP_Core/u_TSP_Disp_Exu/Exu_muldiv_u0/Exu_multiplier/N20 (bmsWIDEMUX).
I: Constant propagation done on u_TSP_Core/u_TSP_Disp_Exu/Exu_muldiv_u0/Exu_multiplier/N1333 (bmsWIDEMUX).
I: Encoding type of FSM 'r_target_fsm[1:0]' is: onehot.
I: Encoding table of FSM 'r_target_fsm[1:0]':
I: from  u_Interconnect/r_target[1] u_Interconnect/r_target[0]
I: to  u_Interconnect/r_target_reg[3] u_Interconnect/r_target_reg[2] u_Interconnect/r_target_reg[1] u_Interconnect/r_target_reg[0]
I: 00 => 0001
I: 01 => 0010
I: 10 => 0100
I: 11 => 1000
I: Encoding type of FSM 'w_target_fsm[1:0]' is: onehot.
I: Encoding table of FSM 'w_target_fsm[1:0]':
I: from  u_Interconnect/w_target[1] u_Interconnect/w_target[0]
I: to  u_Interconnect/w_target_reg[3] u_Interconnect/w_target_reg[2] u_Interconnect/w_target_reg[1] u_Interconnect/w_target_reg[0]
I: 00 => 0001
I: 01 => 0010
I: 10 => 0100
I: 11 => 1000
I: Encoding type of FSM 'state_fsm[2:0]' is: onehot.
I: Encoding table of FSM 'state_fsm[2:0]':
I: from  u_TSP_Core/u_ls_ctrl/state[2] u_TSP_Core/u_ls_ctrl/state[1] u_TSP_Core/u_ls_ctrl/state[0]
I: to  u_TSP_Core/u_ls_ctrl/state_reg[5] u_TSP_Core/u_ls_ctrl/state_reg[4] u_TSP_Core/u_ls_ctrl/state_reg[3] u_TSP_Core/u_ls_ctrl/state_reg[2] u_TSP_Core/u_ls_ctrl/state_reg[1] u_TSP_Core/u_ls_ctrl/state_reg[0]
I: 000 => 000001
I: 001 => 000010
I: 010 => 000100
I: 011 => 001000
I: 100 => 010000
I: 101 => 100000
I: Constant propagation done on u_Interconnect/r_target_fsm[1:0]_1 (bmsREDOR).
I: Constant propagation done on u_Interconnect/r_target_fsm[1:0]_2 (bmsREDOR).
I: Constant propagation done on u_Interconnect/w_target_fsm[1:0]_1 (bmsREDOR).
I: Constant propagation done on u_Interconnect/w_target_fsm[1:0]_2 (bmsREDOR).
I: Constant propagation done on u_UART/u_uart_core/uart_rx_inst/m_axis_tvalid_reg_e (bmsREDOR).
W: Removed bmsWIDEDFFCPE inst store_type_r[2:0] at 2 that is stuck at constant 0.
I: Constant propagation done on u_TSP_Core/u_TSP_Disp_Exu/Exu_ls_u0/store_type_r[2:0] (bmsWIDEDFFCPE).
I: Constant propagation done on u_TSP_Core/u_TSP_Disp_Exu/Exu_ls_u0/N71 (bmsWIDEINV).
W: Removed bmsWIDEDFFCPE inst mul_op_type_r[1:0] at 1 that is stuck at constant 0.
W: Removed bmsWIDEDFFCPE inst quotient[4][31:0] at 0 that is stuck at constant 0.
W: Removed bmsWIDEDFFCPE inst quotient[8][31:0] at 0 that is stuck at constant 0.
W: Removed bmsWIDEDFFCPE inst quotient[12][31:0] at 0 that is stuck at constant 0.
W: Removed bmsWIDEDFFCPE inst quotient[16][31:0] at 0 that is stuck at constant 0.
W: Removed bmsWIDEDFFCPE inst quotient[20][31:0] at 0 that is stuck at constant 0.
W: Removed bmsWIDEDFFCPE inst quotient[24][31:0] at 0 that is stuck at constant 0.
W: Removed bmsWIDEDFFCPE inst quotient[28][31:0] at 0 that is stuck at constant 0.
W: Removed bmsWIDEDFFCPE inst rdata_r[31:0] at 8 that is stuck at constant 0.
Executing : pre-mapping successfully. Time elapsed: 0.329s wall, 0.453s user + 0.078s system = 0.531s CPU (161.5%)

Start mod-gen.
W: Public-4008: Instance 'u_Data_Ram/portA_ack' of 'bmsWIDEDFFCPE' unit is dangling and will be cleaned.
W: Public-4008: Instance 'u_Data_Ram/portA_err' of 'bmsWIDEDFFCPE' unit is dangling and will be cleaned.
W: Public-4008: Instance 'u_Data_Ram/portB_ack' of 'bmsWIDEDFFCPE' unit is dangling and will be cleaned.
W: Public-4008: Instance 'u_Data_Ram/portB_err' of 'bmsWIDEDFFCPE' unit is dangling and will be cleaned.
W: Public-4008: Instance 'u_Iram/portB_ack' of 'bmsWIDEDFFCPE' unit is dangling and will be cleaned.
W: Public-4008: Instance 'u_Iram/portB_err' of 'bmsWIDEDFFCPE' unit is dangling and will be cleaned.
W: Public-4008: Instance 'u_TSP_Disp_Exu/DECODE_PC_REG1/qout[31:0]' of 'bmsWIDEDFFCPE' unit is dangling and will be cleaned.
W: Public-4008: Instance 'u_TSP_Ifu/u_Iram/portA_err' of 'bmsWIDEDFFCPE' unit is dangling and will be cleaned.
W: Public-4008: Instance 'u_uart_core/uart_rx_inst/busy_reg' of 'bmsWIDEDFFRSE' unit is dangling and will be cleaned.
W: Public-4008: Instance 'u_uart_core/uart_rx_inst/frame_error_reg' of 'bmsWIDEDFFRSE' unit is dangling and will be cleaned.
W: Public-4008: Instance 'u_uart_core/uart_rx_inst/overrun_error_reg' of 'bmsWIDEDFFRSE' unit is dangling and will be cleaned.
W: Public-4008: Instance 'u_uart_core/uart_tx_inst/busy_reg' of 'bmsWIDEDFFRSE' unit is dangling and will be cleaned.
I: Removed bmsWIDEINV inst u_TSP_Core/u_TSP_Disp_Exu/Exu_muldiv_u0/Exu_divider/N7 that is redundant to u_TSP_Core/u_TSP_Disp_Exu/Exu_common_u0/N16
I: Removed bmsDPRAM inst u_TSP_Core/u_TSP_Ifu/u_Iram/RAM_3_1 that is redundant to u_TSP_Core/u_TSP_Ifu/u_Iram/RAM_3_0
Executing : mod-gen successfully. Time elapsed: 1.118s wall, 1.219s user + 0.438s system = 1.656s CPU (148.2%)

Start logic-optimization.
Executing : logic-optimization successfully. Time elapsed: 4.269s wall, 4.156s user + 0.125s system = 4.281s CPU (100.3%)

Start tech-mapping phase 1.
W: Public-4008: Instance 'u_TSP_Core/u_ls_ctrl/m_axi_awaddr[0]' of 'bmsWIDEDFFCPE' unit is dangling and will be cleaned.
W: Public-4008: Instance 'u_TSP_Core/u_ls_ctrl/m_axi_awaddr[1]' of 'bmsWIDEDFFCPE' unit is dangling and will be cleaned.
W: Public-4008: Instance 'u_TSP_Core/u_ls_ctrl/m_axi_awaddr[15]' of 'bmsWIDEDFFCPE' unit is dangling and will be cleaned.
W: Public-4008: Instance 'u_TSP_Core/u_ls_ctrl/m_axi_awaddr[16]' of 'bmsWIDEDFFCPE' unit is dangling and will be cleaned.
W: Public-4008: Instance 'u_TSP_Core/u_ls_ctrl/m_axi_awaddr[17]' of 'bmsWIDEDFFCPE' unit is dangling and will be cleaned.
W: Public-4008: Instance 'u_TSP_Core/u_ls_ctrl/m_axi_awaddr[18]' of 'bmsWIDEDFFCPE' unit is dangling and will be cleaned.
W: Public-4008: Instance 'u_TSP_Core/u_ls_ctrl/m_axi_awaddr[19]' of 'bmsWIDEDFFCPE' unit is dangling and will be cleaned.
W: Public-4008: Instance 'u_TSP_Core/u_ls_ctrl/m_axi_awaddr[20]' of 'bmsWIDEDFFCPE' unit is dangling and will be cleaned.
W: Public-4008: Instance 'u_TSP_Core/u_ls_ctrl/m_axi_awaddr[21]' of 'bmsWIDEDFFCPE' unit is dangling and will be cleaned.
W: Public-4008: Instance 'u_TSP_Core/u_ls_ctrl/m_axi_awaddr[22]' of 'bmsWIDEDFFCPE' unit is dangling and will be cleaned.
W: Public-4008: Instance 'u_TSP_Core/u_ls_ctrl/m_axi_awaddr[23]' of 'bmsWIDEDFFCPE' unit is dangling and will be cleaned.
W: Public-4008: Instance 'u_TSP_Core/u_ls_ctrl/m_axi_awaddr[24]' of 'bmsWIDEDFFCPE' unit is dangling and will be cleaned.
W: Public-4008: Instance 'u_TSP_Core/u_ls_ctrl/m_axi_awaddr[25]' of 'bmsWIDEDFFCPE' unit is dangling and will be cleaned.
W: Public-4008: Instance 'u_TSP_Core/u_ls_ctrl/m_axi_awaddr[26]' of 'bmsWIDEDFFCPE' unit is dangling and will be cleaned.
W: Public-4008: Instance 'u_TSP_Core/u_ls_ctrl/m_axi_awaddr[27]' of 'bmsWIDEDFFCPE' unit is dangling and will be cleaned.
W: Public-4008: Instance 'u_UART/rdata_r[8]' of 'bmsWIDEDFFCPE' unit is dangling and will be cleaned.
W: Public-4008: Instance 'u_UART/rdata_r[9]' of 'bmsWIDEDFFCPE' unit is dangling and will be cleaned.
W: Public-4008: Instance 'u_UART/rdata_r[10]' of 'bmsWIDEDFFCPE' unit is dangling and will be cleaned.
W: Public-4008: Instance 'u_UART/rdata_r[11]' of 'bmsWIDEDFFCPE' unit is dangling and will be cleaned.
W: Public-4008: Instance 'u_UART/rdata_r[12]' of 'bmsWIDEDFFCPE' unit is dangling and will be cleaned.
W: Public-4008: Instance 'u_UART/rdata_r[13]' of 'bmsWIDEDFFCPE' unit is dangling and will be cleaned.
W: Public-4008: Instance 'u_UART/rdata_r[14]' of 'bmsWIDEDFFCPE' unit is dangling and will be cleaned.
W: Public-4008: Instance 'u_UART/rdata_r[15]' of 'bmsWIDEDFFCPE' unit is dangling and will be cleaned.
W: Public-4008: Instance 'u_UART/rdata_r[16]' of 'bmsWIDEDFFCPE' unit is dangling and will be cleaned.
W: Public-4008: Instance 'u_UART/rdata_r[17]' of 'bmsWIDEDFFCPE' unit is dangling and will be cleaned.
W: Public-4008: Instance 'u_UART/rdata_r[18]' of 'bmsWIDEDFFCPE' unit is dangling and will be cleaned.
W: Public-4008: Instance 'u_UART/rdata_r[19]' of 'bmsWIDEDFFCPE' unit is dangling and will be cleaned.
W: Public-4008: Instance 'u_UART/rdata_r[20]' of 'bmsWIDEDFFCPE' unit is dangling and will be cleaned.
W: Public-4008: Instance 'u_UART/rdata_r[21]' of 'bmsWIDEDFFCPE' unit is dangling and will be cleaned.
W: Public-4008: Instance 'u_UART/rdata_r[22]' of 'bmsWIDEDFFCPE' unit is dangling and will be cleaned.
W: Public-4008: Instance 'u_UART/rdata_r[23]' of 'bmsWIDEDFFCPE' unit is dangling and will be cleaned.
W: Public-4008: Instance 'u_UART/rdata_r[24]' of 'bmsWIDEDFFCPE' unit is dangling and will be cleaned.
W: Public-4008: Instance 'u_UART/rdata_r[25]' of 'bmsWIDEDFFCPE' unit is dangling and will be cleaned.
W: Public-4008: Instance 'u_UART/rdata_r[26]' of 'bmsWIDEDFFCPE' unit is dangling and will be cleaned.
W: Public-4008: Instance 'u_UART/rdata_r[27]' of 'bmsWIDEDFFCPE' unit is dangling and will be cleaned.
W: Public-4008: Instance 'u_UART/rdata_r[28]' of 'bmsWIDEDFFCPE' unit is dangling and will be cleaned.
W: Public-4008: Instance 'u_UART/rdata_r[29]' of 'bmsWIDEDFFCPE' unit is dangling and will be cleaned.
W: Public-4008: Instance 'u_UART/rdata_r[30]' of 'bmsWIDEDFFCPE' unit is dangling and will be cleaned.
W: Public-4008: Instance 'u_TSP_Core/u_TSP_Disp_Exu/Exu_muldiv_u0/Exu_multiplier/Prod[65]' of 'bmsWIDEDFFRSE' unit is dangling and will be cleaned.
W: Public-4008: Instance 'u_TSP_Core/u_TSP_Disp_Exu/Exu_muldiv_u0/Exu_multiplier/Prod[66]' of 'bmsWIDEDFFRSE' unit is dangling and will be cleaned.
W: Public-4008: Instance 'u_TSP_Core/u_TSP_Disp_Exu/Exu_muldiv_u0/Exu_multiplier/Prod[67]' of 'bmsWIDEDFFRSE' unit is dangling and will be cleaned.
W: Public-4008: Instance 'u_TSP_Core/u_TSP_Disp_Exu/Exu_ls_u0/store_type_r[2]' of 'bmsWIDEDFFCPE' unit is dangling and will be cleaned.
W: Public-4008: Instance 'u_TSP_Core/u_TSP_Disp_Exu/Exu_ls_u0/ls_addr_r[15]' of 'bmsWIDEDFFCPE' unit is dangling and will be cleaned.
W: Public-4008: Instance 'u_TSP_Core/u_TSP_Disp_Exu/Exu_ls_u0/ls_addr_r[16]' of 'bmsWIDEDFFCPE' unit is dangling and will be cleaned.
W: Public-4008: Instance 'u_TSP_Core/u_TSP_Disp_Exu/Exu_ls_u0/ls_addr_r[17]' of 'bmsWIDEDFFCPE' unit is dangling and will be cleaned.
W: Public-4008: Instance 'u_TSP_Core/u_TSP_Disp_Exu/Exu_ls_u0/ls_addr_r[18]' of 'bmsWIDEDFFCPE' unit is dangling and will be cleaned.
W: Public-4008: Instance 'u_TSP_Core/u_TSP_Disp_Exu/Exu_ls_u0/ls_addr_r[19]' of 'bmsWIDEDFFCPE' unit is dangling and will be cleaned.
W: Public-4008: Instance 'u_TSP_Core/u_TSP_Disp_Exu/Exu_ls_u0/ls_addr_r[20]' of 'bmsWIDEDFFCPE' unit is dangling and will be cleaned.
W: Public-4008: Instance 'u_TSP_Core/u_TSP_Disp_Exu/Exu_ls_u0/ls_addr_r[21]' of 'bmsWIDEDFFCPE' unit is dangling and will be cleaned.
W: Public-4008: Instance 'u_TSP_Core/u_TSP_Disp_Exu/Exu_ls_u0/ls_addr_r[22]' of 'bmsWIDEDFFCPE' unit is dangling and will be cleaned.
W: Public-4008: Instance 'u_TSP_Core/u_TSP_Disp_Exu/Exu_ls_u0/ls_addr_r[23]' of 'bmsWIDEDFFCPE' unit is dangling and will be cleaned.
W: Public-4008: Instance 'u_TSP_Core/u_TSP_Disp_Exu/Exu_ls_u0/ls_addr_r[24]' of 'bmsWIDEDFFCPE' unit is dangling and will be cleaned.
W: Public-4008: Instance 'u_TSP_Core/u_TSP_Disp_Exu/Exu_ls_u0/ls_addr_r[25]' of 'bmsWIDEDFFCPE' unit is dangling and will be cleaned.
W: Public-4008: Instance 'u_TSP_Core/u_TSP_Disp_Exu/Exu_ls_u0/ls_addr_r[26]' of 'bmsWIDEDFFCPE' unit is dangling and will be cleaned.
W: Public-4008: Instance 'u_TSP_Core/u_TSP_Disp_Exu/Exu_ls_u0/ls_addr_r[27]' of 'bmsWIDEDFFCPE' unit is dangling and will be cleaned.
W: Public-4008: Instance 'u_TSP_Core/u_TSP_Disp_Exu/Exu_muldiv_u0/mul_op_type_r[1]' of 'bmsWIDEDFFCPE' unit is dangling and will be cleaned.
W: Public-4008: Instance 'u_TSP_Core/u_TSP_Disp_Exu/Exu_muldiv_u0/Exu_divider/quotient[4][0]' of 'bmsWIDEDFFCPE' unit is dangling and will be cleaned.
W: Public-4008: Instance 'u_TSP_Core/u_TSP_Disp_Exu/Exu_muldiv_u0/Exu_divider/quotient[4][1]' of 'bmsWIDEDFFCPE' unit is dangling and will be cleaned.
W: Public-4008: Instance 'u_TSP_Core/u_TSP_Disp_Exu/Exu_muldiv_u0/Exu_divider/quotient[4][2]' of 'bmsWIDEDFFCPE' unit is dangling and will be cleaned.
W: Public-4008: Instance 'u_TSP_Core/u_TSP_Disp_Exu/Exu_muldiv_u0/Exu_divider/quotient[4][3]' of 'bmsWIDEDFFCPE' unit is dangling and will be cleaned.
W: Public-4008: Instance 'u_TSP_Core/u_TSP_Disp_Exu/Exu_muldiv_u0/Exu_divider/quotient[4][4]' of 'bmsWIDEDFFCPE' unit is dangling and will be cleaned.
W: Public-4008: Instance 'u_TSP_Core/u_TSP_Disp_Exu/Exu_muldiv_u0/Exu_divider/quotient[4][5]' of 'bmsWIDEDFFCPE' unit is dangling and will be cleaned.
W: Public-4008: Instance 'u_TSP_Core/u_TSP_Disp_Exu/Exu_muldiv_u0/Exu_divider/quotient[4][6]' of 'bmsWIDEDFFCPE' unit is dangling and will be cleaned.
W: Public-4008: Instance 'u_TSP_Core/u_TSP_Disp_Exu/Exu_muldiv_u0/Exu_divider/quotient[4][7]' of 'bmsWIDEDFFCPE' unit is dangling and will be cleaned.
W: Public-4008: Instance 'u_TSP_Core/u_TSP_Disp_Exu/Exu_muldiv_u0/Exu_divider/quotient[4][8]' of 'bmsWIDEDFFCPE' unit is dangling and will be cleaned.
W: Public-4008: Instance 'u_TSP_Core/u_TSP_Disp_Exu/Exu_muldiv_u0/Exu_divider/quotient[4][9]' of 'bmsWIDEDFFCPE' unit is dangling and will be cleaned.
W: Public-4008: Instance 'u_TSP_Core/u_TSP_Disp_Exu/Exu_muldiv_u0/Exu_divider/quotient[4][10]' of 'bmsWIDEDFFCPE' unit is dangling and will be cleaned.
W: Public-4008: Instance 'u_TSP_Core/u_TSP_Disp_Exu/Exu_muldiv_u0/Exu_divider/quotient[4][11]' of 'bmsWIDEDFFCPE' unit is dangling and will be cleaned.
W: Public-4008: Instance 'u_TSP_Core/u_TSP_Disp_Exu/Exu_muldiv_u0/Exu_divider/quotient[4][12]' of 'bmsWIDEDFFCPE' unit is dangling and will be cleaned.
W: Public-4008: Instance 'u_TSP_Core/u_TSP_Disp_Exu/Exu_muldiv_u0/Exu_divider/quotient[4][13]' of 'bmsWIDEDFFCPE' unit is dangling and will be cleaned.
W: Public-4008: Instance 'u_TSP_Core/u_TSP_Disp_Exu/Exu_muldiv_u0/Exu_divider/quotient[4][14]' of 'bmsWIDEDFFCPE' unit is dangling and will be cleaned.
W: Public-4008: Instance 'u_TSP_Core/u_TSP_Disp_Exu/Exu_muldiv_u0/Exu_divider/quotient[4][15]' of 'bmsWIDEDFFCPE' unit is dangling and will be cleaned.
W: Public-4008: Instance 'u_TSP_Core/u_TSP_Disp_Exu/Exu_muldiv_u0/Exu_divider/quotient[4][16]' of 'bmsWIDEDFFCPE' unit is dangling and will be cleaned.
W: Public-4008: Instance 'u_TSP_Core/u_TSP_Disp_Exu/Exu_muldiv_u0/Exu_divider/quotient[4][17]' of 'bmsWIDEDFFCPE' unit is dangling and will be cleaned.
W: Public-4008: Instance 'u_TSP_Core/u_TSP_Disp_Exu/Exu_muldiv_u0/Exu_divider/quotient[4][18]' of 'bmsWIDEDFFCPE' unit is dangling and will be cleaned.
W: Public-4008: Instance 'u_TSP_Core/u_TSP_Disp_Exu/Exu_muldiv_u0/Exu_divider/quotient[4][19]' of 'bmsWIDEDFFCPE' unit is dangling and will be cleaned.
W: Public-4008: Instance 'u_TSP_Core/u_TSP_Disp_Exu/Exu_muldiv_u0/Exu_divider/quotient[4][20]' of 'bmsWIDEDFFCPE' unit is dangling and will be cleaned.
W: Public-4008: Instance 'u_TSP_Core/u_TSP_Disp_Exu/Exu_muldiv_u0/Exu_divider/quotient[4][21]' of 'bmsWIDEDFFCPE' unit is dangling and will be cleaned.
W: Public-4008: Instance 'u_TSP_Core/u_TSP_Disp_Exu/Exu_muldiv_u0/Exu_divider/quotient[4][22]' of 'bmsWIDEDFFCPE' unit is dangling and will be cleaned.
W: Public-4008: Instance 'u_TSP_Core/u_TSP_Disp_Exu/Exu_muldiv_u0/Exu_divider/quotient[4][23]' of 'bmsWIDEDFFCPE' unit is dangling and will be cleaned.
W: Public-4008: Instance 'u_TSP_Core/u_TSP_Disp_Exu/Exu_muldiv_u0/Exu_divider/quotient[4][24]' of 'bmsWIDEDFFCPE' unit is dangling and will be cleaned.
W: Public-4008: Instance 'u_TSP_Core/u_TSP_Disp_Exu/Exu_muldiv_u0/Exu_divider/quotient[4][25]' of 'bmsWIDEDFFCPE' unit is dangling and will be cleaned.
W: Public-4008: Instance 'u_TSP_Core/u_TSP_Disp_Exu/Exu_muldiv_u0/Exu_divider/quotient[4][26]' of 'bmsWIDEDFFCPE' unit is dangling and will be cleaned.
W: Public-4008: Instance 'u_TSP_Core/u_TSP_Disp_Exu/Exu_muldiv_u0/Exu_divider/quotient[4][27]' of 'bmsWIDEDFFCPE' unit is dangling and will be cleaned.
W: Public-4008: Instance 'u_TSP_Core/u_TSP_Disp_Exu/Exu_muldiv_u0/Exu_divider/quotient[8][0]' of 'bmsWIDEDFFCPE' unit is dangling and will be cleaned.
W: Public-4008: Instance 'u_TSP_Core/u_TSP_Disp_Exu/Exu_muldiv_u0/Exu_divider/quotient[8][1]' of 'bmsWIDEDFFCPE' unit is dangling and will be cleaned.
W: Public-4008: Instance 'u_TSP_Core/u_TSP_Disp_Exu/Exu_muldiv_u0/Exu_divider/quotient[8][2]' of 'bmsWIDEDFFCPE' unit is dangling and will be cleaned.
W: Public-4008: Instance 'u_TSP_Core/u_TSP_Disp_Exu/Exu_muldiv_u0/Exu_divider/quotient[8][3]' of 'bmsWIDEDFFCPE' unit is dangling and will be cleaned.
W: Public-4008: Instance 'u_TSP_Core/u_TSP_Disp_Exu/Exu_muldiv_u0/Exu_divider/quotient[8][4]' of 'bmsWIDEDFFCPE' unit is dangling and will be cleaned.
W: Public-4008: Instance 'u_TSP_Core/u_TSP_Disp_Exu/Exu_muldiv_u0/Exu_divider/quotient[8][5]' of 'bmsWIDEDFFCPE' unit is dangling and will be cleaned.
W: Public-4008: Instance 'u_TSP_Core/u_TSP_Disp_Exu/Exu_muldiv_u0/Exu_divider/quotient[8][6]' of 'bmsWIDEDFFCPE' unit is dangling and will be cleaned.
W: Public-4008: Instance 'u_TSP_Core/u_TSP_Disp_Exu/Exu_muldiv_u0/Exu_divider/quotient[8][7]' of 'bmsWIDEDFFCPE' unit is dangling and will be cleaned.
W: Public-4008: Instance 'u_TSP_Core/u_TSP_Disp_Exu/Exu_muldiv_u0/Exu_divider/quotient[8][8]' of 'bmsWIDEDFFCPE' unit is dangling and will be cleaned.
W: Public-4008: Instance 'u_TSP_Core/u_TSP_Disp_Exu/Exu_muldiv_u0/Exu_divider/quotient[8][9]' of 'bmsWIDEDFFCPE' unit is dangling and will be cleaned.
W: Public-4008: Instance 'u_TSP_Core/u_TSP_Disp_Exu/Exu_muldiv_u0/Exu_divider/quotient[8][10]' of 'bmsWIDEDFFCPE' unit is dangling and will be cleaned.
W: Public-4008: Instance 'u_TSP_Core/u_TSP_Disp_Exu/Exu_muldiv_u0/Exu_divider/quotient[8][11]' of 'bmsWIDEDFFCPE' unit is dangling and will be cleaned.
W: Public-4008: Instance 'u_TSP_Core/u_TSP_Disp_Exu/Exu_muldiv_u0/Exu_divider/quotient[8][12]' of 'bmsWIDEDFFCPE' unit is dangling and will be cleaned.
W: Public-4008: Instance 'u_TSP_Core/u_TSP_Disp_Exu/Exu_muldiv_u0/Exu_divider/quotient[8][13]' of 'bmsWIDEDFFCPE' unit is dangling and will be cleaned.
W: Public-4008: Instance 'u_TSP_Core/u_TSP_Disp_Exu/Exu_muldiv_u0/Exu_divider/quotient[8][14]' of 'bmsWIDEDFFCPE' unit is dangling and will be cleaned.
W: Public-4008: Instance 'u_TSP_Core/u_TSP_Disp_Exu/Exu_muldiv_u0/Exu_divider/quotient[8][15]' of 'bmsWIDEDFFCPE' unit is dangling and will be cleaned.
W: Public-4008: Instance 'u_TSP_Core/u_TSP_Disp_Exu/Exu_muldiv_u0/Exu_divider/quotient[8][16]' of 'bmsWIDEDFFCPE' unit is dangling and will be cleaned.
W: Public-4008: Instance 'u_TSP_Core/u_TSP_Disp_Exu/Exu_muldiv_u0/Exu_divider/quotient[8][17]' of 'bmsWIDEDFFCPE' unit is dangling and will be cleaned.
W: Public-4008: Instance 'u_TSP_Core/u_TSP_Disp_Exu/Exu_muldiv_u0/Exu_divider/quotient[8][18]' of 'bmsWIDEDFFCPE' unit is dangling and will be cleaned.
W: Public-4008: Instance 'u_TSP_Core/u_TSP_Disp_Exu/Exu_muldiv_u0/Exu_divider/quotient[8][19]' of 'bmsWIDEDFFCPE' unit is dangling and will be cleaned.
W: Public-4008: Instance 'u_TSP_Core/u_TSP_Disp_Exu/Exu_muldiv_u0/Exu_divider/quotient[8][20]' of 'bmsWIDEDFFCPE' unit is dangling and will be cleaned.
W: Public-4008: Instance 'u_TSP_Core/u_TSP_Disp_Exu/Exu_muldiv_u0/Exu_divider/quotient[8][21]' of 'bmsWIDEDFFCPE' unit is dangling and will be cleaned.
W: Public-4008: Instance 'u_TSP_Core/u_TSP_Disp_Exu/Exu_muldiv_u0/Exu_divider/quotient[8][22]' of 'bmsWIDEDFFCPE' unit is dangling and will be cleaned.
W: Public-4008: Instance 'u_TSP_Core/u_TSP_Disp_Exu/Exu_muldiv_u0/Exu_divider/quotient[8][23]' of 'bmsWIDEDFFCPE' unit is dangling and will be cleaned.
W: Public-4008: Instance 'u_TSP_Core/u_TSP_Disp_Exu/Exu_muldiv_u0/Exu_divider/quotient[12][0]' of 'bmsWIDEDFFCPE' unit is dangling and will be cleaned.
W: Public-4008: Instance 'u_TSP_Core/u_TSP_Disp_Exu/Exu_muldiv_u0/Exu_divider/quotient[12][1]' of 'bmsWIDEDFFCPE' unit is dangling and will be cleaned.
W: Public-4008: Instance 'u_TSP_Core/u_TSP_Disp_Exu/Exu_muldiv_u0/Exu_divider/quotient[12][2]' of 'bmsWIDEDFFCPE' unit is dangling and will be cleaned.
W: Public-4008: Instance 'u_TSP_Core/u_TSP_Disp_Exu/Exu_muldiv_u0/Exu_divider/quotient[12][3]' of 'bmsWIDEDFFCPE' unit is dangling and will be cleaned.
W: Public-4008: Instance 'u_TSP_Core/u_TSP_Disp_Exu/Exu_muldiv_u0/Exu_divider/quotient[12][4]' of 'bmsWIDEDFFCPE' unit is dangling and will be cleaned.
W: Public-4008: Instance 'u_TSP_Core/u_TSP_Disp_Exu/Exu_muldiv_u0/Exu_divider/quotient[12][5]' of 'bmsWIDEDFFCPE' unit is dangling and will be cleaned.
W: Public-4008: Instance 'u_TSP_Core/u_TSP_Disp_Exu/Exu_muldiv_u0/Exu_divider/quotient[12][6]' of 'bmsWIDEDFFCPE' unit is dangling and will be cleaned.
W: Public-4008: Instance 'u_TSP_Core/u_TSP_Disp_Exu/Exu_muldiv_u0/Exu_divider/quotient[12][7]' of 'bmsWIDEDFFCPE' unit is dangling and will be cleaned.
W: Public-4008: Instance 'u_TSP_Core/u_TSP_Disp_Exu/Exu_muldiv_u0/Exu_divider/quotient[12][8]' of 'bmsWIDEDFFCPE' unit is dangling and will be cleaned.
W: Public-4008: Instance 'u_TSP_Core/u_TSP_Disp_Exu/Exu_muldiv_u0/Exu_divider/quotient[12][9]' of 'bmsWIDEDFFCPE' unit is dangling and will be cleaned.
W: Public-4008: Instance 'u_TSP_Core/u_TSP_Disp_Exu/Exu_muldiv_u0/Exu_divider/quotient[12][10]' of 'bmsWIDEDFFCPE' unit is dangling and will be cleaned.
W: Public-4008: Instance 'u_TSP_Core/u_TSP_Disp_Exu/Exu_muldiv_u0/Exu_divider/quotient[12][11]' of 'bmsWIDEDFFCPE' unit is dangling and will be cleaned.
W: Public-4008: Instance 'u_TSP_Core/u_TSP_Disp_Exu/Exu_muldiv_u0/Exu_divider/quotient[12][12]' of 'bmsWIDEDFFCPE' unit is dangling and will be cleaned.
W: Public-4008: Instance 'u_TSP_Core/u_TSP_Disp_Exu/Exu_muldiv_u0/Exu_divider/quotient[12][13]' of 'bmsWIDEDFFCPE' unit is dangling and will be cleaned.
W: Public-4008: Instance 'u_TSP_Core/u_TSP_Disp_Exu/Exu_muldiv_u0/Exu_divider/quotient[12][14]' of 'bmsWIDEDFFCPE' unit is dangling and will be cleaned.
W: Public-4008: Instance 'u_TSP_Core/u_TSP_Disp_Exu/Exu_muldiv_u0/Exu_divider/quotient[12][15]' of 'bmsWIDEDFFCPE' unit is dangling and will be cleaned.
W: Public-4008: Instance 'u_TSP_Core/u_TSP_Disp_Exu/Exu_muldiv_u0/Exu_divider/quotient[12][16]' of 'bmsWIDEDFFCPE' unit is dangling and will be cleaned.
W: Public-4008: Instance 'u_TSP_Core/u_TSP_Disp_Exu/Exu_muldiv_u0/Exu_divider/quotient[12][17]' of 'bmsWIDEDFFCPE' unit is dangling and will be cleaned.
W: Public-4008: Instance 'u_TSP_Core/u_TSP_Disp_Exu/Exu_muldiv_u0/Exu_divider/quotient[12][18]' of 'bmsWIDEDFFCPE' unit is dangling and will be cleaned.
W: Public-4008: Instance 'u_TSP_Core/u_TSP_Disp_Exu/Exu_muldiv_u0/Exu_divider/quotient[12][19]' of 'bmsWIDEDFFCPE' unit is dangling and will be cleaned.
W: Public-4008: Instance 'u_TSP_Core/u_TSP_Disp_Exu/Exu_muldiv_u0/Exu_divider/quotient[16][0]' of 'bmsWIDEDFFCPE' unit is dangling and will be cleaned.
W: Public-4008: Instance 'u_TSP_Core/u_TSP_Disp_Exu/Exu_muldiv_u0/Exu_divider/quotient[16][1]' of 'bmsWIDEDFFCPE' unit is dangling and will be cleaned.
W: Public-4008: Instance 'u_TSP_Core/u_TSP_Disp_Exu/Exu_muldiv_u0/Exu_divider/quotient[16][2]' of 'bmsWIDEDFFCPE' unit is dangling and will be cleaned.
W: Public-4008: Instance 'u_TSP_Core/u_TSP_Disp_Exu/Exu_muldiv_u0/Exu_divider/quotient[16][3]' of 'bmsWIDEDFFCPE' unit is dangling and will be cleaned.
W: Public-4008: Instance 'u_TSP_Core/u_TSP_Disp_Exu/Exu_muldiv_u0/Exu_divider/quotient[16][4]' of 'bmsWIDEDFFCPE' unit is dangling and will be cleaned.
W: Public-4008: Instance 'u_TSP_Core/u_TSP_Disp_Exu/Exu_muldiv_u0/Exu_divider/quotient[16][5]' of 'bmsWIDEDFFCPE' unit is dangling and will be cleaned.
W: Public-4008: Instance 'u_TSP_Core/u_TSP_Disp_Exu/Exu_muldiv_u0/Exu_divider/quotient[16][6]' of 'bmsWIDEDFFCPE' unit is dangling and will be cleaned.
W: Public-4008: Instance 'u_TSP_Core/u_TSP_Disp_Exu/Exu_muldiv_u0/Exu_divider/quotient[16][7]' of 'bmsWIDEDFFCPE' unit is dangling and will be cleaned.
W: Public-4008: Instance 'u_TSP_Core/u_TSP_Disp_Exu/Exu_muldiv_u0/Exu_divider/quotient[16][8]' of 'bmsWIDEDFFCPE' unit is dangling and will be cleaned.
W: Public-4008: Instance 'u_TSP_Core/u_TSP_Disp_Exu/Exu_muldiv_u0/Exu_divider/quotient[16][9]' of 'bmsWIDEDFFCPE' unit is dangling and will be cleaned.
W: Public-4008: Instance 'u_TSP_Core/u_TSP_Disp_Exu/Exu_muldiv_u0/Exu_divider/quotient[16][10]' of 'bmsWIDEDFFCPE' unit is dangling and will be cleaned.
W: Public-4008: Instance 'u_TSP_Core/u_TSP_Disp_Exu/Exu_muldiv_u0/Exu_divider/quotient[16][11]' of 'bmsWIDEDFFCPE' unit is dangling and will be cleaned.
W: Public-4008: Instance 'u_TSP_Core/u_TSP_Disp_Exu/Exu_muldiv_u0/Exu_divider/quotient[16][12]' of 'bmsWIDEDFFCPE' unit is dangling and will be cleaned.
W: Public-4008: Instance 'u_TSP_Core/u_TSP_Disp_Exu/Exu_muldiv_u0/Exu_divider/quotient[16][13]' of 'bmsWIDEDFFCPE' unit is dangling and will be cleaned.
W: Public-4008: Instance 'u_TSP_Core/u_TSP_Disp_Exu/Exu_muldiv_u0/Exu_divider/quotient[16][14]' of 'bmsWIDEDFFCPE' unit is dangling and will be cleaned.
W: Public-4008: Instance 'u_TSP_Core/u_TSP_Disp_Exu/Exu_muldiv_u0/Exu_divider/quotient[16][15]' of 'bmsWIDEDFFCPE' unit is dangling and will be cleaned.
W: Public-4008: Instance 'u_TSP_Core/u_TSP_Disp_Exu/Exu_muldiv_u0/Exu_divider/quotient[20][0]' of 'bmsWIDEDFFCPE' unit is dangling and will be cleaned.
W: Public-4008: Instance 'u_TSP_Core/u_TSP_Disp_Exu/Exu_muldiv_u0/Exu_divider/quotient[20][1]' of 'bmsWIDEDFFCPE' unit is dangling and will be cleaned.
W: Public-4008: Instance 'u_TSP_Core/u_TSP_Disp_Exu/Exu_muldiv_u0/Exu_divider/quotient[20][2]' of 'bmsWIDEDFFCPE' unit is dangling and will be cleaned.
W: Public-4008: Instance 'u_TSP_Core/u_TSP_Disp_Exu/Exu_muldiv_u0/Exu_divider/quotient[20][3]' of 'bmsWIDEDFFCPE' unit is dangling and will be cleaned.
W: Public-4008: Instance 'u_TSP_Core/u_TSP_Disp_Exu/Exu_muldiv_u0/Exu_divider/quotient[20][4]' of 'bmsWIDEDFFCPE' unit is dangling and will be cleaned.
W: Public-4008: Instance 'u_TSP_Core/u_TSP_Disp_Exu/Exu_muldiv_u0/Exu_divider/quotient[20][5]' of 'bmsWIDEDFFCPE' unit is dangling and will be cleaned.
W: Public-4008: Instance 'u_TSP_Core/u_TSP_Disp_Exu/Exu_muldiv_u0/Exu_divider/quotient[20][6]' of 'bmsWIDEDFFCPE' unit is dangling and will be cleaned.
W: Public-4008: Instance 'u_TSP_Core/u_TSP_Disp_Exu/Exu_muldiv_u0/Exu_divider/quotient[20][7]' of 'bmsWIDEDFFCPE' unit is dangling and will be cleaned.
W: Public-4008: Instance 'u_TSP_Core/u_TSP_Disp_Exu/Exu_muldiv_u0/Exu_divider/quotient[20][8]' of 'bmsWIDEDFFCPE' unit is dangling and will be cleaned.
W: Public-4008: Instance 'u_TSP_Core/u_TSP_Disp_Exu/Exu_muldiv_u0/Exu_divider/quotient[20][9]' of 'bmsWIDEDFFCPE' unit is dangling and will be cleaned.
W: Public-4008: Instance 'u_TSP_Core/u_TSP_Disp_Exu/Exu_muldiv_u0/Exu_divider/quotient[20][10]' of 'bmsWIDEDFFCPE' unit is dangling and will be cleaned.
W: Public-4008: Instance 'u_TSP_Core/u_TSP_Disp_Exu/Exu_muldiv_u0/Exu_divider/quotient[20][11]' of 'bmsWIDEDFFCPE' unit is dangling and will be cleaned.
W: Public-4008: Instance 'u_TSP_Core/u_TSP_Disp_Exu/Exu_muldiv_u0/Exu_divider/quotient[24][0]' of 'bmsWIDEDFFCPE' unit is dangling and will be cleaned.
W: Public-4008: Instance 'u_TSP_Core/u_TSP_Disp_Exu/Exu_muldiv_u0/Exu_divider/quotient[24][1]' of 'bmsWIDEDFFCPE' unit is dangling and will be cleaned.
W: Public-4008: Instance 'u_TSP_Core/u_TSP_Disp_Exu/Exu_muldiv_u0/Exu_divider/quotient[24][2]' of 'bmsWIDEDFFCPE' unit is dangling and will be cleaned.
W: Public-4008: Instance 'u_TSP_Core/u_TSP_Disp_Exu/Exu_muldiv_u0/Exu_divider/quotient[24][3]' of 'bmsWIDEDFFCPE' unit is dangling and will be cleaned.
W: Public-4008: Instance 'u_TSP_Core/u_TSP_Disp_Exu/Exu_muldiv_u0/Exu_divider/quotient[24][4]' of 'bmsWIDEDFFCPE' unit is dangling and will be cleaned.
W: Public-4008: Instance 'u_TSP_Core/u_TSP_Disp_Exu/Exu_muldiv_u0/Exu_divider/quotient[24][5]' of 'bmsWIDEDFFCPE' unit is dangling and will be cleaned.
W: Public-4008: Instance 'u_TSP_Core/u_TSP_Disp_Exu/Exu_muldiv_u0/Exu_divider/quotient[24][6]' of 'bmsWIDEDFFCPE' unit is dangling and will be cleaned.
W: Public-4008: Instance 'u_TSP_Core/u_TSP_Disp_Exu/Exu_muldiv_u0/Exu_divider/quotient[24][7]' of 'bmsWIDEDFFCPE' unit is dangling and will be cleaned.
W: Public-4008: Instance 'u_TSP_Core/u_TSP_Disp_Exu/Exu_muldiv_u0/Exu_divider/quotient[28][0]' of 'bmsWIDEDFFCPE' unit is dangling and will be cleaned.
W: Public-4008: Instance 'u_TSP_Core/u_TSP_Disp_Exu/Exu_muldiv_u0/Exu_divider/quotient[28][1]' of 'bmsWIDEDFFCPE' unit is dangling and will be cleaned.
W: Public-4008: Instance 'u_TSP_Core/u_TSP_Disp_Exu/Exu_muldiv_u0/Exu_divider/quotient[28][2]' of 'bmsWIDEDFFCPE' unit is dangling and will be cleaned.
W: Public-4008: Instance 'u_TSP_Core/u_TSP_Disp_Exu/Exu_muldiv_u0/Exu_divider/quotient[28][3]' of 'bmsWIDEDFFCPE' unit is dangling and will be cleaned.
W: Public-4008: Instance 'u_TSP_Core/u_TSP_Disp_Exu/Exu_muldiv_u0/Exu_multiplier/A[33]' of 'bmsWIDEDFFRSE' unit is dangling and will be cleaned.
W: Public-4008: Instance 'u_TSP_Core/u_TSP_Disp_Exu/Exu_muldiv_u0/Exu_multiplier/A[34]' of 'bmsWIDEDFFRSE' unit is dangling and will be cleaned.
W: Public-4008: Instance 'u_TSP_Core/u_TSP_Disp_Exu/Exu_muldiv_u0/Exu_multiplier/A[35]' of 'bmsWIDEDFFRSE' unit is dangling and will be cleaned.
W: Public-4008: Instance 'u_TSP_Core/u_ls_ctrl/m_axi_araddr[0]' of 'bmsWIDEDFFCPE' unit is dangling and will be cleaned.
W: Public-4008: Instance 'u_TSP_Core/u_ls_ctrl/m_axi_araddr[1]' of 'bmsWIDEDFFCPE' unit is dangling and will be cleaned.
W: Public-4008: Instance 'u_TSP_Core/u_ls_ctrl/m_axi_araddr[15]' of 'bmsWIDEDFFCPE' unit is dangling and will be cleaned.
W: Public-4008: Instance 'u_TSP_Core/u_ls_ctrl/m_axi_araddr[16]' of 'bmsWIDEDFFCPE' unit is dangling and will be cleaned.
W: Public-4008: Instance 'u_TSP_Core/u_ls_ctrl/m_axi_araddr[17]' of 'bmsWIDEDFFCPE' unit is dangling and will be cleaned.
W: Public-4008: Instance 'u_TSP_Core/u_ls_ctrl/m_axi_araddr[18]' of 'bmsWIDEDFFCPE' unit is dangling and will be cleaned.
W: Public-4008: Instance 'u_TSP_Core/u_ls_ctrl/m_axi_araddr[19]' of 'bmsWIDEDFFCPE' unit is dangling and will be cleaned.
W: Public-4008: Instance 'u_TSP_Core/u_ls_ctrl/m_axi_araddr[20]' of 'bmsWIDEDFFCPE' unit is dangling and will be cleaned.
W: Public-4008: Instance 'u_TSP_Core/u_ls_ctrl/m_axi_araddr[21]' of 'bmsWIDEDFFCPE' unit is dangling and will be cleaned.
W: Public-4008: Instance 'u_TSP_Core/u_ls_ctrl/m_axi_araddr[22]' of 'bmsWIDEDFFCPE' unit is dangling and will be cleaned.
W: Public-4008: Instance 'u_TSP_Core/u_ls_ctrl/m_axi_araddr[23]' of 'bmsWIDEDFFCPE' unit is dangling and will be cleaned.
W: Public-4008: Instance 'u_TSP_Core/u_ls_ctrl/m_axi_araddr[24]' of 'bmsWIDEDFFCPE' unit is dangling and will be cleaned.
W: Public-4008: Instance 'u_TSP_Core/u_ls_ctrl/m_axi_araddr[25]' of 'bmsWIDEDFFCPE' unit is dangling and will be cleaned.
W: Public-4008: Instance 'u_TSP_Core/u_ls_ctrl/m_axi_araddr[26]' of 'bmsWIDEDFFCPE' unit is dangling and will be cleaned.
W: Public-4008: Instance 'u_TSP_Core/u_ls_ctrl/m_axi_araddr[27]' of 'bmsWIDEDFFCPE' unit is dangling and will be cleaned.
I: Removed GTP_DFF_PE inst u_TSP_Core/u_TSP_Ifu/inst_buffer_r[1] that is redundant to u_TSP_Core/u_TSP_Ifu/inst_buffer_r[0]
Executing : tech-mapping phase 1 successfully. Time elapsed: 0.262s wall, 0.250s user + 0.000s system = 0.250s CPU (95.4%)

Start tech-mapping phase 2.
Executing : tech-mapping phase 2 successfully. Time elapsed: 3.962s wall, 4.156s user + 0.578s system = 4.734s CPU (119.5%)

Start tech-optimization.
Executing : tech-optimization successfully. Time elapsed: 0.349s wall, 0.484s user + 0.234s system = 0.719s CPU (206.1%)

Start phys-optimization.
Executing : phys-optimization successfully. Time elapsed: 0.000s wall, 0.000s user + 0.000s system = 0.000s CPU (n/a%)

Start restore-hierarchy.
Executing : restore-hierarchy successfully. Time elapsed: 0.533s wall, 0.531s user + 0.000s system = 0.531s CPU (99.7%)

W: syn_maxfan of lutcarry N12.eq_2 is more than 10000 on net N12, but wasn't replicated.
W: syn_maxfan of lutcarry N6.eq_2 is more than 10000 on net N6, but wasn't replicated.
W: syn_maxfan of lutcarry N12.eq_2 is more than 10000 on net N12, but wasn't replicated.
W: syn_maxfan of lutcarry N6.eq_2 is more than 10000 on net N6, but wasn't replicated.

Cell Usage:
GTP_DFF                       3 uses
GTP_DFF_C                   465 uses
GTP_DFF_CE                 1535 uses
GTP_DFF_E                    76 uses
GTP_DFF_PE                    5 uses
GTP_DFF_RE                  167 uses
GTP_DFF_S                     1 use
GTP_DFF_SE                    1 use
GTP_DRM18K                   47 uses
GTP_GRS                       1 use
GTP_INV                       1 use
GTP_LUT1                      1 use
GTP_LUT2                     98 uses
GTP_LUT3                    413 uses
GTP_LUT4                    153 uses
GTP_LUT5                    756 uses
GTP_LUT5CARRY              1373 uses
GTP_LUT5M                   861 uses
GTP_MUX2LUT6                321 uses
GTP_MUX2LUT7                128 uses
GTP_MUX2LUT8                 64 uses
GTP_PLL_E3                    1 use
GTP_ROM32X1                   4 uses
GTP_ROM64X1                   2 uses

I/O ports: 50
GTP_INBUF                   8 uses
GTP_OUTBUF                 10 uses
GTP_OUTBUFT                32 uses

Mapping Summary:
Total LUTs: 3663 of 42800 (8.56%)
	LUTs as dram: 0 of 17000 (0.00%)
	LUTs as logic: 3663
Total Registers: 2253 of 64200 (3.51%)
Total Latches: 0

DRM18K:
Total DRM18K = 47.0 of 134 (35.07%)

APMs:
Total APMs = 0.00 of 84 (0.00%)

Total I/O ports = 50 of 218 (22.94%)


Overview of Control Sets:

Number of unique control sets : 66

Histogram:
**************************************************************
  Fanout      | Count    | Sync Set/Reset    Async Set/Reset
--------------------------------------------------------------
  [0, 2)      | 3        | 1                 2
  [2, 4)      | 1        | 1                 0
  [4, 6)      | 6        | 2                 4
  [6, 8)      | 3        | 0                 3
  [8, 10)     | 4        | 3                 1
  [10, 12)    | 1        | 0                 1
  [12, 14)    | 0        | 0                 0
  [14, 16)    | 0        | 0                 0
  [16, Inf)   | 48       | 5                 43
--------------------------------------------------------------
  The maximum fanout: 465
==============================================================

Flip-Flop Distribution:
************************************************************************
  Clock Enable    Sync Set/Reset    Async Set/Reset    Total Registers
------------------------------------------------------------------------
  NO              NO                NO                 3
  NO              NO                YES                465
  NO              YES               NO                 1
  YES             NO                NO                 76
  YES             NO                YES                1540
  YES             YES               NO                 168
========================================================================

Latch Distribution:
************************************************
  Gate Enable    Preset/Clear    Total Latches
************************************************
  NO             NO              0
  NO             YES             0
  YES            NO              0
  YES            YES             0
************************************************

Design 'SoC_Top' has been successfully synthesized to architecture-specific objects.
Saving design to DB.
Saving design to SoC_Top_syn.vm
Constructing timing graph ...
Timing graph has been constructed successfully
C: STA-3001: Combinational loops are found in the netlist, following timing arcs are set to false path.
    u_TSP_Core/u_TSP_Disp_Exu/Exu_muldiv_u0/Exu_divider/N21/Z --> u_TSP_Core/u_TSP_Disp_Exu/Exu_muldiv_u0/Exu_divider/N958_1_1/I2
    u_TSP_Core/u_TSP_Wb_arbiter/N5_21[31]/Z --> u_TSP_Core/u_TSP_Wb_arbiter/N5_22[31]/I4
    u_TSP_Core/u_TSP_Disp_Exu/Exu_muldiv_u0/Exu_divider/N966_10[30]/Z --> u_TSP_Core/u_TSP_Wb_arbiter/N5_21[30]/I2
    u_TSP_Core/u_TSP_Disp_Exu/Exu_muldiv_u0/Exu_divider/N958_1_1/COUT --> u_TSP_Core/u_TSP_Disp_Exu/Exu_muldiv_u0/Exu_divider/N958_1_2/CIN
    u_TSP_Core/u_TSP_Wb_arbiter/N5_21[1]/Z --> u_TSP_Core/u_TSP_Wb_arbiter/N5_22[1]/I4
    u_TSP_Core/u_TSP_Disp_Exu/Exu_muldiv_u0/Exu_divider/N999_32/Z --> u_TSP_Core/u_TSP_Disp_Exu/Exu_muldiv_u0/Exu_divider/N23/I2
    u_TSP_Core/u_TSP_Disp_Exu/Exu_muldiv_u0/Exu_divider/N958_1_2/COUT --> u_TSP_Core/u_TSP_Disp_Exu/Exu_muldiv_u0/Exu_divider/N958_1_3/CIN
    u_TSP_Core/u_TSP_Wb_arbiter/N5_21[2]/Z --> u_TSP_Core/u_TSP_Wb_arbiter/N5_22[2]/I4
    u_TSP_Core/u_TSP_Disp_Exu/Exu_muldiv_u0/Exu_divider/N958_1_3/COUT --> u_TSP_Core/u_TSP_Disp_Exu/Exu_muldiv_u0/Exu_divider/N958_1_4/CIN
    u_TSP_Core/u_TSP_Wb_arbiter/N5_21[3]/Z --> u_TSP_Core/u_TSP_Wb_arbiter/N5_22[3]/I4
    u_TSP_Core/u_TSP_Disp_Exu/Exu_muldiv_u0/Exu_divider/N958_1_4/COUT --> u_TSP_Core/u_TSP_Disp_Exu/Exu_muldiv_u0/Exu_divider/N958_1_5/CIN
    u_TSP_Core/u_TSP_Wb_arbiter/N5_21[4]/Z --> u_TSP_Core/u_TSP_Wb_arbiter/N5_22[4]/I4
    u_TSP_Core/u_TSP_Disp_Exu/Exu_muldiv_u0/Exu_divider/N958_1_5/COUT --> u_TSP_Core/u_TSP_Disp_Exu/Exu_muldiv_u0/Exu_divider/N958_1_6/CIN
    u_TSP_Core/u_TSP_Wb_arbiter/N5_21[5]/Z --> u_TSP_Core/u_TSP_Wb_arbiter/N5_22[5]/I4
    u_TSP_Core/u_TSP_Disp_Exu/Exu_muldiv_u0/Exu_divider/N958_1_6/COUT --> u_TSP_Core/u_TSP_Disp_Exu/Exu_muldiv_u0/Exu_divider/N958_1_7/CIN
    u_TSP_Core/u_TSP_Wb_arbiter/N5_21[6]/Z --> u_TSP_Core/u_TSP_Wb_arbiter/N5_22[6]/I4
    u_TSP_Core/u_TSP_Disp_Exu/Exu_muldiv_u0/Exu_divider/N958_1_7/COUT --> u_TSP_Core/u_TSP_Disp_Exu/Exu_muldiv_u0/Exu_divider/N958_1_8/CIN
    u_TSP_Core/u_TSP_Wb_arbiter/N5_21[7]/Z --> u_TSP_Core/u_TSP_Wb_arbiter/N5_22[7]/I4
    u_TSP_Core/u_TSP_Disp_Exu/Exu_muldiv_u0/Exu_divider/N958_1_8/COUT --> u_TSP_Core/u_TSP_Disp_Exu/Exu_muldiv_u0/Exu_divider/N958_1_9/CIN
    u_TSP_Core/u_TSP_Wb_arbiter/N5_21[8]/Z --> u_TSP_Core/u_TSP_Wb_arbiter/N5_22[8]/I4
    u_TSP_Core/u_TSP_Disp_Exu/Exu_muldiv_u0/Exu_divider/N958_1_9/COUT --> u_TSP_Core/u_TSP_Disp_Exu/Exu_muldiv_u0/Exu_divider/N958_1_10/CIN
    u_TSP_Core/u_TSP_Wb_arbiter/N5_21[9]/Z --> u_TSP_Core/u_TSP_Wb_arbiter/N5_22[9]/I4
    u_TSP_Core/u_TSP_Disp_Exu/Exu_muldiv_u0/Exu_divider/N958_1_10/COUT --> u_TSP_Core/u_TSP_Disp_Exu/Exu_muldiv_u0/Exu_divider/N958_1_11/CIN
    u_TSP_Core/u_TSP_Wb_arbiter/N5_21[10]/Z --> u_TSP_Core/u_TSP_Wb_arbiter/N5_22[10]/I4
    u_TSP_Core/u_TSP_Disp_Exu/Exu_muldiv_u0/Exu_divider/N958_1_11/COUT --> u_TSP_Core/u_TSP_Disp_Exu/Exu_muldiv_u0/Exu_divider/N958_1_12/CIN
    u_TSP_Core/u_TSP_Wb_arbiter/N5_21[11]/Z --> u_TSP_Core/u_TSP_Wb_arbiter/N5_22[11]/I4
    u_TSP_Core/u_TSP_Disp_Exu/Exu_muldiv_u0/Exu_divider/N999_32/Z --> u_TSP_Core/u_TSP_Disp_Exu/Exu_muldiv_u0/Exu_divider/N23/I2
    u_TSP_Core/u_TSP_Disp_Exu/Exu_muldiv_u0/Exu_divider/N958_1_12/COUT --> u_TSP_Core/u_TSP_Disp_Exu/Exu_muldiv_u0/Exu_divider/N958_1_13/CIN
    u_TSP_Core/u_TSP_Wb_arbiter/N5_21[12]/Z --> u_TSP_Core/u_TSP_Wb_arbiter/N5_22[12]/I4
    u_TSP_Core/u_TSP_Disp_Exu/Exu_muldiv_u0/Exu_divider/N958_1_13/COUT --> u_TSP_Core/u_TSP_Disp_Exu/Exu_muldiv_u0/Exu_divider/N958_1_14/CIN
    u_TSP_Core/u_TSP_Wb_arbiter/N5_21[13]/Z --> u_TSP_Core/u_TSP_Wb_arbiter/N5_22[13]/I4
    u_TSP_Core/u_TSP_Disp_Exu/Exu_muldiv_u0/Exu_divider/N958_1_14/COUT --> u_TSP_Core/u_TSP_Disp_Exu/Exu_muldiv_u0/Exu_divider/N958_1_15/CIN
    u_TSP_Core/u_TSP_Wb_arbiter/N5_21[14]/Z --> u_TSP_Core/u_TSP_Wb_arbiter/N5_22[14]/I4
    u_TSP_Core/u_TSP_Disp_Exu/Exu_muldiv_u0/Exu_divider/N958_1_15/COUT --> u_TSP_Core/u_TSP_Disp_Exu/Exu_muldiv_u0/Exu_divider/N958_1_16/CIN
    u_TSP_Core/u_TSP_Wb_arbiter/N5_21[15]/Z --> u_TSP_Core/u_TSP_Wb_arbiter/N5_22[15]/I4
    u_TSP_Core/u_TSP_Disp_Exu/Exu_muldiv_u0/Exu_divider/N958_1_16/COUT --> u_TSP_Core/u_TSP_Disp_Exu/Exu_muldiv_u0/Exu_divider/N958_1_17/CIN
    u_TSP_Core/u_TSP_Wb_arbiter/N5_21[16]/Z --> u_TSP_Core/u_TSP_Wb_arbiter/N5_22[16]/I4
    u_TSP_Core/u_TSP_Disp_Exu/Exu_muldiv_u0/Exu_divider/N999_32/Z --> u_TSP_Core/u_TSP_Disp_Exu/Exu_muldiv_u0/Exu_divider/N23/I2
    u_TSP_Core/u_TSP_Disp_Exu/Exu_muldiv_u0/Exu_divider/N958_1_17/COUT --> u_TSP_Core/u_TSP_Disp_Exu/Exu_muldiv_u0/Exu_divider/N958_1_18/CIN
    u_TSP_Core/u_TSP_Wb_arbiter/N5_21[17]/Z --> u_TSP_Core/u_TSP_Wb_arbiter/N5_22[17]/I4
    u_TSP_Core/u_TSP_Disp_Exu/Exu_muldiv_u0/Exu_divider/N958_1_18/COUT --> u_TSP_Core/u_TSP_Disp_Exu/Exu_muldiv_u0/Exu_divider/N958_1_19/CIN
    u_TSP_Core/u_TSP_Wb_arbiter/N5_21[18]/Z --> u_TSP_Core/u_TSP_Wb_arbiter/N5_22[18]/I4
    u_TSP_Core/u_TSP_Disp_Exu/Exu_muldiv_u0/Exu_divider/N958_1_19/COUT --> u_TSP_Core/u_TSP_Disp_Exu/Exu_muldiv_u0/Exu_divider/N958_1_20/CIN
    u_TSP_Core/u_TSP_Wb_arbiter/N5_21[19]/Z --> u_TSP_Core/u_TSP_Wb_arbiter/N5_22[19]/I4
    u_TSP_Core/u_TSP_Disp_Exu/Exu_muldiv_u0/Exu_divider/N958_1_20/COUT --> u_TSP_Core/u_TSP_Disp_Exu/Exu_muldiv_u0/Exu_divider/N958_1_21/CIN
    u_TSP_Core/u_TSP_Wb_arbiter/N5_21[20]/Z --> u_TSP_Core/u_TSP_Wb_arbiter/N5_22[20]/I4
    u_TSP_Core/u_TSP_Disp_Exu/Exu_muldiv_u0/Exu_divider/N958_1_21/COUT --> u_TSP_Core/u_TSP_Disp_Exu/Exu_muldiv_u0/Exu_divider/N958_1_22/CIN
    u_TSP_Core/u_TSP_Wb_arbiter/N5_21[21]/Z --> u_TSP_Core/u_TSP_Wb_arbiter/N5_22[21]/I4
    u_TSP_Core/u_TSP_Disp_Exu/Exu_muldiv_u0/Exu_divider/N999_32/Z --> u_TSP_Core/u_TSP_Disp_Exu/Exu_muldiv_u0/Exu_divider/N23/I2
    u_TSP_Core/u_TSP_Disp_Exu/Exu_muldiv_u0/Exu_divider/N958_1_22/COUT --> u_TSP_Core/u_TSP_Disp_Exu/Exu_muldiv_u0/Exu_divider/N958_1_23/CIN
    u_TSP_Core/u_TSP_Wb_arbiter/N5_21[22]/Z --> u_TSP_Core/u_TSP_Wb_arbiter/N5_22[22]/I4
    u_TSP_Core/u_TSP_Disp_Exu/Exu_muldiv_u0/Exu_divider/N958_1_23/COUT --> u_TSP_Core/u_TSP_Disp_Exu/Exu_muldiv_u0/Exu_divider/N958_1_24/CIN
    u_TSP_Core/u_TSP_Wb_arbiter/N5_21[23]/Z --> u_TSP_Core/u_TSP_Wb_arbiter/N5_22[23]/I4
    u_TSP_Core/u_TSP_Disp_Exu/Exu_muldiv_u0/Exu_divider/N958_1_24/COUT --> u_TSP_Core/u_TSP_Disp_Exu/Exu_muldiv_u0/Exu_divider/N958_1_25/CIN
    u_TSP_Core/u_TSP_Wb_arbiter/N5_21[24]/Z --> u_TSP_Core/u_TSP_Wb_arbiter/N5_22[24]/I4
    u_TSP_Core/u_TSP_Disp_Exu/Exu_muldiv_u0/Exu_divider/N958_1_25/COUT --> u_TSP_Core/u_TSP_Disp_Exu/Exu_muldiv_u0/Exu_divider/N958_1_26/CIN
    u_TSP_Core/u_TSP_Wb_arbiter/N5_21[25]/Z --> u_TSP_Core/u_TSP_Wb_arbiter/N5_22[25]/I4
    u_TSP_Core/u_TSP_Disp_Exu/Exu_muldiv_u0/Exu_divider/N958_1_26/COUT --> u_TSP_Core/u_TSP_Disp_Exu/Exu_muldiv_u0/Exu_divider/N958_1_27/CIN
    u_TSP_Core/u_TSP_Wb_arbiter/N5_21[26]/Z --> u_TSP_Core/u_TSP_Wb_arbiter/N5_22[26]/I4
    u_TSP_Core/u_TSP_Disp_Exu/Exu_muldiv_u0/Exu_divider/N999_24/Z --> u_TSP_Core/u_TSP_Disp_Exu/Exu_muldiv_u0/Exu_divider/N999_32/I3
    u_TSP_Core/u_TSP_Disp_Exu/Exu_muldiv_u0/Exu_divider/N958_1_27/COUT --> u_TSP_Core/u_TSP_Disp_Exu/Exu_muldiv_u0/Exu_divider/N958_1_28/CIN
    u_TSP_Core/u_TSP_Wb_arbiter/N5_21[27]/Z --> u_TSP_Core/u_TSP_Wb_arbiter/N5_22[27]/I4
    u_TSP_Core/u_TSP_Disp_Exu/Exu_muldiv_u0/Exu_divider/N999_24/Z --> u_TSP_Core/u_TSP_Disp_Exu/Exu_muldiv_u0/Exu_divider/N999_32/I3
    u_TSP_Core/u_TSP_Disp_Exu/Exu_muldiv_u0/Exu_divider/N958_1_28/COUT --> u_TSP_Core/u_TSP_Disp_Exu/Exu_muldiv_u0/Exu_divider/N958_1_29/CIN
    u_TSP_Core/u_TSP_Wb_arbiter/N5_21[28]/Z --> u_TSP_Core/u_TSP_Wb_arbiter/N5_22[28]/I4
    u_TSP_Core/u_TSP_Disp_Exu/Exu_muldiv_u0/Exu_divider/N999_24/Z --> u_TSP_Core/u_TSP_Disp_Exu/Exu_muldiv_u0/Exu_divider/N999_32/I3
    u_TSP_Core/u_TSP_Disp_Exu/Exu_muldiv_u0/Exu_divider/N958_1_29/COUT --> u_TSP_Core/u_TSP_Disp_Exu/Exu_muldiv_u0/Exu_divider/N958_1_30/CIN
    u_TSP_Core/u_TSP_Wb_arbiter/N5_21[29]/Z --> u_TSP_Core/u_TSP_Wb_arbiter/N5_22[29]/I4
    u_TSP_Core/u_TSP_Disp_Exu/Exu_muldiv_u0/Exu_divider/N999_24/Z --> u_TSP_Core/u_TSP_Disp_Exu/Exu_muldiv_u0/Exu_divider/N999_32/I3
    u_TSP_Core/u_TSP_Disp_Exu/Exu_muldiv_u0/Exu_divider/N958_1_30/COUT --> u_TSP_Core/u_TSP_Disp_Exu/Exu_muldiv_u0/Exu_divider/N958_1_31/CIN
    u_TSP_Core/u_TSP_Wb_arbiter/N5_21[30]/Z --> u_TSP_Core/u_TSP_Wb_arbiter/N5_22[30]/I4
    u_TSP_Core/u_TSP_Disp_Exu/Exu_muldiv_u0/Exu_divider/N958_1_31/Z --> u_TSP_Core/u_TSP_Wb_arbiter/N5_21[31]/I4
    u_TSP_Core/u_TSP_Disp_Exu/Exu_muldiv_u0/Exu_divider/N966_10[30]/Z --> u_TSP_Core/u_TSP_Wb_arbiter/N5_21[30]/I2
    u_TSP_Core/u_TSP_Wb_arbiter/N5_20[0]/Z --> u_TSP_Core/u_TSP_Wb_arbiter/N5_21[0]/I1
W: Timing-4087: Port 'ext_axi_if_arready' is not constrained, it is treated as combinational output.
W: Timing-4087: Port 'ext_axi_if_awready' is not constrained, it is treated as combinational output.
W: Timing-4087: Port 'ext_axi_if_bresp[0]' is not constrained, it is treated as combinational output.
W: Timing-4087: Port 'ext_axi_if_bresp[1]' is not constrained, it is treated as combinational output.
W: Timing-4087: Port 'ext_axi_if_bvalid' is not constrained, it is treated as combinational output.
W: Timing-4087: Port 'ext_axi_if_rdata[0]' is not constrained, it is treated as combinational output.
W: Timing-4087: Port 'ext_axi_if_rdata[1]' is not constrained, it is treated as combinational output.
W: Timing-4087: Port 'ext_axi_if_rdata[2]' is not constrained, it is treated as combinational output.
W: Timing-4087: Port 'ext_axi_if_rdata[3]' is not constrained, it is treated as combinational output.
W: Timing-4087: Port 'ext_axi_if_rdata[4]' is not constrained, it is treated as combinational output.
W: Timing-4087: Port 'ext_axi_if_rdata[5]' is not constrained, it is treated as combinational output.
W: Timing-4087: Port 'ext_axi_if_rdata[6]' is not constrained, it is treated as combinational output.
W: Timing-4087: Port 'ext_axi_if_rdata[7]' is not constrained, it is treated as combinational output.
W: Timing-4087: Port 'ext_axi_if_rdata[8]' is not constrained, it is treated as combinational output.
W: Timing-4087: Port 'ext_axi_if_rdata[9]' is not constrained, it is treated as combinational output.
W: Timing-4087: Port 'ext_axi_if_rdata[10]' is not constrained, it is treated as combinational output.
W: Timing-4087: Port 'ext_axi_if_rdata[11]' is not constrained, it is treated as combinational output.
W: Timing-4087: Port 'ext_axi_if_rdata[12]' is not constrained, it is treated as combinational output.
W: Timing-4087: Port 'ext_axi_if_rdata[13]' is not constrained, it is treated as combinational output.
W: Timing-4087: Port 'ext_axi_if_rdata[14]' is not constrained, it is treated as combinational output.
W: Timing-4087: Port 'ext_axi_if_rdata[15]' is not constrained, it is treated as combinational output.
W: Timing-4087: Port 'ext_axi_if_rdata[16]' is not constrained, it is treated as combinational output.
W: Timing-4087: Port 'ext_axi_if_rdata[17]' is not constrained, it is treated as combinational output.
W: Timing-4087: Port 'ext_axi_if_rdata[18]' is not constrained, it is treated as combinational output.
W: Timing-4087: Port 'ext_axi_if_rdata[19]' is not constrained, it is treated as combinational output.
W: Timing-4087: Port 'ext_axi_if_rdata[20]' is not constrained, it is treated as combinational output.
W: Timing-4087: Port 'ext_axi_if_rdata[21]' is not constrained, it is treated as combinational output.
W: Timing-4087: Port 'ext_axi_if_rdata[22]' is not constrained, it is treated as combinational output.
W: Timing-4087: Port 'ext_axi_if_rdata[23]' is not constrained, it is treated as combinational output.
W: Timing-4087: Port 'ext_axi_if_rdata[24]' is not constrained, it is treated as combinational output.
W: Timing-4087: Port 'ext_axi_if_rdata[25]' is not constrained, it is treated as combinational output.
W: Timing-4087: Port 'ext_axi_if_rdata[26]' is not constrained, it is treated as combinational output.
W: Timing-4087: Port 'ext_axi_if_rdata[27]' is not constrained, it is treated as combinational output.
W: Timing-4087: Port 'ext_axi_if_rdata[28]' is not constrained, it is treated as combinational output.
W: Timing-4087: Port 'ext_axi_if_rdata[29]' is not constrained, it is treated as combinational output.
W: Timing-4087: Port 'ext_axi_if_rdata[30]' is not constrained, it is treated as combinational output.
W: Timing-4087: Port 'ext_axi_if_rdata[31]' is not constrained, it is treated as combinational output.
W: Timing-4087: Port 'ext_axi_if_rresp[0]' is not constrained, it is treated as combinational output.
W: Timing-4087: Port 'ext_axi_if_rresp[1]' is not constrained, it is treated as combinational output.
W: Timing-4087: Port 'ext_axi_if_rvalid' is not constrained, it is treated as combinational output.
W: Timing-4087: Port 'ext_axi_if_wready' is not constrained, it is treated as combinational output.
W: Timing-4087: Port 'uart_tx' is not constrained, it is treated as combinational output.
W: Timing-4086: Port 'ext_axi_if_arvalid' is not constrained, it is treated as combinational input.
W: Timing-4086: Port 'ext_axi_if_awvalid' is not constrained, it is treated as combinational input.
W: Timing-4086: Port 'ext_axi_if_bready' is not constrained, it is treated as combinational input.
W: Timing-4086: Port 'ext_axi_if_rready' is not constrained, it is treated as combinational input.
W: Timing-4086: Port 'ext_axi_if_wvalid' is not constrained, it is treated as combinational input.
W: Timing-4086: Port 'rst_n' is not constrained, it is treated as combinational input.
W: Timing-4086: Port 'uart_rx' is not constrained, it is treated as combinational input.
Action synthesize: Real time elapsed is 0h:0m:17s
Action synthesize: CPU time elapsed is 0h:0m:15s
Action synthesize: Process CPU time elapsed is 0h:0m:15s
Current time: Thu Mar 12 13:17:12 2026
Action synthesize: Peak memory pool usage is 384 MB
