#Build: Fabric Compiler 2022.2-SP6.4, Build 146967, Jan 31 01:39 2024
#Install: E:\pango\PDS_2022.2-SP6.4\bin
#Application name: pds_shell.exe
#OS: Windows 10 10.0.26200
#Hostname: LAPTOP-E3CFACBD
Generated by Fabric Compiler (version 2022.2-SP6.4 build 146967) at Wed Mar 25 13:38:50 2026
License checkout: fabric_ads from C:\Users\lhx\Downloads\new_pds_cc1531929604.lic
Compiling verification operator library.
Loading technology operator library.
Compiling technology operator library.
Compiling technology operator (valence) library.
I: Enable Verilog2k features and keywords
Start rtl-analyze.
Executing : .rtl_analyze -work work -include_path {E:/FPGA/TSP_RVmaster/FPGA/pango_cpu} E:/FPGA/TSP_RVmaster/FPGA/pango_cpu/source/core/core.v
I: Verilog-0001: Analyzing file E:/FPGA/TSP_RVmaster/FPGA/pango_cpu/source/core/core.v
I: Found Verilog include file E:/FPGA/TSP_RVmaster/FPGA/pango_cpu/source/core/defines.v
I: Verilog-0002: [E:/FPGA/TSP_RVmaster/FPGA/pango_cpu/source/core/core.v(line number: 3)] Analyzing module TSP_Core (library work)
Parsing done.
Executing : .rtl_analyze -work work -include_path {E:/FPGA/TSP_RVmaster/FPGA/pango_cpu} E:/FPGA/TSP_RVmaster/FPGA/pango_cpu/source/core/core.v successfully.
W: Public-4030: File 'E:/FPGA/TSP_RVmaster/FPGA/pango_cpu/source/core/defines.v' has been added. It is skipped.
Executing : .rtl_analyze -work work -include_path {E:/FPGA/TSP_RVmaster/FPGA/pango_cpu} E:/FPGA/TSP_RVmaster/FPGA/pango_cpu/source/core/defines.v
I: Verilog-0001: Analyzing file E:/FPGA/TSP_RVmaster/FPGA/pango_cpu/source/core/defines.v
Parsing done.
Executing : .rtl_analyze -work work -include_path {E:/FPGA/TSP_RVmaster/FPGA/pango_cpu} E:/FPGA/TSP_RVmaster/FPGA/pango_cpu/source/core/defines.v successfully.
Executing : .rtl_analyze -work work -include_path {E:/FPGA/TSP_RVmaster/FPGA/pango_cpu} E:/FPGA/TSP_RVmaster/FPGA/pango_cpu/source/core/dff.v
I: Verilog-0001: Analyzing file E:/FPGA/TSP_RVmaster/FPGA/pango_cpu/source/core/dff.v
I: Found Verilog include file E:/FPGA/TSP_RVmaster/FPGA/pango_cpu/source/core/defines.v
W: Public-4030: File 'E:/FPGA/TSP_RVmaster/FPGA/pango_cpu/source/core/defines.v' has been added. It is skipped.
I: Verilog-0002: [E:/FPGA/TSP_RVmaster/FPGA/pango_cpu/source/core/dff.v(line number: 4)] Analyzing module REGs_WLWR (library work)
I: Verilog-0002: [E:/FPGA/TSP_RVmaster/FPGA/pango_cpu/source/core/dff.v(line number: 25)] Analyzing module REGs_WLNR (library work)
I: Verilog-0002: [E:/FPGA/TSP_RVmaster/FPGA/pango_cpu/source/core/dff.v(line number: 42)] Analyzing module REGs_NLWR (library work)
I: Verilog-0002: [E:/FPGA/TSP_RVmaster/FPGA/pango_cpu/source/core/dff.v(line number: 62)] Analyzing module REGs_NLNR (library work)
Parsing done.
Executing : .rtl_analyze -work work -include_path {E:/FPGA/TSP_RVmaster/FPGA/pango_cpu} E:/FPGA/TSP_RVmaster/FPGA/pango_cpu/source/core/dff.v successfully.
Executing : .rtl_analyze -work work -include_path {E:/FPGA/TSP_RVmaster/FPGA/pango_cpu} E:/FPGA/TSP_RVmaster/FPGA/pango_cpu/source/core/disp_exu.v
I: Verilog-0001: Analyzing file E:/FPGA/TSP_RVmaster/FPGA/pango_cpu/source/core/disp_exu.v
I: Found Verilog include file E:/FPGA/TSP_RVmaster/FPGA/pango_cpu/source/core/defines.v
W: Public-4030: File 'E:/FPGA/TSP_RVmaster/FPGA/pango_cpu/source/core/defines.v' has been added. It is skipped.
I: Verilog-0002: [E:/FPGA/TSP_RVmaster/FPGA/pango_cpu/source/core/disp_exu.v(line number: 3)] Analyzing module TSP_Disp_Exu (library work)
Parsing done.
Executing : .rtl_analyze -work work -include_path {E:/FPGA/TSP_RVmaster/FPGA/pango_cpu} E:/FPGA/TSP_RVmaster/FPGA/pango_cpu/source/core/disp_exu.v successfully.
Executing : .rtl_analyze -work work -include_path {E:/FPGA/TSP_RVmaster/FPGA/pango_cpu} E:/FPGA/TSP_RVmaster/FPGA/pango_cpu/source/core/exu_bjp.v
I: Verilog-0001: Analyzing file E:/FPGA/TSP_RVmaster/FPGA/pango_cpu/source/core/exu_bjp.v
I: Found Verilog include file E:/FPGA/TSP_RVmaster/FPGA/pango_cpu/source/core/defines.v
W: Public-4030: File 'E:/FPGA/TSP_RVmaster/FPGA/pango_cpu/source/core/defines.v' has been added. It is skipped.
I: Verilog-0002: [E:/FPGA/TSP_RVmaster/FPGA/pango_cpu/source/core/exu_bjp.v(line number: 3)] Analyzing module Exu_bjp (library work)
Parsing done.
Executing : .rtl_analyze -work work -include_path {E:/FPGA/TSP_RVmaster/FPGA/pango_cpu} E:/FPGA/TSP_RVmaster/FPGA/pango_cpu/source/core/exu_bjp.v successfully.
Executing : .rtl_analyze -work work -include_path {E:/FPGA/TSP_RVmaster/FPGA/pango_cpu} E:/FPGA/TSP_RVmaster/FPGA/pango_cpu/source/core/exu_common.v
I: Verilog-0001: Analyzing file E:/FPGA/TSP_RVmaster/FPGA/pango_cpu/source/core/exu_common.v
I: Found Verilog include file E:/FPGA/TSP_RVmaster/FPGA/pango_cpu/source/core/defines.v
W: Public-4030: File 'E:/FPGA/TSP_RVmaster/FPGA/pango_cpu/source/core/defines.v' has been added. It is skipped.
I: Verilog-0002: [E:/FPGA/TSP_RVmaster/FPGA/pango_cpu/source/core/exu_common.v(line number: 3)] Analyzing module TSP_Exu_common (library work)
Parsing done.
Executing : .rtl_analyze -work work -include_path {E:/FPGA/TSP_RVmaster/FPGA/pango_cpu} E:/FPGA/TSP_RVmaster/FPGA/pango_cpu/source/core/exu_common.v successfully.
Executing : .rtl_analyze -work work -include_path {E:/FPGA/TSP_RVmaster/FPGA/pango_cpu} E:/FPGA/TSP_RVmaster/FPGA/pango_cpu/source/core/exu_ls.v
I: Verilog-0001: Analyzing file E:/FPGA/TSP_RVmaster/FPGA/pango_cpu/source/core/exu_ls.v
I: Found Verilog include file E:/FPGA/TSP_RVmaster/FPGA/pango_cpu/source/core/defines.v
W: Public-4030: File 'E:/FPGA/TSP_RVmaster/FPGA/pango_cpu/source/core/defines.v' has been added. It is skipped.
I: Verilog-0002: [E:/FPGA/TSP_RVmaster/FPGA/pango_cpu/source/core/exu_ls.v(line number: 3)] Analyzing module TSP_Exu_ls (library work)
Parsing done.
Executing : .rtl_analyze -work work -include_path {E:/FPGA/TSP_RVmaster/FPGA/pango_cpu} E:/FPGA/TSP_RVmaster/FPGA/pango_cpu/source/core/exu_ls.v successfully.
Executing : .rtl_analyze -work work -include_path {E:/FPGA/TSP_RVmaster/FPGA/pango_cpu} E:/FPGA/TSP_RVmaster/FPGA/pango_cpu/source/core/exu_muldiv.v
I: Verilog-0001: Analyzing file E:/FPGA/TSP_RVmaster/FPGA/pango_cpu/source/core/exu_muldiv.v
I: Found Verilog include file E:/FPGA/TSP_RVmaster/FPGA/pango_cpu/source/core/defines.v
W: Public-4030: File 'E:/FPGA/TSP_RVmaster/FPGA/pango_cpu/source/core/defines.v' has been added. It is skipped.
I: Verilog-0002: [E:/FPGA/TSP_RVmaster/FPGA/pango_cpu/source/core/exu_muldiv.v(line number: 3)] Analyzing module TSP_Exu_muldiv (library work)
I: Verilog-0002: [E:/FPGA/TSP_RVmaster/FPGA/pango_cpu/source/core/exu_muldiv.v(line number: 159)] Analyzing module Booth_Multiplier_4xB (library work)
I: Verilog-0002: [E:/FPGA/TSP_RVmaster/FPGA/pango_cpu/source/core/exu_muldiv.v(line number: 573)] Analyzing module divfunc (library work)
Parsing done.
Executing : .rtl_analyze -work work -include_path {E:/FPGA/TSP_RVmaster/FPGA/pango_cpu} E:/FPGA/TSP_RVmaster/FPGA/pango_cpu/source/core/exu_muldiv.v successfully.
Executing : .rtl_analyze -work work -include_path {E:/FPGA/TSP_RVmaster/FPGA/pango_cpu} E:/FPGA/TSP_RVmaster/FPGA/pango_cpu/source/core/idec.v
I: Verilog-0001: Analyzing file E:/FPGA/TSP_RVmaster/FPGA/pango_cpu/source/core/idec.v
I: Found Verilog include file E:/FPGA/TSP_RVmaster/FPGA/pango_cpu/source/core/defines.v
W: Public-4030: File 'E:/FPGA/TSP_RVmaster/FPGA/pango_cpu/source/core/defines.v' has been added. It is skipped.
I: Verilog-0002: [E:/FPGA/TSP_RVmaster/FPGA/pango_cpu/source/core/idec.v(line number: 6)] Analyzing module TSP_Idec (library work)
Parsing done.
Executing : .rtl_analyze -work work -include_path {E:/FPGA/TSP_RVmaster/FPGA/pango_cpu} E:/FPGA/TSP_RVmaster/FPGA/pango_cpu/source/core/idec.v successfully.
Executing : .rtl_analyze -work work -include_path {E:/FPGA/TSP_RVmaster/FPGA/pango_cpu} E:/FPGA/TSP_RVmaster/FPGA/pango_cpu/source/core/Ifu.v
I: Verilog-0001: Analyzing file E:/FPGA/TSP_RVmaster/FPGA/pango_cpu/source/core/Ifu.v
I: Found Verilog include file E:/FPGA/TSP_RVmaster/FPGA/pango_cpu/source/core/defines.v
W: Public-4030: File 'E:/FPGA/TSP_RVmaster/FPGA/pango_cpu/source/core/defines.v' has been added. It is skipped.
I: Verilog-0002: [E:/FPGA/TSP_RVmaster/FPGA/pango_cpu/source/core/Ifu.v(line number: 3)] Analyzing module TSP_Ifu (library work)
Parsing done.
Executing : .rtl_analyze -work work -include_path {E:/FPGA/TSP_RVmaster/FPGA/pango_cpu} E:/FPGA/TSP_RVmaster/FPGA/pango_cpu/source/core/Ifu.v successfully.
Executing : .rtl_analyze -work work -include_path {E:/FPGA/TSP_RVmaster/FPGA/pango_cpu} E:/FPGA/TSP_RVmaster/FPGA/pango_cpu/source/core/ls_ctrl.v
I: Verilog-0001: Analyzing file E:/FPGA/TSP_RVmaster/FPGA/pango_cpu/source/core/ls_ctrl.v
I: Found Verilog include file E:/FPGA/TSP_RVmaster/FPGA/pango_cpu/source/core/defines.v
W: Public-4030: File 'E:/FPGA/TSP_RVmaster/FPGA/pango_cpu/source/core/defines.v' has been added. It is skipped.
I: Verilog-0002: [E:/FPGA/TSP_RVmaster/FPGA/pango_cpu/source/core/ls_ctrl.v(line number: 3)] Analyzing module ls_ctrl (library work)
Parsing done.
Executing : .rtl_analyze -work work -include_path {E:/FPGA/TSP_RVmaster/FPGA/pango_cpu} E:/FPGA/TSP_RVmaster/FPGA/pango_cpu/source/core/ls_ctrl.v successfully.
Executing : .rtl_analyze -work work -include_path {E:/FPGA/TSP_RVmaster/FPGA/pango_cpu} E:/FPGA/TSP_RVmaster/FPGA/pango_cpu/source/core/PC_control.v
I: Verilog-0001: Analyzing file E:/FPGA/TSP_RVmaster/FPGA/pango_cpu/source/core/PC_control.v
I: Found Verilog include file E:/FPGA/TSP_RVmaster/FPGA/pango_cpu/source/core/defines.v
W: Public-4030: File 'E:/FPGA/TSP_RVmaster/FPGA/pango_cpu/source/core/defines.v' has been added. It is skipped.
I: Verilog-0002: [E:/FPGA/TSP_RVmaster/FPGA/pango_cpu/source/core/PC_control.v(line number: 4)] Analyzing module PC_control (library work)
Parsing done.
Executing : .rtl_analyze -work work -include_path {E:/FPGA/TSP_RVmaster/FPGA/pango_cpu} E:/FPGA/TSP_RVmaster/FPGA/pango_cpu/source/core/PC_control.v successfully.
Executing : .rtl_analyze -work work -include_path {E:/FPGA/TSP_RVmaster/FPGA/pango_cpu} E:/FPGA/TSP_RVmaster/FPGA/pango_cpu/source/core/regfiles.v
I: Verilog-0001: Analyzing file E:/FPGA/TSP_RVmaster/FPGA/pango_cpu/source/core/regfiles.v
I: Found Verilog include file E:/FPGA/TSP_RVmaster/FPGA/pango_cpu/source/core/defines.v
W: Public-4030: File 'E:/FPGA/TSP_RVmaster/FPGA/pango_cpu/source/core/defines.v' has been added. It is skipped.
I: Verilog-0002: [E:/FPGA/TSP_RVmaster/FPGA/pango_cpu/source/core/regfiles.v(line number: 3)] Analyzing module TSP_Regfiles (library work)
Parsing done.
Executing : .rtl_analyze -work work -include_path {E:/FPGA/TSP_RVmaster/FPGA/pango_cpu} E:/FPGA/TSP_RVmaster/FPGA/pango_cpu/source/core/regfiles.v successfully.
Executing : .rtl_analyze -work work -include_path {E:/FPGA/TSP_RVmaster/FPGA/pango_cpu} E:/FPGA/TSP_RVmaster/FPGA/pango_cpu/source/core/wb_arbiter.v
I: Verilog-0001: Analyzing file E:/FPGA/TSP_RVmaster/FPGA/pango_cpu/source/core/wb_arbiter.v
I: Found Verilog include file E:/FPGA/TSP_RVmaster/FPGA/pango_cpu/source/core/defines.v
W: Public-4030: File 'E:/FPGA/TSP_RVmaster/FPGA/pango_cpu/source/core/defines.v' has been added. It is skipped.
I: Verilog-0002: [E:/FPGA/TSP_RVmaster/FPGA/pango_cpu/source/core/wb_arbiter.v(line number: 3)] Analyzing module TSP_Wb_arbiter (library work)
Parsing done.
Executing : .rtl_analyze -work work -include_path {E:/FPGA/TSP_RVmaster/FPGA/pango_cpu} E:/FPGA/TSP_RVmaster/FPGA/pango_cpu/source/core/wb_arbiter.v successfully.
Executing : .rtl_analyze -work work -include_path {E:/FPGA/TSP_RVmaster/FPGA/pango_cpu} E:/FPGA/TSP_RVmaster/FPGA/pango_cpu/source/peripheral/AXI_Interconnect.v
I: Verilog-0001: Analyzing file E:/FPGA/TSP_RVmaster/FPGA/pango_cpu/source/peripheral/AXI_Interconnect.v
I: Found Verilog include file E:/FPGA/TSP_RVmaster/FPGA/pango_cpu/source/core/defines.v
W: Public-4030: File 'E:/FPGA/TSP_RVmaster/FPGA/pango_cpu/source/core/defines.v' has been added. It is skipped.
I: Verilog-0002: [E:/FPGA/TSP_RVmaster/FPGA/pango_cpu/source/peripheral/AXI_Interconnect.v(line number: 3)] Analyzing module TSP_AXI_Interconnect (library work)
Parsing done.
Executing : .rtl_analyze -work work -include_path {E:/FPGA/TSP_RVmaster/FPGA/pango_cpu} E:/FPGA/TSP_RVmaster/FPGA/pango_cpu/source/peripheral/AXI_Interconnect.v successfully.
Executing : .rtl_analyze -work work -include_path {E:/FPGA/TSP_RVmaster/FPGA/pango_cpu} E:/FPGA/TSP_RVmaster/FPGA/pango_cpu/source/peripheral/soc_top.v
I: Verilog-0001: Analyzing file E:/FPGA/TSP_RVmaster/FPGA/pango_cpu/source/peripheral/soc_top.v
I: Found Verilog include file E:/FPGA/TSP_RVmaster/FPGA/pango_cpu/source/core/defines.v
W: Public-4030: File 'E:/FPGA/TSP_RVmaster/FPGA/pango_cpu/source/core/defines.v' has been added. It is skipped.
I: Verilog-0002: [E:/FPGA/TSP_RVmaster/FPGA/pango_cpu/source/peripheral/soc_top.v(line number: 3)] Analyzing module SoC_Top (library work)
Parsing done.
Executing : .rtl_analyze -work work -include_path {E:/FPGA/TSP_RVmaster/FPGA/pango_cpu} E:/FPGA/TSP_RVmaster/FPGA/pango_cpu/source/peripheral/soc_top.v successfully.
Executing : .rtl_analyze -work work -include_path {E:/FPGA/TSP_RVmaster/FPGA/pango_cpu} E:/FPGA/TSP_RVmaster/FPGA/pango_cpu/source/ram/ram.v
I: Verilog-0001: Analyzing file E:/FPGA/TSP_RVmaster/FPGA/pango_cpu/source/ram/ram.v
I: Found Verilog include file E:/FPGA/TSP_RVmaster/FPGA/pango_cpu/source/core/defines.v
W: Public-4030: File 'E:/FPGA/TSP_RVmaster/FPGA/pango_cpu/source/core/defines.v' has been added. It is skipped.
I: Verilog-0002: [E:/FPGA/TSP_RVmaster/FPGA/pango_cpu/source/ram/ram.v(line number: 3)] Analyzing module TSP_RAM (library work)
Parsing done.
Executing : .rtl_analyze -work work -include_path {E:/FPGA/TSP_RVmaster/FPGA/pango_cpu} E:/FPGA/TSP_RVmaster/FPGA/pango_cpu/source/ram/ram.v successfully.
Executing : .rtl_analyze -work work -include_path {E:/FPGA/TSP_RVmaster/FPGA/pango_cpu} E:/FPGA/TSP_RVmaster/FPGA/pango_cpu/source/ram/sram.v
I: Verilog-0001: Analyzing file E:/FPGA/TSP_RVmaster/FPGA/pango_cpu/source/ram/sram.v
I: Found Verilog include file E:/FPGA/TSP_RVmaster/FPGA/pango_cpu/source/core/defines.v
W: Public-4030: File 'E:/FPGA/TSP_RVmaster/FPGA/pango_cpu/source/core/defines.v' has been added. It is skipped.
I: Verilog-0002: [E:/FPGA/TSP_RVmaster/FPGA/pango_cpu/source/ram/sram.v(line number: 3)] Analyzing module TSP_Sram (library work)
Parsing done.
Executing : .rtl_analyze -work work -include_path {E:/FPGA/TSP_RVmaster/FPGA/pango_cpu} E:/FPGA/TSP_RVmaster/FPGA/pango_cpu/source/ram/sram.v successfully.
Executing : .rtl_analyze -work work -include_path {E:/FPGA/TSP_RVmaster/FPGA/pango_cpu} E:/FPGA/TSP_RVmaster/FPGA/pango_cpu/source/uart/uart.v
I: Verilog-0001: Analyzing file E:/FPGA/TSP_RVmaster/FPGA/pango_cpu/source/uart/uart.v
I: Verilog-0002: [E:/FPGA/TSP_RVmaster/FPGA/pango_cpu/source/uart/uart.v(line number: 32)] Analyzing module uart (library work)
Parsing done.
Executing : .rtl_analyze -work work -include_path {E:/FPGA/TSP_RVmaster/FPGA/pango_cpu} E:/FPGA/TSP_RVmaster/FPGA/pango_cpu/source/uart/uart.v successfully.
Executing : .rtl_analyze -work work -include_path {E:/FPGA/TSP_RVmaster/FPGA/pango_cpu} E:/FPGA/TSP_RVmaster/FPGA/pango_cpu/source/uart/uart_axi_lite_wrapper.v
I: Verilog-0001: Analyzing file E:/FPGA/TSP_RVmaster/FPGA/pango_cpu/source/uart/uart_axi_lite_wrapper.v
I: Found Verilog include file E:/FPGA/TSP_RVmaster/FPGA/pango_cpu/source/core/defines.v
W: Public-4030: File 'E:/FPGA/TSP_RVmaster/FPGA/pango_cpu/source/core/defines.v' has been added. It is skipped.
I: Verilog-0002: [E:/FPGA/TSP_RVmaster/FPGA/pango_cpu/source/uart/uart_axi_lite_wrapper.v(line number: 3)] Analyzing module uart_axi_lite_wrapper (library work)
Parsing done.
Executing : .rtl_analyze -work work -include_path {E:/FPGA/TSP_RVmaster/FPGA/pango_cpu} E:/FPGA/TSP_RVmaster/FPGA/pango_cpu/source/uart/uart_axi_lite_wrapper.v successfully.
Executing : .rtl_analyze -work work -include_path {E:/FPGA/TSP_RVmaster/FPGA/pango_cpu} E:/FPGA/TSP_RVmaster/FPGA/pango_cpu/source/uart/uart_rx.v
I: Verilog-0001: Analyzing file E:/FPGA/TSP_RVmaster/FPGA/pango_cpu/source/uart/uart_rx.v
I: Verilog-0002: [E:/FPGA/TSP_RVmaster/FPGA/pango_cpu/source/uart/uart_rx.v(line number: 32)] Analyzing module uart_rx (library work)
Parsing done.
Executing : .rtl_analyze -work work -include_path {E:/FPGA/TSP_RVmaster/FPGA/pango_cpu} E:/FPGA/TSP_RVmaster/FPGA/pango_cpu/source/uart/uart_rx.v successfully.
Executing : .rtl_analyze -work work -include_path {E:/FPGA/TSP_RVmaster/FPGA/pango_cpu} E:/FPGA/TSP_RVmaster/FPGA/pango_cpu/source/uart/uart_tx.v
I: Verilog-0001: Analyzing file E:/FPGA/TSP_RVmaster/FPGA/pango_cpu/source/uart/uart_tx.v
I: Verilog-0002: [E:/FPGA/TSP_RVmaster/FPGA/pango_cpu/source/uart/uart_tx.v(line number: 32)] Analyzing module uart_tx (library work)
Parsing done.
Executing : .rtl_analyze -work work -include_path {E:/FPGA/TSP_RVmaster/FPGA/pango_cpu} E:/FPGA/TSP_RVmaster/FPGA/pango_cpu/source/uart/uart_tx.v successfully.
Executing : .rtl_analyze -include_path {E:/FPGA/TSP_RVmaster/FPGA/pango_cpu} E:/FPGA/TSP_RVmaster/FPGA/pango_cpu/ipcore/sys_pll/sys_pll.v
I: Verilog-0001: Analyzing file E:/FPGA/TSP_RVmaster/FPGA/pango_cpu/ipcore/sys_pll/sys_pll.v
I: Verilog-0002: [E:/FPGA/TSP_RVmaster/FPGA/pango_cpu/ipcore/sys_pll/sys_pll.v(line number: 18)] Analyzing module sys_pll (library work)
Parsing done.
Executing : .rtl_analyze -include_path {E:/FPGA/TSP_RVmaster/FPGA/pango_cpu} E:/FPGA/TSP_RVmaster/FPGA/pango_cpu/ipcore/sys_pll/sys_pll.v successfully.
Executing : .rtl_analyze -include_path {E:/FPGA/TSP_RVmaster/FPGA/pango_cpu} E:/FPGA/TSP_RVmaster/FPGA/pango_cpu/ipcore/RAM/rtl/ipml_spram_v1_7_RAM.v
I: Verilog-0001: Analyzing file E:/FPGA/TSP_RVmaster/FPGA/pango_cpu/ipcore/RAM/rtl/ipml_spram_v1_7_RAM.v
I: Verilog-0002: [E:/FPGA/TSP_RVmaster/FPGA/pango_cpu/ipcore/RAM/rtl/ipml_spram_v1_7_RAM.v(line number: 17)] Analyzing module ipml_spram_v1_7_RAM (library work)
W: Verilog-2008: [E:/FPGA/TSP_RVmaster/FPGA/pango_cpu/ipcore/RAM/rtl/ipml_spram_v1_7_RAM.v(line number: 138)] Ignore 'system task' $display
W: Verilog-2008: [E:/FPGA/TSP_RVmaster/FPGA/pango_cpu/ipcore/RAM/rtl/ipml_spram_v1_7_RAM.v(line number: 142)] Ignore 'system task' $display
W: Verilog-2008: [E:/FPGA/TSP_RVmaster/FPGA/pango_cpu/ipcore/RAM/rtl/ipml_spram_v1_7_RAM.v(line number: 146)] Ignore 'system task' $display
W: Verilog-2008: [E:/FPGA/TSP_RVmaster/FPGA/pango_cpu/ipcore/RAM/rtl/ipml_spram_v1_7_RAM.v(line number: 147)] Ignore 'system task' $finish
W: Verilog-2008: [E:/FPGA/TSP_RVmaster/FPGA/pango_cpu/ipcore/RAM/rtl/ipml_spram_v1_7_RAM.v(line number: 150)] Ignore 'system task' $display
W: Verilog-2008: [E:/FPGA/TSP_RVmaster/FPGA/pango_cpu/ipcore/RAM/rtl/ipml_spram_v1_7_RAM.v(line number: 151)] Ignore 'system task' $finish
W: Verilog-2008: [E:/FPGA/TSP_RVmaster/FPGA/pango_cpu/ipcore/RAM/rtl/ipml_spram_v1_7_RAM.v(line number: 154)] Ignore 'system task' $display
W: Verilog-2008: [E:/FPGA/TSP_RVmaster/FPGA/pango_cpu/ipcore/RAM/rtl/ipml_spram_v1_7_RAM.v(line number: 155)] Ignore 'system task' $finish
W: Verilog-2008: [E:/FPGA/TSP_RVmaster/FPGA/pango_cpu/ipcore/RAM/rtl/ipml_spram_v1_7_RAM.v(line number: 158)] Ignore 'system task' $display
W: Verilog-2008: [E:/FPGA/TSP_RVmaster/FPGA/pango_cpu/ipcore/RAM/rtl/ipml_spram_v1_7_RAM.v(line number: 159)] Ignore 'system task' $finish
W: Verilog-2008: [E:/FPGA/TSP_RVmaster/FPGA/pango_cpu/ipcore/RAM/rtl/ipml_spram_v1_7_RAM.v(line number: 162)] Ignore 'system task' $display
W: Verilog-2008: [E:/FPGA/TSP_RVmaster/FPGA/pango_cpu/ipcore/RAM/rtl/ipml_spram_v1_7_RAM.v(line number: 163)] Ignore 'system task' $finish
W: Verilog-2008: [E:/FPGA/TSP_RVmaster/FPGA/pango_cpu/ipcore/RAM/rtl/ipml_spram_v1_7_RAM.v(line number: 166)] Ignore 'system task' $display
W: Verilog-2008: [E:/FPGA/TSP_RVmaster/FPGA/pango_cpu/ipcore/RAM/rtl/ipml_spram_v1_7_RAM.v(line number: 167)] Ignore 'system task' $finish
W: Verilog-2008: [E:/FPGA/TSP_RVmaster/FPGA/pango_cpu/ipcore/RAM/rtl/ipml_spram_v1_7_RAM.v(line number: 170)] Ignore 'system task' $display
W: Verilog-2008: [E:/FPGA/TSP_RVmaster/FPGA/pango_cpu/ipcore/RAM/rtl/ipml_spram_v1_7_RAM.v(line number: 171)] Ignore 'system task' $finish
W: Verilog-2008: [E:/FPGA/TSP_RVmaster/FPGA/pango_cpu/ipcore/RAM/rtl/ipml_spram_v1_7_RAM.v(line number: 174)] Ignore 'system task' $display
W: Verilog-2008: [E:/FPGA/TSP_RVmaster/FPGA/pango_cpu/ipcore/RAM/rtl/ipml_spram_v1_7_RAM.v(line number: 175)] Ignore 'system task' $finish
W: Verilog-2008: [E:/FPGA/TSP_RVmaster/FPGA/pango_cpu/ipcore/RAM/rtl/ipml_spram_v1_7_RAM.v(line number: 178)] Ignore 'system task' $display
W: Verilog-2008: [E:/FPGA/TSP_RVmaster/FPGA/pango_cpu/ipcore/RAM/rtl/ipml_spram_v1_7_RAM.v(line number: 179)] Ignore 'system task' $finish
W: Verilog-2008: [E:/FPGA/TSP_RVmaster/FPGA/pango_cpu/ipcore/RAM/rtl/ipml_spram_v1_7_RAM.v(line number: 182)] Ignore 'system task' $display
W: Verilog-2008: [E:/FPGA/TSP_RVmaster/FPGA/pango_cpu/ipcore/RAM/rtl/ipml_spram_v1_7_RAM.v(line number: 183)] Ignore 'system task' $finish
W: Verilog-2008: [E:/FPGA/TSP_RVmaster/FPGA/pango_cpu/ipcore/RAM/rtl/ipml_spram_v1_7_RAM.v(line number: 186)] Ignore 'system task' $display
W: Verilog-2008: [E:/FPGA/TSP_RVmaster/FPGA/pango_cpu/ipcore/RAM/rtl/ipml_spram_v1_7_RAM.v(line number: 187)] Ignore 'system task' $finish
W: Verilog-2008: [E:/FPGA/TSP_RVmaster/FPGA/pango_cpu/ipcore/RAM/rtl/ipml_spram_v1_7_RAM.v(line number: 190)] Ignore 'system task' $display
W: Verilog-2008: [E:/FPGA/TSP_RVmaster/FPGA/pango_cpu/ipcore/RAM/rtl/ipml_spram_v1_7_RAM.v(line number: 191)] Ignore 'system task' $finish
W: Verilog-2008: [E:/FPGA/TSP_RVmaster/FPGA/pango_cpu/ipcore/RAM/rtl/ipml_spram_v1_7_RAM.v(line number: 195)] Ignore 'system task' $display
W: Verilog-2008: [E:/FPGA/TSP_RVmaster/FPGA/pango_cpu/ipcore/RAM/rtl/ipml_spram_v1_7_RAM.v(line number: 196)] Ignore 'system task' $finish
W: Verilog-2008: [E:/FPGA/TSP_RVmaster/FPGA/pango_cpu/ipcore/RAM/rtl/ipml_spram_v1_7_RAM.v(line number: 199)] Ignore 'system task' $display
W: Verilog-2008: [E:/FPGA/TSP_RVmaster/FPGA/pango_cpu/ipcore/RAM/rtl/ipml_spram_v1_7_RAM.v(line number: 200)] Ignore 'system task' $finish
W: Verilog-2008: [E:/FPGA/TSP_RVmaster/FPGA/pango_cpu/ipcore/RAM/rtl/ipml_spram_v1_7_RAM.v(line number: 204)] Ignore 'system task' $display
W: Verilog-2008: [E:/FPGA/TSP_RVmaster/FPGA/pango_cpu/ipcore/RAM/rtl/ipml_spram_v1_7_RAM.v(line number: 205)] Ignore 'system task' $finish
W: Verilog-2008: [E:/FPGA/TSP_RVmaster/FPGA/pango_cpu/ipcore/RAM/rtl/ipml_spram_v1_7_RAM.v(line number: 212)] Ignore 'system task' $display
W: Verilog-2008: [E:/FPGA/TSP_RVmaster/FPGA/pango_cpu/ipcore/RAM/rtl/ipml_spram_v1_7_RAM.v(line number: 213)] Ignore 'system task' $finish
Parsing done.
Executing : .rtl_analyze -include_path {E:/FPGA/TSP_RVmaster/FPGA/pango_cpu} E:/FPGA/TSP_RVmaster/FPGA/pango_cpu/ipcore/RAM/rtl/ipml_spram_v1_7_RAM.v successfully.
Executing : .rtl_analyze -include_path {E:/FPGA/TSP_RVmaster/FPGA/pango_cpu} E:/FPGA/TSP_RVmaster/FPGA/pango_cpu/ipcore/RAM/RAM.v
I: Verilog-0001: Analyzing file E:/FPGA/TSP_RVmaster/FPGA/pango_cpu/ipcore/RAM/RAM.v
I: Verilog-0002: [E:/FPGA/TSP_RVmaster/FPGA/pango_cpu/ipcore/RAM/RAM.v(line number: 16)] Analyzing module RAM (library work)
Parsing done.
Executing : .rtl_analyze -include_path {E:/FPGA/TSP_RVmaster/FPGA/pango_cpu} E:/FPGA/TSP_RVmaster/FPGA/pango_cpu/ipcore/RAM/RAM.v successfully.
Executing : .rtl_analyze -include_path {E:/FPGA/TSP_RVmaster/FPGA/pango_cpu} E:/FPGA/TSP_RVmaster/FPGA/pango_cpu/ipcore/Dual_RAM/rtl/ipml_dpram_v1_8_Dual_RAM.v
I: Verilog-0001: Analyzing file E:/FPGA/TSP_RVmaster/FPGA/pango_cpu/ipcore/Dual_RAM/rtl/ipml_dpram_v1_8_Dual_RAM.v
I: Verilog-0002: [E:/FPGA/TSP_RVmaster/FPGA/pango_cpu/ipcore/Dual_RAM/rtl/ipml_dpram_v1_8_Dual_RAM.v(line number: 17)] Analyzing module ipml_dpram_v1_8_Dual_RAM (library work)
I: Found Verilog include file E:/FPGA/TSP_RVmaster/FPGA/pango_cpu/ipcore/Dual_RAM/rtl/Dual_RAM_init_param.v
W: Verilog-2008: [E:/FPGA/TSP_RVmaster/FPGA/pango_cpu/ipcore/Dual_RAM/rtl/ipml_dpram_v1_8_Dual_RAM.v(line number: 243)] Ignore 'system task' $display
W: Verilog-2008: [E:/FPGA/TSP_RVmaster/FPGA/pango_cpu/ipcore/Dual_RAM/rtl/ipml_dpram_v1_8_Dual_RAM.v(line number: 244)] Ignore 'system task' $finish
W: Verilog-2008: [E:/FPGA/TSP_RVmaster/FPGA/pango_cpu/ipcore/Dual_RAM/rtl/ipml_dpram_v1_8_Dual_RAM.v(line number: 247)] Ignore 'system task' $display
W: Verilog-2008: [E:/FPGA/TSP_RVmaster/FPGA/pango_cpu/ipcore/Dual_RAM/rtl/ipml_dpram_v1_8_Dual_RAM.v(line number: 251)] Ignore 'system task' $display
W: Verilog-2008: [E:/FPGA/TSP_RVmaster/FPGA/pango_cpu/ipcore/Dual_RAM/rtl/ipml_dpram_v1_8_Dual_RAM.v(line number: 255)] Ignore 'system task' $display
W: Verilog-2008: [E:/FPGA/TSP_RVmaster/FPGA/pango_cpu/ipcore/Dual_RAM/rtl/ipml_dpram_v1_8_Dual_RAM.v(line number: 259)] Ignore 'system task' $display
W: Verilog-2008: [E:/FPGA/TSP_RVmaster/FPGA/pango_cpu/ipcore/Dual_RAM/rtl/ipml_dpram_v1_8_Dual_RAM.v(line number: 263)] Ignore 'system task' $display
W: Verilog-2008: [E:/FPGA/TSP_RVmaster/FPGA/pango_cpu/ipcore/Dual_RAM/rtl/ipml_dpram_v1_8_Dual_RAM.v(line number: 264)] Ignore 'system task' $finish
W: Verilog-2008: [E:/FPGA/TSP_RVmaster/FPGA/pango_cpu/ipcore/Dual_RAM/rtl/ipml_dpram_v1_8_Dual_RAM.v(line number: 267)] Ignore 'system task' $display
W: Verilog-2008: [E:/FPGA/TSP_RVmaster/FPGA/pango_cpu/ipcore/Dual_RAM/rtl/ipml_dpram_v1_8_Dual_RAM.v(line number: 268)] Ignore 'system task' $finish
W: Verilog-2008: [E:/FPGA/TSP_RVmaster/FPGA/pango_cpu/ipcore/Dual_RAM/rtl/ipml_dpram_v1_8_Dual_RAM.v(line number: 271)] Ignore 'system task' $display
W: Verilog-2008: [E:/FPGA/TSP_RVmaster/FPGA/pango_cpu/ipcore/Dual_RAM/rtl/ipml_dpram_v1_8_Dual_RAM.v(line number: 272)] Ignore 'system task' $finish
W: Verilog-2008: [E:/FPGA/TSP_RVmaster/FPGA/pango_cpu/ipcore/Dual_RAM/rtl/ipml_dpram_v1_8_Dual_RAM.v(line number: 275)] Ignore 'system task' $display
W: Verilog-2008: [E:/FPGA/TSP_RVmaster/FPGA/pango_cpu/ipcore/Dual_RAM/rtl/ipml_dpram_v1_8_Dual_RAM.v(line number: 276)] Ignore 'system task' $finish
W: Verilog-2008: [E:/FPGA/TSP_RVmaster/FPGA/pango_cpu/ipcore/Dual_RAM/rtl/ipml_dpram_v1_8_Dual_RAM.v(line number: 279)] Ignore 'system task' $display
W: Verilog-2008: [E:/FPGA/TSP_RVmaster/FPGA/pango_cpu/ipcore/Dual_RAM/rtl/ipml_dpram_v1_8_Dual_RAM.v(line number: 280)] Ignore 'system task' $finish
W: Verilog-2008: [E:/FPGA/TSP_RVmaster/FPGA/pango_cpu/ipcore/Dual_RAM/rtl/ipml_dpram_v1_8_Dual_RAM.v(line number: 283)] Ignore 'system task' $display
W: Verilog-2008: [E:/FPGA/TSP_RVmaster/FPGA/pango_cpu/ipcore/Dual_RAM/rtl/ipml_dpram_v1_8_Dual_RAM.v(line number: 284)] Ignore 'system task' $finish
W: Verilog-2008: [E:/FPGA/TSP_RVmaster/FPGA/pango_cpu/ipcore/Dual_RAM/rtl/ipml_dpram_v1_8_Dual_RAM.v(line number: 287)] Ignore 'system task' $display
W: Verilog-2008: [E:/FPGA/TSP_RVmaster/FPGA/pango_cpu/ipcore/Dual_RAM/rtl/ipml_dpram_v1_8_Dual_RAM.v(line number: 288)] Ignore 'system task' $finish
W: Verilog-2008: [E:/FPGA/TSP_RVmaster/FPGA/pango_cpu/ipcore/Dual_RAM/rtl/ipml_dpram_v1_8_Dual_RAM.v(line number: 291)] Ignore 'system task' $display
W: Verilog-2008: [E:/FPGA/TSP_RVmaster/FPGA/pango_cpu/ipcore/Dual_RAM/rtl/ipml_dpram_v1_8_Dual_RAM.v(line number: 292)] Ignore 'system task' $finish
W: Verilog-2008: [E:/FPGA/TSP_RVmaster/FPGA/pango_cpu/ipcore/Dual_RAM/rtl/ipml_dpram_v1_8_Dual_RAM.v(line number: 295)] Ignore 'system task' $display
W: Verilog-2008: [E:/FPGA/TSP_RVmaster/FPGA/pango_cpu/ipcore/Dual_RAM/rtl/ipml_dpram_v1_8_Dual_RAM.v(line number: 296)] Ignore 'system task' $finish
W: Verilog-2008: [E:/FPGA/TSP_RVmaster/FPGA/pango_cpu/ipcore/Dual_RAM/rtl/ipml_dpram_v1_8_Dual_RAM.v(line number: 299)] Ignore 'system task' $display
W: Verilog-2008: [E:/FPGA/TSP_RVmaster/FPGA/pango_cpu/ipcore/Dual_RAM/rtl/ipml_dpram_v1_8_Dual_RAM.v(line number: 300)] Ignore 'system task' $finish
W: Verilog-2008: [E:/FPGA/TSP_RVmaster/FPGA/pango_cpu/ipcore/Dual_RAM/rtl/ipml_dpram_v1_8_Dual_RAM.v(line number: 303)] Ignore 'system task' $display
W: Verilog-2008: [E:/FPGA/TSP_RVmaster/FPGA/pango_cpu/ipcore/Dual_RAM/rtl/ipml_dpram_v1_8_Dual_RAM.v(line number: 304)] Ignore 'system task' $finish
W: Verilog-2008: [E:/FPGA/TSP_RVmaster/FPGA/pango_cpu/ipcore/Dual_RAM/rtl/ipml_dpram_v1_8_Dual_RAM.v(line number: 307)] Ignore 'system task' $display
W: Verilog-2008: [E:/FPGA/TSP_RVmaster/FPGA/pango_cpu/ipcore/Dual_RAM/rtl/ipml_dpram_v1_8_Dual_RAM.v(line number: 308)] Ignore 'system task' $finish
W: Verilog-2008: [E:/FPGA/TSP_RVmaster/FPGA/pango_cpu/ipcore/Dual_RAM/rtl/ipml_dpram_v1_8_Dual_RAM.v(line number: 312)] Ignore 'system task' $display
W: Verilog-2008: [E:/FPGA/TSP_RVmaster/FPGA/pango_cpu/ipcore/Dual_RAM/rtl/ipml_dpram_v1_8_Dual_RAM.v(line number: 313)] Ignore 'system task' $finish
W: Verilog-2008: [E:/FPGA/TSP_RVmaster/FPGA/pango_cpu/ipcore/Dual_RAM/rtl/ipml_dpram_v1_8_Dual_RAM.v(line number: 316)] Ignore 'system task' $display
W: Verilog-2008: [E:/FPGA/TSP_RVmaster/FPGA/pango_cpu/ipcore/Dual_RAM/rtl/ipml_dpram_v1_8_Dual_RAM.v(line number: 317)] Ignore 'system task' $finish
W: Verilog-2008: [E:/FPGA/TSP_RVmaster/FPGA/pango_cpu/ipcore/Dual_RAM/rtl/ipml_dpram_v1_8_Dual_RAM.v(line number: 321)] Ignore 'system task' $display
W: Verilog-2008: [E:/FPGA/TSP_RVmaster/FPGA/pango_cpu/ipcore/Dual_RAM/rtl/ipml_dpram_v1_8_Dual_RAM.v(line number: 322)] Ignore 'system task' $finish
W: Verilog-2008: [E:/FPGA/TSP_RVmaster/FPGA/pango_cpu/ipcore/Dual_RAM/rtl/ipml_dpram_v1_8_Dual_RAM.v(line number: 325)] Ignore 'system task' $display
W: Verilog-2008: [E:/FPGA/TSP_RVmaster/FPGA/pango_cpu/ipcore/Dual_RAM/rtl/ipml_dpram_v1_8_Dual_RAM.v(line number: 326)] Ignore 'system task' $finish
W: Verilog-2008: [E:/FPGA/TSP_RVmaster/FPGA/pango_cpu/ipcore/Dual_RAM/rtl/ipml_dpram_v1_8_Dual_RAM.v(line number: 329)] Ignore 'system task' $display
W: Verilog-2008: [E:/FPGA/TSP_RVmaster/FPGA/pango_cpu/ipcore/Dual_RAM/rtl/ipml_dpram_v1_8_Dual_RAM.v(line number: 333)] Ignore 'system task' $display
W: Verilog-2008: [E:/FPGA/TSP_RVmaster/FPGA/pango_cpu/ipcore/Dual_RAM/rtl/ipml_dpram_v1_8_Dual_RAM.v(line number: 334)] Ignore 'system task' $finish
W: Verilog-2008: [E:/FPGA/TSP_RVmaster/FPGA/pango_cpu/ipcore/Dual_RAM/rtl/ipml_dpram_v1_8_Dual_RAM.v(line number: 337)] Ignore 'system task' $display
W: Verilog-2008: [E:/FPGA/TSP_RVmaster/FPGA/pango_cpu/ipcore/Dual_RAM/rtl/ipml_dpram_v1_8_Dual_RAM.v(line number: 338)] Ignore 'system task' $finish
W: Verilog-2008: [E:/FPGA/TSP_RVmaster/FPGA/pango_cpu/ipcore/Dual_RAM/rtl/ipml_dpram_v1_8_Dual_RAM.v(line number: 341)] Ignore 'system task' $display
W: Verilog-2008: [E:/FPGA/TSP_RVmaster/FPGA/pango_cpu/ipcore/Dual_RAM/rtl/ipml_dpram_v1_8_Dual_RAM.v(line number: 342)] Ignore 'system task' $finish
W: Verilog-2008: [E:/FPGA/TSP_RVmaster/FPGA/pango_cpu/ipcore/Dual_RAM/rtl/ipml_dpram_v1_8_Dual_RAM.v(line number: 345)] Ignore 'system task' $display
W: Verilog-2008: [E:/FPGA/TSP_RVmaster/FPGA/pango_cpu/ipcore/Dual_RAM/rtl/ipml_dpram_v1_8_Dual_RAM.v(line number: 346)] Ignore 'system task' $finish
W: Verilog-2008: [E:/FPGA/TSP_RVmaster/FPGA/pango_cpu/ipcore/Dual_RAM/rtl/ipml_dpram_v1_8_Dual_RAM.v(line number: 349)] Ignore 'system task' $display
W: Verilog-2008: [E:/FPGA/TSP_RVmaster/FPGA/pango_cpu/ipcore/Dual_RAM/rtl/ipml_dpram_v1_8_Dual_RAM.v(line number: 350)] Ignore 'system task' $finish
W: Verilog-2008: [E:/FPGA/TSP_RVmaster/FPGA/pango_cpu/ipcore/Dual_RAM/rtl/ipml_dpram_v1_8_Dual_RAM.v(line number: 355)] Ignore 'system task' $display
W: Verilog-2008: [E:/FPGA/TSP_RVmaster/FPGA/pango_cpu/ipcore/Dual_RAM/rtl/ipml_dpram_v1_8_Dual_RAM.v(line number: 356)] Ignore 'system task' $finish
W: Verilog-2008: [E:/FPGA/TSP_RVmaster/FPGA/pango_cpu/ipcore/Dual_RAM/rtl/ipml_dpram_v1_8_Dual_RAM.v(line number: 359)] Ignore 'system task' $display
W: Verilog-2008: [E:/FPGA/TSP_RVmaster/FPGA/pango_cpu/ipcore/Dual_RAM/rtl/ipml_dpram_v1_8_Dual_RAM.v(line number: 360)] Ignore 'system task' $finish
W: Verilog-2008: [E:/FPGA/TSP_RVmaster/FPGA/pango_cpu/ipcore/Dual_RAM/rtl/ipml_dpram_v1_8_Dual_RAM.v(line number: 365)] Ignore 'system task' $display
W: Verilog-2008: [E:/FPGA/TSP_RVmaster/FPGA/pango_cpu/ipcore/Dual_RAM/rtl/ipml_dpram_v1_8_Dual_RAM.v(line number: 366)] Ignore 'system task' $finish
Parsing done.
Executing : .rtl_analyze -include_path {E:/FPGA/TSP_RVmaster/FPGA/pango_cpu} E:/FPGA/TSP_RVmaster/FPGA/pango_cpu/ipcore/Dual_RAM/rtl/ipml_dpram_v1_8_Dual_RAM.v successfully.
Executing : .rtl_analyze -include_path {E:/FPGA/TSP_RVmaster/FPGA/pango_cpu} E:/FPGA/TSP_RVmaster/FPGA/pango_cpu/ipcore/Dual_RAM/Dual_RAM.v
I: Verilog-0001: Analyzing file E:/FPGA/TSP_RVmaster/FPGA/pango_cpu/ipcore/Dual_RAM/Dual_RAM.v
I: Verilog-0002: [E:/FPGA/TSP_RVmaster/FPGA/pango_cpu/ipcore/Dual_RAM/Dual_RAM.v(line number: 16)] Analyzing module Dual_RAM (library work)
Parsing done.
Executing : .rtl_analyze -include_path {E:/FPGA/TSP_RVmaster/FPGA/pango_cpu} E:/FPGA/TSP_RVmaster/FPGA/pango_cpu/ipcore/Dual_RAM/Dual_RAM.v successfully.
I: Module "SoC_Top" is set as top module.
Executing : rtl-analyze successfully. Time elapsed: 1.624s wall, 0.047s user + 0.000s system = 0.047s CPU (2.9%)

Start rtl-elaborate.
I: Verilog-0003: [E:/FPGA/TSP_RVmaster/FPGA/pango_cpu/source/peripheral/soc_top.v(line number: 3)] Elaborating module SoC_Top
I: Verilog-0004: [E:/FPGA/TSP_RVmaster/FPGA/pango_cpu/source/peripheral/soc_top.v(line number: 21)] Elaborating instance sys_pll_u0
I: Verilog-0003: [E:/FPGA/TSP_RVmaster/FPGA/pango_cpu/ipcore/sys_pll/sys_pll.v(line number: 18)] Elaborating module sys_pll
I: Verilog-0004: [E:/FPGA/TSP_RVmaster/FPGA/pango_cpu/ipcore/sys_pll/sys_pll.v(line number: 228)] Elaborating instance u_pll_e3
W: Verilog-2021: [E:/FPGA/TSP_RVmaster/FPGA/pango_cpu/ipcore/sys_pll/sys_pll.v(line number: 115)] Net clkfb in sys_pll(original module sys_pll) does not have a driver, tie it to 0
W: Verilog-2021: [E:/FPGA/TSP_RVmaster/FPGA/pango_cpu/ipcore/sys_pll/sys_pll.v(line number: 118)] Net pfden in sys_pll(original module sys_pll) does not have a driver, tie it to 0
W: Verilog-2021: [E:/FPGA/TSP_RVmaster/FPGA/pango_cpu/ipcore/sys_pll/sys_pll.v(line number: 119)] Net clkout0_gate in sys_pll(original module sys_pll) does not have a driver, tie it to 0
W: Verilog-2021: [E:/FPGA/TSP_RVmaster/FPGA/pango_cpu/ipcore/sys_pll/sys_pll.v(line number: 120)] Net clkout0_2pad_gate in sys_pll(original module sys_pll) does not have a driver, tie it to 0
W: Verilog-2021: [E:/FPGA/TSP_RVmaster/FPGA/pango_cpu/ipcore/sys_pll/sys_pll.v(line number: 121)] Net clkout1_gate in sys_pll(original module sys_pll) does not have a driver, tie it to 0
W: Verilog-2021: [E:/FPGA/TSP_RVmaster/FPGA/pango_cpu/ipcore/sys_pll/sys_pll.v(line number: 122)] Net clkout2_gate in sys_pll(original module sys_pll) does not have a driver, tie it to 0
W: Verilog-2021: [E:/FPGA/TSP_RVmaster/FPGA/pango_cpu/ipcore/sys_pll/sys_pll.v(line number: 123)] Net clkout3_gate in sys_pll(original module sys_pll) does not have a driver, tie it to 0
W: Verilog-2021: [E:/FPGA/TSP_RVmaster/FPGA/pango_cpu/ipcore/sys_pll/sys_pll.v(line number: 124)] Net clkout4_gate in sys_pll(original module sys_pll) does not have a driver, tie it to 0
W: Verilog-2021: [E:/FPGA/TSP_RVmaster/FPGA/pango_cpu/ipcore/sys_pll/sys_pll.v(line number: 125)] Net clkout5_gate in sys_pll(original module sys_pll) does not have a driver, tie it to 0
W: Verilog-2021: [E:/FPGA/TSP_RVmaster/FPGA/pango_cpu/ipcore/sys_pll/sys_pll.v(line number: 126)] Net dyn_idiv in sys_pll(original module sys_pll) does not have a driver, tie it to 0
W: Verilog-2021: [E:/FPGA/TSP_RVmaster/FPGA/pango_cpu/ipcore/sys_pll/sys_pll.v(line number: 127)] Net dyn_odiv0 in sys_pll(original module sys_pll) does not have a driver, tie it to 0
W: Verilog-2021: [E:/FPGA/TSP_RVmaster/FPGA/pango_cpu/ipcore/sys_pll/sys_pll.v(line number: 128)] Net dyn_odiv1 in sys_pll(original module sys_pll) does not have a driver, tie it to 0
W: Verilog-2021: [E:/FPGA/TSP_RVmaster/FPGA/pango_cpu/ipcore/sys_pll/sys_pll.v(line number: 129)] Net dyn_odiv2 in sys_pll(original module sys_pll) does not have a driver, tie it to 0
W: Verilog-2021: [E:/FPGA/TSP_RVmaster/FPGA/pango_cpu/ipcore/sys_pll/sys_pll.v(line number: 130)] Net dyn_odiv3 in sys_pll(original module sys_pll) does not have a driver, tie it to 0
W: Verilog-2021: [E:/FPGA/TSP_RVmaster/FPGA/pango_cpu/ipcore/sys_pll/sys_pll.v(line number: 131)] Net dyn_odiv4 in sys_pll(original module sys_pll) does not have a driver, tie it to 0
W: Verilog-2021: [E:/FPGA/TSP_RVmaster/FPGA/pango_cpu/ipcore/sys_pll/sys_pll.v(line number: 132)] Net dyn_fdiv in sys_pll(original module sys_pll) does not have a driver, tie it to 0
W: Verilog-2021: [E:/FPGA/TSP_RVmaster/FPGA/pango_cpu/ipcore/sys_pll/sys_pll.v(line number: 133)] Net dyn_duty0 in sys_pll(original module sys_pll) does not have a driver, tie it to 0
W: Verilog-2021: [E:/FPGA/TSP_RVmaster/FPGA/pango_cpu/ipcore/sys_pll/sys_pll.v(line number: 134)] Net dyn_duty1 in sys_pll(original module sys_pll) does not have a driver, tie it to 0
W: Verilog-2021: [E:/FPGA/TSP_RVmaster/FPGA/pango_cpu/ipcore/sys_pll/sys_pll.v(line number: 135)] Net dyn_duty2 in sys_pll(original module sys_pll) does not have a driver, tie it to 0
W: Verilog-2021: [E:/FPGA/TSP_RVmaster/FPGA/pango_cpu/ipcore/sys_pll/sys_pll.v(line number: 136)] Net dyn_duty3 in sys_pll(original module sys_pll) does not have a driver, tie it to 0
W: Verilog-2021: [E:/FPGA/TSP_RVmaster/FPGA/pango_cpu/ipcore/sys_pll/sys_pll.v(line number: 137)] Net dyn_duty4 in sys_pll(original module sys_pll) does not have a driver, tie it to 0
I: Verilog-0004: [E:/FPGA/TSP_RVmaster/FPGA/pango_cpu/source/peripheral/soc_top.v(line number: 51)] Elaborating instance u_TSP_Core
I: Verilog-0003: [E:/FPGA/TSP_RVmaster/FPGA/pango_cpu/source/core/core.v(line number: 3)] Elaborating module TSP_Core
I: Verilog-0004: [E:/FPGA/TSP_RVmaster/FPGA/pango_cpu/source/core/core.v(line number: 71)] Elaborating instance u_PC_control
I: Verilog-0003: [E:/FPGA/TSP_RVmaster/FPGA/pango_cpu/source/core/PC_control.v(line number: 4)] Elaborating module PC_control
I: Verilog-0004: [E:/FPGA/TSP_RVmaster/FPGA/pango_cpu/source/core/core.v(line number: 94)] Elaborating instance u_TSP_Ifu
I: Verilog-0003: [E:/FPGA/TSP_RVmaster/FPGA/pango_cpu/source/core/Ifu.v(line number: 3)] Elaborating module TSP_Ifu
I: Verilog-0004: [E:/FPGA/TSP_RVmaster/FPGA/pango_cpu/source/core/Ifu.v(line number: 140)] Elaborating instance u_Iram
I: Verilog-0003: [E:/FPGA/TSP_RVmaster/FPGA/pango_cpu/ipcore/Dual_RAM/Dual_RAM.v(line number: 16)] Elaborating module Dual_RAM
I: Verilog-0004: [E:/FPGA/TSP_RVmaster/FPGA/pango_cpu/ipcore/Dual_RAM/Dual_RAM.v(line number: 206)] Elaborating instance U_ipml_dpram_Dual_RAM
I: Verilog-0003: [E:/FPGA/TSP_RVmaster/FPGA/pango_cpu/ipcore/Dual_RAM/rtl/ipml_dpram_v1_8_Dual_RAM.v(line number: 17)] Elaborating module ipml_dpram_v1_8_Dual_RAM
I: Module instance {SoC_Top/u_TSP_Core/u_TSP_Ifu/u_Iram/U_ipml_dpram_Dual_RAM} parameter value:
    c_SIM_DEVICE = LOGOS
    c_A_ADDR_WIDTH = 32'b00000000000000000000000000001010
    c_A_DATA_WIDTH = 32'b00000000000000000000000000100000
    c_B_ADDR_WIDTH = 32'b00000000000000000000000000001010
    c_B_DATA_WIDTH = 32'b00000000000000000000000000100000
    c_A_OUTPUT_REG = 32'b00000000000000000000000000000000
    c_A_RD_OCE_EN = 32'b00000000000000000000000000000000
    c_A_ADDR_STROBE_EN = 32'b00000000000000000000000000000000
    c_A_CLK_EN = 32'b00000000000000000000000000000000
    c_B_OUTPUT_REG = 32'b00000000000000000000000000000000
    c_B_RD_OCE_EN = 32'b00000000000000000000000000000000
    c_B_ADDR_STROBE_EN = 32'b00000000000000000000000000000000
    c_B_CLK_EN = 32'b00000000000000000000000000000000
    c_RESET_TYPE = ASYNC_RESET
    c_A_CLK_OR_POL_INV = 32'b00000000000000000000000000000000
    c_B_CLK_OR_POL_INV = 32'b00000000000000000000000000000000
    c_POWER_OPT = 32'b00000000000000000000000000000000
    c_INIT_FILE = NONE
    c_INIT_FORMAT = HEX
    c_WR_BYTE_EN = 32'b00000000000000000000000000000001
    c_A_BE_WIDTH = 32'b00000000000000000000000000000100
    c_B_BE_WIDTH = 32'b00000000000000000000000000000100
    c_A_WRITE_MODE = NORMAL_WRITE
    c_B_WRITE_MODE = NORMAL_WRITE
W: Verilog-2039: [E:/FPGA/TSP_RVmaster/FPGA/pango_cpu/ipcore/Dual_RAM/rtl/ipml_dpram_v1_8_Dual_RAM.v(line number: 419)] Repeat multiplier in concatenation evaluates to 0
W: Verilog-2039: [E:/FPGA/TSP_RVmaster/FPGA/pango_cpu/ipcore/Dual_RAM/rtl/ipml_dpram_v1_8_Dual_RAM.v(line number: 421)] Repeat multiplier in concatenation evaluates to 0
W: Verilog-2039: [E:/FPGA/TSP_RVmaster/FPGA/pango_cpu/ipcore/Dual_RAM/rtl/ipml_dpram_v1_8_Dual_RAM.v(line number: 423)] Repeat multiplier in concatenation evaluates to 0
W: Verilog-2039: [E:/FPGA/TSP_RVmaster/FPGA/pango_cpu/ipcore/Dual_RAM/rtl/ipml_dpram_v1_8_Dual_RAM.v(line number: 425)] Repeat multiplier in concatenation evaluates to 0
W: Verilog-2039: [E:/FPGA/TSP_RVmaster/FPGA/pango_cpu/ipcore/Dual_RAM/rtl/ipml_dpram_v1_8_Dual_RAM.v(line number: 428)] Repeat multiplier in concatenation evaluates to 0
W: Verilog-2039: [E:/FPGA/TSP_RVmaster/FPGA/pango_cpu/ipcore/Dual_RAM/rtl/ipml_dpram_v1_8_Dual_RAM.v(line number: 429)] Repeat multiplier in concatenation evaluates to 0
W: Verilog-2038: [E:/FPGA/TSP_RVmaster/FPGA/pango_cpu/ipcore/Dual_RAM/rtl/ipml_dpram_v1_8_Dual_RAM.v(line number: 438)] Case condition never applies
W: Verilog-2038: [E:/FPGA/TSP_RVmaster/FPGA/pango_cpu/ipcore/Dual_RAM/rtl/ipml_dpram_v1_8_Dual_RAM.v(line number: 439)] Case condition never applies
W: Verilog-2038: [E:/FPGA/TSP_RVmaster/FPGA/pango_cpu/ipcore/Dual_RAM/rtl/ipml_dpram_v1_8_Dual_RAM.v(line number: 440)] Case condition never applies
W: Verilog-2038: [E:/FPGA/TSP_RVmaster/FPGA/pango_cpu/ipcore/Dual_RAM/rtl/ipml_dpram_v1_8_Dual_RAM.v(line number: 441)] Case condition never applies
W: Verilog-2038: [E:/FPGA/TSP_RVmaster/FPGA/pango_cpu/ipcore/Dual_RAM/rtl/ipml_dpram_v1_8_Dual_RAM.v(line number: 441)] Case condition never applies
W: Verilog-2038: [E:/FPGA/TSP_RVmaster/FPGA/pango_cpu/ipcore/Dual_RAM/rtl/ipml_dpram_v1_8_Dual_RAM.v(line number: 438)] Case condition never applies
W: Verilog-2038: [E:/FPGA/TSP_RVmaster/FPGA/pango_cpu/ipcore/Dual_RAM/rtl/ipml_dpram_v1_8_Dual_RAM.v(line number: 439)] Case condition never applies
W: Verilog-2038: [E:/FPGA/TSP_RVmaster/FPGA/pango_cpu/ipcore/Dual_RAM/rtl/ipml_dpram_v1_8_Dual_RAM.v(line number: 440)] Case condition never applies
W: Verilog-2038: [E:/FPGA/TSP_RVmaster/FPGA/pango_cpu/ipcore/Dual_RAM/rtl/ipml_dpram_v1_8_Dual_RAM.v(line number: 441)] Case condition never applies
W: Verilog-2038: [E:/FPGA/TSP_RVmaster/FPGA/pango_cpu/ipcore/Dual_RAM/rtl/ipml_dpram_v1_8_Dual_RAM.v(line number: 441)] Case condition never applies
W: Verilog-2038: [E:/FPGA/TSP_RVmaster/FPGA/pango_cpu/ipcore/Dual_RAM/rtl/ipml_dpram_v1_8_Dual_RAM.v(line number: 489)] Case condition never applies
W: Verilog-2038: [E:/FPGA/TSP_RVmaster/FPGA/pango_cpu/ipcore/Dual_RAM/rtl/ipml_dpram_v1_8_Dual_RAM.v(line number: 490)] Case condition never applies
W: Verilog-2038: [E:/FPGA/TSP_RVmaster/FPGA/pango_cpu/ipcore/Dual_RAM/rtl/ipml_dpram_v1_8_Dual_RAM.v(line number: 491)] Case condition never applies
W: Verilog-2038: [E:/FPGA/TSP_RVmaster/FPGA/pango_cpu/ipcore/Dual_RAM/rtl/ipml_dpram_v1_8_Dual_RAM.v(line number: 492)] Case condition never applies
W: Verilog-2038: [E:/FPGA/TSP_RVmaster/FPGA/pango_cpu/ipcore/Dual_RAM/rtl/ipml_dpram_v1_8_Dual_RAM.v(line number: 492)] Case condition never applies
W: Verilog-2038: [E:/FPGA/TSP_RVmaster/FPGA/pango_cpu/ipcore/Dual_RAM/rtl/ipml_dpram_v1_8_Dual_RAM.v(line number: 489)] Case condition never applies
W: Verilog-2038: [E:/FPGA/TSP_RVmaster/FPGA/pango_cpu/ipcore/Dual_RAM/rtl/ipml_dpram_v1_8_Dual_RAM.v(line number: 490)] Case condition never applies
W: Verilog-2038: [E:/FPGA/TSP_RVmaster/FPGA/pango_cpu/ipcore/Dual_RAM/rtl/ipml_dpram_v1_8_Dual_RAM.v(line number: 491)] Case condition never applies
W: Verilog-2038: [E:/FPGA/TSP_RVmaster/FPGA/pango_cpu/ipcore/Dual_RAM/rtl/ipml_dpram_v1_8_Dual_RAM.v(line number: 492)] Case condition never applies
W: Verilog-2038: [E:/FPGA/TSP_RVmaster/FPGA/pango_cpu/ipcore/Dual_RAM/rtl/ipml_dpram_v1_8_Dual_RAM.v(line number: 492)] Case condition never applies
I: Verilog-0004: [E:/FPGA/TSP_RVmaster/FPGA/pango_cpu/ipcore/Dual_RAM/rtl/ipml_dpram_v1_8_Dual_RAM.v(line number: 760)] Elaborating instance U_GTP_DRM18K
I: Verilog-0004: [E:/FPGA/TSP_RVmaster/FPGA/pango_cpu/ipcore/Dual_RAM/rtl/ipml_dpram_v1_8_Dual_RAM.v(line number: 760)] Elaborating instance U_GTP_DRM18K
W: Verilog-2020: [E:/FPGA/TSP_RVmaster/FPGA/pango_cpu/ipcore/Dual_RAM/rtl/ipml_dpram_v1_8_Dual_RAM.v(line number: 644)] Net DA_bus[8] in ipml_dpram_v1_8_Dual_RAM(original module ipml_dpram_v1_8_Dual_RAM) does not have a driver, tie it to 0
W: Verilog-2020: [E:/FPGA/TSP_RVmaster/FPGA/pango_cpu/ipcore/Dual_RAM/rtl/ipml_dpram_v1_8_Dual_RAM.v(line number: 644)] Net DA_bus[17] in ipml_dpram_v1_8_Dual_RAM(original module ipml_dpram_v1_8_Dual_RAM) does not have a driver, tie it to 0
W: Verilog-2020: [E:/FPGA/TSP_RVmaster/FPGA/pango_cpu/ipcore/Dual_RAM/rtl/ipml_dpram_v1_8_Dual_RAM.v(line number: 644)] Net DA_bus[26] in ipml_dpram_v1_8_Dual_RAM(original module ipml_dpram_v1_8_Dual_RAM) does not have a driver, tie it to 0
W: Verilog-2020: [E:/FPGA/TSP_RVmaster/FPGA/pango_cpu/ipcore/Dual_RAM/rtl/ipml_dpram_v1_8_Dual_RAM.v(line number: 644)] Net DA_bus[35] in ipml_dpram_v1_8_Dual_RAM(original module ipml_dpram_v1_8_Dual_RAM) does not have a driver, tie it to 0
W: Verilog-2020: [E:/FPGA/TSP_RVmaster/FPGA/pango_cpu/ipcore/Dual_RAM/rtl/ipml_dpram_v1_8_Dual_RAM.v(line number: 645)] Net DB_bus[8] in ipml_dpram_v1_8_Dual_RAM(original module ipml_dpram_v1_8_Dual_RAM) does not have a driver, tie it to 0
W: Verilog-2020: [E:/FPGA/TSP_RVmaster/FPGA/pango_cpu/ipcore/Dual_RAM/rtl/ipml_dpram_v1_8_Dual_RAM.v(line number: 645)] Net DB_bus[17] in ipml_dpram_v1_8_Dual_RAM(original module ipml_dpram_v1_8_Dual_RAM) does not have a driver, tie it to 0
W: Verilog-2020: [E:/FPGA/TSP_RVmaster/FPGA/pango_cpu/ipcore/Dual_RAM/rtl/ipml_dpram_v1_8_Dual_RAM.v(line number: 645)] Net DB_bus[26] in ipml_dpram_v1_8_Dual_RAM(original module ipml_dpram_v1_8_Dual_RAM) does not have a driver, tie it to 0
W: Verilog-2020: [E:/FPGA/TSP_RVmaster/FPGA/pango_cpu/ipcore/Dual_RAM/rtl/ipml_dpram_v1_8_Dual_RAM.v(line number: 645)] Net DB_bus[35] in ipml_dpram_v1_8_Dual_RAM(original module ipml_dpram_v1_8_Dual_RAM) does not have a driver, tie it to 0
W: Verilog-2019: [E:/FPGA/TSP_RVmaster/FPGA/pango_cpu/source/core/Ifu.v(line number: 140)] Width mismatch between port a_addr and signal bound to it for instantiated module Dual_RAM
W: Verilog-2019: [E:/FPGA/TSP_RVmaster/FPGA/pango_cpu/source/core/Ifu.v(line number: 140)] Width mismatch between port b_addr and signal bound to it for instantiated module Dual_RAM
W: Verilog-2024: [E:/FPGA/TSP_RVmaster/FPGA/pango_cpu/source/core/Ifu.v(line number: 3)] Give an initial value for the no drive output pin inst_err_o in graph of sdm module TSP_Ifu
W: Verilog-2021: [E:/FPGA/TSP_RVmaster/FPGA/pango_cpu/source/core/Ifu.v(line number: 113)] Net iram_ack_o in TSP_Ifu(original module TSP_Ifu) does not have a driver, tie it to 0
I: Verilog-0004: [E:/FPGA/TSP_RVmaster/FPGA/pango_cpu/source/core/core.v(line number: 155)] Elaborating instance u_TSP_Idec
I: Verilog-0003: [E:/FPGA/TSP_RVmaster/FPGA/pango_cpu/source/core/idec.v(line number: 6)] Elaborating module TSP_Idec
I: Verilog-0004: [E:/FPGA/TSP_RVmaster/FPGA/pango_cpu/source/core/core.v(line number: 203)] Elaborating instance u_TSP_Regfiles
I: Verilog-0003: [E:/FPGA/TSP_RVmaster/FPGA/pango_cpu/source/core/regfiles.v(line number: 3)] Elaborating module TSP_Regfiles
I: Verilog-0004: [E:/FPGA/TSP_RVmaster/FPGA/pango_cpu/source/core/regfiles.v(line number: 26)] Elaborating instance RV32I_reg_i
I: Verilog-0003: [E:/FPGA/TSP_RVmaster/FPGA/pango_cpu/source/core/dff.v(line number: 4)] Elaborating module REGs_WLWR
I: Module instance {SoC_Top/u_TSP_Core/u_TSP_Regfiles/x1_31[1].RV32I_reg_i} parameter value:
    RW = 32'b00000000000000000000000000100000
    RST_VAL = 32'b00000000000000000000000000000000
I: Verilog-0004: [E:/FPGA/TSP_RVmaster/FPGA/pango_cpu/source/core/regfiles.v(line number: 26)] Elaborating instance RV32I_reg_i
I: Verilog-0003: [E:/FPGA/TSP_RVmaster/FPGA/pango_cpu/source/core/dff.v(line number: 4)] Elaborating module REGs_WLWR
I: Module instance {SoC_Top/u_TSP_Core/u_TSP_Regfiles/x1_31[2].RV32I_reg_i} parameter value:
    RW = 32'b00000000000000000000000000100000
    RST_VAL = 32'b00000000000000000000000000000000
I: Verilog-0004: [E:/FPGA/TSP_RVmaster/FPGA/pango_cpu/source/core/regfiles.v(line number: 26)] Elaborating instance RV32I_reg_i
I: Verilog-0003: [E:/FPGA/TSP_RVmaster/FPGA/pango_cpu/source/core/dff.v(line number: 4)] Elaborating module REGs_WLWR
I: Module instance {SoC_Top/u_TSP_Core/u_TSP_Regfiles/x1_31[3].RV32I_reg_i} parameter value:
    RW = 32'b00000000000000000000000000100000
    RST_VAL = 32'b00000000000000000000000000000000
I: Verilog-0004: [E:/FPGA/TSP_RVmaster/FPGA/pango_cpu/source/core/regfiles.v(line number: 26)] Elaborating instance RV32I_reg_i
I: Verilog-0003: [E:/FPGA/TSP_RVmaster/FPGA/pango_cpu/source/core/dff.v(line number: 4)] Elaborating module REGs_WLWR
I: Module instance {SoC_Top/u_TSP_Core/u_TSP_Regfiles/x1_31[4].RV32I_reg_i} parameter value:
    RW = 32'b00000000000000000000000000100000
    RST_VAL = 32'b00000000000000000000000000000000
I: Verilog-0004: [E:/FPGA/TSP_RVmaster/FPGA/pango_cpu/source/core/regfiles.v(line number: 26)] Elaborating instance RV32I_reg_i
I: Verilog-0003: [E:/FPGA/TSP_RVmaster/FPGA/pango_cpu/source/core/dff.v(line number: 4)] Elaborating module REGs_WLWR
I: Module instance {SoC_Top/u_TSP_Core/u_TSP_Regfiles/x1_31[5].RV32I_reg_i} parameter value:
    RW = 32'b00000000000000000000000000100000
    RST_VAL = 32'b00000000000000000000000000000000
I: Verilog-0004: [E:/FPGA/TSP_RVmaster/FPGA/pango_cpu/source/core/regfiles.v(line number: 26)] Elaborating instance RV32I_reg_i
I: Verilog-0003: [E:/FPGA/TSP_RVmaster/FPGA/pango_cpu/source/core/dff.v(line number: 4)] Elaborating module REGs_WLWR
I: Module instance {SoC_Top/u_TSP_Core/u_TSP_Regfiles/x1_31[6].RV32I_reg_i} parameter value:
    RW = 32'b00000000000000000000000000100000
    RST_VAL = 32'b00000000000000000000000000000000
I: Verilog-0004: [E:/FPGA/TSP_RVmaster/FPGA/pango_cpu/source/core/regfiles.v(line number: 26)] Elaborating instance RV32I_reg_i
I: Verilog-0003: [E:/FPGA/TSP_RVmaster/FPGA/pango_cpu/source/core/dff.v(line number: 4)] Elaborating module REGs_WLWR
I: Module instance {SoC_Top/u_TSP_Core/u_TSP_Regfiles/x1_31[7].RV32I_reg_i} parameter value:
    RW = 32'b00000000000000000000000000100000
    RST_VAL = 32'b00000000000000000000000000000000
I: Verilog-0004: [E:/FPGA/TSP_RVmaster/FPGA/pango_cpu/source/core/regfiles.v(line number: 26)] Elaborating instance RV32I_reg_i
I: Verilog-0003: [E:/FPGA/TSP_RVmaster/FPGA/pango_cpu/source/core/dff.v(line number: 4)] Elaborating module REGs_WLWR
I: Module instance {SoC_Top/u_TSP_Core/u_TSP_Regfiles/x1_31[8].RV32I_reg_i} parameter value:
    RW = 32'b00000000000000000000000000100000
    RST_VAL = 32'b00000000000000000000000000000000
I: Verilog-0004: [E:/FPGA/TSP_RVmaster/FPGA/pango_cpu/source/core/regfiles.v(line number: 26)] Elaborating instance RV32I_reg_i
I: Verilog-0003: [E:/FPGA/TSP_RVmaster/FPGA/pango_cpu/source/core/dff.v(line number: 4)] Elaborating module REGs_WLWR
I: Module instance {SoC_Top/u_TSP_Core/u_TSP_Regfiles/x1_31[9].RV32I_reg_i} parameter value:
    RW = 32'b00000000000000000000000000100000
    RST_VAL = 32'b00000000000000000000000000000000
I: Verilog-0004: [E:/FPGA/TSP_RVmaster/FPGA/pango_cpu/source/core/regfiles.v(line number: 26)] Elaborating instance RV32I_reg_i
I: Verilog-0003: [E:/FPGA/TSP_RVmaster/FPGA/pango_cpu/source/core/dff.v(line number: 4)] Elaborating module REGs_WLWR
I: Module instance {SoC_Top/u_TSP_Core/u_TSP_Regfiles/x1_31[10].RV32I_reg_i} parameter value:
    RW = 32'b00000000000000000000000000100000
    RST_VAL = 32'b00000000000000000000000000000000
I: Verilog-0004: [E:/FPGA/TSP_RVmaster/FPGA/pango_cpu/source/core/regfiles.v(line number: 26)] Elaborating instance RV32I_reg_i
I: Verilog-0003: [E:/FPGA/TSP_RVmaster/FPGA/pango_cpu/source/core/dff.v(line number: 4)] Elaborating module REGs_WLWR
I: Module instance {SoC_Top/u_TSP_Core/u_TSP_Regfiles/x1_31[11].RV32I_reg_i} parameter value:
    RW = 32'b00000000000000000000000000100000
    RST_VAL = 32'b00000000000000000000000000000000
I: Verilog-0004: [E:/FPGA/TSP_RVmaster/FPGA/pango_cpu/source/core/regfiles.v(line number: 26)] Elaborating instance RV32I_reg_i
I: Verilog-0003: [E:/FPGA/TSP_RVmaster/FPGA/pango_cpu/source/core/dff.v(line number: 4)] Elaborating module REGs_WLWR
I: Module instance {SoC_Top/u_TSP_Core/u_TSP_Regfiles/x1_31[12].RV32I_reg_i} parameter value:
    RW = 32'b00000000000000000000000000100000
    RST_VAL = 32'b00000000000000000000000000000000
I: Verilog-0004: [E:/FPGA/TSP_RVmaster/FPGA/pango_cpu/source/core/regfiles.v(line number: 26)] Elaborating instance RV32I_reg_i
I: Verilog-0003: [E:/FPGA/TSP_RVmaster/FPGA/pango_cpu/source/core/dff.v(line number: 4)] Elaborating module REGs_WLWR
I: Module instance {SoC_Top/u_TSP_Core/u_TSP_Regfiles/x1_31[13].RV32I_reg_i} parameter value:
    RW = 32'b00000000000000000000000000100000
    RST_VAL = 32'b00000000000000000000000000000000
I: Verilog-0004: [E:/FPGA/TSP_RVmaster/FPGA/pango_cpu/source/core/regfiles.v(line number: 26)] Elaborating instance RV32I_reg_i
I: Verilog-0003: [E:/FPGA/TSP_RVmaster/FPGA/pango_cpu/source/core/dff.v(line number: 4)] Elaborating module REGs_WLWR
I: Module instance {SoC_Top/u_TSP_Core/u_TSP_Regfiles/x1_31[14].RV32I_reg_i} parameter value:
    RW = 32'b00000000000000000000000000100000
    RST_VAL = 32'b00000000000000000000000000000000
I: Verilog-0004: [E:/FPGA/TSP_RVmaster/FPGA/pango_cpu/source/core/regfiles.v(line number: 26)] Elaborating instance RV32I_reg_i
I: Verilog-0003: [E:/FPGA/TSP_RVmaster/FPGA/pango_cpu/source/core/dff.v(line number: 4)] Elaborating module REGs_WLWR
I: Module instance {SoC_Top/u_TSP_Core/u_TSP_Regfiles/x1_31[15].RV32I_reg_i} parameter value:
    RW = 32'b00000000000000000000000000100000
    RST_VAL = 32'b00000000000000000000000000000000
I: Verilog-0004: [E:/FPGA/TSP_RVmaster/FPGA/pango_cpu/source/core/regfiles.v(line number: 26)] Elaborating instance RV32I_reg_i
I: Verilog-0003: [E:/FPGA/TSP_RVmaster/FPGA/pango_cpu/source/core/dff.v(line number: 4)] Elaborating module REGs_WLWR
I: Module instance {SoC_Top/u_TSP_Core/u_TSP_Regfiles/x1_31[16].RV32I_reg_i} parameter value:
    RW = 32'b00000000000000000000000000100000
    RST_VAL = 32'b00000000000000000000000000000000
I: Verilog-0004: [E:/FPGA/TSP_RVmaster/FPGA/pango_cpu/source/core/regfiles.v(line number: 26)] Elaborating instance RV32I_reg_i
I: Verilog-0003: [E:/FPGA/TSP_RVmaster/FPGA/pango_cpu/source/core/dff.v(line number: 4)] Elaborating module REGs_WLWR
I: Module instance {SoC_Top/u_TSP_Core/u_TSP_Regfiles/x1_31[17].RV32I_reg_i} parameter value:
    RW = 32'b00000000000000000000000000100000
    RST_VAL = 32'b00000000000000000000000000000000
I: Verilog-0004: [E:/FPGA/TSP_RVmaster/FPGA/pango_cpu/source/core/regfiles.v(line number: 26)] Elaborating instance RV32I_reg_i
I: Verilog-0003: [E:/FPGA/TSP_RVmaster/FPGA/pango_cpu/source/core/dff.v(line number: 4)] Elaborating module REGs_WLWR
I: Module instance {SoC_Top/u_TSP_Core/u_TSP_Regfiles/x1_31[18].RV32I_reg_i} parameter value:
    RW = 32'b00000000000000000000000000100000
    RST_VAL = 32'b00000000000000000000000000000000
I: Verilog-0004: [E:/FPGA/TSP_RVmaster/FPGA/pango_cpu/source/core/regfiles.v(line number: 26)] Elaborating instance RV32I_reg_i
I: Verilog-0003: [E:/FPGA/TSP_RVmaster/FPGA/pango_cpu/source/core/dff.v(line number: 4)] Elaborating module REGs_WLWR
I: Module instance {SoC_Top/u_TSP_Core/u_TSP_Regfiles/x1_31[19].RV32I_reg_i} parameter value:
    RW = 32'b00000000000000000000000000100000
    RST_VAL = 32'b00000000000000000000000000000000
I: Verilog-0004: [E:/FPGA/TSP_RVmaster/FPGA/pango_cpu/source/core/regfiles.v(line number: 26)] Elaborating instance RV32I_reg_i
I: Verilog-0003: [E:/FPGA/TSP_RVmaster/FPGA/pango_cpu/source/core/dff.v(line number: 4)] Elaborating module REGs_WLWR
I: Module instance {SoC_Top/u_TSP_Core/u_TSP_Regfiles/x1_31[20].RV32I_reg_i} parameter value:
    RW = 32'b00000000000000000000000000100000
    RST_VAL = 32'b00000000000000000000000000000000
I: Verilog-0004: [E:/FPGA/TSP_RVmaster/FPGA/pango_cpu/source/core/regfiles.v(line number: 26)] Elaborating instance RV32I_reg_i
I: Verilog-0003: [E:/FPGA/TSP_RVmaster/FPGA/pango_cpu/source/core/dff.v(line number: 4)] Elaborating module REGs_WLWR
I: Module instance {SoC_Top/u_TSP_Core/u_TSP_Regfiles/x1_31[21].RV32I_reg_i} parameter value:
    RW = 32'b00000000000000000000000000100000
    RST_VAL = 32'b00000000000000000000000000000000
I: Verilog-0004: [E:/FPGA/TSP_RVmaster/FPGA/pango_cpu/source/core/regfiles.v(line number: 26)] Elaborating instance RV32I_reg_i
I: Verilog-0003: [E:/FPGA/TSP_RVmaster/FPGA/pango_cpu/source/core/dff.v(line number: 4)] Elaborating module REGs_WLWR
I: Module instance {SoC_Top/u_TSP_Core/u_TSP_Regfiles/x1_31[22].RV32I_reg_i} parameter value:
    RW = 32'b00000000000000000000000000100000
    RST_VAL = 32'b00000000000000000000000000000000
I: Verilog-0004: [E:/FPGA/TSP_RVmaster/FPGA/pango_cpu/source/core/regfiles.v(line number: 26)] Elaborating instance RV32I_reg_i
I: Verilog-0003: [E:/FPGA/TSP_RVmaster/FPGA/pango_cpu/source/core/dff.v(line number: 4)] Elaborating module REGs_WLWR
I: Module instance {SoC_Top/u_TSP_Core/u_TSP_Regfiles/x1_31[23].RV32I_reg_i} parameter value:
    RW = 32'b00000000000000000000000000100000
    RST_VAL = 32'b00000000000000000000000000000000
I: Verilog-0004: [E:/FPGA/TSP_RVmaster/FPGA/pango_cpu/source/core/regfiles.v(line number: 26)] Elaborating instance RV32I_reg_i
I: Verilog-0003: [E:/FPGA/TSP_RVmaster/FPGA/pango_cpu/source/core/dff.v(line number: 4)] Elaborating module REGs_WLWR
I: Module instance {SoC_Top/u_TSP_Core/u_TSP_Regfiles/x1_31[24].RV32I_reg_i} parameter value:
    RW = 32'b00000000000000000000000000100000
    RST_VAL = 32'b00000000000000000000000000000000
I: Verilog-0004: [E:/FPGA/TSP_RVmaster/FPGA/pango_cpu/source/core/regfiles.v(line number: 26)] Elaborating instance RV32I_reg_i
I: Verilog-0003: [E:/FPGA/TSP_RVmaster/FPGA/pango_cpu/source/core/dff.v(line number: 4)] Elaborating module REGs_WLWR
I: Module instance {SoC_Top/u_TSP_Core/u_TSP_Regfiles/x1_31[25].RV32I_reg_i} parameter value:
    RW = 32'b00000000000000000000000000100000
    RST_VAL = 32'b00000000000000000000000000000000
I: Verilog-0004: [E:/FPGA/TSP_RVmaster/FPGA/pango_cpu/source/core/regfiles.v(line number: 26)] Elaborating instance RV32I_reg_i
I: Verilog-0003: [E:/FPGA/TSP_RVmaster/FPGA/pango_cpu/source/core/dff.v(line number: 4)] Elaborating module REGs_WLWR
I: Module instance {SoC_Top/u_TSP_Core/u_TSP_Regfiles/x1_31[26].RV32I_reg_i} parameter value:
    RW = 32'b00000000000000000000000000100000
    RST_VAL = 32'b00000000000000000000000000000000
I: Verilog-0004: [E:/FPGA/TSP_RVmaster/FPGA/pango_cpu/source/core/regfiles.v(line number: 26)] Elaborating instance RV32I_reg_i
I: Verilog-0003: [E:/FPGA/TSP_RVmaster/FPGA/pango_cpu/source/core/dff.v(line number: 4)] Elaborating module REGs_WLWR
I: Module instance {SoC_Top/u_TSP_Core/u_TSP_Regfiles/x1_31[27].RV32I_reg_i} parameter value:
    RW = 32'b00000000000000000000000000100000
    RST_VAL = 32'b00000000000000000000000000000000
I: Verilog-0004: [E:/FPGA/TSP_RVmaster/FPGA/pango_cpu/source/core/regfiles.v(line number: 26)] Elaborating instance RV32I_reg_i
I: Verilog-0003: [E:/FPGA/TSP_RVmaster/FPGA/pango_cpu/source/core/dff.v(line number: 4)] Elaborating module REGs_WLWR
I: Module instance {SoC_Top/u_TSP_Core/u_TSP_Regfiles/x1_31[28].RV32I_reg_i} parameter value:
    RW = 32'b00000000000000000000000000100000
    RST_VAL = 32'b00000000000000000000000000000000
I: Verilog-0004: [E:/FPGA/TSP_RVmaster/FPGA/pango_cpu/source/core/regfiles.v(line number: 26)] Elaborating instance RV32I_reg_i
I: Verilog-0003: [E:/FPGA/TSP_RVmaster/FPGA/pango_cpu/source/core/dff.v(line number: 4)] Elaborating module REGs_WLWR
I: Module instance {SoC_Top/u_TSP_Core/u_TSP_Regfiles/x1_31[29].RV32I_reg_i} parameter value:
    RW = 32'b00000000000000000000000000100000
    RST_VAL = 32'b00000000000000000000000000000000
I: Verilog-0004: [E:/FPGA/TSP_RVmaster/FPGA/pango_cpu/source/core/regfiles.v(line number: 26)] Elaborating instance RV32I_reg_i
I: Verilog-0003: [E:/FPGA/TSP_RVmaster/FPGA/pango_cpu/source/core/dff.v(line number: 4)] Elaborating module REGs_WLWR
I: Module instance {SoC_Top/u_TSP_Core/u_TSP_Regfiles/x1_31[30].RV32I_reg_i} parameter value:
    RW = 32'b00000000000000000000000000100000
    RST_VAL = 32'b00000000000000000000000000000000
I: Verilog-0004: [E:/FPGA/TSP_RVmaster/FPGA/pango_cpu/source/core/regfiles.v(line number: 26)] Elaborating instance RV32I_reg_i
I: Verilog-0003: [E:/FPGA/TSP_RVmaster/FPGA/pango_cpu/source/core/dff.v(line number: 4)] Elaborating module REGs_WLWR
I: Module instance {SoC_Top/u_TSP_Core/u_TSP_Regfiles/x1_31[31].RV32I_reg_i} parameter value:
    RW = 32'b00000000000000000000000000100000
    RST_VAL = 32'b00000000000000000000000000000000
I: Verilog-0004: [E:/FPGA/TSP_RVmaster/FPGA/pango_cpu/source/core/core.v(line number: 248)] Elaborating instance u_TSP_Disp_Exu
I: Verilog-0003: [E:/FPGA/TSP_RVmaster/FPGA/pango_cpu/source/core/disp_exu.v(line number: 3)] Elaborating module TSP_Disp_Exu
I: Verilog-0004: [E:/FPGA/TSP_RVmaster/FPGA/pango_cpu/source/core/disp_exu.v(line number: 87)] Elaborating instance DECODE_PC_REG1
I: Verilog-0003: [E:/FPGA/TSP_RVmaster/FPGA/pango_cpu/source/core/dff.v(line number: 4)] Elaborating module REGs_WLWR
I: Module instance {SoC_Top/u_TSP_Core/u_TSP_Disp_Exu/DECODE_PC_REG1} parameter value:
    RW = 32'b00000000000000000000000000100000
    RST_VAL = 32'b00000000000000000000000000000000
I: Verilog-0004: [E:/FPGA/TSP_RVmaster/FPGA/pango_cpu/source/core/disp_exu.v(line number: 108)] Elaborating instance Exu_common_u0
I: Verilog-0003: [E:/FPGA/TSP_RVmaster/FPGA/pango_cpu/source/core/exu_common.v(line number: 3)] Elaborating module TSP_Exu_common
I: Verilog-0004: [E:/FPGA/TSP_RVmaster/FPGA/pango_cpu/source/core/disp_exu.v(line number: 175)] Elaborating instance Exu_bjp_u0
I: Verilog-0003: [E:/FPGA/TSP_RVmaster/FPGA/pango_cpu/source/core/exu_bjp.v(line number: 3)] Elaborating module Exu_bjp
I: Verilog-0004: [E:/FPGA/TSP_RVmaster/FPGA/pango_cpu/source/core/exu_bjp.v(line number: 47)] Elaborating instance BTB_update_valid_reg
I: Verilog-0003: [E:/FPGA/TSP_RVmaster/FPGA/pango_cpu/source/core/dff.v(line number: 42)] Elaborating module REGs_NLWR
I: Module instance {SoC_Top/u_TSP_Core/u_TSP_Disp_Exu/Exu_bjp_u0/BTB_update_valid_reg} parameter value:
    RW = 32'b00000000000000000000000000000001
    RST_VAL = 32'b00000000000000000000000000000000
I: Verilog-0004: [E:/FPGA/TSP_RVmaster/FPGA/pango_cpu/source/core/disp_exu.v(line number: 202)] Elaborating instance Exu_muldiv_u0
I: Verilog-0003: [E:/FPGA/TSP_RVmaster/FPGA/pango_cpu/source/core/exu_muldiv.v(line number: 3)] Elaborating module TSP_Exu_muldiv
I: Verilog-0004: [E:/FPGA/TSP_RVmaster/FPGA/pango_cpu/source/core/exu_muldiv.v(line number: 80)] Elaborating instance Exu_multiplier
I: Verilog-0003: [E:/FPGA/TSP_RVmaster/FPGA/pango_cpu/source/core/exu_muldiv.v(line number: 159)] Elaborating module Booth_Multiplier_4xB
I: Module instance {SoC_Top/u_TSP_Core/u_TSP_Disp_Exu/Exu_muldiv_u0/Exu_multiplier} parameter value:
    N = 32'b00000000000000000000000000100000
I: Verilog-0004: [E:/FPGA/TSP_RVmaster/FPGA/pango_cpu/source/core/exu_muldiv.v(line number: 123)] Elaborating instance Exu_divider
I: Verilog-0003: [E:/FPGA/TSP_RVmaster/FPGA/pango_cpu/source/core/exu_muldiv.v(line number: 573)] Elaborating module divfunc
I: Module instance {SoC_Top/u_TSP_Core/u_TSP_Disp_Exu/Exu_muldiv_u0/Exu_divider} parameter value:
    XLEN = 32'b00000000000000000000000000100000
    STAGE_LIST = 32'b11111111111111111111111111111111
I: Verilog-0004: [E:/FPGA/TSP_RVmaster/FPGA/pango_cpu/source/core/disp_exu.v(line number: 233)] Elaborating instance Exu_ls_u0
I: Verilog-0003: [E:/FPGA/TSP_RVmaster/FPGA/pango_cpu/source/core/exu_ls.v(line number: 3)] Elaborating module TSP_Exu_ls
I: Verilog-0004: [E:/FPGA/TSP_RVmaster/FPGA/pango_cpu/source/core/core.v(line number: 324)] Elaborating instance u_ls_ctrl
I: Verilog-0003: [E:/FPGA/TSP_RVmaster/FPGA/pango_cpu/source/core/ls_ctrl.v(line number: 3)] Elaborating module ls_ctrl
I: Verilog-0004: [E:/FPGA/TSP_RVmaster/FPGA/pango_cpu/source/core/core.v(line number: 365)] Elaborating instance u_TSP_Wb_arbiter
I: Verilog-0003: [E:/FPGA/TSP_RVmaster/FPGA/pango_cpu/source/core/wb_arbiter.v(line number: 3)] Elaborating module TSP_Wb_arbiter
I: Verilog-0004: [E:/FPGA/TSP_RVmaster/FPGA/pango_cpu/source/peripheral/soc_top.v(line number: 69)] Elaborating instance u_Interconnect
I: Verilog-0003: [E:/FPGA/TSP_RVmaster/FPGA/pango_cpu/source/peripheral/AXI_Interconnect.v(line number: 3)] Elaborating module TSP_AXI_Interconnect
I: Verilog-0004: [E:/FPGA/TSP_RVmaster/FPGA/pango_cpu/source/peripheral/soc_top.v(line number: 91)] Elaborating instance u_SRAM
I: Verilog-0003: [E:/FPGA/TSP_RVmaster/FPGA/pango_cpu/source/ram/sram.v(line number: 3)] Elaborating module TSP_Sram
I: Verilog-0004: [E:/FPGA/TSP_RVmaster/FPGA/pango_cpu/source/ram/sram.v(line number: 111)] Elaborating instance u_Data_Ram
I: Verilog-0003: [E:/FPGA/TSP_RVmaster/FPGA/pango_cpu/ipcore/RAM/RAM.v(line number: 16)] Elaborating module RAM
I: Verilog-0004: [E:/FPGA/TSP_RVmaster/FPGA/pango_cpu/ipcore/RAM/RAM.v(line number: 128)] Elaborating instance U_ipml_spram_RAM
I: Verilog-0003: [E:/FPGA/TSP_RVmaster/FPGA/pango_cpu/ipcore/RAM/rtl/ipml_spram_v1_7_RAM.v(line number: 17)] Elaborating module ipml_spram_v1_7_RAM
I: Module instance {SoC_Top/u_SRAM/u_Data_Ram/U_ipml_spram_RAM} parameter value:
    c_SIM_DEVICE = LOGOS
    c_ADDR_WIDTH = 32'b00000000000000000000000000001100
    c_DATA_WIDTH = 32'b00000000000000000000000000100000
    c_OUTPUT_REG = 32'b00000000000000000000000000000000
    c_RD_OCE_EN = 32'b00000000000000000000000000000000
    c_CLK_EN = 32'b00000000000000000000000000000000
    c_ADDR_STROBE_EN = 32'b00000000000000000000000000000000
    c_RESET_TYPE = ASYNC_RESET
    c_POWER_OPT = 32'b00000000000000000000000000000000
    c_CLK_OR_POL_INV = 32'b00000000000000000000000000000000
    c_INIT_FILE = NONE
    c_INIT_FORMAT = HEX
    c_WR_BYTE_EN = 32'b00000000000000000000000000000001
    c_BE_WIDTH = 32'b00000000000000000000000000000100
    c_RAM_MODE = SINGLE_PORT
    c_WRITE_MODE = NORMAL_WRITE
W: Verilog-2039: [E:/FPGA/TSP_RVmaster/FPGA/pango_cpu/ipcore/RAM/rtl/ipml_spram_v1_7_RAM.v(line number: 253)] Repeat multiplier in concatenation evaluates to 0
W: Verilog-2039: [E:/FPGA/TSP_RVmaster/FPGA/pango_cpu/ipcore/RAM/rtl/ipml_spram_v1_7_RAM.v(line number: 255)] Repeat multiplier in concatenation evaluates to 0
W: Verilog-2039: [E:/FPGA/TSP_RVmaster/FPGA/pango_cpu/ipcore/RAM/rtl/ipml_spram_v1_7_RAM.v(line number: 257)] Repeat multiplier in concatenation evaluates to 0
W: Verilog-2038: [E:/FPGA/TSP_RVmaster/FPGA/pango_cpu/ipcore/RAM/rtl/ipml_spram_v1_7_RAM.v(line number: 264)] Case condition never applies
W: Verilog-2038: [E:/FPGA/TSP_RVmaster/FPGA/pango_cpu/ipcore/RAM/rtl/ipml_spram_v1_7_RAM.v(line number: 268)] Case condition never applies
W: Verilog-2038: [E:/FPGA/TSP_RVmaster/FPGA/pango_cpu/ipcore/RAM/rtl/ipml_spram_v1_7_RAM.v(line number: 272)] Case condition never applies
W: Verilog-2038: [E:/FPGA/TSP_RVmaster/FPGA/pango_cpu/ipcore/RAM/rtl/ipml_spram_v1_7_RAM.v(line number: 276)] Case condition never applies
W: Verilog-2038: [E:/FPGA/TSP_RVmaster/FPGA/pango_cpu/ipcore/RAM/rtl/ipml_spram_v1_7_RAM.v(line number: 276)] Case condition never applies
W: Verilog-2038: [E:/FPGA/TSP_RVmaster/FPGA/pango_cpu/ipcore/RAM/rtl/ipml_spram_v1_7_RAM.v(line number: 264)] Case condition never applies
W: Verilog-2038: [E:/FPGA/TSP_RVmaster/FPGA/pango_cpu/ipcore/RAM/rtl/ipml_spram_v1_7_RAM.v(line number: 268)] Case condition never applies
W: Verilog-2038: [E:/FPGA/TSP_RVmaster/FPGA/pango_cpu/ipcore/RAM/rtl/ipml_spram_v1_7_RAM.v(line number: 272)] Case condition never applies
W: Verilog-2038: [E:/FPGA/TSP_RVmaster/FPGA/pango_cpu/ipcore/RAM/rtl/ipml_spram_v1_7_RAM.v(line number: 276)] Case condition never applies
W: Verilog-2038: [E:/FPGA/TSP_RVmaster/FPGA/pango_cpu/ipcore/RAM/rtl/ipml_spram_v1_7_RAM.v(line number: 276)] Case condition never applies
I: Verilog-0004: [E:/FPGA/TSP_RVmaster/FPGA/pango_cpu/ipcore/RAM/rtl/ipml_spram_v1_7_RAM.v(line number: 501)] Elaborating instance U_GTP_DRM18K
I: Verilog-0004: [E:/FPGA/TSP_RVmaster/FPGA/pango_cpu/ipcore/RAM/rtl/ipml_spram_v1_7_RAM.v(line number: 501)] Elaborating instance U_GTP_DRM18K
I: Verilog-0004: [E:/FPGA/TSP_RVmaster/FPGA/pango_cpu/ipcore/RAM/rtl/ipml_spram_v1_7_RAM.v(line number: 501)] Elaborating instance U_GTP_DRM18K
I: Verilog-0004: [E:/FPGA/TSP_RVmaster/FPGA/pango_cpu/ipcore/RAM/rtl/ipml_spram_v1_7_RAM.v(line number: 501)] Elaborating instance U_GTP_DRM18K
I: Verilog-0004: [E:/FPGA/TSP_RVmaster/FPGA/pango_cpu/ipcore/RAM/rtl/ipml_spram_v1_7_RAM.v(line number: 501)] Elaborating instance U_GTP_DRM18K
I: Verilog-0004: [E:/FPGA/TSP_RVmaster/FPGA/pango_cpu/ipcore/RAM/rtl/ipml_spram_v1_7_RAM.v(line number: 501)] Elaborating instance U_GTP_DRM18K
I: Verilog-0004: [E:/FPGA/TSP_RVmaster/FPGA/pango_cpu/ipcore/RAM/rtl/ipml_spram_v1_7_RAM.v(line number: 501)] Elaborating instance U_GTP_DRM18K
I: Verilog-0004: [E:/FPGA/TSP_RVmaster/FPGA/pango_cpu/ipcore/RAM/rtl/ipml_spram_v1_7_RAM.v(line number: 501)] Elaborating instance U_GTP_DRM18K
W: Verilog-2020: [E:/FPGA/TSP_RVmaster/FPGA/pango_cpu/ipcore/RAM/rtl/ipml_spram_v1_7_RAM.v(line number: 425)] Net DA_bus[8] in ipml_spram_v1_7_RAM(original module ipml_spram_v1_7_RAM) does not have a driver, tie it to 0
W: Verilog-2020: [E:/FPGA/TSP_RVmaster/FPGA/pango_cpu/ipcore/RAM/rtl/ipml_spram_v1_7_RAM.v(line number: 425)] Net DA_bus[17] in ipml_spram_v1_7_RAM(original module ipml_spram_v1_7_RAM) does not have a driver, tie it to 0
W: Verilog-2020: [E:/FPGA/TSP_RVmaster/FPGA/pango_cpu/ipcore/RAM/rtl/ipml_spram_v1_7_RAM.v(line number: 425)] Net DA_bus[26] in ipml_spram_v1_7_RAM(original module ipml_spram_v1_7_RAM) does not have a driver, tie it to 0
W: Verilog-2020: [E:/FPGA/TSP_RVmaster/FPGA/pango_cpu/ipcore/RAM/rtl/ipml_spram_v1_7_RAM.v(line number: 425)] Net DA_bus[35] in ipml_spram_v1_7_RAM(original module ipml_spram_v1_7_RAM) does not have a driver, tie it to 0
W: Verilog-2020: [E:/FPGA/TSP_RVmaster/FPGA/pango_cpu/ipcore/RAM/rtl/ipml_spram_v1_7_RAM.v(line number: 426)] Net DB_bus[8] in ipml_spram_v1_7_RAM(original module ipml_spram_v1_7_RAM) does not have a driver, tie it to 0
W: Verilog-2020: [E:/FPGA/TSP_RVmaster/FPGA/pango_cpu/ipcore/RAM/rtl/ipml_spram_v1_7_RAM.v(line number: 426)] Net DB_bus[17] in ipml_spram_v1_7_RAM(original module ipml_spram_v1_7_RAM) does not have a driver, tie it to 0
W: Verilog-2020: [E:/FPGA/TSP_RVmaster/FPGA/pango_cpu/ipcore/RAM/rtl/ipml_spram_v1_7_RAM.v(line number: 426)] Net DB_bus[26] in ipml_spram_v1_7_RAM(original module ipml_spram_v1_7_RAM) does not have a driver, tie it to 0
W: Verilog-2020: [E:/FPGA/TSP_RVmaster/FPGA/pango_cpu/ipcore/RAM/rtl/ipml_spram_v1_7_RAM.v(line number: 426)] Net DB_bus[35] in ipml_spram_v1_7_RAM(original module ipml_spram_v1_7_RAM) does not have a driver, tie it to 0
W: Verilog-2019: [E:/FPGA/TSP_RVmaster/FPGA/pango_cpu/source/ram/sram.v(line number: 111)] Width mismatch between port addr and signal bound to it for instantiated module RAM
I: Verilog-0004: [E:/FPGA/TSP_RVmaster/FPGA/pango_cpu/source/peripheral/soc_top.v(line number: 106)] Elaborating instance u_UART
I: Verilog-0003: [E:/FPGA/TSP_RVmaster/FPGA/pango_cpu/source/uart/uart_axi_lite_wrapper.v(line number: 3)] Elaborating module uart_axi_lite_wrapper
I: Module instance {SoC_Top/u_UART} parameter value:
    CLK_FREQ_p = 32'b00000001011111010111100001000000
    BAUD_RATE_p = 32'b00000000000000000010010110000000
I: Verilog-0004: [E:/FPGA/TSP_RVmaster/FPGA/pango_cpu/source/uart/uart_axi_lite_wrapper.v(line number: 57)] Elaborating instance u_uart_core
I: Verilog-0003: [E:/FPGA/TSP_RVmaster/FPGA/pango_cpu/source/uart/uart.v(line number: 32)] Elaborating module uart
I: Module instance {SoC_Top/u_UART/u_uart_core} parameter value:
    DATA_WIDTH = 32'b00000000000000000000000000001000
I: Verilog-0004: [E:/FPGA/TSP_RVmaster/FPGA/pango_cpu/source/uart/uart.v(line number: 78)] Elaborating instance uart_tx_inst
I: Verilog-0003: [E:/FPGA/TSP_RVmaster/FPGA/pango_cpu/source/uart/uart_tx.v(line number: 32)] Elaborating module uart_tx
I: Module instance {SoC_Top/u_UART/u_uart_core/uart_tx_inst} parameter value:
    DATA_WIDTH = 32'b00000000000000000000000000001000
I: Verilog-0004: [E:/FPGA/TSP_RVmaster/FPGA/pango_cpu/source/uart/uart.v(line number: 96)] Elaborating instance uart_rx_inst
I: Verilog-0003: [E:/FPGA/TSP_RVmaster/FPGA/pango_cpu/source/uart/uart_rx.v(line number: 32)] Elaborating module uart_rx
I: Module instance {SoC_Top/u_UART/u_uart_core/uart_rx_inst} parameter value:
    DATA_WIDTH = 32'b00000000000000000000000000001000
Executing : rtl-elaborate successfully. Time elapsed: 0.071s wall, 0.031s user + 0.047s system = 0.078s CPU (110.3%)

Start rtl-prep.
Executing : rtl-prep successfully. Time elapsed: 0.090s wall, 0.094s user + 0.000s system = 0.094s CPU (103.7%)

Start rtl-infer.
Start DFF-inference.
I: Removed inst wready_r that is redundant to awready_r.
W: Sdm-2003: [E:/FPGA/TSP_RVmaster/FPGA/pango_cpu/source/core/regfiles.v(line number: 20)] The net 'RV32I_regs[0]' in SoC_Top.u_TSP_Core.u_TSP_Regfiles is un-driven.
I: Removed inst wready_r that is redundant to awready_r.
Executing : DFF-inference successfully.
W: Loop was found during constant probe.
W: Loop was found during constant probe.
Executing : rtl-infer successfully. Time elapsed: 0.807s wall, 0.547s user + 0.250s system = 0.797s CPU (98.8%)

Start rtl-control-opt.
Executing : rtl-control-opt successfully. Time elapsed: 0.010s wall, 0.000s user + 0.016s system = 0.016s CPU (159.7%)

Start rtl-data-opt.
Executing : rtl-data-opt successfully. Time elapsed: 0.078s wall, 0.078s user + 0.000s system = 0.078s CPU (100.6%)

Start FSM inference.
I: FSM r_target_fsm[1:0] inferred.
I: FSM w_target_fsm[1:0] inferred.
I: FSM state_fsm[2:0] inferred.
W: Loop was found during constant probe.
W: Loop was found during constant probe.
W: Loop was found during constant probe.
Executing : FSM inference successfully. Time elapsed: 0.034s wall, 0.031s user + 0.000s system = 0.031s CPU (91.1%)

Start sdm2adm.
W: Loop was found during constant probe.
W: Loop was found during constant probe.
W: Loop was found during constant probe.
W: Loop was found during constant probe.
W: Loop was found during constant probe.
W: Loop was found during constant probe.
I: Constant propagation done on N234 (bmsPMUX).
I: Constant propagation done on N196 (bmsPMUX).
I: Constant propagation done on N281 (bmsWIDEMUX).
I: Constant propagation done on N4 (bmsWIDEMUX).
I: Constant propagation done on N265 (bmsWIDEMUX).
W: Loop was found during constant probe.
W: Loop was found during constant probe.
W: Loop was found during constant probe.
W: Loop was found during constant probe.
I: Constant propagation done on N121 (bmsPMUX).
I: Constant propagation done on N22 (bmsWIDEMUX).
I: Constant propagation done on N112_1 (bmsWIDEMUX).
I: Constant propagation done on N91 (bmsWIDEMUX).
I: Constant propagation done on N129 (bmsWIDEMUX).
W: Loop was found during constant probe.
W: Loop was found during constant probe.
W: Loop was found during constant probe.
W: Loop was found during constant probe.
W: Loop was found during constant probe.
W: Loop was found during constant probe.
W: Loop was found during constant probe.
W: Loop was found during constant probe.
W: Loop was found during constant probe.
Executing : sdm2adm successfully. Time elapsed: 0.179s wall, 0.188s user + 0.000s system = 0.188s CPU (104.5%)

Saving design to DB.
Action compile: Real time elapsed is 0h:0m:6s
Action compile: CPU time elapsed is 0h:0m:2s
Action compile: Process CPU time elapsed is 0h:0m:2s
Current time: Wed Mar 25 13:38:55 2026
Action compile: Peak memory pool usage is 167 MB
