#Build: Fabric Compiler 2022.2-SP6.4, Build 146967, Jan 31 01:39 2024
#Install: E:\pango\PDS_2022.2-SP6.4\bin
#Application name: pds_shell.exe
#OS: Windows 10 10.0.26200
#Hostname: LAPTOP-E3CFACBD
Generated by Fabric Compiler (version 2022.2-SP6.4 build 146967) at Wed Mar 25 12:02:28 2026
License checkout: fabric_ads from C:\Users\lhx\Downloads\new_pds_cc1531929604.lic
Compiling verification operator library.
Loading technology operator library.
Compiling technology operator library.
Compiling technology operator (valence) library.
I: Enable Verilog2k features and keywords
Start rtl-analyze.
Executing : .rtl_analyze -work work -include_path {E:/FPGA/TSP_RVmaster/FPGA/pango_cpu} E:/FPGA/TSP_RVmaster/FPGA/pango_cpu/source/core/core.v
I: Verilog-0001: Analyzing file E:/FPGA/TSP_RVmaster/FPGA/pango_cpu/source/core/core.v
I: Found Verilog include file E:/FPGA/TSP_RVmaster/FPGA/pango_cpu/source/core/defines.v
I: Verilog-0002: [E:/FPGA/TSP_RVmaster/FPGA/pango_cpu/source/core/core.v(line number: 3)] Analyzing module TSP_Core (library work)
Parsing done.
Executing : .rtl_analyze -work work -include_path {E:/FPGA/TSP_RVmaster/FPGA/pango_cpu} E:/FPGA/TSP_RVmaster/FPGA/pango_cpu/source/core/core.v successfully.
W: Public-4030: File 'E:/FPGA/TSP_RVmaster/FPGA/pango_cpu/source/core/defines.v' has been added. It is skipped.
Executing : .rtl_analyze -work work -include_path {E:/FPGA/TSP_RVmaster/FPGA/pango_cpu} E:/FPGA/TSP_RVmaster/FPGA/pango_cpu/source/core/defines.v
I: Verilog-0001: Analyzing file E:/FPGA/TSP_RVmaster/FPGA/pango_cpu/source/core/defines.v
Parsing done.
Executing : .rtl_analyze -work work -include_path {E:/FPGA/TSP_RVmaster/FPGA/pango_cpu} E:/FPGA/TSP_RVmaster/FPGA/pango_cpu/source/core/defines.v successfully.
Executing : .rtl_analyze -work work -include_path {E:/FPGA/TSP_RVmaster/FPGA/pango_cpu} E:/FPGA/TSP_RVmaster/FPGA/pango_cpu/source/core/dff.v
I: Verilog-0001: Analyzing file E:/FPGA/TSP_RVmaster/FPGA/pango_cpu/source/core/dff.v
I: Found Verilog include file E:/FPGA/TSP_RVmaster/FPGA/pango_cpu/source/core/defines.v
W: Public-4030: File 'E:/FPGA/TSP_RVmaster/FPGA/pango_cpu/source/core/defines.v' has been added. It is skipped.
I: Verilog-0002: [E:/FPGA/TSP_RVmaster/FPGA/pango_cpu/source/core/dff.v(line number: 4)] Analyzing module REGs_WLWR (library work)
I: Verilog-0002: [E:/FPGA/TSP_RVmaster/FPGA/pango_cpu/source/core/dff.v(line number: 25)] Analyzing module REGs_WLNR (library work)
I: Verilog-0002: [E:/FPGA/TSP_RVmaster/FPGA/pango_cpu/source/core/dff.v(line number: 42)] Analyzing module REGs_NLWR (library work)
I: Verilog-0002: [E:/FPGA/TSP_RVmaster/FPGA/pango_cpu/source/core/dff.v(line number: 62)] Analyzing module REGs_NLNR (library work)
Parsing done.
Executing : .rtl_analyze -work work -include_path {E:/FPGA/TSP_RVmaster/FPGA/pango_cpu} E:/FPGA/TSP_RVmaster/FPGA/pango_cpu/source/core/dff.v successfully.
Executing : .rtl_analyze -work work -include_path {E:/FPGA/TSP_RVmaster/FPGA/pango_cpu} E:/FPGA/TSP_RVmaster/FPGA/pango_cpu/source/core/disp_exu.v
I: Verilog-0001: Analyzing file E:/FPGA/TSP_RVmaster/FPGA/pango_cpu/source/core/disp_exu.v
I: Found Verilog include file E:/FPGA/TSP_RVmaster/FPGA/pango_cpu/source/core/defines.v
W: Public-4030: File 'E:/FPGA/TSP_RVmaster/FPGA/pango_cpu/source/core/defines.v' has been added. It is skipped.
I: Verilog-0002: [E:/FPGA/TSP_RVmaster/FPGA/pango_cpu/source/core/disp_exu.v(line number: 3)] Analyzing module TSP_Disp_Exu (library work)
Parsing done.
Executing : .rtl_analyze -work work -include_path {E:/FPGA/TSP_RVmaster/FPGA/pango_cpu} E:/FPGA/TSP_RVmaster/FPGA/pango_cpu/source/core/disp_exu.v successfully.
Executing : .rtl_analyze -work work -include_path {E:/FPGA/TSP_RVmaster/FPGA/pango_cpu} E:/FPGA/TSP_RVmaster/FPGA/pango_cpu/source/core/exu_bjp.v
I: Verilog-0001: Analyzing file E:/FPGA/TSP_RVmaster/FPGA/pango_cpu/source/core/exu_bjp.v
I: Found Verilog include file E:/FPGA/TSP_RVmaster/FPGA/pango_cpu/source/core/defines.v
W: Public-4030: File 'E:/FPGA/TSP_RVmaster/FPGA/pango_cpu/source/core/defines.v' has been added. It is skipped.
I: Verilog-0002: [E:/FPGA/TSP_RVmaster/FPGA/pango_cpu/source/core/exu_bjp.v(line number: 3)] Analyzing module Exu_bjp (library work)
Parsing done.
Executing : .rtl_analyze -work work -include_path {E:/FPGA/TSP_RVmaster/FPGA/pango_cpu} E:/FPGA/TSP_RVmaster/FPGA/pango_cpu/source/core/exu_bjp.v successfully.
Executing : .rtl_analyze -work work -include_path {E:/FPGA/TSP_RVmaster/FPGA/pango_cpu} E:/FPGA/TSP_RVmaster/FPGA/pango_cpu/source/core/exu_common.v
I: Verilog-0001: Analyzing file E:/FPGA/TSP_RVmaster/FPGA/pango_cpu/source/core/exu_common.v
I: Found Verilog include file E:/FPGA/TSP_RVmaster/FPGA/pango_cpu/source/core/defines.v
W: Public-4030: File 'E:/FPGA/TSP_RVmaster/FPGA/pango_cpu/source/core/defines.v' has been added. It is skipped.
I: Verilog-0002: [E:/FPGA/TSP_RVmaster/FPGA/pango_cpu/source/core/exu_common.v(line number: 3)] Analyzing module TSP_Exu_common (library work)
Parsing done.
Executing : .rtl_analyze -work work -include_path {E:/FPGA/TSP_RVmaster/FPGA/pango_cpu} E:/FPGA/TSP_RVmaster/FPGA/pango_cpu/source/core/exu_common.v successfully.
Executing : .rtl_analyze -work work -include_path {E:/FPGA/TSP_RVmaster/FPGA/pango_cpu} E:/FPGA/TSP_RVmaster/FPGA/pango_cpu/source/core/exu_ls.v
I: Verilog-0001: Analyzing file E:/FPGA/TSP_RVmaster/FPGA/pango_cpu/source/core/exu_ls.v
I: Found Verilog include file E:/FPGA/TSP_RVmaster/FPGA/pango_cpu/source/core/defines.v
W: Public-4030: File 'E:/FPGA/TSP_RVmaster/FPGA/pango_cpu/source/core/defines.v' has been added. It is skipped.
I: Verilog-0002: [E:/FPGA/TSP_RVmaster/FPGA/pango_cpu/source/core/exu_ls.v(line number: 3)] Analyzing module TSP_Exu_ls (library work)
Parsing done.
Executing : .rtl_analyze -work work -include_path {E:/FPGA/TSP_RVmaster/FPGA/pango_cpu} E:/FPGA/TSP_RVmaster/FPGA/pango_cpu/source/core/exu_ls.v successfully.
Executing : .rtl_analyze -work work -include_path {E:/FPGA/TSP_RVmaster/FPGA/pango_cpu} E:/FPGA/TSP_RVmaster/FPGA/pango_cpu/source/core/exu_muldiv.v
I: Verilog-0001: Analyzing file E:/FPGA/TSP_RVmaster/FPGA/pango_cpu/source/core/exu_muldiv.v
I: Found Verilog include file E:/FPGA/TSP_RVmaster/FPGA/pango_cpu/source/core/defines.v
W: Public-4030: File 'E:/FPGA/TSP_RVmaster/FPGA/pango_cpu/source/core/defines.v' has been added. It is skipped.
I: Verilog-0002: [E:/FPGA/TSP_RVmaster/FPGA/pango_cpu/source/core/exu_muldiv.v(line number: 3)] Analyzing module TSP_Exu_muldiv (library work)
I: Verilog-0002: [E:/FPGA/TSP_RVmaster/FPGA/pango_cpu/source/core/exu_muldiv.v(line number: 159)] Analyzing module Booth_Multiplier_4xB (library work)
I: Verilog-0002: [E:/FPGA/TSP_RVmaster/FPGA/pango_cpu/source/core/exu_muldiv.v(line number: 573)] Analyzing module divfunc (library work)
Parsing done.
Executing : .rtl_analyze -work work -include_path {E:/FPGA/TSP_RVmaster/FPGA/pango_cpu} E:/FPGA/TSP_RVmaster/FPGA/pango_cpu/source/core/exu_muldiv.v successfully.
Executing : .rtl_analyze -work work -include_path {E:/FPGA/TSP_RVmaster/FPGA/pango_cpu} E:/FPGA/TSP_RVmaster/FPGA/pango_cpu/source/core/idec.v
I: Verilog-0001: Analyzing file E:/FPGA/TSP_RVmaster/FPGA/pango_cpu/source/core/idec.v
I: Found Verilog include file E:/FPGA/TSP_RVmaster/FPGA/pango_cpu/source/core/defines.v
W: Public-4030: File 'E:/FPGA/TSP_RVmaster/FPGA/pango_cpu/source/core/defines.v' has been added. It is skipped.
I: Verilog-0002: [E:/FPGA/TSP_RVmaster/FPGA/pango_cpu/source/core/idec.v(line number: 3)] Analyzing module TSP_Idec (library work)
Parsing done.
Executing : .rtl_analyze -work work -include_path {E:/FPGA/TSP_RVmaster/FPGA/pango_cpu} E:/FPGA/TSP_RVmaster/FPGA/pango_cpu/source/core/idec.v successfully.
Executing : .rtl_analyze -work work -include_path {E:/FPGA/TSP_RVmaster/FPGA/pango_cpu} E:/FPGA/TSP_RVmaster/FPGA/pango_cpu/source/core/Ifu.v
I: Verilog-0001: Analyzing file E:/FPGA/TSP_RVmaster/FPGA/pango_cpu/source/core/Ifu.v
I: Found Verilog include file E:/FPGA/TSP_RVmaster/FPGA/pango_cpu/source/core/defines.v
W: Public-4030: File 'E:/FPGA/TSP_RVmaster/FPGA/pango_cpu/source/core/defines.v' has been added. It is skipped.
I: Verilog-0002: [E:/FPGA/TSP_RVmaster/FPGA/pango_cpu/source/core/Ifu.v(line number: 3)] Analyzing module TSP_Ifu (library work)
Parsing done.
Executing : .rtl_analyze -work work -include_path {E:/FPGA/TSP_RVmaster/FPGA/pango_cpu} E:/FPGA/TSP_RVmaster/FPGA/pango_cpu/source/core/Ifu.v successfully.
Executing : .rtl_analyze -work work -include_path {E:/FPGA/TSP_RVmaster/FPGA/pango_cpu} E:/FPGA/TSP_RVmaster/FPGA/pango_cpu/source/core/ls_ctrl.v
I: Verilog-0001: Analyzing file E:/FPGA/TSP_RVmaster/FPGA/pango_cpu/source/core/ls_ctrl.v
I: Found Verilog include file E:/FPGA/TSP_RVmaster/FPGA/pango_cpu/source/core/defines.v
W: Public-4030: File 'E:/FPGA/TSP_RVmaster/FPGA/pango_cpu/source/core/defines.v' has been added. It is skipped.
I: Verilog-0002: [E:/FPGA/TSP_RVmaster/FPGA/pango_cpu/source/core/ls_ctrl.v(line number: 3)] Analyzing module ls_ctrl (library work)
Parsing done.
Executing : .rtl_analyze -work work -include_path {E:/FPGA/TSP_RVmaster/FPGA/pango_cpu} E:/FPGA/TSP_RVmaster/FPGA/pango_cpu/source/core/ls_ctrl.v successfully.
Executing : .rtl_analyze -work work -include_path {E:/FPGA/TSP_RVmaster/FPGA/pango_cpu} E:/FPGA/TSP_RVmaster/FPGA/pango_cpu/source/core/PC_control.v
I: Verilog-0001: Analyzing file E:/FPGA/TSP_RVmaster/FPGA/pango_cpu/source/core/PC_control.v
I: Found Verilog include file E:/FPGA/TSP_RVmaster/FPGA/pango_cpu/source/core/defines.v
W: Public-4030: File 'E:/FPGA/TSP_RVmaster/FPGA/pango_cpu/source/core/defines.v' has been added. It is skipped.
I: Verilog-0002: [E:/FPGA/TSP_RVmaster/FPGA/pango_cpu/source/core/PC_control.v(line number: 4)] Analyzing module PC_control (library work)
Parsing done.
Executing : .rtl_analyze -work work -include_path {E:/FPGA/TSP_RVmaster/FPGA/pango_cpu} E:/FPGA/TSP_RVmaster/FPGA/pango_cpu/source/core/PC_control.v successfully.
Executing : .rtl_analyze -work work -include_path {E:/FPGA/TSP_RVmaster/FPGA/pango_cpu} E:/FPGA/TSP_RVmaster/FPGA/pango_cpu/source/core/regfiles.v
I: Verilog-0001: Analyzing file E:/FPGA/TSP_RVmaster/FPGA/pango_cpu/source/core/regfiles.v
I: Found Verilog include file E:/FPGA/TSP_RVmaster/FPGA/pango_cpu/source/core/defines.v
W: Public-4030: File 'E:/FPGA/TSP_RVmaster/FPGA/pango_cpu/source/core/defines.v' has been added. It is skipped.
I: Verilog-0002: [E:/FPGA/TSP_RVmaster/FPGA/pango_cpu/source/core/regfiles.v(line number: 3)] Analyzing module TSP_Regfiles (library work)
Parsing done.
Executing : .rtl_analyze -work work -include_path {E:/FPGA/TSP_RVmaster/FPGA/pango_cpu} E:/FPGA/TSP_RVmaster/FPGA/pango_cpu/source/core/regfiles.v successfully.
Executing : .rtl_analyze -work work -include_path {E:/FPGA/TSP_RVmaster/FPGA/pango_cpu} E:/FPGA/TSP_RVmaster/FPGA/pango_cpu/source/core/wb_arbiter.v
I: Verilog-0001: Analyzing file E:/FPGA/TSP_RVmaster/FPGA/pango_cpu/source/core/wb_arbiter.v
I: Found Verilog include file E:/FPGA/TSP_RVmaster/FPGA/pango_cpu/source/core/defines.v
W: Public-4030: File 'E:/FPGA/TSP_RVmaster/FPGA/pango_cpu/source/core/defines.v' has been added. It is skipped.
I: Verilog-0002: [E:/FPGA/TSP_RVmaster/FPGA/pango_cpu/source/core/wb_arbiter.v(line number: 3)] Analyzing module TSP_Wb_arbiter (library work)
Parsing done.
Executing : .rtl_analyze -work work -include_path {E:/FPGA/TSP_RVmaster/FPGA/pango_cpu} E:/FPGA/TSP_RVmaster/FPGA/pango_cpu/source/core/wb_arbiter.v successfully.
Executing : .rtl_analyze -work work -include_path {E:/FPGA/TSP_RVmaster/FPGA/pango_cpu} E:/FPGA/TSP_RVmaster/FPGA/pango_cpu/source/peripheral/AXI_Interconnect.v
I: Verilog-0001: Analyzing file E:/FPGA/TSP_RVmaster/FPGA/pango_cpu/source/peripheral/AXI_Interconnect.v
I: Found Verilog include file E:/FPGA/TSP_RVmaster/FPGA/pango_cpu/source/core/defines.v
W: Public-4030: File 'E:/FPGA/TSP_RVmaster/FPGA/pango_cpu/source/core/defines.v' has been added. It is skipped.
I: Verilog-0002: [E:/FPGA/TSP_RVmaster/FPGA/pango_cpu/source/peripheral/AXI_Interconnect.v(line number: 3)] Analyzing module TSP_AXI_Interconnect (library work)
Parsing done.
Executing : .rtl_analyze -work work -include_path {E:/FPGA/TSP_RVmaster/FPGA/pango_cpu} E:/FPGA/TSP_RVmaster/FPGA/pango_cpu/source/peripheral/AXI_Interconnect.v successfully.
Executing : .rtl_analyze -work work -include_path {E:/FPGA/TSP_RVmaster/FPGA/pango_cpu} E:/FPGA/TSP_RVmaster/FPGA/pango_cpu/source/peripheral/soc_top.v
I: Verilog-0001: Analyzing file E:/FPGA/TSP_RVmaster/FPGA/pango_cpu/source/peripheral/soc_top.v
I: Found Verilog include file E:/FPGA/TSP_RVmaster/FPGA/pango_cpu/source/core/defines.v
W: Public-4030: File 'E:/FPGA/TSP_RVmaster/FPGA/pango_cpu/source/core/defines.v' has been added. It is skipped.
I: Verilog-0002: [E:/FPGA/TSP_RVmaster/FPGA/pango_cpu/source/peripheral/soc_top.v(line number: 3)] Analyzing module SoC_Top (library work)
Parsing done.
Executing : .rtl_analyze -work work -include_path {E:/FPGA/TSP_RVmaster/FPGA/pango_cpu} E:/FPGA/TSP_RVmaster/FPGA/pango_cpu/source/peripheral/soc_top.v successfully.
Executing : .rtl_analyze -work work -include_path {E:/FPGA/TSP_RVmaster/FPGA/pango_cpu} E:/FPGA/TSP_RVmaster/FPGA/pango_cpu/source/ram/ram.v
I: Verilog-0001: Analyzing file E:/FPGA/TSP_RVmaster/FPGA/pango_cpu/source/ram/ram.v
I: Found Verilog include file E:/FPGA/TSP_RVmaster/FPGA/pango_cpu/source/core/defines.v
W: Public-4030: File 'E:/FPGA/TSP_RVmaster/FPGA/pango_cpu/source/core/defines.v' has been added. It is skipped.
I: Verilog-0002: [E:/FPGA/TSP_RVmaster/FPGA/pango_cpu/source/ram/ram.v(line number: 3)] Analyzing module TSP_RAM (library work)
Parsing done.
Executing : .rtl_analyze -work work -include_path {E:/FPGA/TSP_RVmaster/FPGA/pango_cpu} E:/FPGA/TSP_RVmaster/FPGA/pango_cpu/source/ram/ram.v successfully.
Executing : .rtl_analyze -work work -include_path {E:/FPGA/TSP_RVmaster/FPGA/pango_cpu} E:/FPGA/TSP_RVmaster/FPGA/pango_cpu/source/ram/sram.v
I: Verilog-0001: Analyzing file E:/FPGA/TSP_RVmaster/FPGA/pango_cpu/source/ram/sram.v
I: Found Verilog include file E:/FPGA/TSP_RVmaster/FPGA/pango_cpu/source/core/defines.v
W: Public-4030: File 'E:/FPGA/TSP_RVmaster/FPGA/pango_cpu/source/core/defines.v' has been added. It is skipped.
I: Verilog-0002: [E:/FPGA/TSP_RVmaster/FPGA/pango_cpu/source/ram/sram.v(line number: 3)] Analyzing module TSP_Sram (library work)
Parsing done.
Executing : .rtl_analyze -work work -include_path {E:/FPGA/TSP_RVmaster/FPGA/pango_cpu} E:/FPGA/TSP_RVmaster/FPGA/pango_cpu/source/ram/sram.v successfully.
Executing : .rtl_analyze -work work -include_path {E:/FPGA/TSP_RVmaster/FPGA/pango_cpu} E:/FPGA/TSP_RVmaster/FPGA/pango_cpu/source/uart/uart.v
I: Verilog-0001: Analyzing file E:/FPGA/TSP_RVmaster/FPGA/pango_cpu/source/uart/uart.v
I: Verilog-0002: [E:/FPGA/TSP_RVmaster/FPGA/pango_cpu/source/uart/uart.v(line number: 32)] Analyzing module uart (library work)
Parsing done.
Executing : .rtl_analyze -work work -include_path {E:/FPGA/TSP_RVmaster/FPGA/pango_cpu} E:/FPGA/TSP_RVmaster/FPGA/pango_cpu/source/uart/uart.v successfully.
Executing : .rtl_analyze -work work -include_path {E:/FPGA/TSP_RVmaster/FPGA/pango_cpu} E:/FPGA/TSP_RVmaster/FPGA/pango_cpu/source/uart/uart_axi_lite_wrapper.v
I: Verilog-0001: Analyzing file E:/FPGA/TSP_RVmaster/FPGA/pango_cpu/source/uart/uart_axi_lite_wrapper.v
I: Found Verilog include file E:/FPGA/TSP_RVmaster/FPGA/pango_cpu/source/core/defines.v
W: Public-4030: File 'E:/FPGA/TSP_RVmaster/FPGA/pango_cpu/source/core/defines.v' has been added. It is skipped.
I: Verilog-0002: [E:/FPGA/TSP_RVmaster/FPGA/pango_cpu/source/uart/uart_axi_lite_wrapper.v(line number: 3)] Analyzing module uart_axi_lite_wrapper (library work)
Parsing done.
Executing : .rtl_analyze -work work -include_path {E:/FPGA/TSP_RVmaster/FPGA/pango_cpu} E:/FPGA/TSP_RVmaster/FPGA/pango_cpu/source/uart/uart_axi_lite_wrapper.v successfully.
Executing : .rtl_analyze -work work -include_path {E:/FPGA/TSP_RVmaster/FPGA/pango_cpu} E:/FPGA/TSP_RVmaster/FPGA/pango_cpu/source/uart/uart_rx.v
I: Verilog-0001: Analyzing file E:/FPGA/TSP_RVmaster/FPGA/pango_cpu/source/uart/uart_rx.v
I: Verilog-0002: [E:/FPGA/TSP_RVmaster/FPGA/pango_cpu/source/uart/uart_rx.v(line number: 32)] Analyzing module uart_rx (library work)
Parsing done.
Executing : .rtl_analyze -work work -include_path {E:/FPGA/TSP_RVmaster/FPGA/pango_cpu} E:/FPGA/TSP_RVmaster/FPGA/pango_cpu/source/uart/uart_rx.v successfully.
Executing : .rtl_analyze -work work -include_path {E:/FPGA/TSP_RVmaster/FPGA/pango_cpu} E:/FPGA/TSP_RVmaster/FPGA/pango_cpu/source/uart/uart_tx.v
I: Verilog-0001: Analyzing file E:/FPGA/TSP_RVmaster/FPGA/pango_cpu/source/uart/uart_tx.v
I: Verilog-0002: [E:/FPGA/TSP_RVmaster/FPGA/pango_cpu/source/uart/uart_tx.v(line number: 32)] Analyzing module uart_tx (library work)
Parsing done.
Executing : .rtl_analyze -work work -include_path {E:/FPGA/TSP_RVmaster/FPGA/pango_cpu} E:/FPGA/TSP_RVmaster/FPGA/pango_cpu/source/uart/uart_tx.v successfully.
Executing : .rtl_analyze -include_path {E:/FPGA/TSP_RVmaster/FPGA/pango_cpu} E:/FPGA/TSP_RVmaster/FPGA/pango_cpu/ipcore/sys_pll/sys_pll.v
I: Verilog-0001: Analyzing file E:/FPGA/TSP_RVmaster/FPGA/pango_cpu/ipcore/sys_pll/sys_pll.v
I: Verilog-0002: [E:/FPGA/TSP_RVmaster/FPGA/pango_cpu/ipcore/sys_pll/sys_pll.v(line number: 18)] Analyzing module sys_pll (library work)
Parsing done.
Executing : .rtl_analyze -include_path {E:/FPGA/TSP_RVmaster/FPGA/pango_cpu} E:/FPGA/TSP_RVmaster/FPGA/pango_cpu/ipcore/sys_pll/sys_pll.v successfully.
I: Module "SoC_Top" is set as top module.
Executing : rtl-analyze successfully. Time elapsed: 1.604s wall, 0.031s user + 0.000s system = 0.031s CPU (1.9%)

Start rtl-elaborate.
I: Verilog-0003: [E:/FPGA/TSP_RVmaster/FPGA/pango_cpu/source/peripheral/soc_top.v(line number: 3)] Elaborating module SoC_Top
I: Verilog-0004: [E:/FPGA/TSP_RVmaster/FPGA/pango_cpu/source/peripheral/soc_top.v(line number: 21)] Elaborating instance sys_pll_u0
I: Verilog-0003: [E:/FPGA/TSP_RVmaster/FPGA/pango_cpu/ipcore/sys_pll/sys_pll.v(line number: 18)] Elaborating module sys_pll
I: Verilog-0004: [E:/FPGA/TSP_RVmaster/FPGA/pango_cpu/ipcore/sys_pll/sys_pll.v(line number: 228)] Elaborating instance u_pll_e3
W: Verilog-2021: [E:/FPGA/TSP_RVmaster/FPGA/pango_cpu/ipcore/sys_pll/sys_pll.v(line number: 115)] Net clkfb in sys_pll(original module sys_pll) does not have a driver, tie it to 0
W: Verilog-2021: [E:/FPGA/TSP_RVmaster/FPGA/pango_cpu/ipcore/sys_pll/sys_pll.v(line number: 118)] Net pfden in sys_pll(original module sys_pll) does not have a driver, tie it to 0
W: Verilog-2021: [E:/FPGA/TSP_RVmaster/FPGA/pango_cpu/ipcore/sys_pll/sys_pll.v(line number: 119)] Net clkout0_gate in sys_pll(original module sys_pll) does not have a driver, tie it to 0
W: Verilog-2021: [E:/FPGA/TSP_RVmaster/FPGA/pango_cpu/ipcore/sys_pll/sys_pll.v(line number: 120)] Net clkout0_2pad_gate in sys_pll(original module sys_pll) does not have a driver, tie it to 0
W: Verilog-2021: [E:/FPGA/TSP_RVmaster/FPGA/pango_cpu/ipcore/sys_pll/sys_pll.v(line number: 121)] Net clkout1_gate in sys_pll(original module sys_pll) does not have a driver, tie it to 0
W: Verilog-2021: [E:/FPGA/TSP_RVmaster/FPGA/pango_cpu/ipcore/sys_pll/sys_pll.v(line number: 122)] Net clkout2_gate in sys_pll(original module sys_pll) does not have a driver, tie it to 0
W: Verilog-2021: [E:/FPGA/TSP_RVmaster/FPGA/pango_cpu/ipcore/sys_pll/sys_pll.v(line number: 123)] Net clkout3_gate in sys_pll(original module sys_pll) does not have a driver, tie it to 0
W: Verilog-2021: [E:/FPGA/TSP_RVmaster/FPGA/pango_cpu/ipcore/sys_pll/sys_pll.v(line number: 124)] Net clkout4_gate in sys_pll(original module sys_pll) does not have a driver, tie it to 0
W: Verilog-2021: [E:/FPGA/TSP_RVmaster/FPGA/pango_cpu/ipcore/sys_pll/sys_pll.v(line number: 125)] Net clkout5_gate in sys_pll(original module sys_pll) does not have a driver, tie it to 0
W: Verilog-2021: [E:/FPGA/TSP_RVmaster/FPGA/pango_cpu/ipcore/sys_pll/sys_pll.v(line number: 126)] Net dyn_idiv in sys_pll(original module sys_pll) does not have a driver, tie it to 0
W: Verilog-2021: [E:/FPGA/TSP_RVmaster/FPGA/pango_cpu/ipcore/sys_pll/sys_pll.v(line number: 127)] Net dyn_odiv0 in sys_pll(original module sys_pll) does not have a driver, tie it to 0
W: Verilog-2021: [E:/FPGA/TSP_RVmaster/FPGA/pango_cpu/ipcore/sys_pll/sys_pll.v(line number: 128)] Net dyn_odiv1 in sys_pll(original module sys_pll) does not have a driver, tie it to 0
W: Verilog-2021: [E:/FPGA/TSP_RVmaster/FPGA/pango_cpu/ipcore/sys_pll/sys_pll.v(line number: 129)] Net dyn_odiv2 in sys_pll(original module sys_pll) does not have a driver, tie it to 0
W: Verilog-2021: [E:/FPGA/TSP_RVmaster/FPGA/pango_cpu/ipcore/sys_pll/sys_pll.v(line number: 130)] Net dyn_odiv3 in sys_pll(original module sys_pll) does not have a driver, tie it to 0
W: Verilog-2021: [E:/FPGA/TSP_RVmaster/FPGA/pango_cpu/ipcore/sys_pll/sys_pll.v(line number: 131)] Net dyn_odiv4 in sys_pll(original module sys_pll) does not have a driver, tie it to 0
W: Verilog-2021: [E:/FPGA/TSP_RVmaster/FPGA/pango_cpu/ipcore/sys_pll/sys_pll.v(line number: 132)] Net dyn_fdiv in sys_pll(original module sys_pll) does not have a driver, tie it to 0
W: Verilog-2021: [E:/FPGA/TSP_RVmaster/FPGA/pango_cpu/ipcore/sys_pll/sys_pll.v(line number: 133)] Net dyn_duty0 in sys_pll(original module sys_pll) does not have a driver, tie it to 0
W: Verilog-2021: [E:/FPGA/TSP_RVmaster/FPGA/pango_cpu/ipcore/sys_pll/sys_pll.v(line number: 134)] Net dyn_duty1 in sys_pll(original module sys_pll) does not have a driver, tie it to 0
W: Verilog-2021: [E:/FPGA/TSP_RVmaster/FPGA/pango_cpu/ipcore/sys_pll/sys_pll.v(line number: 135)] Net dyn_duty2 in sys_pll(original module sys_pll) does not have a driver, tie it to 0
W: Verilog-2021: [E:/FPGA/TSP_RVmaster/FPGA/pango_cpu/ipcore/sys_pll/sys_pll.v(line number: 136)] Net dyn_duty3 in sys_pll(original module sys_pll) does not have a driver, tie it to 0
W: Verilog-2021: [E:/FPGA/TSP_RVmaster/FPGA/pango_cpu/ipcore/sys_pll/sys_pll.v(line number: 137)] Net dyn_duty4 in sys_pll(original module sys_pll) does not have a driver, tie it to 0
I: Verilog-0004: [E:/FPGA/TSP_RVmaster/FPGA/pango_cpu/source/peripheral/soc_top.v(line number: 51)] Elaborating instance u_TSP_Core
I: Verilog-0003: [E:/FPGA/TSP_RVmaster/FPGA/pango_cpu/source/core/core.v(line number: 3)] Elaborating module TSP_Core
I: Verilog-0004: [E:/FPGA/TSP_RVmaster/FPGA/pango_cpu/source/core/core.v(line number: 76)] Elaborating instance u_PC_control
I: Verilog-0003: [E:/FPGA/TSP_RVmaster/FPGA/pango_cpu/source/core/PC_control.v(line number: 4)] Elaborating module PC_control
I: Verilog-0004: [E:/FPGA/TSP_RVmaster/FPGA/pango_cpu/source/core/core.v(line number: 102)] Elaborating instance u_TSP_Ifu
I: Verilog-0003: [E:/FPGA/TSP_RVmaster/FPGA/pango_cpu/source/core/Ifu.v(line number: 3)] Elaborating module TSP_Ifu
I: Verilog-0004: [E:/FPGA/TSP_RVmaster/FPGA/pango_cpu/source/core/Ifu.v(line number: 121)] Elaborating instance u_Iram
I: Verilog-0003: [E:/FPGA/TSP_RVmaster/FPGA/pango_cpu/source/ram/ram.v(line number: 3)] Elaborating module TSP_RAM
I: Module instance {SoC_Top/u_TSP_Core/u_TSP_Ifu/u_Iram} parameter value:
    RAM_DEPTH = 32'b00000000000000000100000000000000
    INIT_FILE = ../boot.txt
I: Found Verilog include file E:/FPGA/TSP_RVmaster/FPGA/pango_cpu/source/boot.txt
I: [E:/FPGA/TSP_RVmaster/FPGA/pango_cpu/source/ram/ram.v(line number: 80)] Loading memory data from file E:/FPGA/TSP_RVmaster/FPGA/pango_cpu/source/boot.txt
W: Verilog-2024: [E:/FPGA/TSP_RVmaster/FPGA/pango_cpu/source/ram/ram.v(line number: 3)] Give an initial value for the no drive output pin portB_rdata in graph of sdm module TSP_RAM
I: Verilog-0004: [E:/FPGA/TSP_RVmaster/FPGA/pango_cpu/source/core/core.v(line number: 169)] Elaborating instance u_TSP_Idec
I: Verilog-0003: [E:/FPGA/TSP_RVmaster/FPGA/pango_cpu/source/core/idec.v(line number: 3)] Elaborating module TSP_Idec
I: Verilog-0004: [E:/FPGA/TSP_RVmaster/FPGA/pango_cpu/source/core/core.v(line number: 222)] Elaborating instance u_TSP_Regfiles
I: Verilog-0003: [E:/FPGA/TSP_RVmaster/FPGA/pango_cpu/source/core/regfiles.v(line number: 3)] Elaborating module TSP_Regfiles
I: Verilog-0004: [E:/FPGA/TSP_RVmaster/FPGA/pango_cpu/source/core/regfiles.v(line number: 26)] Elaborating instance RV32I_reg_i
I: Verilog-0003: [E:/FPGA/TSP_RVmaster/FPGA/pango_cpu/source/core/dff.v(line number: 4)] Elaborating module REGs_WLWR
I: Module instance {SoC_Top/u_TSP_Core/u_TSP_Regfiles/x1_31[1].RV32I_reg_i} parameter value:
    RW = 32'b00000000000000000000000000100000
    RST_VAL = 32'b00000000000000000000000000000000
I: Verilog-0004: [E:/FPGA/TSP_RVmaster/FPGA/pango_cpu/source/core/regfiles.v(line number: 26)] Elaborating instance RV32I_reg_i
I: Verilog-0003: [E:/FPGA/TSP_RVmaster/FPGA/pango_cpu/source/core/dff.v(line number: 4)] Elaborating module REGs_WLWR
I: Module instance {SoC_Top/u_TSP_Core/u_TSP_Regfiles/x1_31[2].RV32I_reg_i} parameter value:
    RW = 32'b00000000000000000000000000100000
    RST_VAL = 32'b00000000000000000000000000000000
I: Verilog-0004: [E:/FPGA/TSP_RVmaster/FPGA/pango_cpu/source/core/regfiles.v(line number: 26)] Elaborating instance RV32I_reg_i
I: Verilog-0003: [E:/FPGA/TSP_RVmaster/FPGA/pango_cpu/source/core/dff.v(line number: 4)] Elaborating module REGs_WLWR
I: Module instance {SoC_Top/u_TSP_Core/u_TSP_Regfiles/x1_31[3].RV32I_reg_i} parameter value:
    RW = 32'b00000000000000000000000000100000
    RST_VAL = 32'b00000000000000000000000000000000
I: Verilog-0004: [E:/FPGA/TSP_RVmaster/FPGA/pango_cpu/source/core/regfiles.v(line number: 26)] Elaborating instance RV32I_reg_i
I: Verilog-0003: [E:/FPGA/TSP_RVmaster/FPGA/pango_cpu/source/core/dff.v(line number: 4)] Elaborating module REGs_WLWR
I: Module instance {SoC_Top/u_TSP_Core/u_TSP_Regfiles/x1_31[4].RV32I_reg_i} parameter value:
    RW = 32'b00000000000000000000000000100000
    RST_VAL = 32'b00000000000000000000000000000000
I: Verilog-0004: [E:/FPGA/TSP_RVmaster/FPGA/pango_cpu/source/core/regfiles.v(line number: 26)] Elaborating instance RV32I_reg_i
I: Verilog-0003: [E:/FPGA/TSP_RVmaster/FPGA/pango_cpu/source/core/dff.v(line number: 4)] Elaborating module REGs_WLWR
I: Module instance {SoC_Top/u_TSP_Core/u_TSP_Regfiles/x1_31[5].RV32I_reg_i} parameter value:
    RW = 32'b00000000000000000000000000100000
    RST_VAL = 32'b00000000000000000000000000000000
I: Verilog-0004: [E:/FPGA/TSP_RVmaster/FPGA/pango_cpu/source/core/regfiles.v(line number: 26)] Elaborating instance RV32I_reg_i
I: Verilog-0003: [E:/FPGA/TSP_RVmaster/FPGA/pango_cpu/source/core/dff.v(line number: 4)] Elaborating module REGs_WLWR
I: Module instance {SoC_Top/u_TSP_Core/u_TSP_Regfiles/x1_31[6].RV32I_reg_i} parameter value:
    RW = 32'b00000000000000000000000000100000
    RST_VAL = 32'b00000000000000000000000000000000
I: Verilog-0004: [E:/FPGA/TSP_RVmaster/FPGA/pango_cpu/source/core/regfiles.v(line number: 26)] Elaborating instance RV32I_reg_i
I: Verilog-0003: [E:/FPGA/TSP_RVmaster/FPGA/pango_cpu/source/core/dff.v(line number: 4)] Elaborating module REGs_WLWR
I: Module instance {SoC_Top/u_TSP_Core/u_TSP_Regfiles/x1_31[7].RV32I_reg_i} parameter value:
    RW = 32'b00000000000000000000000000100000
    RST_VAL = 32'b00000000000000000000000000000000
I: Verilog-0004: [E:/FPGA/TSP_RVmaster/FPGA/pango_cpu/source/core/regfiles.v(line number: 26)] Elaborating instance RV32I_reg_i
I: Verilog-0003: [E:/FPGA/TSP_RVmaster/FPGA/pango_cpu/source/core/dff.v(line number: 4)] Elaborating module REGs_WLWR
I: Module instance {SoC_Top/u_TSP_Core/u_TSP_Regfiles/x1_31[8].RV32I_reg_i} parameter value:
    RW = 32'b00000000000000000000000000100000
    RST_VAL = 32'b00000000000000000000000000000000
I: Verilog-0004: [E:/FPGA/TSP_RVmaster/FPGA/pango_cpu/source/core/regfiles.v(line number: 26)] Elaborating instance RV32I_reg_i
I: Verilog-0003: [E:/FPGA/TSP_RVmaster/FPGA/pango_cpu/source/core/dff.v(line number: 4)] Elaborating module REGs_WLWR
I: Module instance {SoC_Top/u_TSP_Core/u_TSP_Regfiles/x1_31[9].RV32I_reg_i} parameter value:
    RW = 32'b00000000000000000000000000100000
    RST_VAL = 32'b00000000000000000000000000000000
I: Verilog-0004: [E:/FPGA/TSP_RVmaster/FPGA/pango_cpu/source/core/regfiles.v(line number: 26)] Elaborating instance RV32I_reg_i
I: Verilog-0003: [E:/FPGA/TSP_RVmaster/FPGA/pango_cpu/source/core/dff.v(line number: 4)] Elaborating module REGs_WLWR
I: Module instance {SoC_Top/u_TSP_Core/u_TSP_Regfiles/x1_31[10].RV32I_reg_i} parameter value:
    RW = 32'b00000000000000000000000000100000
    RST_VAL = 32'b00000000000000000000000000000000
I: Verilog-0004: [E:/FPGA/TSP_RVmaster/FPGA/pango_cpu/source/core/regfiles.v(line number: 26)] Elaborating instance RV32I_reg_i
I: Verilog-0003: [E:/FPGA/TSP_RVmaster/FPGA/pango_cpu/source/core/dff.v(line number: 4)] Elaborating module REGs_WLWR
I: Module instance {SoC_Top/u_TSP_Core/u_TSP_Regfiles/x1_31[11].RV32I_reg_i} parameter value:
    RW = 32'b00000000000000000000000000100000
    RST_VAL = 32'b00000000000000000000000000000000
I: Verilog-0004: [E:/FPGA/TSP_RVmaster/FPGA/pango_cpu/source/core/regfiles.v(line number: 26)] Elaborating instance RV32I_reg_i
I: Verilog-0003: [E:/FPGA/TSP_RVmaster/FPGA/pango_cpu/source/core/dff.v(line number: 4)] Elaborating module REGs_WLWR
I: Module instance {SoC_Top/u_TSP_Core/u_TSP_Regfiles/x1_31[12].RV32I_reg_i} parameter value:
    RW = 32'b00000000000000000000000000100000
    RST_VAL = 32'b00000000000000000000000000000000
I: Verilog-0004: [E:/FPGA/TSP_RVmaster/FPGA/pango_cpu/source/core/regfiles.v(line number: 26)] Elaborating instance RV32I_reg_i
I: Verilog-0003: [E:/FPGA/TSP_RVmaster/FPGA/pango_cpu/source/core/dff.v(line number: 4)] Elaborating module REGs_WLWR
I: Module instance {SoC_Top/u_TSP_Core/u_TSP_Regfiles/x1_31[13].RV32I_reg_i} parameter value:
    RW = 32'b00000000000000000000000000100000
    RST_VAL = 32'b00000000000000000000000000000000
I: Verilog-0004: [E:/FPGA/TSP_RVmaster/FPGA/pango_cpu/source/core/regfiles.v(line number: 26)] Elaborating instance RV32I_reg_i
I: Verilog-0003: [E:/FPGA/TSP_RVmaster/FPGA/pango_cpu/source/core/dff.v(line number: 4)] Elaborating module REGs_WLWR
I: Module instance {SoC_Top/u_TSP_Core/u_TSP_Regfiles/x1_31[14].RV32I_reg_i} parameter value:
    RW = 32'b00000000000000000000000000100000
    RST_VAL = 32'b00000000000000000000000000000000
I: Verilog-0004: [E:/FPGA/TSP_RVmaster/FPGA/pango_cpu/source/core/regfiles.v(line number: 26)] Elaborating instance RV32I_reg_i
I: Verilog-0003: [E:/FPGA/TSP_RVmaster/FPGA/pango_cpu/source/core/dff.v(line number: 4)] Elaborating module REGs_WLWR
I: Module instance {SoC_Top/u_TSP_Core/u_TSP_Regfiles/x1_31[15].RV32I_reg_i} parameter value:
    RW = 32'b00000000000000000000000000100000
    RST_VAL = 32'b00000000000000000000000000000000
I: Verilog-0004: [E:/FPGA/TSP_RVmaster/FPGA/pango_cpu/source/core/regfiles.v(line number: 26)] Elaborating instance RV32I_reg_i
I: Verilog-0003: [E:/FPGA/TSP_RVmaster/FPGA/pango_cpu/source/core/dff.v(line number: 4)] Elaborating module REGs_WLWR
I: Module instance {SoC_Top/u_TSP_Core/u_TSP_Regfiles/x1_31[16].RV32I_reg_i} parameter value:
    RW = 32'b00000000000000000000000000100000
    RST_VAL = 32'b00000000000000000000000000000000
I: Verilog-0004: [E:/FPGA/TSP_RVmaster/FPGA/pango_cpu/source/core/regfiles.v(line number: 26)] Elaborating instance RV32I_reg_i
I: Verilog-0003: [E:/FPGA/TSP_RVmaster/FPGA/pango_cpu/source/core/dff.v(line number: 4)] Elaborating module REGs_WLWR
I: Module instance {SoC_Top/u_TSP_Core/u_TSP_Regfiles/x1_31[17].RV32I_reg_i} parameter value:
    RW = 32'b00000000000000000000000000100000
    RST_VAL = 32'b00000000000000000000000000000000
I: Verilog-0004: [E:/FPGA/TSP_RVmaster/FPGA/pango_cpu/source/core/regfiles.v(line number: 26)] Elaborating instance RV32I_reg_i
I: Verilog-0003: [E:/FPGA/TSP_RVmaster/FPGA/pango_cpu/source/core/dff.v(line number: 4)] Elaborating module REGs_WLWR
I: Module instance {SoC_Top/u_TSP_Core/u_TSP_Regfiles/x1_31[18].RV32I_reg_i} parameter value:
    RW = 32'b00000000000000000000000000100000
    RST_VAL = 32'b00000000000000000000000000000000
I: Verilog-0004: [E:/FPGA/TSP_RVmaster/FPGA/pango_cpu/source/core/regfiles.v(line number: 26)] Elaborating instance RV32I_reg_i
I: Verilog-0003: [E:/FPGA/TSP_RVmaster/FPGA/pango_cpu/source/core/dff.v(line number: 4)] Elaborating module REGs_WLWR
I: Module instance {SoC_Top/u_TSP_Core/u_TSP_Regfiles/x1_31[19].RV32I_reg_i} parameter value:
    RW = 32'b00000000000000000000000000100000
    RST_VAL = 32'b00000000000000000000000000000000
I: Verilog-0004: [E:/FPGA/TSP_RVmaster/FPGA/pango_cpu/source/core/regfiles.v(line number: 26)] Elaborating instance RV32I_reg_i
I: Verilog-0003: [E:/FPGA/TSP_RVmaster/FPGA/pango_cpu/source/core/dff.v(line number: 4)] Elaborating module REGs_WLWR
I: Module instance {SoC_Top/u_TSP_Core/u_TSP_Regfiles/x1_31[20].RV32I_reg_i} parameter value:
    RW = 32'b00000000000000000000000000100000
    RST_VAL = 32'b00000000000000000000000000000000
I: Verilog-0004: [E:/FPGA/TSP_RVmaster/FPGA/pango_cpu/source/core/regfiles.v(line number: 26)] Elaborating instance RV32I_reg_i
I: Verilog-0003: [E:/FPGA/TSP_RVmaster/FPGA/pango_cpu/source/core/dff.v(line number: 4)] Elaborating module REGs_WLWR
I: Module instance {SoC_Top/u_TSP_Core/u_TSP_Regfiles/x1_31[21].RV32I_reg_i} parameter value:
    RW = 32'b00000000000000000000000000100000
    RST_VAL = 32'b00000000000000000000000000000000
I: Verilog-0004: [E:/FPGA/TSP_RVmaster/FPGA/pango_cpu/source/core/regfiles.v(line number: 26)] Elaborating instance RV32I_reg_i
I: Verilog-0003: [E:/FPGA/TSP_RVmaster/FPGA/pango_cpu/source/core/dff.v(line number: 4)] Elaborating module REGs_WLWR
I: Module instance {SoC_Top/u_TSP_Core/u_TSP_Regfiles/x1_31[22].RV32I_reg_i} parameter value:
    RW = 32'b00000000000000000000000000100000
    RST_VAL = 32'b00000000000000000000000000000000
I: Verilog-0004: [E:/FPGA/TSP_RVmaster/FPGA/pango_cpu/source/core/regfiles.v(line number: 26)] Elaborating instance RV32I_reg_i
I: Verilog-0003: [E:/FPGA/TSP_RVmaster/FPGA/pango_cpu/source/core/dff.v(line number: 4)] Elaborating module REGs_WLWR
I: Module instance {SoC_Top/u_TSP_Core/u_TSP_Regfiles/x1_31[23].RV32I_reg_i} parameter value:
    RW = 32'b00000000000000000000000000100000
    RST_VAL = 32'b00000000000000000000000000000000
I: Verilog-0004: [E:/FPGA/TSP_RVmaster/FPGA/pango_cpu/source/core/regfiles.v(line number: 26)] Elaborating instance RV32I_reg_i
I: Verilog-0003: [E:/FPGA/TSP_RVmaster/FPGA/pango_cpu/source/core/dff.v(line number: 4)] Elaborating module REGs_WLWR
I: Module instance {SoC_Top/u_TSP_Core/u_TSP_Regfiles/x1_31[24].RV32I_reg_i} parameter value:
    RW = 32'b00000000000000000000000000100000
    RST_VAL = 32'b00000000000000000000000000000000
I: Verilog-0004: [E:/FPGA/TSP_RVmaster/FPGA/pango_cpu/source/core/regfiles.v(line number: 26)] Elaborating instance RV32I_reg_i
I: Verilog-0003: [E:/FPGA/TSP_RVmaster/FPGA/pango_cpu/source/core/dff.v(line number: 4)] Elaborating module REGs_WLWR
I: Module instance {SoC_Top/u_TSP_Core/u_TSP_Regfiles/x1_31[25].RV32I_reg_i} parameter value:
    RW = 32'b00000000000000000000000000100000
    RST_VAL = 32'b00000000000000000000000000000000
I: Verilog-0004: [E:/FPGA/TSP_RVmaster/FPGA/pango_cpu/source/core/regfiles.v(line number: 26)] Elaborating instance RV32I_reg_i
I: Verilog-0003: [E:/FPGA/TSP_RVmaster/FPGA/pango_cpu/source/core/dff.v(line number: 4)] Elaborating module REGs_WLWR
I: Module instance {SoC_Top/u_TSP_Core/u_TSP_Regfiles/x1_31[26].RV32I_reg_i} parameter value:
    RW = 32'b00000000000000000000000000100000
    RST_VAL = 32'b00000000000000000000000000000000
I: Verilog-0004: [E:/FPGA/TSP_RVmaster/FPGA/pango_cpu/source/core/regfiles.v(line number: 26)] Elaborating instance RV32I_reg_i
I: Verilog-0003: [E:/FPGA/TSP_RVmaster/FPGA/pango_cpu/source/core/dff.v(line number: 4)] Elaborating module REGs_WLWR
I: Module instance {SoC_Top/u_TSP_Core/u_TSP_Regfiles/x1_31[27].RV32I_reg_i} parameter value:
    RW = 32'b00000000000000000000000000100000
    RST_VAL = 32'b00000000000000000000000000000000
I: Verilog-0004: [E:/FPGA/TSP_RVmaster/FPGA/pango_cpu/source/core/regfiles.v(line number: 26)] Elaborating instance RV32I_reg_i
I: Verilog-0003: [E:/FPGA/TSP_RVmaster/FPGA/pango_cpu/source/core/dff.v(line number: 4)] Elaborating module REGs_WLWR
I: Module instance {SoC_Top/u_TSP_Core/u_TSP_Regfiles/x1_31[28].RV32I_reg_i} parameter value:
    RW = 32'b00000000000000000000000000100000
    RST_VAL = 32'b00000000000000000000000000000000
I: Verilog-0004: [E:/FPGA/TSP_RVmaster/FPGA/pango_cpu/source/core/regfiles.v(line number: 26)] Elaborating instance RV32I_reg_i
I: Verilog-0003: [E:/FPGA/TSP_RVmaster/FPGA/pango_cpu/source/core/dff.v(line number: 4)] Elaborating module REGs_WLWR
I: Module instance {SoC_Top/u_TSP_Core/u_TSP_Regfiles/x1_31[29].RV32I_reg_i} parameter value:
    RW = 32'b00000000000000000000000000100000
    RST_VAL = 32'b00000000000000000000000000000000
I: Verilog-0004: [E:/FPGA/TSP_RVmaster/FPGA/pango_cpu/source/core/regfiles.v(line number: 26)] Elaborating instance RV32I_reg_i
I: Verilog-0003: [E:/FPGA/TSP_RVmaster/FPGA/pango_cpu/source/core/dff.v(line number: 4)] Elaborating module REGs_WLWR
I: Module instance {SoC_Top/u_TSP_Core/u_TSP_Regfiles/x1_31[30].RV32I_reg_i} parameter value:
    RW = 32'b00000000000000000000000000100000
    RST_VAL = 32'b00000000000000000000000000000000
I: Verilog-0004: [E:/FPGA/TSP_RVmaster/FPGA/pango_cpu/source/core/regfiles.v(line number: 26)] Elaborating instance RV32I_reg_i
I: Verilog-0003: [E:/FPGA/TSP_RVmaster/FPGA/pango_cpu/source/core/dff.v(line number: 4)] Elaborating module REGs_WLWR
I: Module instance {SoC_Top/u_TSP_Core/u_TSP_Regfiles/x1_31[31].RV32I_reg_i} parameter value:
    RW = 32'b00000000000000000000000000100000
    RST_VAL = 32'b00000000000000000000000000000000
I: Verilog-0004: [E:/FPGA/TSP_RVmaster/FPGA/pango_cpu/source/core/core.v(line number: 270)] Elaborating instance u_TSP_Disp_Exu
I: Verilog-0003: [E:/FPGA/TSP_RVmaster/FPGA/pango_cpu/source/core/disp_exu.v(line number: 3)] Elaborating module TSP_Disp_Exu
I: Verilog-0004: [E:/FPGA/TSP_RVmaster/FPGA/pango_cpu/source/core/disp_exu.v(line number: 89)] Elaborating instance DECODE_PC_REG1
I: Verilog-0003: [E:/FPGA/TSP_RVmaster/FPGA/pango_cpu/source/core/dff.v(line number: 4)] Elaborating module REGs_WLWR
I: Module instance {SoC_Top/u_TSP_Core/u_TSP_Disp_Exu/DECODE_PC_REG1} parameter value:
    RW = 32'b00000000000000000000000000100000
    RST_VAL = 32'b00000000000000000000000000000000
I: Verilog-0004: [E:/FPGA/TSP_RVmaster/FPGA/pango_cpu/source/core/disp_exu.v(line number: 111)] Elaborating instance Exu_common_u0
I: Verilog-0003: [E:/FPGA/TSP_RVmaster/FPGA/pango_cpu/source/core/exu_common.v(line number: 3)] Elaborating module TSP_Exu_common
I: Verilog-0004: [E:/FPGA/TSP_RVmaster/FPGA/pango_cpu/source/core/disp_exu.v(line number: 179)] Elaborating instance Exu_bjp_u0
I: Verilog-0003: [E:/FPGA/TSP_RVmaster/FPGA/pango_cpu/source/core/exu_bjp.v(line number: 3)] Elaborating module Exu_bjp
I: Verilog-0004: [E:/FPGA/TSP_RVmaster/FPGA/pango_cpu/source/core/exu_bjp.v(line number: 47)] Elaborating instance BTB_update_valid_reg
I: Verilog-0003: [E:/FPGA/TSP_RVmaster/FPGA/pango_cpu/source/core/dff.v(line number: 42)] Elaborating module REGs_NLWR
I: Module instance {SoC_Top/u_TSP_Core/u_TSP_Disp_Exu/Exu_bjp_u0/BTB_update_valid_reg} parameter value:
    RW = 32'b00000000000000000000000000000001
    RST_VAL = 32'b00000000000000000000000000000000
I: Verilog-0004: [E:/FPGA/TSP_RVmaster/FPGA/pango_cpu/source/core/disp_exu.v(line number: 207)] Elaborating instance Exu_muldiv_u0
I: Verilog-0003: [E:/FPGA/TSP_RVmaster/FPGA/pango_cpu/source/core/exu_muldiv.v(line number: 3)] Elaborating module TSP_Exu_muldiv
I: Verilog-0004: [E:/FPGA/TSP_RVmaster/FPGA/pango_cpu/source/core/exu_muldiv.v(line number: 80)] Elaborating instance Exu_multiplier
I: Verilog-0003: [E:/FPGA/TSP_RVmaster/FPGA/pango_cpu/source/core/exu_muldiv.v(line number: 159)] Elaborating module Booth_Multiplier_4xB
I: Module instance {SoC_Top/u_TSP_Core/u_TSP_Disp_Exu/Exu_muldiv_u0/Exu_multiplier} parameter value:
    N = 32'b00000000000000000000000000100000
I: Verilog-0004: [E:/FPGA/TSP_RVmaster/FPGA/pango_cpu/source/core/exu_muldiv.v(line number: 123)] Elaborating instance Exu_divider
I: Verilog-0003: [E:/FPGA/TSP_RVmaster/FPGA/pango_cpu/source/core/exu_muldiv.v(line number: 573)] Elaborating module divfunc
I: Module instance {SoC_Top/u_TSP_Core/u_TSP_Disp_Exu/Exu_muldiv_u0/Exu_divider} parameter value:
    XLEN = 32'b00000000000000000000000000100000
    STAGE_LIST = 32'b11111111111111111111111111111111
I: Verilog-0004: [E:/FPGA/TSP_RVmaster/FPGA/pango_cpu/source/core/disp_exu.v(line number: 238)] Elaborating instance Exu_ls_u0
I: Verilog-0003: [E:/FPGA/TSP_RVmaster/FPGA/pango_cpu/source/core/exu_ls.v(line number: 3)] Elaborating module TSP_Exu_ls
I: Verilog-0004: [E:/FPGA/TSP_RVmaster/FPGA/pango_cpu/source/core/core.v(line number: 349)] Elaborating instance u_ls_ctrl
I: Verilog-0003: [E:/FPGA/TSP_RVmaster/FPGA/pango_cpu/source/core/ls_ctrl.v(line number: 3)] Elaborating module ls_ctrl
I: Verilog-0004: [E:/FPGA/TSP_RVmaster/FPGA/pango_cpu/source/core/core.v(line number: 391)] Elaborating instance u_TSP_Wb_arbiter
I: Verilog-0003: [E:/FPGA/TSP_RVmaster/FPGA/pango_cpu/source/core/wb_arbiter.v(line number: 3)] Elaborating module TSP_Wb_arbiter
I: Verilog-0004: [E:/FPGA/TSP_RVmaster/FPGA/pango_cpu/source/peripheral/soc_top.v(line number: 69)] Elaborating instance u_Interconnect
I: Verilog-0003: [E:/FPGA/TSP_RVmaster/FPGA/pango_cpu/source/peripheral/AXI_Interconnect.v(line number: 3)] Elaborating module TSP_AXI_Interconnect
I: Verilog-0004: [E:/FPGA/TSP_RVmaster/FPGA/pango_cpu/source/peripheral/soc_top.v(line number: 91)] Elaborating instance u_SRAM
I: Verilog-0003: [E:/FPGA/TSP_RVmaster/FPGA/pango_cpu/source/ram/sram.v(line number: 3)] Elaborating module TSP_Sram
I: Verilog-0004: [E:/FPGA/TSP_RVmaster/FPGA/pango_cpu/source/ram/sram.v(line number: 96)] Elaborating instance u_Data_Ram
I: Verilog-0003: [E:/FPGA/TSP_RVmaster/FPGA/pango_cpu/source/ram/ram.v(line number: 3)] Elaborating module TSP_RAM
I: Module instance {SoC_Top/u_SRAM/u_Data_Ram} parameter value:
    RAM_DEPTH = 32'b00000000000000000010000000000000
    INIT_FILE = 
W: Verilog-2024: [E:/FPGA/TSP_RVmaster/FPGA/pango_cpu/source/ram/ram.v(line number: 3)] Give an initial value for the no drive output pin portB_rdata in graph of sdm module TSP_RAM_1
I: Verilog-0004: [E:/FPGA/TSP_RVmaster/FPGA/pango_cpu/source/peripheral/soc_top.v(line number: 106)] Elaborating instance u_UART
I: Verilog-0003: [E:/FPGA/TSP_RVmaster/FPGA/pango_cpu/source/uart/uart_axi_lite_wrapper.v(line number: 3)] Elaborating module uart_axi_lite_wrapper
I: Module instance {SoC_Top/u_UART} parameter value:
    CLK_FREQ_p = 32'b00000001011111010111100001000000
    BAUD_RATE_p = 32'b00000000000000000010010110000000
I: Verilog-0004: [E:/FPGA/TSP_RVmaster/FPGA/pango_cpu/source/uart/uart_axi_lite_wrapper.v(line number: 57)] Elaborating instance u_uart_core
I: Verilog-0003: [E:/FPGA/TSP_RVmaster/FPGA/pango_cpu/source/uart/uart.v(line number: 32)] Elaborating module uart
I: Module instance {SoC_Top/u_UART/u_uart_core} parameter value:
    DATA_WIDTH = 32'b00000000000000000000000000001000
I: Verilog-0004: [E:/FPGA/TSP_RVmaster/FPGA/pango_cpu/source/uart/uart.v(line number: 78)] Elaborating instance uart_tx_inst
I: Verilog-0003: [E:/FPGA/TSP_RVmaster/FPGA/pango_cpu/source/uart/uart_tx.v(line number: 32)] Elaborating module uart_tx
I: Module instance {SoC_Top/u_UART/u_uart_core/uart_tx_inst} parameter value:
    DATA_WIDTH = 32'b00000000000000000000000000001000
I: Verilog-0004: [E:/FPGA/TSP_RVmaster/FPGA/pango_cpu/source/uart/uart.v(line number: 96)] Elaborating instance uart_rx_inst
I: Verilog-0003: [E:/FPGA/TSP_RVmaster/FPGA/pango_cpu/source/uart/uart_rx.v(line number: 32)] Elaborating module uart_rx
I: Module instance {SoC_Top/u_UART/u_uart_core/uart_rx_inst} parameter value:
    DATA_WIDTH = 32'b00000000000000000000000000001000
Executing : rtl-elaborate successfully. Time elapsed: 0.043s wall, 0.031s user + 0.016s system = 0.047s CPU (108.1%)

Start rtl-prep.
Executing : rtl-prep successfully. Time elapsed: 0.091s wall, 0.078s user + 0.000s system = 0.078s CPU (85.9%)

Start rtl-infer.
Start DFF-inference.
I: Removed inst wready_r that is redundant to awready_r.
W: Sdm-2014: [E:/FPGA/TSP_RVmaster/FPGA/pango_cpu/source/core/idec.v(line number: 11)] Feedback mux created for signal 'inst_pc_o'. It is possible a async set/reset assignment for this is signal missing. To improve timing and area, specify a set/reset value. 
W: Sdm-2014: [E:/FPGA/TSP_RVmaster/FPGA/pango_cpu/source/core/idec.v(line number: 15)] Feedback mux created for signal 'pre_pc_taken_o'. It is possible a async set/reset assignment for this is signal missing. To improve timing and area, specify a set/reset value. 
W: Sdm-2014: [E:/FPGA/TSP_RVmaster/FPGA/pango_cpu/source/core/idec.v(line number: 18)] Feedback mux created for signal 'rs1_o'. It is possible a async set/reset assignment for this is signal missing. To improve timing and area, specify a set/reset value. 
W: Sdm-2014: [E:/FPGA/TSP_RVmaster/FPGA/pango_cpu/source/core/idec.v(line number: 19)] Feedback mux created for signal 'rs2_o'. It is possible a async set/reset assignment for this is signal missing. To improve timing and area, specify a set/reset value. 
W: Sdm-2014: [E:/FPGA/TSP_RVmaster/FPGA/pango_cpu/source/core/idec.v(line number: 20)] Feedback mux created for signal 'rd_o'. It is possible a async set/reset assignment for this is signal missing. To improve timing and area, specify a set/reset value. 
W: Sdm-2014: [E:/FPGA/TSP_RVmaster/FPGA/pango_cpu/source/core/idec.v(line number: 21)] Feedback mux created for signal 'imm_o'. It is possible a async set/reset assignment for this is signal missing. To improve timing and area, specify a set/reset value. 
W: Sdm-2014: [E:/FPGA/TSP_RVmaster/FPGA/pango_cpu/source/core/idec.v(line number: 45)] Feedback mux created for signal 'RV32I_Btype'. It is possible a async set/reset assignment for this is signal missing. To improve timing and area, specify a set/reset value. 
W: Sdm-2014: [E:/FPGA/TSP_RVmaster/FPGA/pango_cpu/source/core/idec.v(line number: 27)] Feedback mux created for signal 'INST_ADD'. It is possible a async set/reset assignment for this is signal missing. To improve timing and area, specify a set/reset value. 
W: Sdm-2014: [E:/FPGA/TSP_RVmaster/FPGA/pango_cpu/source/core/idec.v(line number: 27)] Feedback mux created for signal 'INST_SUB'. It is possible a async set/reset assignment for this is signal missing. To improve timing and area, specify a set/reset value. 
W: Sdm-2014: [E:/FPGA/TSP_RVmaster/FPGA/pango_cpu/source/core/idec.v(line number: 27)] Feedback mux created for signal 'INST_SLL'. It is possible a async set/reset assignment for this is signal missing. To improve timing and area, specify a set/reset value. 
W: Sdm-2014: [E:/FPGA/TSP_RVmaster/FPGA/pango_cpu/source/core/idec.v(line number: 27)] Feedback mux created for signal 'INST_SLT'. It is possible a async set/reset assignment for this is signal missing. To improve timing and area, specify a set/reset value. 
W: Sdm-2014: [E:/FPGA/TSP_RVmaster/FPGA/pango_cpu/source/core/idec.v(line number: 27)] Feedback mux created for signal 'INST_SLTU'. It is possible a async set/reset assignment for this is signal missing. To improve timing and area, specify a set/reset value. 
W: Sdm-2014: [E:/FPGA/TSP_RVmaster/FPGA/pango_cpu/source/core/idec.v(line number: 28)] Feedback mux created for signal 'INST_XOR'. It is possible a async set/reset assignment for this is signal missing. To improve timing and area, specify a set/reset value. 
W: Sdm-2014: [E:/FPGA/TSP_RVmaster/FPGA/pango_cpu/source/core/idec.v(line number: 28)] Feedback mux created for signal 'INST_SRL'. It is possible a async set/reset assignment for this is signal missing. To improve timing and area, specify a set/reset value. 
W: Sdm-2014: [E:/FPGA/TSP_RVmaster/FPGA/pango_cpu/source/core/idec.v(line number: 28)] Feedback mux created for signal 'INST_SRA'. It is possible a async set/reset assignment for this is signal missing. To improve timing and area, specify a set/reset value. 
W: Sdm-2014: [E:/FPGA/TSP_RVmaster/FPGA/pango_cpu/source/core/idec.v(line number: 28)] Feedback mux created for signal 'INST_OR'. It is possible a async set/reset assignment for this is signal missing. To improve timing and area, specify a set/reset value. 
W: Sdm-2014: [E:/FPGA/TSP_RVmaster/FPGA/pango_cpu/source/core/idec.v(line number: 28)] Feedback mux created for signal 'INST_AND'. It is possible a async set/reset assignment for this is signal missing. To improve timing and area, specify a set/reset value. 
W: Sdm-2014: [E:/FPGA/TSP_RVmaster/FPGA/pango_cpu/source/core/idec.v(line number: 29)] Feedback mux created for signal 'INST_ADDI'. It is possible a async set/reset assignment for this is signal missing. To improve timing and area, specify a set/reset value. 
W: Sdm-2014: [E:/FPGA/TSP_RVmaster/FPGA/pango_cpu/source/core/idec.v(line number: 29)] Feedback mux created for signal 'INST_SLTI'. It is possible a async set/reset assignment for this is signal missing. To improve timing and area, specify a set/reset value. 
W: Sdm-2014: [E:/FPGA/TSP_RVmaster/FPGA/pango_cpu/source/core/idec.v(line number: 29)] Feedback mux created for signal 'INST_SLTIU'. It is possible a async set/reset assignment for this is signal missing. To improve timing and area, specify a set/reset value. 
W: Sdm-2014: [E:/FPGA/TSP_RVmaster/FPGA/pango_cpu/source/core/idec.v(line number: 29)] Feedback mux created for signal 'INST_XORI'. It is possible a async set/reset assignment for this is signal missing. To improve timing and area, specify a set/reset value. 
W: Sdm-2014: [E:/FPGA/TSP_RVmaster/FPGA/pango_cpu/source/core/idec.v(line number: 30)] Feedback mux created for signal 'INST_ORI'. It is possible a async set/reset assignment for this is signal missing. To improve timing and area, specify a set/reset value. 
W: Sdm-2014: [E:/FPGA/TSP_RVmaster/FPGA/pango_cpu/source/core/idec.v(line number: 30)] Feedback mux created for signal 'INST_ANDI'. It is possible a async set/reset assignment for this is signal missing. To improve timing and area, specify a set/reset value. 
W: Sdm-2014: [E:/FPGA/TSP_RVmaster/FPGA/pango_cpu/source/core/idec.v(line number: 30)] Feedback mux created for signal 'INST_SLLI'. It is possible a async set/reset assignment for this is signal missing. To improve timing and area, specify a set/reset value. 
W: Sdm-2014: [E:/FPGA/TSP_RVmaster/FPGA/pango_cpu/source/core/idec.v(line number: 30)] Feedback mux created for signal 'INST_SRLI'. It is possible a async set/reset assignment for this is signal missing. To improve timing and area, specify a set/reset value. 
W: Sdm-2014: [E:/FPGA/TSP_RVmaster/FPGA/pango_cpu/source/core/idec.v(line number: 30)] Feedback mux created for signal 'INST_SRAI'. It is possible a async set/reset assignment for this is signal missing. To improve timing and area, specify a set/reset value. 
W: Sdm-2014: [E:/FPGA/TSP_RVmaster/FPGA/pango_cpu/source/core/idec.v(line number: 31)] Feedback mux created for signal 'INST_LB'. It is possible a async set/reset assignment for this is signal missing. To improve timing and area, specify a set/reset value. 
W: Sdm-2014: [E:/FPGA/TSP_RVmaster/FPGA/pango_cpu/source/core/idec.v(line number: 31)] Feedback mux created for signal 'INST_LH'. It is possible a async set/reset assignment for this is signal missing. To improve timing and area, specify a set/reset value. 
W: Sdm-2014: [E:/FPGA/TSP_RVmaster/FPGA/pango_cpu/source/core/idec.v(line number: 31)] Feedback mux created for signal 'INST_LW'. It is possible a async set/reset assignment for this is signal missing. To improve timing and area, specify a set/reset value. 
W: Sdm-2014: [E:/FPGA/TSP_RVmaster/FPGA/pango_cpu/source/core/idec.v(line number: 31)] Feedback mux created for signal 'INST_LBU'. It is possible a async set/reset assignment for this is signal missing. To improve timing and area, specify a set/reset value. 
W: Sdm-2014: [E:/FPGA/TSP_RVmaster/FPGA/pango_cpu/source/core/idec.v(line number: 31)] Feedback mux created for signal 'INST_LHU'. It is possible a async set/reset assignment for this is signal missing. To improve timing and area, specify a set/reset value. 
W: Sdm-2014: [E:/FPGA/TSP_RVmaster/FPGA/pango_cpu/source/core/idec.v(line number: 32)] Feedback mux created for signal 'INST_JALR'. It is possible a async set/reset assignment for this is signal missing. To improve timing and area, specify a set/reset value. 
W: Sdm-2014: [E:/FPGA/TSP_RVmaster/FPGA/pango_cpu/source/core/idec.v(line number: 32)] Feedback mux created for signal 'INST_FENCE'. It is possible a async set/reset assignment for this is signal missing. To improve timing and area, specify a set/reset value. 
W: Sdm-2014: [E:/FPGA/TSP_RVmaster/FPGA/pango_cpu/source/core/idec.v(line number: 33)] Feedback mux created for signal 'INST_ECALL'. It is possible a async set/reset assignment for this is signal missing. To improve timing and area, specify a set/reset value. 
W: Sdm-2014: [E:/FPGA/TSP_RVmaster/FPGA/pango_cpu/source/core/idec.v(line number: 33)] Feedback mux created for signal 'INST_EBREAK'. It is possible a async set/reset assignment for this is signal missing. To improve timing and area, specify a set/reset value. 
W: Sdm-2014: [E:/FPGA/TSP_RVmaster/FPGA/pango_cpu/source/core/idec.v(line number: 34)] Feedback mux created for signal 'INST_CSRRW'. It is possible a async set/reset assignment for this is signal missing. To improve timing and area, specify a set/reset value. 
W: Sdm-2014: [E:/FPGA/TSP_RVmaster/FPGA/pango_cpu/source/core/idec.v(line number: 34)] Feedback mux created for signal 'INST_CSRRS'. It is possible a async set/reset assignment for this is signal missing. To improve timing and area, specify a set/reset value. 
W: Sdm-2014: [E:/FPGA/TSP_RVmaster/FPGA/pango_cpu/source/core/idec.v(line number: 34)] Feedback mux created for signal 'INST_CSRRC'. It is possible a async set/reset assignment for this is signal missing. To improve timing and area, specify a set/reset value. 
W: Sdm-2014: [E:/FPGA/TSP_RVmaster/FPGA/pango_cpu/source/core/idec.v(line number: 35)] Feedback mux created for signal 'INST_CSRRWI'. It is possible a async set/reset assignment for this is signal missing. To improve timing and area, specify a set/reset value. 
W: Sdm-2014: [E:/FPGA/TSP_RVmaster/FPGA/pango_cpu/source/core/idec.v(line number: 35)] Feedback mux created for signal 'INST_CSRRSI'. It is possible a async set/reset assignment for this is signal missing. To improve timing and area, specify a set/reset value. 
W: Sdm-2014: [E:/FPGA/TSP_RVmaster/FPGA/pango_cpu/source/core/idec.v(line number: 35)] Feedback mux created for signal 'INST_CSRRCI'. It is possible a async set/reset assignment for this is signal missing. To improve timing and area, specify a set/reset value. 
W: Sdm-2014: [E:/FPGA/TSP_RVmaster/FPGA/pango_cpu/source/core/idec.v(line number: 36)] Feedback mux created for signal 'INST_SB'. It is possible a async set/reset assignment for this is signal missing. To improve timing and area, specify a set/reset value. 
W: Sdm-2014: [E:/FPGA/TSP_RVmaster/FPGA/pango_cpu/source/core/idec.v(line number: 36)] Feedback mux created for signal 'INST_SH'. It is possible a async set/reset assignment for this is signal missing. To improve timing and area, specify a set/reset value. 
W: Sdm-2014: [E:/FPGA/TSP_RVmaster/FPGA/pango_cpu/source/core/idec.v(line number: 36)] Feedback mux created for signal 'INST_SW'. It is possible a async set/reset assignment for this is signal missing. To improve timing and area, specify a set/reset value. 
W: Sdm-2014: [E:/FPGA/TSP_RVmaster/FPGA/pango_cpu/source/core/idec.v(line number: 37)] Feedback mux created for signal 'INST_BEQ'. It is possible a async set/reset assignment for this is signal missing. To improve timing and area, specify a set/reset value. 
W: Sdm-2014: [E:/FPGA/TSP_RVmaster/FPGA/pango_cpu/source/core/idec.v(line number: 37)] Feedback mux created for signal 'INST_BNE'. It is possible a async set/reset assignment for this is signal missing. To improve timing and area, specify a set/reset value. 
W: Sdm-2014: [E:/FPGA/TSP_RVmaster/FPGA/pango_cpu/source/core/idec.v(line number: 37)] Feedback mux created for signal 'INST_BLT'. It is possible a async set/reset assignment for this is signal missing. To improve timing and area, specify a set/reset value. 
W: Sdm-2014: [E:/FPGA/TSP_RVmaster/FPGA/pango_cpu/source/core/idec.v(line number: 38)] Feedback mux created for signal 'INST_BGE'. It is possible a async set/reset assignment for this is signal missing. To improve timing and area, specify a set/reset value. 
W: Sdm-2014: [E:/FPGA/TSP_RVmaster/FPGA/pango_cpu/source/core/idec.v(line number: 38)] Feedback mux created for signal 'INST_BLTU'. It is possible a async set/reset assignment for this is signal missing. To improve timing and area, specify a set/reset value. 
W: Sdm-2014: [E:/FPGA/TSP_RVmaster/FPGA/pango_cpu/source/core/idec.v(line number: 38)] Feedback mux created for signal 'INST_BGEU'. It is possible a async set/reset assignment for this is signal missing. To improve timing and area, specify a set/reset value. 
W: Sdm-2014: [E:/FPGA/TSP_RVmaster/FPGA/pango_cpu/source/core/idec.v(line number: 39)] Feedback mux created for signal 'INST_LUI'. It is possible a async set/reset assignment for this is signal missing. To improve timing and area, specify a set/reset value. 
W: Sdm-2014: [E:/FPGA/TSP_RVmaster/FPGA/pango_cpu/source/core/idec.v(line number: 39)] Feedback mux created for signal 'INST_AUIPC'. It is possible a async set/reset assignment for this is signal missing. To improve timing and area, specify a set/reset value. 
W: Sdm-2014: [E:/FPGA/TSP_RVmaster/FPGA/pango_cpu/source/core/idec.v(line number: 40)] Feedback mux created for signal 'INST_JAL'. It is possible a async set/reset assignment for this is signal missing. To improve timing and area, specify a set/reset value. 
W: Sdm-2014: [E:/FPGA/TSP_RVmaster/FPGA/pango_cpu/source/core/idec.v(line number: 46)] Feedback mux created for signal 'RV32M_type'. It is possible a async set/reset assignment for this is signal missing. To improve timing and area, specify a set/reset value. 
W: Sdm-2014: [E:/FPGA/TSP_RVmaster/FPGA/pango_cpu/source/core/idec.v(line number: 42)] Feedback mux created for signal 'INST_MUL'. It is possible a async set/reset assignment for this is signal missing. To improve timing and area, specify a set/reset value. 
W: Sdm-2014: [E:/FPGA/TSP_RVmaster/FPGA/pango_cpu/source/core/idec.v(line number: 42)] Feedback mux created for signal 'INST_MULH'. It is possible a async set/reset assignment for this is signal missing. To improve timing and area, specify a set/reset value. 
W: Sdm-2014: [E:/FPGA/TSP_RVmaster/FPGA/pango_cpu/source/core/idec.v(line number: 42)] Feedback mux created for signal 'INST_MULHSU'. It is possible a async set/reset assignment for this is signal missing. To improve timing and area, specify a set/reset value. 
W: Sdm-2014: [E:/FPGA/TSP_RVmaster/FPGA/pango_cpu/source/core/idec.v(line number: 42)] Feedback mux created for signal 'INST_MULHU'. It is possible a async set/reset assignment for this is signal missing. To improve timing and area, specify a set/reset value. 
W: Sdm-2014: [E:/FPGA/TSP_RVmaster/FPGA/pango_cpu/source/core/idec.v(line number: 43)] Feedback mux created for signal 'INST_DIV'. It is possible a async set/reset assignment for this is signal missing. To improve timing and area, specify a set/reset value. 
W: Sdm-2014: [E:/FPGA/TSP_RVmaster/FPGA/pango_cpu/source/core/idec.v(line number: 43)] Feedback mux created for signal 'INST_DIVU'. It is possible a async set/reset assignment for this is signal missing. To improve timing and area, specify a set/reset value. 
W: Sdm-2014: [E:/FPGA/TSP_RVmaster/FPGA/pango_cpu/source/core/idec.v(line number: 43)] Feedback mux created for signal 'INST_REM'. It is possible a async set/reset assignment for this is signal missing. To improve timing and area, specify a set/reset value. 
W: Sdm-2014: [E:/FPGA/TSP_RVmaster/FPGA/pango_cpu/source/core/idec.v(line number: 43)] Feedback mux created for signal 'INST_REMU'. It is possible a async set/reset assignment for this is signal missing. To improve timing and area, specify a set/reset value. 
W: Sdm-2003: [E:/FPGA/TSP_RVmaster/FPGA/pango_cpu/source/core/regfiles.v(line number: 20)] The net 'RV32I_regs[0]' in SoC_Top.u_TSP_Core.u_TSP_Regfiles is un-driven.
I: Removed inst wready_r that is redundant to awready_r.
Executing : DFF-inference successfully.
I: Sdm-0001: [E:/FPGA/TSP_RVmaster/FPGA/pango_cpu/source/ram/ram.v(line number: 51)] Found Ram RAM, depth=8192, width=8.
I: Sdm-0001: [E:/FPGA/TSP_RVmaster/FPGA/pango_cpu/source/ram/ram.v(line number: 51)] Found Ram RAM, depth=8192, width=8.
I: Sdm-0001: [E:/FPGA/TSP_RVmaster/FPGA/pango_cpu/source/ram/ram.v(line number: 51)] Found Ram RAM, depth=8192, width=8.
I: Sdm-0001: [E:/FPGA/TSP_RVmaster/FPGA/pango_cpu/source/ram/ram.v(line number: 51)] Found Ram RAM, depth=8192, width=8.
I: Sdm-0001: [E:/FPGA/TSP_RVmaster/FPGA/pango_cpu/source/ram/ram.v(line number: 51)] Found Ram RAM, depth=16384, width=8.
I: Sdm-0001: [E:/FPGA/TSP_RVmaster/FPGA/pango_cpu/source/ram/ram.v(line number: 51)] Found Ram RAM, depth=16384, width=8.
I: Sdm-0001: [E:/FPGA/TSP_RVmaster/FPGA/pango_cpu/source/ram/ram.v(line number: 51)] Found Ram RAM, depth=16384, width=8.
I: Sdm-0001: [E:/FPGA/TSP_RVmaster/FPGA/pango_cpu/source/ram/ram.v(line number: 51)] Found Ram RAM, depth=16384, width=8.
Executing : rtl-infer successfully. Time elapsed: 1.233s wall, 0.906s user + 0.312s system = 1.219s CPU (98.9%)

Start rtl-control-opt.
Executing : rtl-control-opt successfully. Time elapsed: 0.010s wall, 0.016s user + 0.000s system = 0.016s CPU (156.1%)

Start rtl-data-opt.
Executing : rtl-data-opt successfully. Time elapsed: 0.085s wall, 0.078s user + 0.000s system = 0.078s CPU (92.1%)

Start FSM inference.
I: FSM r_target_fsm[1:0] inferred.
I: FSM w_target_fsm[1:0] inferred.
I: FSM state_fsm[2:0] inferred.
W: Loop was found during constant probe.
W: Loop was found during constant probe.
W: Loop was found during constant probe.
Executing : FSM inference successfully. Time elapsed: 0.037s wall, 0.031s user + 0.016s system = 0.047s CPU (125.0%)

Start sdm2adm.
W: Loop was found during constant probe.
I: Constant propagation done on N35_0 (bmsREDAND).
I: Constant propagation done on N35_1 (bmsREDAND).
I: Constant propagation done on N35_2 (bmsREDAND).
I: Constant propagation done on N35_3 (bmsREDAND).
I: Constant propagation done on N35_4 (bmsREDAND).
I: Constant propagation done on N35_5 (bmsREDAND).
I: Constant propagation done on N35_6 (bmsREDAND).
I: Constant propagation done on N35_7 (bmsREDAND).
I: Constant propagation done on N35_8 (bmsREDAND).
I: Constant propagation done on N35_9 (bmsREDAND).
W: Loop was found during constant probe.
W: Loop was found during constant probe.
W: Loop was found during constant probe.
W: Loop was found during constant probe.
W: Loop was found during constant probe.
W: Loop was found during constant probe.
W: Loop was found during constant probe.
W: Loop was found during constant probe.
W: Loop was found during constant probe.
W: Loop was found during constant probe.
W: Loop was found during constant probe.
W: Loop was found during constant probe.
W: Loop was found during constant probe.
W: Loop was found during constant probe.
W: Loop was found during constant probe.
W: Loop was found during constant probe.
W: Loop was found during constant probe.
W: Loop was found during constant probe.
W: Loop was found during constant probe.
W: Loop was found during constant probe.
Executing : sdm2adm successfully. Time elapsed: 0.233s wall, 0.219s user + 0.016s system = 0.234s CPU (100.6%)

Saving design to DB.
Action compile: Real time elapsed is 0h:0m:6s
Action compile: CPU time elapsed is 0h:0m:3s
Action compile: Process CPU time elapsed is 0h:0m:3s
Current time: Wed Mar 25 12:02:33 2026
Action compile: Peak memory pool usage is 174 MB
