B14|IOBD_300_376|BANK0|DIFFIO_B0_26P|||
G9|IOBD_248_376|BANK0|DIFFIO_B0_17P|||
B6|IOBD_64_376|BANK0|DIFFIO_B0_9P|||
D4|IOBD_8_376|BANK0|DIFFIO_B0_0P/IO_STAUS_C|||
B16|IOBD_320_376|BANK0|DIFFIO_B0_30P|||
D14|IOBD_316_376|BANK0|DIFFIO_B0_29P|||
C15|IOBD_312_376|BANK0|DIFFIO_B0_28P|||
F13|IOBD_308_376|BANK0|DIFFIO_B0_27P|||
C13|IOBD_296_376|BANK0|DIFFIO_B0_25P|||
B12|IOBD_292_376|BANK0|DIFFIO_B0_24P|||
B11|IOBD_288_376|BANK0|DIFFIO_B0_23P|||
C10|IOBD_244_376|BANK0|DIFFIO_B0_16P/GCLK13/PLL1_CLK6|||
D11|IOBD_240_376|BANK0|DIFFIO_B0_15P/GCLK15/PLL1_CLK4|ext_axi_if_rdata[23]|output|NO
B9|IOBD_224_376|BANK0|DIFFIO_B0_14P/GCLK17/PLL1_CLK2|ext_axi_if_rdata[19]|output|NO
D9|IOBD_220_376|BANK0|DIFFIO_B0_13P/GCLK19/PLL1_CLK0|ext_axi_if_rdata[24]|output|NO
B8|IOBD_72_376|BANK0|DIFFIO_B0_11P|||
D8|IOBD_68_376|BANK0|DIFFIO_B0_10P|||
C7|IOBD_44_376|BANK0|DIFFIO_B0_7P|||
C5|IOBD_40_376|BANK0|DIFFIO_B0_6P|||
B4|IOBD_32_376|BANK0|DIFFIO_B0_4P|||
B3|IOBD_20_376|BANK0|DIFFIO_B0_3P|||
D6|IOBD_16_376|BANK0|DIFFIO_B0_2P|||
B2|IOBD_12_376|BANK0|DIFFIO_B0_1P|||
A16|IOBS_TB_321_376|BANK0|DIFFIO_B0_30N|||
C14|IOBS_TB_317_376|BANK0|DIFFIO_B0_29N|||
A15|IOBS_TB_313_376|BANK0|DIFFIO_B0_28N|||
E13|IOBS_TB_309_376|BANK0|DIFFIO_B0_27N|||
A13|IOBS_TB_297_376|BANK0|DIFFIO_B0_25N|||
A12|IOBS_TB_293_376|BANK0|DIFFIO_B0_24N|||
A11|IOBS_TB_289_376|BANK0|DIFFIO_B0_23N|||
A10|IOBS_TB_245_376|BANK0|DIFFIO_B0_16N/GCLK12/PLL1_CLK7|||
C11|IOBS_TB_241_376|BANK0|DIFFIO_B0_15N/GCLK14/PLL1_CLK5|||
A9|IOBS_TB_225_376|BANK0|DIFFIO_B0_14N/GCLK16/PLL1_CLK3|ext_axi_if_rdata[18]|output|NO
C9|IOBS_TB_221_376|BANK0|DIFFIO_B0_13N/GCLK18/PLL1_CLK1|ext_axi_if_rdata[21]|output|NO
A8|IOBS_TB_73_376|BANK0|DIFFIO_B0_11N|||
C8|IOBS_TB_69_376|BANK0|DIFFIO_B0_10N|||
A7|IOBS_TB_45_376|BANK0|DIFFIO_B0_7N|||
A5|IOBS_TB_41_376|BANK0|DIFFIO_B0_6N|||
A4|IOBS_TB_33_376|BANK0|DIFFIO_B0_4N|||
A3|IOBS_TB_21_376|BANK0|DIFFIO_B0_3N|||
C6|IOBS_TB_17_376|BANK0|DIFFIO_B0_2N|||
A2|IOBS_TB_13_376|BANK0|DIFFIO_B0_1N|||
A14|IOBR_TB_301_376|BANK0|DIFFIO_B0_26N/VREF_B0|||
F9|IOBR_TB_249_376|BANK0|DIFFIO_B0_17N/VREF_B0|||
A6|IOBR_TB_65_376|BANK0|DIFFIO_B0_9N/VREF_B0|||
C4|IOBR_TB_9_376|BANK0|DIFFIO_B0_0N/VREF_B0|rst_n|input|YES
P15|IOBS_LR_328_25|BANK1|DIFFI_B1_55P|||
L14|IOBS_LR_328_109|BANK1|DIFFI_B1_43P|||
U17|IOBS_LR_328_141|BANK1|DIFFI_B1_37P|ext_axi_if_rdata[2]|output|NO
T17|IOBS_LR_328_145|BANK1|DIFFI_B1_36P|||
N15|IOBS_LR_328_149|BANK1|DIFFI_B1_35P|||
P17|IOBS_LR_328_161|BANK1|DIFFI_B1_34P|||
N17|IOBS_LR_328_165|BANK1|DIFFI_B1_33P|||
M16|IOBS_LR_328_169|BANK1|DIFFI_B1_32P|||
L17|IOBS_LR_328_173|BANK1|DIFFI_B1_31P|||
K17|IOBS_LR_328_177|BANK1|DIFFI_B1_30P|||
J16|IOBS_LR_328_201|BANK1|DIFFI_B1_29P/XTAL_A|||
H17|IOBS_LR_328_205|BANK1|DIFFI_B1_28P/GCLK5/PLL2_CLK2/PLL3_CLK2|||
L15|IOBS_LR_328_209|BANK1|DIFFI_B1_27P/GCLK7/PLL2_CLK0/PLL3_CLK0|||
K15|IOBS_LR_328_213|BANK1|DIFFI_B1_26P/GCLK9/PLL1_CLK10/PLL4_CLK2/PLL5_CLK2|||
L12|IOBS_LR_328_217|BANK1|DIFFI_B1_25P/GCLK11/PLL1_CLK8/PLL4_CLK0/PLL5_CLK0|||
J13|IOBS_LR_328_229|BANK1|DIFFI_B1_24P|||
G16|IOBS_LR_328_233|BANK1|DIFFI_B1_23P|ext_axi_if_rdata[27]|output|NO
H15|IOBS_LR_328_237|BANK1|DIFFI_B1_22P|||
H13|IOBS_LR_328_241|BANK1|DIFFI_B1_21P|ext_axi_if_rdata[20]|output|NO
F17|IOBS_LR_328_245|BANK1|DIFFI_B1_20P|ext_axi_if_awready|output|NO
K12|IOBS_LR_328_257|BANK1|DIFFI_B1_19P|ext_axi_if_rdata[28]|output|NO
E16|IOBS_LR_328_261|BANK1|DIFFI_B1_18P|ext_axi_if_bresp[1]|output|NO
H12|IOBS_LR_328_265|BANK1|DIFFI_B1_17P|ext_axi_if_rdata[26]|output|NO
D17|IOBS_LR_328_269|BANK1|DIFFI_B1_16P|ext_axi_if_rresp[0]|output|NO
F14|IOBS_LR_328_273|BANK1|DIFFI_B1_15P|ext_axi_if_rdata[22]|output|NO
C17|IOBS_LR_328_285|BANK1|DIFFI_B1_14P|ext_axi_if_rvalid|output|NO
M14|IOBS_LR_328_137|BANK1|DIFFI_B1_38P|||
F15|IOBS_LR_328_369|BANK1|DIFFI_B1_0P|ext_axi_if_arready|output|NO
P16|IOBS_LR_328_24|BANK1|DIFFI_B1_55N/DOUT_BUSY|||
M13|IOBS_LR_328_108|BANK1|DIFFI_B1_43N|||
U18|IOBS_LR_328_140|BANK1|DIFFI_B1_37N|||
T18|IOBS_LR_328_144|BANK1|DIFFI_B1_36N|||
N16|IOBS_LR_328_148|BANK1|DIFFI_B1_35N|||
P18|IOBS_LR_328_160|BANK1|DIFFI_B1_34N|||
N18|IOBS_LR_328_164|BANK1|DIFFI_B1_33N|||
M18|IOBS_LR_328_168|BANK1|DIFFI_B1_32N|||
L18|IOBS_LR_328_172|BANK1|DIFFI_B1_31N|||
K18|IOBS_LR_328_176|BANK1|DIFFI_B1_30N|||
J18|IOBS_LR_328_200|BANK1|DIFFI_B1_29N/XTAL_B|||
H18|IOBS_LR_328_204|BANK1|DIFFI_B1_28N/GCLK4/PLL2_CLK3/PLL3_CLK3|||
L16|IOBS_LR_328_208|BANK1|DIFFI_B1_27N/GCLK6/PLL2_CLK1/PLL3_CLK1|||
K16|IOBS_LR_328_212|BANK1|DIFFI_B1_26N/GCLK8/PLL1_CLK11/PLL4_CLK3/PLL5_CLK3|||
L13|IOBS_LR_328_216|BANK1|DIFFI_B1_25N/GCLK10/PLL1_CLK9/PLL4_CLK1/PLL5_CLK1|||
K14|IOBS_LR_328_228|BANK1|DIFFI_B1_24N|||
G18|IOBS_LR_328_232|BANK1|DIFFI_B1_23N|ext_axi_if_rdata[17]|output|NO
H16|IOBS_LR_328_236|BANK1|DIFFI_B1_22N|||
H14|IOBS_LR_328_240|BANK1|DIFFI_B1_21N|ext_axi_if_rdata[16]|output|NO
F18|IOBS_LR_328_244|BANK1|DIFFI_B1_20N|||
K13|IOBS_LR_328_256|BANK1|DIFFI_B1_19N|ext_axi_if_rdata[30]|output|NO
E18|IOBS_LR_328_260|BANK1|DIFFI_B1_18N|ext_axi_if_bresp[0]|output|NO
G13|IOBS_LR_328_264|BANK1|DIFFI_B1_17N|ext_axi_if_rdata[25]|output|NO
D18|IOBS_LR_328_268|BANK1|DIFFI_B1_16N|ext_axi_if_bvalid|output|NO
G14|IOBS_LR_328_272|BANK1|DIFFI_B1_15N|ext_axi_if_rdata[29]|output|NO
C18|IOBS_LR_328_284|BANK1|DIFFI_B1_14N|ext_axi_if_rresp[1]|output|NO
N14|IOBR_LR_328_136|BANK1|DIFFI_B1_38N/VREF_B1|||
F16|IOBR_LR_328_368|BANK1|DIFFI_B1_0N/VREF_B1|ext_axi_if_wready|output|NO
R11|IOBD_217_0|BANK2|DIFFIO_B2_35P|uart_rx|input|YES
U8|IOBD_149_0|BANK2|DIFFIO_B2_22P|||
R5|IOBD_101_0|BANK2|DIFFIO_B2_15P/D7|||
R15|IOBD_321_0|BANK2|DIFFIO_B2_54P/CFG_CLK|||
U16|IOBD_317_0|BANK2|DIFFIO_B2_53P|||
R13|IOBD_313_0|BANK2|DIFFIO_B2_52P/D0|||
U15|IOBD_281_0|BANK2|DIFFIO_B2_46P|||
T14|IOBD_245_0|BANK2|DIFFIO_B2_39P/D1|||
N12|IOBD_241_0|BANK2|DIFFIO_B2_38P/MODE1|||
U13|IOBD_225_0|BANK2|DIFFIO_B2_37P/D11|||
M11|IOBD_221_0|BANK2|DIFFIO_B2_36P|||
T12|IOBD_201_0|BANK2|DIFFIO_B2_32P|||
N10|IOBD_197_0|BANK2|DIFFIO_B2_31P|ext_axi_if_rdata[6]|output|NO
M10|IOBD_185_0|BANK2|DIFFIO_B2_29P|ext_axi_if_rdata[14]|output|NO
U11|IOBD_181_0|BANK2|DIFFIO_B2_28P|ext_axi_if_rdata[8]|output|NO
R10|IOBD_169_0|BANK2|DIFFIO_B2_27P/GCLK3/PLL4_CLK11/PLL5_CLK11|ext_axi_if_rdata[12]|output|NO
U10|IOBD_165_0|BANK2|DIFFIO_B2_26P/GCLK1/PLL4_CLK9/PLL5_CLK9/D13|ext_axi_if_rdata[3]|output|NO
R8|IOBD_161_0|BANK2|DIFFIO_B2_25P/GCLK31/PLL4_CLK7/PLL5_CLK7/D14|ext_axi_if_rdata[5]|output|NO
T9|IOBD_157_0|BANK2|DIFFIO_B2_24P/GCLK29/PLL4_CLK5/PLL5_CLK5|||
M8|IOBD_153_0|BANK2|DIFFIO_B2_23P|||
U7|IOBD_129_0|BANK2|DIFFIO_B2_20P|||
N7|IOBD_121_0|BANK2|DIFFIO_B2_19P|||
T6|IOBD_117_0|BANK2|DIFFIO_B2_18P|||
R7|IOBD_113_0|BANK2|DIFFIO_B2_17P|||
N6|IOBD_109_0|BANK2|DIFFIO_B2_16P|||
U5|IOBD_97_0|BANK2|DIFFIO_B2_14P/D3|||
R3|IOBD_33_0|BANK2|DIFFIO_B2_4P/D5|||
T4|IOBD_21_0|BANK2|DIFFIO_B2_3P|||
N5|IOBD_17_0|BANK2|DIFFIO_B2_2P/D8|||
U3|IOBD_13_0|BANK2|DIFFIO_B2_1P/INIT_FLAG_N|||
T15|IOBS_TB_320_0|BANK2|DIFFIO_B2_54N/MODE0|||
V16|IOBS_TB_316_0|BANK2|DIFFIO_B2_53N/MFG_TEST_OUT|||
T13|IOBS_TB_312_0|BANK2|DIFFIO_B2_52N/CS_N|||
V15|IOBS_TB_280_0|BANK2|DIFFIO_B2_46N|||
V14|IOBS_TB_244_0|BANK2|DIFFIO_B2_39N/D2|||
P12|IOBS_TB_240_0|BANK2|DIFFIO_B2_38N/D10|||
V13|IOBS_TB_224_0|BANK2|DIFFIO_B2_37N/D12|||
N11|IOBS_TB_220_0|BANK2|DIFFIO_B2_36N|||
V12|IOBS_TB_200_0|BANK2|DIFFIO_B2_32N|ext_axi_if_rdata[31]|output|NO
P11|IOBS_TB_196_0|BANK2|DIFFIO_B2_31N|ext_axi_if_rdata[10]|output|NO
N9|IOBS_TB_184_0|BANK2|DIFFIO_B2_29N|ext_axi_if_rdata[15]|output|NO
V11|IOBS_TB_180_0|BANK2|DIFFIO_B2_28N|ext_axi_if_rdata[13]|output|NO
T10|IOBS_TB_168_0|BANK2|DIFFIO_B2_27N/GCLK2/PLL4_CLK10/PLL5_CLK10|ext_axi_if_rdata[11]|output|NO
V10|IOBS_TB_164_0|BANK2|DIFFIO_B2_26N/GCLK0/PLL4_CLK8/PLL5_CLK8/ECCLK|ext_axi_if_rdata[9]|output|NO
T8|IOBS_TB_160_0|BANK2|DIFFIO_B2_25N/GCLK30/PLL4_CLK6/PLL5_CLK6/D15|ext_axi_if_rdata[7]|output|NO
V9|IOBS_TB_156_0|BANK2|DIFFIO_B2_24N/GCLK28/PLL4_CLK4/PLL5_CLK4|sys_clk|input|YES
N8|IOBS_TB_152_0|BANK2|DIFFIO_B2_23N|ext_axi_if_rdata[4]|output|NO
V7|IOBS_TB_128_0|BANK2|DIFFIO_B2_20N|||
P8|IOBS_TB_120_0|BANK2|DIFFIO_B2_19N|||
V6|IOBS_TB_116_0|BANK2|DIFFIO_B2_18N|||
T7|IOBS_TB_112_0|BANK2|DIFFIO_B2_17N|||
P7|IOBS_TB_108_0|BANK2|DIFFIO_B2_16N|||
V5|IOBS_TB_96_0|BANK2|DIFFIO_B2_14N/D4|||
T3|IOBS_TB_32_0|BANK2|DIFFIO_B2_4N/D6|||
V4|IOBS_TB_20_0|BANK2|DIFFIO_B2_3N|||
P6|IOBS_TB_16_0|BANK2|DIFFIO_B2_2N/D9|||
V3|IOBS_TB_12_0|BANK2|DIFFIO_B2_1N/CSO_N|||
T11|IOBR_TB_216_0|BANK2|DIFFIO_B2_35N/VREF_B2|uart_tx|output|YES
V8|IOBR_TB_148_0|BANK2|DIFFIO_B2_22N/VREF_B2|ext_axi_if_rdata[1]|output|NO
T5|IOBR_TB_100_0|BANK2|DIFFIO_B2_15N/RWSEL/VREF_B2|||
N4|IOBS_LR_0_16|BANK3|DIFFI_B3_57P|||
L6|IOBS_LR_0_136|BANK3|DIFFI_B3_38P|||
C2|IOBS_LR_0_368|BANK3|DIFFI_B3_0P|||
P4|IOBS_LR_0_20|BANK3|DIFFI_B3_56P|||
U2|IOBS_LR_0_140|BANK3|DIFFI_B3_37P|||
T2|IOBS_LR_0_144|BANK3|DIFFI_B3_36P|||
P2|IOBS_LR_0_148|BANK3|DIFFI_B3_35P|||
N2|IOBS_LR_0_160|BANK3|DIFFI_B3_34P|||
M3|IOBS_LR_0_164|BANK3|DIFFI_B3_33P|||
L2|IOBS_LR_0_168|BANK3|DIFFI_B3_32P|||
K2|IOBS_LR_0_172|BANK3|DIFFI_B3_31P|||
L4|IOBS_LR_0_176|BANK3|DIFFI_B3_30P|||
J3|IOBS_LR_0_200|BANK3|DIFFI_B3_29P/XTAL_B|||
H2|IOBS_LR_0_204|BANK3|DIFFI_B3_28P/GCLK27/PLL2_CLK7/PLL3_CLK7|||
K4|IOBS_LR_0_208|BANK3|DIFFI_B3_27P/GCLK25/PLL2_CLK5/PLL3_CLK5|||
L5|IOBS_LR_0_212|BANK3|DIFFI_B3_26P/GCLK23/PLL1_CLK15/PLL4_CLK7/PLL5_CLK7|||
H4|IOBS_LR_0_216|BANK3|DIFFI_B3_25P/GCLK21/PLL1_CLK13/PLL4_CLK5/PLL5_CLK5|||
L7|IOBS_LR_0_228|BANK3|DIFFI_B3_24P|||
G3|IOBS_LR_0_232|BANK3|DIFFI_B3_23P|||
J7|IOBS_LR_0_236|BANK3|DIFFI_B3_22P|||
F2|IOBS_LR_0_240|BANK3|DIFFI_B3_21P|||
H6|IOBS_LR_0_244|BANK3|DIFFI_B3_20P|||
H7|IOBS_LR_0_256|BANK3|DIFFI_B3_19P|||
F4|IOBS_LR_0_260|BANK3|DIFFI_B3_18P|||
D2|IOBS_LR_0_264|BANK3|DIFFI_B3_17P|||
E3|IOBS_LR_0_268|BANK3|DIFFI_B3_16P|||
E4|IOBS_LR_0_272|BANK3|DIFFI_B3_15P|||
F6|IOBS_LR_0_284|BANK3|DIFFI_B3_14P|||
P3|IOBS_LR_0_21|BANK3|DIFFI_B3_56N|||
U1|IOBS_LR_0_141|BANK3|DIFFI_B3_37N|||
T1|IOBS_LR_0_145|BANK3|DIFFI_B3_36N|||
P1|IOBS_LR_0_149|BANK3|DIFFI_B3_35N|||
N1|IOBS_LR_0_161|BANK3|DIFFI_B3_34N|ext_axi_if_rdata[0]|output|NO
M1|IOBS_LR_0_165|BANK3|DIFFI_B3_33N|||
L1|IOBS_LR_0_169|BANK3|DIFFI_B3_32N|||
K1|IOBS_LR_0_173|BANK3|DIFFI_B3_31N|||
L3|IOBS_LR_0_177|BANK3|DIFFI_B3_30N|||
J1|IOBS_LR_0_201|BANK3|DIFFI_B3_29N/XTAL_A|||
H1|IOBS_LR_0_205|BANK3|DIFFI_B3_28N/GCLK26/PLL2_CLK6/PLL3_CLK6|||
K3|IOBS_LR_0_209|BANK3|DIFFI_B3_27N/GCLK24/PLL2_CLK4/PLL3_CLK4|||
K5|IOBS_LR_0_213|BANK3|DIFFI_B3_26N/GCLK22/PLL1_CLK14/PLL4_CLK6/PLL5_CLK6|||
H3|IOBS_LR_0_217|BANK3|DIFFI_B3_25N/GCLK20/PLL1_CLK12/PLL4_CLK4/PLL5_CLK4|||
K6|IOBS_LR_0_229|BANK3|DIFFI_B3_24N|||
G1|IOBS_LR_0_233|BANK3|DIFFI_B3_23N|||
J6|IOBS_LR_0_237|BANK3|DIFFI_B3_22N|||
F1|IOBS_LR_0_241|BANK3|DIFFI_B3_21N|||
H5|IOBS_LR_0_245|BANK3|DIFFI_B3_20N|||
G6|IOBS_LR_0_257|BANK3|DIFFI_B3_19N|||
F3|IOBS_LR_0_261|BANK3|DIFFI_B3_18N|||
D1|IOBS_LR_0_265|BANK3|DIFFI_B3_17N|||
E1|IOBS_LR_0_269|BANK3|DIFFI_B3_16N|||
D3|IOBS_LR_0_273|BANK3|DIFFI_B3_15N|||
F5|IOBS_LR_0_285|BANK3|DIFFI_B3_14N|||
N3|IOBR_LR_0_17|BANK3|DIFFI_B3_57N/VREF_B3|||
M5|IOBR_LR_0_137|BANK3|DIFFI_B3_38N/VREF_B3|||
C1|IOBR_LR_0_369|BANK3|DIFFI_B3_0N/VREF_B3|||
