#Build: Fabric Compiler 2022.2-SP6.4, Build 146967, Jan 31 01:39 2024
#Install: E:\pango\PDS_2022.2-SP6.4\bin
#Application name: pds_shell.exe
#OS: Windows 10 10.0.26200
#Hostname: LAPTOP-E3CFACBD
Generated by Fabric Compiler (version 2022.2-SP6.4 build 146967) at Mon Mar 30 22:20:07 2026
Compiling verification operator library.
Compiling common defs.
Compiling prim grid devices.
Compiling gate devices.
Compiling gate operators.
Building architecture model.
Loading device packaging model.
Reading design from DB.
Start Generating Programming File...
Reading design from DB takes 0.890625 sec.
Generating architecture configuration.
The bitstream file is "E:/FPGA/TSP_RVmaster/FPGA/pango_cpu/generate_bitstream/SoC_Top.sbit"
Generate programming file takes 9.703125 sec.
Generating Programming File done.
Action gen_bit_stream: Real time elapsed is 0h:0m:15s
Action gen_bit_stream: CPU time elapsed is 0h:0m:13s
Action gen_bit_stream: Process CPU time elapsed is 0h:0m:13s
Current time: Mon Mar 30 22:20:20 2026
Action gen_bit_stream: Peak memory pool usage is 671 MB
