#Build: Fabric Compiler 2022.2-SP6.4, Build 146967, Jan 31 01:39 2024
#Install: E:\pango\PDS_2022.2-SP6.4\bin
#Application name: pds_shell.exe
#OS: Windows 10 10.0.26200
#Hostname: LAPTOP-E3CFACBD
Generated by Fabric Compiler (version 2022.2-SP6.4 build 146967) at Wed Mar 25 13:52:37 2026
Compiling verification operator library.
Compiling common defs.
Compiling prim grid devices.
Compiling gate devices.
Compiling gate operators.
Building architecture model.
Loading device packaging model.
Reading design from pnr DB.
Start Report Post-PnR timing.
Constructing timing graph ...
Timing graph has been constructed successfully
C: STA-3001: Combinational loops are found in the netlist, following timing arcs are set to false path.
    u_TSP_Core/u_TSP_Disp_Exu/Exu_muldiv_u0/Exu_divider/N21/gateop_perm/Z --> u_TSP_Core/u_TSP_Disp_Exu/Exu_muldiv_u0/Exu_divider/N1150_1_0/gateop_A2/I12
    u_TSP_Core/u_TSP_Disp_Exu/Exu_muldiv_u0/Exu_divider/N1150_1_0/gateop_A2/Cout --> u_TSP_Core/u_TSP_Disp_Exu/Exu_muldiv_u0/Exu_divider/N1150_1_2/gateop_A2/Cin
    u_TSP_Core/u_TSP_Disp_Exu/Exu_muldiv_u0/Exu_divider/N1191_4/gateop_perm/Z --> u_TSP_Core/u_TSP_Disp_Exu/Exu_muldiv_u0/Exu_divider/N1191_28/gateop_perm/L1
    u_TSP_Core/u_TSP_Wb_arbiter/N5_21[1]/gateop/F --> u_TSP_Core/u_TSP_Regfiles/x1_31[1].RV32I_reg_i/qout[1]/opit_0_inv_L5Q_perm/L0
    u_TSP_Core/u_TSP_Disp_Exu/Exu_muldiv_u0/Exu_divider/N1150_1_2/gateop_A2/Cout --> u_TSP_Core/u_TSP_Disp_Exu/Exu_muldiv_u0/Exu_divider/N1150_1_4/gateop_A2/Cin
    u_TSP_Core/u_TSP_Disp_Exu/Exu_muldiv_u0/Exu_divider/N1191_28/gateop_perm/Z --> u_TSP_Core/u_TSP_Disp_Exu/Exu_muldiv_u0/Exu_divider/is_div_by_0_r/opit_0_L5Q_perm/L1
    u_TSP_Core/u_TSP_Regfiles/x1_31[1].RV32I_reg_i/qout[3]/opit_0_inv_L5Q_perm/Z --> u_TSP_Core/u_TSP_Disp_Exu/Exu_muldiv_u0/Exu_multiplier/A[3]/opit_0_inv_L5Q_perm/L1
    u_TSP_Core/u_TSP_Disp_Exu/Exu_muldiv_u0/Exu_divider/N1191_28/gateop_perm/Z --> u_TSP_Core/u_TSP_Disp_Exu/Exu_muldiv_u0/Exu_divider/is_div_by_0_r/opit_0_L5Q_perm/L1
    u_TSP_Core/u_TSP_Regfiles/x1_31[1].RV32I_reg_i/qout[2]/opit_0_inv_L5Q_perm/Z --> u_TSP_Core/u_TSP_Disp_Exu/Exu_muldiv_u0/Exu_multiplier/A[2]/opit_0_inv_L5Q_perm/L0
    u_TSP_Core/u_TSP_Disp_Exu/Exu_muldiv_u0/Exu_divider/N1150_1_2/gateop_A2/Cout --> u_TSP_Core/u_TSP_Disp_Exu/Exu_muldiv_u0/Exu_divider/N1150_1_4/gateop_A2/Cin
    u_TSP_Core/u_TSP_Disp_Exu/Exu_muldiv_u0/Exu_divider/N1150_1_4/gateop_A2/Cout --> u_TSP_Core/u_TSP_Disp_Exu/Exu_muldiv_u0/Exu_divider/N1150_1_6/gateop_A2/Cin
    u_TSP_Core/u_TSP_Disp_Exu/Exu_muldiv_u0/Exu_divider/N1191_4/gateop_perm/Z --> u_TSP_Core/u_TSP_Disp_Exu/Exu_muldiv_u0/Exu_divider/N1191_28/gateop_perm/L1
    u_TSP_Core/u_TSP_Regfiles/x1_31[1].RV32I_reg_i/qout[5]/opit_0_inv_L5Q_perm/Z --> u_TSP_Core/u_TSP_Disp_Exu/Exu_muldiv_u0/Exu_multiplier/A[5]/opit_0_inv_L5Q_perm/L1
    u_TSP_Core/u_TSP_Disp_Exu/Exu_muldiv_u0/Exu_divider/N1191_28/gateop_perm/Z --> u_TSP_Core/u_TSP_Disp_Exu/Exu_muldiv_u0/Exu_divider/is_div_by_0_r/opit_0_L5Q_perm/L1
    u_TSP_Core/u_TSP_Regfiles/x1_31[1].RV32I_reg_i/qout[4]/opit_0_inv_L5Q_perm/Z --> u_TSP_Core/u_TSP_Disp_Exu/Exu_muldiv_u0/Exu_multiplier/A[4]/opit_0_inv_L5Q_perm/L3
    u_TSP_Core/u_TSP_Disp_Exu/Exu_muldiv_u0/Exu_divider/N1150_1_4/gateop_A2/Cout --> u_TSP_Core/u_TSP_Disp_Exu/Exu_muldiv_u0/Exu_divider/N1150_1_6/gateop_A2/Cin
    u_TSP_Core/u_TSP_Disp_Exu/Exu_muldiv_u0/Exu_divider/N1150_1_6/gateop_A2/Cout --> u_TSP_Core/u_TSP_Disp_Exu/Exu_muldiv_u0/Exu_divider/N1150_1_8/gateop_A2/Cin
    u_TSP_Core/u_TSP_Disp_Exu/Exu_muldiv_u0/Exu_divider/N1191_28/gateop_perm/Z --> u_TSP_Core/u_TSP_Disp_Exu/Exu_muldiv_u0/Exu_divider/is_div_by_0_r/opit_0_L5Q_perm/L1
    u_TSP_Core/u_TSP_Regfiles/x1_31[1].RV32I_reg_i/qout[7]/opit_0_inv_L5Q_perm/Z --> u_TSP_Core/u_TSP_Disp_Exu/Exu_muldiv_u0/Exu_multiplier/A[7]/opit_0_inv_L5Q_perm/L3
    u_TSP_Core/u_TSP_Regfiles/x1_31[1].RV32I_reg_i/qout[6]/opit_0_inv_L5Q_perm/Z --> u_TSP_Core/u_TSP_Disp_Exu/Exu_muldiv_u0/Exu_multiplier/A[6]/opit_0_inv_L5Q_perm/L2
    u_TSP_Core/u_TSP_Disp_Exu/Exu_muldiv_u0/Exu_divider/N1150_1_6/gateop_A2/Cout --> u_TSP_Core/u_TSP_Disp_Exu/Exu_muldiv_u0/Exu_divider/N1150_1_8/gateop_A2/Cin
    u_TSP_Core/u_TSP_Disp_Exu/Exu_muldiv_u0/Exu_divider/N1150_1_8/gateop_A2/Cout --> u_TSP_Core/u_TSP_Disp_Exu/Exu_muldiv_u0/Exu_divider/N1150_1_10/gateop_A2/Cin
    u_TSP_Core/u_TSP_Regfiles/x1_31[1].RV32I_reg_i/qout[9]/opit_0_inv_L5Q_perm/Z --> u_TSP_Core/u_TSP_Disp_Exu/Exu_muldiv_u0/Exu_multiplier/A[9]/opit_0_inv_L5Q_perm/L2
    u_TSP_Core/u_TSP_Regfiles/x1_31[1].RV32I_reg_i/qout[8]/opit_0_inv_L5Q_perm/Z --> u_TSP_Core/u_TSP_Disp_Exu/Exu_muldiv_u0/Exu_multiplier/A[8]/opit_0_inv_L5Q_perm/L1
    u_TSP_Core/u_TSP_Disp_Exu/Exu_muldiv_u0/Exu_divider/N1150_1_8/gateop_A2/Cout --> u_TSP_Core/u_TSP_Disp_Exu/Exu_muldiv_u0/Exu_divider/N1150_1_10/gateop_A2/Cin
    u_TSP_Core/u_TSP_Disp_Exu/Exu_muldiv_u0/Exu_divider/N1150_1_10/gateop_A2/Cout --> u_TSP_Core/u_TSP_Disp_Exu/Exu_muldiv_u0/Exu_divider/N1150_1_12/gateop_A2/Cin
    u_TSP_Core/u_TSP_Disp_Exu/Exu_muldiv_u0/Exu_divider/is_div_by_0_r/opit_0_L5Q_perm/Z --> u_TSP_Core/u_TSP_Disp_Exu/Exu_muldiv_u0/Exu_divider/N23/gateop_perm/L3
    u_TSP_Core/u_TSP_Regfiles/x1_31[1].RV32I_reg_i/qout[11]/opit_0_inv_L5Q_perm/Z --> u_TSP_Core/u_TSP_Disp_Exu/Exu_muldiv_u0/Exu_multiplier/A[11]/opit_0_inv_L5Q_perm/L3
    u_TSP_Core/u_TSP_Regfiles/x1_31[1].RV32I_reg_i/qout[10]/opit_0_inv_L5Q_perm/Z --> u_TSP_Core/u_TSP_Disp_Exu/Exu_muldiv_u0/Exu_multiplier/A[10]/opit_0_inv_L5Q_perm/L2
    u_TSP_Core/u_TSP_Disp_Exu/Exu_muldiv_u0/Exu_divider/N1150_1_10/gateop_A2/Cout --> u_TSP_Core/u_TSP_Disp_Exu/Exu_muldiv_u0/Exu_divider/N1150_1_12/gateop_A2/Cin
    u_TSP_Core/u_TSP_Disp_Exu/Exu_muldiv_u0/Exu_divider/N1150_1_12/gateop_A2/Cout --> u_TSP_Core/u_TSP_Disp_Exu/Exu_muldiv_u0/Exu_divider/N1150_1_14/gateop_A2/Cin
    u_TSP_Core/u_TSP_Regfiles/x1_31[1].RV32I_reg_i/qout[13]/opit_0_inv_L5Q_perm/Z --> u_TSP_Core/u_TSP_Disp_Exu/Exu_muldiv_u0/Exu_multiplier/A[13]/opit_0_inv_L5Q_perm/L0
    u_TSP_Core/u_TSP_Regfiles/x1_31[1].RV32I_reg_i/qout[12]/opit_0_inv_L5Q_perm/Z --> u_TSP_Core/u_TSP_Disp_Exu/Exu_muldiv_u0/Exu_multiplier/A[12]/opit_0_inv_L5Q_perm/L3
    u_TSP_Core/u_TSP_Disp_Exu/Exu_muldiv_u0/Exu_divider/N1150_1_12/gateop_A2/Cout --> u_TSP_Core/u_TSP_Disp_Exu/Exu_muldiv_u0/Exu_divider/N1150_1_14/gateop_A2/Cin
    u_TSP_Core/u_TSP_Disp_Exu/Exu_muldiv_u0/Exu_divider/N1150_1_14/gateop_A2/Cout --> u_TSP_Core/u_TSP_Disp_Exu/Exu_muldiv_u0/Exu_divider/N1150_1_16/gateop_A2/Cin
    u_TSP_Core/u_TSP_Regfiles/x1_31[1].RV32I_reg_i/qout[15]/opit_0_inv_L5Q_perm/Z --> u_TSP_Core/u_TSP_Disp_Exu/Exu_muldiv_u0/Exu_multiplier/A[15]/opit_0_inv_L5Q_perm/L4
    u_TSP_Core/u_TSP_Regfiles/x1_31[1].RV32I_reg_i/qout[14]/opit_0_inv_L5Q_perm/Z --> u_TSP_Core/u_TSP_Disp_Exu/Exu_muldiv_u0/Exu_multiplier/A[14]/opit_0_inv_L5Q_perm/L3
    u_TSP_Core/u_TSP_Disp_Exu/Exu_muldiv_u0/Exu_divider/N1150_1_14/gateop_A2/Cout --> u_TSP_Core/u_TSP_Disp_Exu/Exu_muldiv_u0/Exu_divider/N1150_1_16/gateop_A2/Cin
    u_TSP_Core/u_TSP_Disp_Exu/Exu_muldiv_u0/Exu_divider/N1150_1_16/gateop_A2/Cout --> u_TSP_Core/u_TSP_Disp_Exu/Exu_muldiv_u0/Exu_divider/N1150_1_18/gateop_A2/Cin
    u_TSP_Core/u_TSP_Disp_Exu/Exu_muldiv_u0/Exu_divider/is_div_by_0_r/opit_0_L5Q_perm/Z --> u_TSP_Core/u_TSP_Disp_Exu/Exu_muldiv_u0/Exu_divider/N23/gateop_perm/L3
    u_TSP_Core/u_TSP_Regfiles/x1_31[1].RV32I_reg_i/qout[17]/opit_0_inv_L5Q_perm/Z --> u_TSP_Core/u_TSP_Disp_Exu/Exu_muldiv_u0/Exu_multiplier/A[17]/opit_0_inv_L5Q_perm/L3
    u_TSP_Core/u_TSP_Regfiles/x1_31[1].RV32I_reg_i/qout[16]/opit_0_inv_L5Q_perm/Z --> u_TSP_Core/u_TSP_Disp_Exu/Exu_muldiv_u0/Exu_multiplier/A[16]/opit_0_inv_L5Q_perm/L0
    u_TSP_Core/u_TSP_Disp_Exu/Exu_muldiv_u0/Exu_divider/N1150_1_16/gateop_A2/Cout --> u_TSP_Core/u_TSP_Disp_Exu/Exu_muldiv_u0/Exu_divider/N1150_1_18/gateop_A2/Cin
    u_TSP_Core/u_TSP_Disp_Exu/Exu_muldiv_u0/Exu_divider/N1150_1_18/gateop_A2/Cout --> u_TSP_Core/u_TSP_Disp_Exu/Exu_muldiv_u0/Exu_divider/N1150_1_20/gateop_A2/Cin
    u_TSP_Core/u_TSP_Regfiles/x1_31[1].RV32I_reg_i/qout[19]/opit_0_inv_L5Q_perm/Z --> u_TSP_Core/u_TSP_Disp_Exu/Exu_muldiv_u0/Exu_multiplier/A[19]/opit_0_inv_L5Q_perm/L4
    u_TSP_Core/u_TSP_Regfiles/x1_31[1].RV32I_reg_i/qout[18]/opit_0_inv_L5Q_perm/Z --> u_TSP_Core/u_TSP_Disp_Exu/Exu_muldiv_u0/Exu_multiplier/A[18]/opit_0_inv_L5Q_perm/L1
    u_TSP_Core/u_TSP_Disp_Exu/Exu_muldiv_u0/Exu_divider/N1150_1_18/gateop_A2/Cout --> u_TSP_Core/u_TSP_Disp_Exu/Exu_muldiv_u0/Exu_divider/N1150_1_20/gateop_A2/Cin
    u_TSP_Core/u_TSP_Disp_Exu/Exu_muldiv_u0/Exu_divider/N1150_1_20/gateop_A2/Cout --> u_TSP_Core/u_TSP_Disp_Exu/Exu_muldiv_u0/Exu_divider/N1150_1_22/gateop_A2/Cin
    u_TSP_Core/u_TSP_Disp_Exu/Exu_muldiv_u0/Exu_divider/is_div_by_0_r/opit_0_L5Q_perm/Z --> u_TSP_Core/u_TSP_Disp_Exu/Exu_muldiv_u0/Exu_divider/N23/gateop_perm/L3
    u_TSP_Core/u_TSP_Regfiles/x1_31[1].RV32I_reg_i/qout[21]/opit_0_inv_L5Q_perm/Z --> u_TSP_Core/u_TSP_Disp_Exu/Exu_muldiv_u0/Exu_multiplier/A[21]/opit_0_inv_L5Q_perm/L1
    u_TSP_Core/u_TSP_Regfiles/x1_31[1].RV32I_reg_i/qout[20]/opit_0_inv_L5Q_perm/Z --> u_TSP_Core/u_TSP_Disp_Exu/Exu_muldiv_u0/Exu_multiplier/A[20]/opit_0_inv_L5Q_perm/L1
    u_TSP_Core/u_TSP_Disp_Exu/Exu_muldiv_u0/Exu_divider/N1150_1_20/gateop_A2/Cout --> u_TSP_Core/u_TSP_Disp_Exu/Exu_muldiv_u0/Exu_divider/N1150_1_22/gateop_A2/Cin
    u_TSP_Core/u_TSP_Disp_Exu/Exu_muldiv_u0/Exu_divider/N1150_1_22/gateop_A2/Cout --> u_TSP_Core/u_TSP_Disp_Exu/Exu_muldiv_u0/Exu_divider/N1150_1_24/gateop_A2/Cin
    u_TSP_Core/u_TSP_Regfiles/x1_31[1].RV32I_reg_i/qout[23]/opit_0_inv_L5Q_perm/Z --> u_TSP_Core/u_TSP_Disp_Exu/Exu_muldiv_u0/Exu_multiplier/A[23]/opit_0_inv_L5Q_perm/L2
    u_TSP_Core/u_TSP_Regfiles/x1_31[1].RV32I_reg_i/qout[22]/opit_0_inv_L5Q_perm/Z --> u_TSP_Core/u_TSP_Disp_Exu/Exu_muldiv_u0/Exu_multiplier/A[22]/opit_0_inv_L5Q_perm/L0
    u_TSP_Core/u_TSP_Disp_Exu/Exu_muldiv_u0/Exu_divider/N1150_1_22/gateop_A2/Cout --> u_TSP_Core/u_TSP_Disp_Exu/Exu_muldiv_u0/Exu_divider/N1150_1_24/gateop_A2/Cin
    u_TSP_Core/u_TSP_Disp_Exu/Exu_muldiv_u0/Exu_divider/N1150_1_24/gateop_A2/Cout --> u_TSP_Core/u_TSP_Disp_Exu/Exu_muldiv_u0/Exu_divider/N1150_1_26/gateop_A2/Cin
    u_TSP_Core/u_TSP_Regfiles/x1_31[1].RV32I_reg_i/qout[25]/opit_0_inv_L5Q_perm/Z --> u_TSP_Core/u_TSP_Disp_Exu/Exu_muldiv_u0/Exu_multiplier/A[25]/opit_0_inv_L5Q_perm/L0
    u_TSP_Core/u_TSP_Regfiles/x1_31[1].RV32I_reg_i/qout[24]/opit_0_inv_L5Q_perm/Z --> u_TSP_Core/u_TSP_Disp_Exu/Exu_muldiv_u0/Exu_multiplier/A[24]/opit_0_inv_L5Q_perm/L1
    u_TSP_Core/u_TSP_Disp_Exu/Exu_muldiv_u0/Exu_divider/N1150_1_24/gateop_A2/Cout --> u_TSP_Core/u_TSP_Disp_Exu/Exu_muldiv_u0/Exu_divider/N1150_1_26/gateop_A2/Cin
    u_TSP_Core/u_TSP_Disp_Exu/Exu_muldiv_u0/Exu_divider/N1150_1_26/gateop_A2/Cout --> u_TSP_Core/u_TSP_Disp_Exu/Exu_muldiv_u0/Exu_divider/N1150_1_28/gateop_A2/Cin
    u_TSP_Core/u_TSP_Disp_Exu/Exu_muldiv_u0/Exu_divider/is_div_by_0_r/opit_0_L5Q_perm/Z --> u_TSP_Core/u_TSP_Disp_Exu/Exu_muldiv_u0/Exu_divider/N23/gateop_perm/L3
    u_TSP_Core/u_TSP_Regfiles/x1_31[1].RV32I_reg_i/qout[27]/opit_0_inv_L5Q_perm/Z --> u_TSP_Core/u_TSP_Disp_Exu/Exu_muldiv_u0/Exu_multiplier/A[27]/opit_0_inv_L5Q_perm/L1
    u_TSP_Core/u_TSP_Regfiles/x1_31[1].RV32I_reg_i/qout[26]/opit_0_inv_L5Q_perm/Z --> u_TSP_Core/u_TSP_Disp_Exu/Exu_muldiv_u0/Exu_multiplier/A[26]/opit_0_inv_L5Q_perm/L3
    u_TSP_Core/u_TSP_Disp_Exu/Exu_muldiv_u0/Exu_divider/N1150_1_26/gateop_A2/Cout --> u_TSP_Core/u_TSP_Disp_Exu/Exu_muldiv_u0/Exu_divider/N1150_1_28/gateop_A2/Cin
    u_TSP_Core/u_TSP_Disp_Exu/Exu_muldiv_u0/Exu_divider/N1150_1_28/gateop_A2/Cout --> u_TSP_Core/u_TSP_Disp_Exu/Exu_muldiv_u0/Exu_divider/N1150_1_30/gateop_A2/Cin
    u_TSP_Core/u_TSP_Regfiles/x1_31[1].RV32I_reg_i/qout[29]/opit_0_inv_L5Q_perm/Z --> u_TSP_Core/u_TSP_Disp_Exu/Exu_muldiv_u0/Exu_multiplier/A[29]/opit_0_inv_L5Q_perm/L0
    u_TSP_Core/u_TSP_Regfiles/x1_31[1].RV32I_reg_i/qout[28]/opit_0_inv_L5Q_perm/Z --> u_TSP_Core/u_TSP_Disp_Exu/Exu_muldiv_u0/Exu_multiplier/A[28]/opit_0_inv_L5Q_perm/L0
    u_TSP_Core/u_TSP_Disp_Exu/Exu_muldiv_u0/Exu_divider/N1150_1_28/gateop_A2/Cout --> u_TSP_Core/u_TSP_Disp_Exu/Exu_muldiv_u0/Exu_divider/N1150_1_30/gateop_A2/Cin
    u_TSP_Core/u_TSP_Disp_Exu/Exu_muldiv_u0/Exu_divider/N1150_1_30/gateop_A2/Y1 --> u_TSP_Core/u_TSP_Wb_arbiter/N5_21[31]/gateop/S0
    u_TSP_Core/u_TSP_Regfiles/x1_31[1].RV32I_reg_i/qout[30]/opit_0_inv_L5Q_perm/Z --> u_TSP_Core/u_TSP_Disp_Exu/Exu_muldiv_u0/Exu_multiplier/A[30]/opit_0_inv_L5Q_perm/L2
    u_TSP_Core/u_TSP_Disp_Exu/Exu_muldiv_u0/Exu_divider/N1150_1_30/gateop_A2/Y1 --> u_TSP_Core/u_TSP_Wb_arbiter/N5_21[31]/gateop/S0
    u_TSP_Core/u_TSP_Wb_arbiter/N5_21[31]/gateop/F --> u_TSP_Core/u_TSP_Disp_Exu/Exu_ls_u0/rs2_data_r[31]/opit_0_inv_L5Q_perm/L0
    u_TSP_Core/u_TSP_Disp_Exu/Exu_muldiv_u0/Exu_divider/N1191_4/gateop_perm/Z --> u_TSP_Core/u_TSP_Disp_Exu/Exu_muldiv_u0/Exu_divider/N1191_28/gateop_perm/L1
    u_TSP_Core/u_TSP_Wb_arbiter/N5_21[0]_muxf6/F --> u_TSP_Core/u_TSP_Regfiles/x1_31[1].RV32I_reg_i/qout[0]/opit_0_inv_L5Q_perm/L4
C: STA-3001: Combinational loops are found in the netlist, following timing arcs are set to false path.
    u_TSP_Core/u_TSP_Disp_Exu/Exu_muldiv_u0/Exu_divider/N1158_10[31]/gateop_perm/Z --> u_TSP_Core/u_TSP_Wb_arbiter/N5_21[31]/gateop/I3
    u_TSP_Core/u_TSP_Disp_Exu/Exu_muldiv_u0/Exu_divider/N22/gateop_perm/Z --> u_TSP_Core/u_TSP_Disp_Exu/Exu_muldiv_u0/Exu_divider/N1154_1_1/gateop_A2/I02
W: Timing-4087: Port 'ext_axi_if_arready' is not constrained, it is treated as combinational output.
W: Timing-4087: Port 'ext_axi_if_awready' is not constrained, it is treated as combinational output.
W: Timing-4087: Port 'ext_axi_if_bresp[0]' is not constrained, it is treated as combinational output.
W: Timing-4087: Port 'ext_axi_if_bresp[1]' is not constrained, it is treated as combinational output.
W: Timing-4087: Port 'ext_axi_if_bvalid' is not constrained, it is treated as combinational output.
W: Timing-4087: Port 'ext_axi_if_rdata[0]' is not constrained, it is treated as combinational output.
W: Timing-4087: Port 'ext_axi_if_rdata[1]' is not constrained, it is treated as combinational output.
W: Timing-4087: Port 'ext_axi_if_rdata[2]' is not constrained, it is treated as combinational output.
W: Timing-4087: Port 'ext_axi_if_rdata[3]' is not constrained, it is treated as combinational output.
W: Timing-4087: Port 'ext_axi_if_rdata[4]' is not constrained, it is treated as combinational output.
W: Timing-4087: Port 'ext_axi_if_rdata[5]' is not constrained, it is treated as combinational output.
W: Timing-4087: Port 'ext_axi_if_rdata[6]' is not constrained, it is treated as combinational output.
W: Timing-4087: Port 'ext_axi_if_rdata[7]' is not constrained, it is treated as combinational output.
W: Timing-4087: Port 'ext_axi_if_rdata[8]' is not constrained, it is treated as combinational output.
W: Timing-4087: Port 'ext_axi_if_rdata[9]' is not constrained, it is treated as combinational output.
W: Timing-4087: Port 'ext_axi_if_rdata[10]' is not constrained, it is treated as combinational output.
W: Timing-4087: Port 'ext_axi_if_rdata[11]' is not constrained, it is treated as combinational output.
W: Timing-4087: Port 'ext_axi_if_rdata[12]' is not constrained, it is treated as combinational output.
W: Timing-4087: Port 'ext_axi_if_rdata[13]' is not constrained, it is treated as combinational output.
W: Timing-4087: Port 'ext_axi_if_rdata[14]' is not constrained, it is treated as combinational output.
W: Timing-4087: Port 'ext_axi_if_rdata[15]' is not constrained, it is treated as combinational output.
W: Timing-4087: Port 'ext_axi_if_rdata[16]' is not constrained, it is treated as combinational output.
W: Timing-4087: Port 'ext_axi_if_rdata[17]' is not constrained, it is treated as combinational output.
W: Timing-4087: Port 'ext_axi_if_rdata[18]' is not constrained, it is treated as combinational output.
W: Timing-4087: Port 'ext_axi_if_rdata[19]' is not constrained, it is treated as combinational output.
W: Timing-4087: Port 'ext_axi_if_rdata[20]' is not constrained, it is treated as combinational output.
W: Timing-4087: Port 'ext_axi_if_rdata[21]' is not constrained, it is treated as combinational output.
W: Timing-4087: Port 'ext_axi_if_rdata[22]' is not constrained, it is treated as combinational output.
W: Timing-4087: Port 'ext_axi_if_rdata[23]' is not constrained, it is treated as combinational output.
W: Timing-4087: Port 'ext_axi_if_rdata[24]' is not constrained, it is treated as combinational output.
W: Timing-4087: Port 'ext_axi_if_rdata[25]' is not constrained, it is treated as combinational output.
W: Timing-4087: Port 'ext_axi_if_rdata[26]' is not constrained, it is treated as combinational output.
W: Timing-4087: Port 'ext_axi_if_rdata[27]' is not constrained, it is treated as combinational output.
W: Timing-4087: Port 'ext_axi_if_rdata[28]' is not constrained, it is treated as combinational output.
W: Timing-4087: Port 'ext_axi_if_rdata[29]' is not constrained, it is treated as combinational output.
W: Timing-4087: Port 'ext_axi_if_rdata[30]' is not constrained, it is treated as combinational output.
W: Timing-4087: Port 'ext_axi_if_rdata[31]' is not constrained, it is treated as combinational output.
W: Timing-4087: Port 'ext_axi_if_rresp[0]' is not constrained, it is treated as combinational output.
W: Timing-4087: Port 'ext_axi_if_rresp[1]' is not constrained, it is treated as combinational output.
W: Timing-4087: Port 'ext_axi_if_rvalid' is not constrained, it is treated as combinational output.
W: Timing-4087: Port 'ext_axi_if_wready' is not constrained, it is treated as combinational output.
W: Timing-4087: Port 'uart_tx' is not constrained, it is treated as combinational output.
W: Timing-4086: Port 'ext_axi_if_araddr[2]' is not constrained, it is treated as combinational input.
W: Timing-4086: Port 'ext_axi_if_araddr[3]' is not constrained, it is treated as combinational input.
W: Timing-4086: Port 'ext_axi_if_araddr[4]' is not constrained, it is treated as combinational input.
W: Timing-4086: Port 'ext_axi_if_araddr[5]' is not constrained, it is treated as combinational input.
W: Timing-4086: Port 'ext_axi_if_araddr[6]' is not constrained, it is treated as combinational input.
W: Timing-4086: Port 'ext_axi_if_araddr[7]' is not constrained, it is treated as combinational input.
W: Timing-4086: Port 'ext_axi_if_araddr[8]' is not constrained, it is treated as combinational input.
W: Timing-4086: Port 'ext_axi_if_araddr[9]' is not constrained, it is treated as combinational input.
W: Timing-4086: Port 'ext_axi_if_araddr[10]' is not constrained, it is treated as combinational input.
W: Timing-4086: Port 'ext_axi_if_araddr[11]' is not constrained, it is treated as combinational input.
W: Timing-4086: Port 'ext_axi_if_arvalid' is not constrained, it is treated as combinational input.
W: Timing-4086: Port 'ext_axi_if_awaddr[2]' is not constrained, it is treated as combinational input.
W: Timing-4086: Port 'ext_axi_if_awaddr[3]' is not constrained, it is treated as combinational input.
W: Timing-4086: Port 'ext_axi_if_awaddr[4]' is not constrained, it is treated as combinational input.
W: Timing-4086: Port 'ext_axi_if_awaddr[5]' is not constrained, it is treated as combinational input.
W: Timing-4086: Port 'ext_axi_if_awaddr[6]' is not constrained, it is treated as combinational input.
W: Timing-4086: Port 'ext_axi_if_awaddr[7]' is not constrained, it is treated as combinational input.
W: Timing-4086: Port 'ext_axi_if_awaddr[8]' is not constrained, it is treated as combinational input.
W: Timing-4086: Port 'ext_axi_if_awaddr[9]' is not constrained, it is treated as combinational input.
W: Timing-4086: Port 'ext_axi_if_awaddr[10]' is not constrained, it is treated as combinational input.
W: Timing-4086: Port 'ext_axi_if_awaddr[11]' is not constrained, it is treated as combinational input.
W: Timing-4086: Port 'ext_axi_if_awvalid' is not constrained, it is treated as combinational input.
W: Timing-4086: Port 'ext_axi_if_bready' is not constrained, it is treated as combinational input.
W: Timing-4086: Port 'ext_axi_if_rready' is not constrained, it is treated as combinational input.
W: Timing-4086: Port 'ext_axi_if_wdata[0]' is not constrained, it is treated as combinational input.
W: Timing-4086: Port 'ext_axi_if_wdata[1]' is not constrained, it is treated as combinational input.
W: Timing-4086: Port 'ext_axi_if_wdata[2]' is not constrained, it is treated as combinational input.
W: Timing-4086: Port 'ext_axi_if_wdata[3]' is not constrained, it is treated as combinational input.
W: Timing-4086: Port 'ext_axi_if_wdata[4]' is not constrained, it is treated as combinational input.
W: Timing-4086: Port 'ext_axi_if_wdata[5]' is not constrained, it is treated as combinational input.
W: Timing-4086: Port 'ext_axi_if_wdata[6]' is not constrained, it is treated as combinational input.
W: Timing-4086: Port 'ext_axi_if_wdata[7]' is not constrained, it is treated as combinational input.
W: Timing-4086: Port 'ext_axi_if_wdata[8]' is not constrained, it is treated as combinational input.
W: Timing-4086: Port 'ext_axi_if_wdata[9]' is not constrained, it is treated as combinational input.
W: Timing-4086: Port 'ext_axi_if_wdata[10]' is not constrained, it is treated as combinational input.
W: Timing-4086: Port 'ext_axi_if_wdata[11]' is not constrained, it is treated as combinational input.
W: Timing-4086: Port 'ext_axi_if_wdata[12]' is not constrained, it is treated as combinational input.
W: Timing-4086: Port 'ext_axi_if_wdata[13]' is not constrained, it is treated as combinational input.
W: Timing-4086: Port 'ext_axi_if_wdata[14]' is not constrained, it is treated as combinational input.
W: Timing-4086: Port 'ext_axi_if_wdata[15]' is not constrained, it is treated as combinational input.
W: Timing-4086: Port 'ext_axi_if_wdata[16]' is not constrained, it is treated as combinational input.
W: Timing-4086: Port 'ext_axi_if_wdata[17]' is not constrained, it is treated as combinational input.
W: Timing-4086: Port 'ext_axi_if_wdata[18]' is not constrained, it is treated as combinational input.
W: Timing-4086: Port 'ext_axi_if_wdata[19]' is not constrained, it is treated as combinational input.
W: Timing-4086: Port 'ext_axi_if_wdata[20]' is not constrained, it is treated as combinational input.
W: Timing-4086: Port 'ext_axi_if_wdata[21]' is not constrained, it is treated as combinational input.
W: Timing-4086: Port 'ext_axi_if_wdata[22]' is not constrained, it is treated as combinational input.
W: Timing-4086: Port 'ext_axi_if_wdata[23]' is not constrained, it is treated as combinational input.
W: Timing-4086: Port 'ext_axi_if_wdata[24]' is not constrained, it is treated as combinational input.
W: Timing-4086: Port 'ext_axi_if_wdata[25]' is not constrained, it is treated as combinational input.
W: Timing-4086: Port 'ext_axi_if_wdata[26]' is not constrained, it is treated as combinational input.
W: Timing-4086: Port 'ext_axi_if_wdata[27]' is not constrained, it is treated as combinational input.
W: Timing-4086: Port 'ext_axi_if_wdata[28]' is not constrained, it is treated as combinational input.
W: Timing-4086: Port 'ext_axi_if_wdata[29]' is not constrained, it is treated as combinational input.
W: Timing-4086: Port 'ext_axi_if_wdata[30]' is not constrained, it is treated as combinational input.
W: Timing-4086: Port 'ext_axi_if_wdata[31]' is not constrained, it is treated as combinational input.
W: Timing-4086: Port 'ext_axi_if_wstrb[0]' is not constrained, it is treated as combinational input.
W: Timing-4086: Port 'ext_axi_if_wstrb[1]' is not constrained, it is treated as combinational input.
W: Timing-4086: Port 'ext_axi_if_wstrb[2]' is not constrained, it is treated as combinational input.
W: Timing-4086: Port 'ext_axi_if_wstrb[3]' is not constrained, it is treated as combinational input.
W: Timing-4086: Port 'ext_axi_if_wvalid' is not constrained, it is treated as combinational input.
W: Timing-4086: Port 'rst_n' is not constrained, it is treated as combinational input.
W: Timing-4086: Port 'uart_rx' is not constrained, it is treated as combinational input.
Report timing is finished successfully.
Action report_timing: Real time elapsed is 0h:0m:8s
Action report_timing: CPU time elapsed is 0h:0m:6s
Action report_timing: Process CPU time elapsed is 0h:0m:7s
Current time: Wed Mar 25 13:52:43 2026
Action report_timing: Peak memory pool usage is 953 MB
