#Build: Fabric Compiler 2022.2-SP6.4, Build 146967, Jan 31 01:39 2024
#Install: E:\pango\PDS_2022.2-SP6.4\bin
#Application name: pds_shell.exe
#OS: Windows 10 10.0.26200
#Hostname: LAPTOP-E3CFACBD
Generated by Fabric Compiler (version 2022.2-SP6.4 build 146967) at Thu Mar 12 13:17:13 2026
Compiling verification operator library.
Compiling common defs.
Loading technology operator library.
Compiling technology operator library.
Compiling technology operator (valence) library.
Compiling operator packing rules.
Compiling prim grid devices.
Compiling gate devices.
Compiling gate operators.
Compiling tech operator impls.
Building architecture model.
Loading device packaging model.
W: ConstraintEditor-4019: Port Bus 'ext_axi_if_araddr' unspecified I/O constraint.
W: ConstraintEditor-4019: Port Bus 'ext_axi_if_awaddr' unspecified I/O constraint.
W: ConstraintEditor-4019: Port Bus 'ext_axi_if_bresp' unspecified I/O constraint.
W: ConstraintEditor-4019: Port Bus 'ext_axi_if_rdata' unspecified I/O constraint.
W: ConstraintEditor-4019: Port Bus 'ext_axi_if_rresp' unspecified I/O constraint.
W: ConstraintEditor-4019: Port Bus 'ext_axi_if_wdata' unspecified I/O constraint.
W: ConstraintEditor-4019: Port Bus 'ext_axi_if_wstrb' unspecified I/O constraint.
W: ConstraintEditor-4019: Port 'ext_axi_if_arready' unspecified I/O constraint.
W: ConstraintEditor-4019: Port 'ext_axi_if_arvalid' unspecified I/O constraint.
W: ConstraintEditor-4019: Port 'ext_axi_if_awready' unspecified I/O constraint.
W: ConstraintEditor-4019: Port 'ext_axi_if_awvalid' unspecified I/O constraint.
W: ConstraintEditor-4019: Port 'ext_axi_if_bready' unspecified I/O constraint.
W: ConstraintEditor-4019: Port 'ext_axi_if_bvalid' unspecified I/O constraint.
W: ConstraintEditor-4019: Port 'ext_axi_if_rready' unspecified I/O constraint.
W: ConstraintEditor-4019: Port 'ext_axi_if_rvalid' unspecified I/O constraint.
W: ConstraintEditor-4019: Port 'ext_axi_if_wready' unspecified I/O constraint.
W: ConstraintEditor-4019: Port 'ext_axi_if_wvalid' unspecified I/O constraint.
Flattening design 'SoC_Top'
Device mapping started.
Optimizing circuit logic.
Checking design netlist.
Processing tech operator.
I: The instance clkbufg_0(GTP_CLKBUFG) has been inserted on the net clk in design, driver pin CLKOUT0(instance sys_pll_u0/u_pll_e3) -> load pin CLK(instance u_Interconnect/r_target_reg[0]).
Converting tech operator to gate operator.
Processing gate operator.
I: Infer CARRY group, base inst: u_TSP_Core/u_PC_control/N0.eq_0/gateop, insts:9.
I: Infer CARRY group, base inst: u_TSP_Core/u_PC_control/N2.eq_0/gateop, insts:9.
I: Infer CARRY group, base inst: u_TSP_Core/u_PC_control/N16_1_0/gateop, insts:30.
I: Infer CARRY group, base inst: u_TSP_Core/u_PC_control/N21.eq_0/gateop, insts:9.
I: Infer CARRY group, base inst: u_TSP_Core/u_PC_control/N22.eq_0/gateop, insts:9.
I: Infer CARRY group, base inst: u_TSP_Core/u_TSP_Disp_Exu/N6.eq_0/gateop, insts:3.
I: Infer CARRY group, base inst: u_TSP_Core/u_TSP_Disp_Exu/N12.eq_0/gateop, insts:3.
I: Infer CARRY group, base inst: u_TSP_Core/u_TSP_Disp_Exu/Exu_muldiv_u0/Exu_multiplier/S_0_0/gateop, insts:37.
I: Infer CARRY group, base inst: u_TSP_Core/u_TSP_Disp_Exu/Exu_muldiv_u0/Exu_multiplier/S_1_0/gateop, insts:37.
I: Infer CARRY group, base inst: u_TSP_Core/u_TSP_Disp_Exu/Exu_muldiv_u0/Exu_multiplier/S_2_1/gateop, insts:36.
I: Infer CARRY group, base inst: u_TSP_Core/u_TSP_Disp_Exu/Exu_muldiv_u0/Exu_multiplier/S_3_1/gateop, insts:36.
I: Infer CARRY group, base inst: u_TSP_Core/u_TSP_Disp_Exu/N57.eq_0/gateop, insts:3.
I: Infer CARRY group, base inst: u_TSP_Core/u_TSP_Disp_Exu/N60.eq_0/gateop, insts:3.
I: Infer CARRY group, base inst: u_TSP_Core/u_TSP_Disp_Exu/N89.eq_0/gateop, insts:3.
I: Infer CARRY group, base inst: u_TSP_Core/u_TSP_Disp_Exu/N90.eq_0/gateop, insts:3.
I: Infer CARRY group, base inst: u_TSP_Core/u_TSP_Disp_Exu/N92.eq_0/gateop, insts:3.
I: Infer CARRY group, base inst: u_TSP_Core/u_TSP_Disp_Exu/N98.eq_0/gateop, insts:3.
I: Infer CARRY group, base inst: u_TSP_Core/u_TSP_Disp_Exu/N99.eq_0/gateop, insts:3.
I: Infer CARRY group, base inst: u_TSP_Core/u_TSP_Disp_Exu/N101.eq_0/gateop, insts:3.
I: Infer CARRY group, base inst: u_TSP_Core/u_TSP_Disp_Exu/Exu_bjp_u0/N8_1_0/gateop, insts:30.
I: Infer CARRY group, base inst: u_TSP_Core/u_TSP_Disp_Exu/Exu_common_u0/N33_0/gateop, insts:33.
I: Infer CARRY group, base inst: u_TSP_Core/u_TSP_Disp_Exu/Exu_common_u0/N120.eq_0/gateop, insts:16.
I: Infer CARRY group, base inst: u_TSP_Core/u_TSP_Disp_Exu/Exu_common_u0/N121.slt_0/gateop, insts:16.
I: Infer CARRY group, base inst: u_TSP_Core/u_TSP_Disp_Exu/Exu_common_u0/N122.lt_0/gateop, insts:16.
I: Infer CARRY group, base inst: u_TSP_Core/u_TSP_Disp_Exu/Exu_common_u0/N128_1_0/gateop, insts:30.
I: Infer CARRY group, base inst: u_UART/u_uart_core/uart_rx_inst/N196_3.fsub_1/gateop, insts:19.
I: Infer CARRY group, base inst: u_UART/u_uart_core/uart_tx_inst/N121_3.fsub_1/gateop, insts:19.
I: Infer CARRY group, base inst: u_TSP_Core/u_TSP_Disp_Exu/Exu_muldiv_u0/Exu_divider/N5_1_0/gateop, insts:32.
I: Infer CARRY group, base inst: u_TSP_Core/u_TSP_Disp_Exu/Exu_muldiv_u0/Exu_divider/N9_1_0/gateop, insts:32.
I: Infer CARRY group, base inst: u_TSP_Core/u_TSP_Disp_Exu/Exu_muldiv_u0/Exu_divider/N90.lt_0/gateop, insts:2.
I: Infer CARRY group, base inst: u_TSP_Core/u_TSP_Disp_Exu/Exu_muldiv_u0/Exu_divider/N94_3.fsub_0/gateop, insts:4.
I: Infer CARRY group, base inst: u_TSP_Core/u_TSP_Disp_Exu/Exu_muldiv_u0/Exu_divider/N117.lt_0/gateop, insts:2.
I: Infer CARRY group, base inst: u_TSP_Core/u_TSP_Disp_Exu/Exu_muldiv_u0/Exu_divider/N121_3.fsub_0/gateop, insts:5.
I: Infer CARRY group, base inst: u_TSP_Core/u_TSP_Disp_Exu/Exu_muldiv_u0/Exu_divider/N153.lt_0/gateop, insts:3.
I: Infer CARRY group, base inst: u_TSP_Core/u_TSP_Disp_Exu/Exu_muldiv_u0/Exu_divider/N157_3.fsub_0/gateop, insts:6.
I: Infer CARRY group, base inst: u_TSP_Core/u_TSP_Disp_Exu/Exu_muldiv_u0/Exu_divider/N180.lt_0/gateop, insts:3.
I: Infer CARRY group, base inst: u_TSP_Core/u_TSP_Disp_Exu/Exu_muldiv_u0/Exu_divider/N184_3.fsub_0/gateop, insts:7.
I: Infer CARRY group, base inst: u_TSP_Core/u_TSP_Disp_Exu/Exu_muldiv_u0/Exu_divider/N207.lt_0/gateop, insts:4.
I: Infer CARRY group, base inst: u_TSP_Core/u_TSP_Disp_Exu/Exu_muldiv_u0/Exu_divider/N211_3.fsub_0/gateop, insts:8.
I: Infer CARRY group, base inst: u_TSP_Core/u_TSP_Disp_Exu/Exu_muldiv_u0/Exu_divider/N234.lt_0/gateop, insts:4.
I: Infer CARRY group, base inst: u_TSP_Core/u_TSP_Disp_Exu/Exu_muldiv_u0/Exu_divider/N238_3.fsub_0/gateop, insts:9.
I: Infer CARRY group, base inst: u_TSP_Core/u_TSP_Disp_Exu/Exu_muldiv_u0/Exu_divider/N269.lt_0/gateop, insts:5.
I: Infer CARRY group, base inst: u_TSP_Core/u_TSP_Disp_Exu/Exu_muldiv_u0/Exu_divider/N273_3.fsub_0/gateop, insts:10.
I: Infer CARRY group, base inst: u_TSP_Core/u_TSP_Disp_Exu/Exu_muldiv_u0/Exu_divider/N296.lt_0/gateop, insts:5.
I: Infer CARRY group, base inst: u_TSP_Core/u_TSP_Disp_Exu/Exu_muldiv_u0/Exu_divider/N300_3.fsub_0/gateop, insts:11.
I: Infer CARRY group, base inst: u_TSP_Core/u_TSP_Disp_Exu/Exu_muldiv_u0/Exu_divider/N323.lt_0/gateop, insts:6.
I: Infer CARRY group, base inst: u_TSP_Core/u_TSP_Disp_Exu/Exu_muldiv_u0/Exu_divider/N327_3.fsub_0/gateop, insts:12.
I: Infer CARRY group, base inst: u_TSP_Core/u_TSP_Disp_Exu/Exu_muldiv_u0/Exu_divider/N350.lt_0/gateop, insts:6.
I: Infer CARRY group, base inst: u_TSP_Core/u_TSP_Disp_Exu/Exu_muldiv_u0/Exu_divider/N354_3.fsub_0/gateop, insts:13.
I: Infer CARRY group, base inst: u_TSP_Core/u_TSP_Disp_Exu/Exu_muldiv_u0/Exu_divider/N385.lt_0/gateop, insts:7.
I: Infer CARRY group, base inst: u_TSP_Core/u_TSP_Disp_Exu/Exu_muldiv_u0/Exu_divider/N389_3.fsub_0/gateop, insts:14.
I: Infer CARRY group, base inst: u_TSP_Core/u_TSP_Disp_Exu/Exu_muldiv_u0/Exu_divider/N412.lt_0/gateop, insts:7.
I: Infer CARRY group, base inst: u_TSP_Core/u_TSP_Disp_Exu/Exu_muldiv_u0/Exu_divider/N416_3.fsub_0/gateop, insts:15.
I: Infer CARRY group, base inst: u_TSP_Core/u_TSP_Disp_Exu/Exu_muldiv_u0/Exu_divider/N439.lt_0/gateop, insts:8.
I: Infer CARRY group, base inst: u_TSP_Core/u_TSP_Disp_Exu/Exu_muldiv_u0/Exu_divider/N443_3.fsub_0/gateop, insts:16.
I: Infer CARRY group, base inst: u_TSP_Core/u_TSP_Disp_Exu/Exu_muldiv_u0/Exu_divider/N466.lt_0/gateop, insts:8.
I: Infer CARRY group, base inst: u_TSP_Core/u_TSP_Disp_Exu/Exu_muldiv_u0/Exu_divider/N470_3.fsub_0/gateop, insts:17.
I: Infer CARRY group, base inst: u_TSP_Core/u_TSP_Disp_Exu/Exu_muldiv_u0/Exu_divider/N501.lt_0/gateop, insts:9.
I: Infer CARRY group, base inst: u_TSP_Core/u_TSP_Disp_Exu/Exu_muldiv_u0/Exu_divider/N505_3.fsub_0/gateop, insts:18.
I: Infer CARRY group, base inst: u_TSP_Core/u_TSP_Disp_Exu/Exu_muldiv_u0/Exu_divider/N528.lt_0/gateop, insts:9.
I: Infer CARRY group, base inst: u_TSP_Core/u_TSP_Disp_Exu/Exu_muldiv_u0/Exu_divider/N532_3.fsub_0/gateop, insts:19.
I: Infer CARRY group, base inst: u_TSP_Core/u_TSP_Disp_Exu/Exu_muldiv_u0/Exu_divider/N555.lt_0/gateop, insts:10.
I: Infer CARRY group, base inst: u_TSP_Core/u_TSP_Disp_Exu/Exu_muldiv_u0/Exu_divider/N559_3.fsub_0/gateop, insts:20.
I: Infer CARRY group, base inst: u_TSP_Core/u_TSP_Disp_Exu/Exu_muldiv_u0/Exu_divider/N582.lt_0/gateop, insts:10.
I: Infer CARRY group, base inst: u_TSP_Core/u_TSP_Disp_Exu/Exu_muldiv_u0/Exu_divider/N586_3.fsub_0/gateop, insts:21.
I: Infer CARRY group, base inst: u_TSP_Core/u_TSP_Disp_Exu/Exu_muldiv_u0/Exu_divider/N617.lt_0/gateop, insts:11.
I: Infer CARRY group, base inst: u_TSP_Core/u_TSP_Disp_Exu/Exu_muldiv_u0/Exu_divider/N621_3.fsub_0/gateop, insts:22.
I: Infer CARRY group, base inst: u_TSP_Core/u_TSP_Disp_Exu/Exu_muldiv_u0/Exu_divider/N644.lt_0/gateop, insts:11.
I: Infer CARRY group, base inst: u_TSP_Core/u_TSP_Disp_Exu/Exu_muldiv_u0/Exu_divider/N648_3.fsub_0/gateop, insts:23.
I: Infer CARRY group, base inst: u_TSP_Core/u_TSP_Disp_Exu/Exu_muldiv_u0/Exu_divider/N671.lt_0/gateop, insts:12.
I: Infer CARRY group, base inst: u_TSP_Core/u_TSP_Disp_Exu/Exu_muldiv_u0/Exu_divider/N675_3.fsub_0/gateop, insts:24.
I: Infer CARRY group, base inst: u_TSP_Core/u_TSP_Disp_Exu/Exu_muldiv_u0/Exu_divider/N698.lt_0/gateop, insts:12.
I: Infer CARRY group, base inst: u_TSP_Core/u_TSP_Disp_Exu/Exu_muldiv_u0/Exu_divider/N702_3.fsub_0/gateop, insts:25.
I: Infer CARRY group, base inst: u_TSP_Core/u_TSP_Disp_Exu/Exu_muldiv_u0/Exu_divider/N733.lt_0/gateop, insts:13.
I: Infer CARRY group, base inst: u_TSP_Core/u_TSP_Disp_Exu/Exu_muldiv_u0/Exu_divider/N737_3.fsub_0/gateop, insts:26.
I: Infer CARRY group, base inst: u_TSP_Core/u_TSP_Disp_Exu/Exu_muldiv_u0/Exu_divider/N760.lt_0/gateop, insts:13.
I: Infer CARRY group, base inst: u_TSP_Core/u_TSP_Disp_Exu/Exu_muldiv_u0/Exu_divider/N764_3.fsub_0/gateop, insts:27.
I: Infer CARRY group, base inst: u_TSP_Core/u_TSP_Disp_Exu/Exu_muldiv_u0/Exu_divider/N787.lt_0/gateop, insts:14.
I: Infer CARRY group, base inst: u_TSP_Core/u_TSP_Disp_Exu/Exu_muldiv_u0/Exu_divider/N791_3.fsub_0/gateop, insts:28.
I: Infer CARRY group, base inst: u_TSP_Core/u_TSP_Disp_Exu/Exu_muldiv_u0/Exu_divider/N814.lt_0/gateop, insts:14.
I: Infer CARRY group, base inst: u_TSP_Core/u_TSP_Disp_Exu/Exu_muldiv_u0/Exu_divider/N818_3.fsub_0/gateop, insts:29.
I: Infer CARRY group, base inst: u_TSP_Core/u_TSP_Disp_Exu/Exu_muldiv_u0/Exu_divider/N849.lt_0/gateop, insts:15.
I: Infer CARRY group, base inst: u_TSP_Core/u_TSP_Disp_Exu/Exu_muldiv_u0/Exu_divider/N853_3.fsub_0/gateop, insts:30.
I: Infer CARRY group, base inst: u_TSP_Core/u_TSP_Disp_Exu/Exu_muldiv_u0/Exu_divider/N876.lt_0/gateop, insts:15.
I: Infer CARRY group, base inst: u_TSP_Core/u_TSP_Disp_Exu/Exu_muldiv_u0/Exu_divider/N880_3.fsub_0/gateop, insts:31.
I: Infer CARRY group, base inst: u_TSP_Core/u_TSP_Disp_Exu/Exu_muldiv_u0/Exu_divider/N903.lt_0/gateop, insts:16.
I: Infer CARRY group, base inst: u_TSP_Core/u_TSP_Disp_Exu/Exu_muldiv_u0/Exu_divider/N907_3.fsub_0/gateop, insts:32.
I: Infer CARRY group, base inst: u_TSP_Core/u_TSP_Disp_Exu/Exu_muldiv_u0/Exu_divider/N929.lt_0/gateop, insts:16.
I: Infer CARRY group, base inst: u_TSP_Core/u_TSP_Disp_Exu/Exu_muldiv_u0/Exu_divider/N933_3.fsub_0/gateop, insts:33.
I: Infer CARRY group, base inst: u_TSP_Core/u_TSP_Disp_Exu/Exu_muldiv_u0/Exu_divider/N958_1_0/gateop, insts:32.
I: Infer CARRY group, base inst: u_TSP_Core/u_TSP_Disp_Exu/Exu_muldiv_u0/Exu_divider/N962_1_1/gateop, insts:31.
Device Utilization Summary:
+------------------------------------------------------------------------+
| Logic Utilization     | Used     | Available     | Utilization(%)     
+------------------------------------------------------------------------+
| APM                   | 0        | 84            | 0                  
| IOCKDLY               | 0        | 40            | 0                  
| FF                    | 2253     | 64200         | 4                  
| LUT                   | 3663     | 42800         | 9                  
| Distributed RAM       | 0        | 17000         | 0                  
| DLL                   | 0        | 10            | 0                  
| DQSL                  | 0        | 18            | 0                  
| DRM                   | 47       | 134           | 36                 
| FUSECODE              | 0        | 1             | 0                  
| IO                    | 50       | 218           | 23                 
| IOCKDIV               | 0        | 20            | 0                  
| IOCKGATE              | 0        | 20            | 0                  
| IPAL                  | 0        | 1             | 0                  
| PLL                   | 1        | 5             | 20                 
| RCKB                  | 0        | 24            | 0                  
| SCANCHAIN             | 0        | 2             | 0                  
| START                 | 0        | 1             | 0                  
| USCM                  | 1        | 30            | 4                  
| OSC                   | 0        | 1             | 0                  
| CRYSTAL               | 0        | 2             | 0                  
| RESCAL                | 0        | 4             | 0                  
| UDID                  | 0        | 1             | 0                  
+------------------------------------------------------------------------+

Device mapping done.
Total device mapping takes 0.66 sec.

Design 'SoC_Top' has been successfully mapped to architecture-specific objects.
Saving design to DB.
W: Public-4010: Pcf file E:/FPGA/TSP_RVmaster/FPGA/pango_cpu/device_map/SoC_Top.pcf has been covered.
Action dev_map: Real time elapsed is 0h:0m:6s
Action dev_map: CPU time elapsed is 0h:0m:4s
Action dev_map: Process CPU time elapsed is 0h:0m:4s
Current time: Thu Mar 12 13:17:17 2026
Action dev_map: Peak memory pool usage is 308 MB
