IP Generator (Version 2022.2-SP6.4 build 146967)
Check out license ...
Start generating at 2026-03-25 13:16
Instance: RAM (E:\FPGA\TSP_RVmaster\FPGA\pango_cpu\ipcore\RAM\RAM.idf)
IP: Pango DRM Based Single Port RAM (1.7)
Part: Logos-PGL50G-MBG324--6
Create directory 'rtl' ...
Copy 'rtl\ipml_spram_v1_7.v.xml' to 'rtl' ...
Compile file 'rtl\ipml_spram_v1_7.v.xml' to 'rtl\ipml_spram_v1_7_RAM.v' ...
Copy 'ipml_spram_wrapper_v1_7.v.xml' ...
Compile file 'ipml_spram_wrapper_v1_7.v.xml' to 'RAM.v' ...
Found top module 'RAM' in file 'RAM.v'.
Copy 'ipml_spram_wrapper_v1_3_tb.v.xml' ...
Compile file 'ipml_spram_wrapper_v1_3_tb.v.xml' to 'RAM_tb.v' ...
Copy 'init_param_bin_exmp.dat' ...
Copy 'init_param_hex_exmp.dat' ...
Run file 'createParam.tcl' ...
Create template file 'RAM_tmpl.v' ...
Create template file 'RAM_tmpl.vhdl' ...
There are 2 source files to synthesize.
Synthesis is disabled.
Done: 0 error(s), 0 warning(s)
