#Build: Fabric Compiler 2022.2-SP6.4, Build 146967, Jan 31 01:39 2024
#Install: E:\pango\PDS_2022.2-SP6.4\bin
#Application name: pds_shell.exe
#OS: Windows 10 10.0.26200
#Hostname: LAPTOP-E3CFACBD
Generated by Fabric Compiler (version 2022.2-SP6.4 build 146967) at Wed Mar 25 13:39:16 2026
Compiling verification operator library.
Compiling common defs.
Compiling prim grid devices.
Compiling gate devices.
Compiling gate operators.
Building architecture model.
Loading device packaging model.
Reading design from pnr DB.
Start Report Post-PnR timing.
Constructing timing graph ...
Timing graph has been constructed successfully
W: Timing-4087: Port 'ext_axi_if_arready' is not constrained, it is treated as combinational output.
W: Timing-4087: Port 'ext_axi_if_awready' is not constrained, it is treated as combinational output.
W: Timing-4087: Port 'ext_axi_if_bresp[0]' is not constrained, it is treated as combinational output.
W: Timing-4087: Port 'ext_axi_if_bresp[1]' is not constrained, it is treated as combinational output.
W: Timing-4087: Port 'ext_axi_if_bvalid' is not constrained, it is treated as combinational output.
W: Timing-4087: Port 'ext_axi_if_rdata[0]' is not constrained, it is treated as combinational output.
W: Timing-4087: Port 'ext_axi_if_rdata[1]' is not constrained, it is treated as combinational output.
W: Timing-4087: Port 'ext_axi_if_rdata[2]' is not constrained, it is treated as combinational output.
W: Timing-4087: Port 'ext_axi_if_rdata[3]' is not constrained, it is treated as combinational output.
W: Timing-4087: Port 'ext_axi_if_rdata[4]' is not constrained, it is treated as combinational output.
W: Timing-4087: Port 'ext_axi_if_rdata[5]' is not constrained, it is treated as combinational output.
W: Timing-4087: Port 'ext_axi_if_rdata[6]' is not constrained, it is treated as combinational output.
W: Timing-4087: Port 'ext_axi_if_rdata[7]' is not constrained, it is treated as combinational output.
W: Timing-4087: Port 'ext_axi_if_rdata[8]' is not constrained, it is treated as combinational output.
W: Timing-4087: Port 'ext_axi_if_rdata[9]' is not constrained, it is treated as combinational output.
W: Timing-4087: Port 'ext_axi_if_rdata[10]' is not constrained, it is treated as combinational output.
W: Timing-4087: Port 'ext_axi_if_rdata[11]' is not constrained, it is treated as combinational output.
W: Timing-4087: Port 'ext_axi_if_rdata[12]' is not constrained, it is treated as combinational output.
W: Timing-4087: Port 'ext_axi_if_rdata[13]' is not constrained, it is treated as combinational output.
W: Timing-4087: Port 'ext_axi_if_rdata[14]' is not constrained, it is treated as combinational output.
W: Timing-4087: Port 'ext_axi_if_rdata[15]' is not constrained, it is treated as combinational output.
W: Timing-4087: Port 'ext_axi_if_rdata[16]' is not constrained, it is treated as combinational output.
W: Timing-4087: Port 'ext_axi_if_rdata[17]' is not constrained, it is treated as combinational output.
W: Timing-4087: Port 'ext_axi_if_rdata[18]' is not constrained, it is treated as combinational output.
W: Timing-4087: Port 'ext_axi_if_rdata[19]' is not constrained, it is treated as combinational output.
W: Timing-4087: Port 'ext_axi_if_rdata[20]' is not constrained, it is treated as combinational output.
W: Timing-4087: Port 'ext_axi_if_rdata[21]' is not constrained, it is treated as combinational output.
W: Timing-4087: Port 'ext_axi_if_rdata[22]' is not constrained, it is treated as combinational output.
W: Timing-4087: Port 'ext_axi_if_rdata[23]' is not constrained, it is treated as combinational output.
W: Timing-4087: Port 'ext_axi_if_rdata[24]' is not constrained, it is treated as combinational output.
W: Timing-4087: Port 'ext_axi_if_rdata[25]' is not constrained, it is treated as combinational output.
W: Timing-4087: Port 'ext_axi_if_rdata[26]' is not constrained, it is treated as combinational output.
W: Timing-4087: Port 'ext_axi_if_rdata[27]' is not constrained, it is treated as combinational output.
W: Timing-4087: Port 'ext_axi_if_rdata[28]' is not constrained, it is treated as combinational output.
W: Timing-4087: Port 'ext_axi_if_rdata[29]' is not constrained, it is treated as combinational output.
W: Timing-4087: Port 'ext_axi_if_rdata[30]' is not constrained, it is treated as combinational output.
W: Timing-4087: Port 'ext_axi_if_rdata[31]' is not constrained, it is treated as combinational output.
W: Timing-4087: Port 'ext_axi_if_rresp[0]' is not constrained, it is treated as combinational output.
W: Timing-4087: Port 'ext_axi_if_rresp[1]' is not constrained, it is treated as combinational output.
W: Timing-4087: Port 'ext_axi_if_rvalid' is not constrained, it is treated as combinational output.
W: Timing-4087: Port 'ext_axi_if_wready' is not constrained, it is treated as combinational output.
W: Timing-4087: Port 'uart_tx' is not constrained, it is treated as combinational output.
W: Timing-4086: Port 'ext_axi_if_araddr[0]' is not constrained, it is treated as combinational input.
W: Timing-4086: Port 'ext_axi_if_araddr[1]' is not constrained, it is treated as combinational input.
W: Timing-4086: Port 'ext_axi_if_araddr[2]' is not constrained, it is treated as combinational input.
W: Timing-4086: Port 'ext_axi_if_araddr[3]' is not constrained, it is treated as combinational input.
W: Timing-4086: Port 'ext_axi_if_araddr[4]' is not constrained, it is treated as combinational input.
W: Timing-4086: Port 'ext_axi_if_araddr[5]' is not constrained, it is treated as combinational input.
W: Timing-4086: Port 'ext_axi_if_araddr[6]' is not constrained, it is treated as combinational input.
W: Timing-4086: Port 'ext_axi_if_araddr[7]' is not constrained, it is treated as combinational input.
W: Timing-4086: Port 'ext_axi_if_araddr[8]' is not constrained, it is treated as combinational input.
W: Timing-4086: Port 'ext_axi_if_araddr[9]' is not constrained, it is treated as combinational input.
W: Timing-4086: Port 'ext_axi_if_arvalid' is not constrained, it is treated as combinational input.
W: Timing-4086: Port 'ext_axi_if_awaddr[0]' is not constrained, it is treated as combinational input.
W: Timing-4086: Port 'ext_axi_if_awaddr[1]' is not constrained, it is treated as combinational input.
W: Timing-4086: Port 'ext_axi_if_awaddr[2]' is not constrained, it is treated as combinational input.
W: Timing-4086: Port 'ext_axi_if_awaddr[3]' is not constrained, it is treated as combinational input.
W: Timing-4086: Port 'ext_axi_if_awaddr[4]' is not constrained, it is treated as combinational input.
W: Timing-4086: Port 'ext_axi_if_awaddr[5]' is not constrained, it is treated as combinational input.
W: Timing-4086: Port 'ext_axi_if_awaddr[6]' is not constrained, it is treated as combinational input.
W: Timing-4086: Port 'ext_axi_if_awaddr[7]' is not constrained, it is treated as combinational input.
W: Timing-4086: Port 'ext_axi_if_awaddr[8]' is not constrained, it is treated as combinational input.
W: Timing-4086: Port 'ext_axi_if_awaddr[9]' is not constrained, it is treated as combinational input.
W: Timing-4086: Port 'ext_axi_if_awvalid' is not constrained, it is treated as combinational input.
W: Timing-4086: Port 'ext_axi_if_bready' is not constrained, it is treated as combinational input.
W: Timing-4086: Port 'ext_axi_if_rready' is not constrained, it is treated as combinational input.
W: Timing-4086: Port 'ext_axi_if_wdata[0]' is not constrained, it is treated as combinational input.
W: Timing-4086: Port 'ext_axi_if_wdata[1]' is not constrained, it is treated as combinational input.
W: Timing-4086: Port 'ext_axi_if_wdata[2]' is not constrained, it is treated as combinational input.
W: Timing-4086: Port 'ext_axi_if_wdata[3]' is not constrained, it is treated as combinational input.
W: Timing-4086: Port 'ext_axi_if_wdata[4]' is not constrained, it is treated as combinational input.
W: Timing-4086: Port 'ext_axi_if_wdata[5]' is not constrained, it is treated as combinational input.
W: Timing-4086: Port 'ext_axi_if_wdata[6]' is not constrained, it is treated as combinational input.
W: Timing-4086: Port 'ext_axi_if_wdata[7]' is not constrained, it is treated as combinational input.
W: Timing-4086: Port 'ext_axi_if_wdata[8]' is not constrained, it is treated as combinational input.
W: Timing-4086: Port 'ext_axi_if_wdata[9]' is not constrained, it is treated as combinational input.
W: Timing-4086: Port 'ext_axi_if_wdata[10]' is not constrained, it is treated as combinational input.
W: Timing-4086: Port 'ext_axi_if_wdata[11]' is not constrained, it is treated as combinational input.
W: Timing-4086: Port 'ext_axi_if_wdata[12]' is not constrained, it is treated as combinational input.
W: Timing-4086: Port 'ext_axi_if_wdata[13]' is not constrained, it is treated as combinational input.
W: Timing-4086: Port 'ext_axi_if_wdata[14]' is not constrained, it is treated as combinational input.
W: Timing-4086: Port 'ext_axi_if_wdata[15]' is not constrained, it is treated as combinational input.
W: Timing-4086: Port 'ext_axi_if_wdata[16]' is not constrained, it is treated as combinational input.
W: Timing-4086: Port 'ext_axi_if_wdata[17]' is not constrained, it is treated as combinational input.
W: Timing-4086: Port 'ext_axi_if_wdata[18]' is not constrained, it is treated as combinational input.
W: Timing-4086: Port 'ext_axi_if_wdata[19]' is not constrained, it is treated as combinational input.
W: Timing-4086: Port 'ext_axi_if_wdata[20]' is not constrained, it is treated as combinational input.
W: Timing-4086: Port 'ext_axi_if_wdata[21]' is not constrained, it is treated as combinational input.
W: Timing-4086: Port 'ext_axi_if_wdata[22]' is not constrained, it is treated as combinational input.
W: Timing-4086: Port 'ext_axi_if_wdata[23]' is not constrained, it is treated as combinational input.
W: Timing-4086: Port 'ext_axi_if_wdata[24]' is not constrained, it is treated as combinational input.
W: Timing-4086: Port 'ext_axi_if_wdata[25]' is not constrained, it is treated as combinational input.
W: Timing-4086: Port 'ext_axi_if_wdata[26]' is not constrained, it is treated as combinational input.
W: Timing-4086: Port 'ext_axi_if_wdata[27]' is not constrained, it is treated as combinational input.
W: Timing-4086: Port 'ext_axi_if_wdata[28]' is not constrained, it is treated as combinational input.
W: Timing-4086: Port 'ext_axi_if_wdata[29]' is not constrained, it is treated as combinational input.
W: Timing-4086: Port 'ext_axi_if_wdata[30]' is not constrained, it is treated as combinational input.
W: Timing-4086: Port 'ext_axi_if_wdata[31]' is not constrained, it is treated as combinational input.
W: Timing-4086: Port 'ext_axi_if_wstrb[0]' is not constrained, it is treated as combinational input.
W: Timing-4086: Port 'ext_axi_if_wstrb[1]' is not constrained, it is treated as combinational input.
W: Timing-4086: Port 'ext_axi_if_wstrb[2]' is not constrained, it is treated as combinational input.
W: Timing-4086: Port 'ext_axi_if_wstrb[3]' is not constrained, it is treated as combinational input.
W: Timing-4086: Port 'ext_axi_if_wvalid' is not constrained, it is treated as combinational input.
W: Timing-4086: Port 'rst_n' is not constrained, it is treated as combinational input.
Report timing is finished successfully.
Action report_timing: Real time elapsed is 0h:0m:6s
Action report_timing: CPU time elapsed is 0h:0m:4s
Action report_timing: Process CPU time elapsed is 0h:0m:4s
Current time: Wed Mar 25 13:39:20 2026
Action report_timing: Peak memory pool usage is 883 MB
