
Discarded input sections

 .text          0x0000000000000000        0x0 ./src/main.o
 .data          0x0000000000000000        0x0 ./src/main.o
 .bss           0x0000000000000000        0x0 ./src/main.o
 .text.mod10    0x0000000000000000       0x14 ./src/main.o
 .text          0x0000000000000000        0x0 ./lib/startup/startup.o
 .data          0x0000000000000000        0x0 ./lib/startup/startup.o
 .bss           0x0000000000000000        0x0 ./lib/startup/startup.o

Memory Configuration

Name             Origin             Length             Attributes
IRAM             0x0000000000000000 0x0000000000010000 xr
SRAM             0x0000000020000000 0x0000000000008000 xrw
*default*        0x0000000000000000 0xffffffffffffffff

Linker script and memory map

LOAD ./src/main.o
LOAD ./lib/startup/startup.o
LOAD e:/mounriver/mounriver_studio/toolchain/risc-v embedded gcc/bin/../lib/gcc/riscv-none-embed/8.2.0/rv32im/ilp32\libgcc.a
LOAD e:/mounriver/mounriver_studio/toolchain/risc-v embedded gcc/bin/../lib/gcc/riscv-none-embed/8.2.0/../../../../riscv-none-embed/lib\libg_nano.a
LOAD e:/mounriver/mounriver_studio/toolchain/risc-v embedded gcc/bin/../lib/gcc/riscv-none-embed/8.2.0/../../../../riscv-none-embed/lib\libc_nano.a
LOAD e:/mounriver/mounriver_studio/toolchain/risc-v embedded gcc/bin/../lib/gcc/riscv-none-embed/8.2.0/rv32im/ilp32\libgcc.a
START GROUP
LOAD e:/mounriver/mounriver_studio/toolchain/risc-v embedded gcc/bin/../lib/gcc/riscv-none-embed/8.2.0/rv32im/ilp32\libgcc.a
LOAD e:/mounriver/mounriver_studio/toolchain/risc-v embedded gcc/bin/../lib/gcc/riscv-none-embed/8.2.0/../../../../riscv-none-embed/lib\libc_nano.a
LOAD e:/mounriver/mounriver_studio/toolchain/risc-v embedded gcc/bin/../lib/gcc/riscv-none-embed/8.2.0/../../../../riscv-none-embed/lib\libnosys.a
END GROUP
START GROUP
LOAD e:/mounriver/mounriver_studio/toolchain/risc-v embedded gcc/bin/../lib/gcc/riscv-none-embed/8.2.0/rv32im/ilp32\libgcc.a
LOAD e:/mounriver/mounriver_studio/toolchain/risc-v embedded gcc/bin/../lib/gcc/riscv-none-embed/8.2.0/../../../../riscv-none-embed/lib\libc_nano.a
LOAD e:/mounriver/mounriver_studio/toolchain/risc-v embedded gcc/bin/../lib/gcc/riscv-none-embed/8.2.0/../../../../riscv-none-embed/lib\libnosys.a
END GROUP

.text           0x0000000000000000      0x168
                0x0000000000000000                . = ALIGN (0x4)
                [!provide]                        PROVIDE (_text_start = .)
 *(.init)
 .init          0x0000000000000000       0x5c ./lib/startup/startup.o
                0x0000000000000000                _start
 *(.text .text.*)
 .text.delay    0x000000000000005c        0xc ./src/main.o
                0x000000000000005c                delay
 .text.print_digit
                0x0000000000000068       0x28 ./src/main.o
                0x0000000000000068                print_digit
 .text.startup.main
                0x0000000000000090       0xd8 ./src/main.o
                0x0000000000000090                main
                0x0000000000000168                . = ALIGN (0x4)
                [!provide]                        PROVIDE (_text_end = .)

.rela.dyn       0x0000000000000168        0x0
 .rela.init     0x0000000000000168        0x0 ./src/main.o

.data           0x0000000020000000        0x0 load address 0x0000000000000168
                0x0000000020000000                . = ALIGN (0x4)
                0x0000000020000000                PROVIDE (_data_start = .)
 *(.rodata .rodata.*)
 *(.srodata .srodata.*)
 *(.sdata .sdata.*)
 *(.data .data.*)
                0x0000000020000000                . = ALIGN (0x4)
                0x0000000020000000                PROVIDE (_data_end = .)
                0x0000000000000168                PROVIDE (_data_lma = LOADADDR (.data))

.bss            0x0000000020000000        0x0 load address 0x0000000000000168
                0x0000000020000000                . = ALIGN (0x4)
                0x0000000020000000                PROVIDE (_bss_start = .)
 *(.sbss .sbss.*)
 *(.bss .bss.*)
 *(COMMON)
                0x0000000020000000                . = ALIGN (0x4)
                0x0000000020000000                PROVIDE (_bss_end = .)
                [!provide]                        PROVIDE (end = .)
                [!provide]                        PROVIDE (_end = .)
                0x0000000020008000                PROVIDE (_sp = (ORIGIN (SRAM) + LENGTH (SRAM)))
OUTPUT(TSP_RISCV_template.elf elf32-littleriscv)

.debug_info     0x0000000000000000      0x1bd
 .debug_info    0x0000000000000000      0x197 ./src/main.o
 .debug_info    0x0000000000000197       0x26 ./lib/startup/startup.o

.debug_abbrev   0x0000000000000000      0x14f
 .debug_abbrev  0x0000000000000000      0x13b ./src/main.o
 .debug_abbrev  0x000000000000013b       0x14 ./lib/startup/startup.o

.debug_loc      0x0000000000000000       0xfb
 .debug_loc     0x0000000000000000       0xfb ./src/main.o

.debug_aranges  0x0000000000000000       0x58
 .debug_aranges
                0x0000000000000000       0x38 ./src/main.o
 .debug_aranges
                0x0000000000000038       0x20 ./lib/startup/startup.o

.debug_ranges   0x0000000000000000       0x90
 .debug_ranges  0x0000000000000000       0x90 ./src/main.o

.debug_line     0x0000000000000000      0x484
 .debug_line    0x0000000000000000      0x3d7 ./src/main.o
 .debug_line    0x00000000000003d7       0xad ./lib/startup/startup.o

.debug_str      0x0000000000000000      0x193
 .debug_str     0x0000000000000000      0x16e ./src/main.o
                                        0x1ab (size before relaxing)
 .debug_str     0x000000000000016e       0x25 ./lib/startup/startup.o
                                         0x5a (size before relaxing)

.comment        0x0000000000000000       0x33
 .comment       0x0000000000000000       0x33 ./src/main.o
                                         0x34 (size before relaxing)

.debug_frame    0x0000000000000000       0x64
 .debug_frame   0x0000000000000000       0x64 ./src/main.o
