
TSP_RISCV_template.elf:     file format elf32-littleriscv
TSP_RISCV_template.elf
architecture: riscv:rv32, flags 0x00000112:
EXEC_P, HAS_SYMS, D_PAGED
start address 0x00000000

Program Header:
    LOAD off    0x00001000 vaddr 0x00000000 paddr 0x00000000 align 2**12
         filesz 0x00000168 memsz 0x00000168 flags r-x

Sections:
Idx Name           Size      VMA       LMA       File off  Algn  Flags
  0 .text          00000168  00000000  00000000  00001000  2**2  CONTENTS, ALLOC, LOAD, READONLY, CODE
  1 .data          00000000  20000000  20000000  00001168  2**0  CONTENTS, ALLOC, LOAD, DATA
  2 .bss           00000000  20000000  20000000  00000000  2**0  ALLOC
  3 .debug_info    000001bd  00000000  00000000  00001168  2**0  CONTENTS, READONLY, DEBUGGING
  4 .debug_abbrev  0000014f  00000000  00000000  00001325  2**0  CONTENTS, READONLY, DEBUGGING
  5 .debug_loc     000000fb  00000000  00000000  00001474  2**0  CONTENTS, READONLY, DEBUGGING
  6 .debug_aranges 00000058  00000000  00000000  00001570  2**3  CONTENTS, READONLY, DEBUGGING
  7 .debug_ranges  00000090  00000000  00000000  000015c8  2**0  CONTENTS, READONLY, DEBUGGING
  8 .debug_line    00000484  00000000  00000000  00001658  2**0  CONTENTS, READONLY, DEBUGGING
  9 .debug_str     00000193  00000000  00000000  00001adc  2**0  CONTENTS, READONLY, DEBUGGING
 10 .comment       00000033  00000000  00000000  00001c6f  2**0  CONTENTS, READONLY
 11 .debug_frame   00000064  00000000  00000000  00001ca4  2**2  CONTENTS, READONLY, DEBUGGING
SYMBOL TABLE:
00000000 l    d  .text	00000000 .text
20000000 l    d  .data	00000000 .data
20000000 l    d  .bss	00000000 .bss
00000000 l    d  .debug_info	00000000 .debug_info
00000000 l    d  .debug_abbrev	00000000 .debug_abbrev
00000000 l    d  .debug_loc	00000000 .debug_loc
00000000 l    d  .debug_aranges	00000000 .debug_aranges
00000000 l    d  .debug_ranges	00000000 .debug_ranges
00000000 l    d  .debug_line	00000000 .debug_line
00000000 l    d  .debug_str	00000000 .debug_str
00000000 l    d  .comment	00000000 .comment
00000000 l    d  .debug_frame	00000000 .debug_frame
00000000 l    df *ABS*	00000000 ./lib/startup/startup.o
00000034 l       .text	00000000 end_init_data
00000020 l       .text	00000000 loop_init_data
00000054 l       .text	00000000 end_init_bss
00000048 l       .text	00000000 loop_init_bss
00000000 l    df *ABS*	00000000 main.c
20000000 g       .bss	00000000 _bss_start
20000000 g       .bss	00000000 _bss_end
20008000 g       .text	00000000 _sp
00000000 g     F .text	00000000 _start
20000000 g       .data	00000000 _data_start
20000000 g       .data	00000000 _data_end
00000090 g     F .text	000000d8 main
00000068 g     F .text	00000028 print_digit
0000005c g     F .text	0000000c delay
00000168 g       *ABS*	00000000 _data_lma



Disassembly of section .text:

00000000 <_start>:
_start():
E:\FPGA\TSP_RVmaster\template\TSP_RISCV_template\obj/../lib/startup/startup.S:7
.global _start
.type _start, @function

_start:
    /* 1. ÂàùÂßãÂåñÊ†àÊåáÈíà (CËØ≠Ë®ÄÂ±ÄÈÉ®ÂèòÈáèÂÖ®Èù†ÂÆÉ) */
    la sp, _sp
   0:	20008117          	auipc	sp,0x20008
   4:	00010113          	mv	sp,sp
E:\FPGA\TSP_RVmaster\template\TSP_RISCV_template\obj/../lib/startup/startup.S:10

    /* 2. Êê¨Ëøê .data ÊÆµ (Â∞ÜÊúâÂàùÂÄºÁöÑÂÖ®Â±ÄÂèòÈáè‰ªé IRAM Â§çÂà∂Âà∞ SRAM) */
    la a0, _data_lma     /* Ê∫êÂú∞ÂùÄ (IRAM) */
   8:	16800513          	li	a0,360
E:\FPGA\TSP_RVmaster\template\TSP_RISCV_template\obj/../lib/startup/startup.S:11
    la a1, _data_start   /* ÁõÆÁöÑÂú∞ÂùÄ (SRAM) */
   c:	20000597          	auipc	a1,0x20000
  10:	ff458593          	addi	a1,a1,-12 # 20000000 <_data_end>
E:\FPGA\TSP_RVmaster\template\TSP_RISCV_template\obj/../lib/startup/startup.S:12
    la a2, _data_end
  14:	20000617          	auipc	a2,0x20000
  18:	fec60613          	addi	a2,a2,-20 # 20000000 <_data_end>
E:\FPGA\TSP_RVmaster\template\TSP_RISCV_template\obj/../lib/startup/startup.S:13
    bge a1, a2, end_init_data
  1c:	00c5dc63          	bge	a1,a2,34 <end_init_data>

00000020 <loop_init_data>:
loop_init_data():
E:\FPGA\TSP_RVmaster\template\TSP_RISCV_template\obj/../lib/startup/startup.S:15
loop_init_data:
    lw a3, 0(a0)
  20:	00052683          	lw	a3,0(a0)
E:\FPGA\TSP_RVmaster\template\TSP_RISCV_template\obj/../lib/startup/startup.S:16
    sw a3, 0(a1)
  24:	00d5a023          	sw	a3,0(a1)
E:\FPGA\TSP_RVmaster\template\TSP_RISCV_template\obj/../lib/startup/startup.S:17
    addi a0, a0, 4
  28:	00450513          	addi	a0,a0,4
E:\FPGA\TSP_RVmaster\template\TSP_RISCV_template\obj/../lib/startup/startup.S:18
    addi a1, a1, 4
  2c:	00458593          	addi	a1,a1,4
E:\FPGA\TSP_RVmaster\template\TSP_RISCV_template\obj/../lib/startup/startup.S:19
    blt a1, a2, loop_init_data
  30:	fec5c8e3          	blt	a1,a2,20 <loop_init_data>

00000034 <end_init_data>:
end_init_data():
E:\FPGA\TSP_RVmaster\template\TSP_RISCV_template\obj/../lib/startup/startup.S:23
end_init_data:

    /* 3. Ê∏ÖÈõ∂ .bss ÊÆµ (Â∞ÜÊú™ÂàùÂßãÂåñÁöÑÂÖ®Â±ÄÂèòÈáèËÆæ‰∏∫ 0) */
    la a0, _bss_start
  34:	20000517          	auipc	a0,0x20000
  38:	fcc50513          	addi	a0,a0,-52 # 20000000 <_data_end>
E:\FPGA\TSP_RVmaster\template\TSP_RISCV_template\obj/../lib/startup/startup.S:24
    la a1, _bss_end
  3c:	20000597          	auipc	a1,0x20000
  40:	fc458593          	addi	a1,a1,-60 # 20000000 <_data_end>
E:\FPGA\TSP_RVmaster\template\TSP_RISCV_template\obj/../lib/startup/startup.S:25
    bge a0, a1, end_init_bss
  44:	00b55863          	bge	a0,a1,54 <end_init_bss>

00000048 <loop_init_bss>:
loop_init_bss():
E:\FPGA\TSP_RVmaster\template\TSP_RISCV_template\obj/../lib/startup/startup.S:27
loop_init_bss:
    sw zero, 0(a0)
  48:	00052023          	sw	zero,0(a0)
E:\FPGA\TSP_RVmaster\template\TSP_RISCV_template\obj/../lib/startup/startup.S:28
    addi a0, a0, 4
  4c:	00450513          	addi	a0,a0,4
E:\FPGA\TSP_RVmaster\template\TSP_RISCV_template\obj/../lib/startup/startup.S:29
    blt a0, a1, loop_init_bss
  50:	feb54ce3          	blt	a0,a1,48 <loop_init_bss>

00000054 <end_init_bss>:
end_init_bss():
E:\FPGA\TSP_RVmaster\template\TSP_RISCV_template\obj/../lib/startup/startup.S:33
end_init_bss:

    /* 4. ÁéØÂ¢ÉÂáÜÂ§áÂÆåÊØïÔºå‰ºòÈõÖÂú∞Ë∑≥ËΩ¨Âà∞ C ËØ≠Ë®ÄÁöÑ main ÂáΩÊï∞ÔºÅ */
    call main
  54:	03c000ef          	jal	ra,90 <main>
E:\FPGA\TSP_RVmaster\template\TSP_RISCV_template\obj/../lib/startup/startup.S:36

    /* 5. ‰∏á‰∏Ä main ÂáΩÊï∞ return ‰∫ÜÔºåÊ≠ªÈîÅÂú®ËøôÈáå‰øùÊä§ CPU */
1:  j 1b
  58:	0000006f          	j	58 <end_init_bss+0x4>

0000005c <delay>:
delay():
E:\FPGA\TSP_RVmaster\template\TSP_RISCV_template\obj/../src/main.c:7

#define UART_TX_REG (*(volatile uint32_t *)0x40000000)

// ª„±‡º∂—” ±∫Ø ˝
void delay(uint32_t loops) {
    __asm__ volatile (
  5c:	fff50513          	addi	a0,a0,-1
  60:	fe051ee3          	bnez	a0,5c <delay>
E:\FPGA\TSP_RVmaster\template\TSP_RISCV_template\obj/../src/main.c:13
        "1: \n"
        "addi %0, %0, -1 \n"
        "bnez %0, 1b \n"
        : "+r" (loops)
    );
}
  64:	00008067          	ret

00000068 <print_digit>:
print_digit():
E:\FPGA\TSP_RVmaster\template\TSP_RISCV_template\obj/../src/main.c:25
    return val;
}

// ¥Ú”°µ•∏ˆ ˝◊÷£¨≤‚ ‘ if-else
void print_digit(uint32_t d) {
    if (d <= 9) {
  68:	00900793          	li	a5,9
  6c:	00a7ea63          	bltu	a5,a0,80 <print_digit+0x18>
E:\FPGA\TSP_RVmaster\template\TSP_RISCV_template\obj/../src/main.c:26
        UART_TX_REG = '0' + d;
  70:	03050513          	addi	a0,a0,48
  74:	400007b7          	lui	a5,0x40000
  78:	00a7a023          	sw	a0,0(a5) # 40000000 <_sp+0x1fff8000>
  7c:	00008067          	ret
E:\FPGA\TSP_RVmaster\template\TSP_RISCV_template\obj/../src/main.c:28
    } else {
        UART_TX_REG = 'E'; // ¿Ì¬€…œ”¿‘∂≤ªª·÷¥––µΩ’‚¿Ô£¨≥˝∑« ALU À„¥Ì
  80:	400007b7          	lui	a5,0x40000
  84:	04500713          	li	a4,69
  88:	00e7a023          	sw	a4,0(a5) # 40000000 <_sp+0x1fff8000>
E:\FPGA\TSP_RVmaster\template\TSP_RISCV_template\obj/../src/main.c:30
    }
}
  8c:	00008067          	ret

00000090 <main>:
main():
E:\FPGA\TSP_RVmaster\template\TSP_RISCV_template\obj/../src/main.c:32

int main(void) {
  90:	fe010113          	addi	sp,sp,-32 # 20007fe0 <_data_end+0x7fe0>
  94:	01212823          	sw	s2,16(sp)
E:\FPGA\TSP_RVmaster\template\TSP_RISCV_template\obj/../src/main.c:65
        UART_TX_REG = ']';
        UART_TX_REG = '\r';
        UART_TX_REG = '\n';

        cycle++;
        delay(2000000); // øÿ÷∆∂Øª≠≤•∑≈ÀŸ∂»
  98:	001e8937          	lui	s2,0x1e8
E:\FPGA\TSP_RVmaster\template\TSP_RISCV_template\obj/../src/main.c:32
int main(void) {
  9c:	00812c23          	sw	s0,24(sp)
  a0:	00912a23          	sw	s1,20(sp)
  a4:	01312623          	sw	s3,12(sp)
  a8:	01412423          	sw	s4,8(sp)
  ac:	01512223          	sw	s5,4(sp)
  b0:	00112e23          	sw	ra,28(sp)
E:\FPGA\TSP_RVmaster\template\TSP_RISCV_template\obj/../src/main.c:33
    uint32_t cycle = 0;
  b4:	00000493          	li	s1,0
E:\FPGA\TSP_RVmaster\template\TSP_RISCV_template\obj/../src/main.c:37
        UART_TX_REG = 'C';
  b8:	40000437          	lui	s0,0x40000
  bc:	04300993          	li	s3,67
E:\FPGA\TSP_RVmaster\template\TSP_RISCV_template\obj/../src/main.c:55
                UART_TX_REG = '-'; // Œ¥◊ﬂπ˝µƒπÏµ¿
  c0:	02d00a13          	li	s4,45
E:\FPGA\TSP_RVmaster\template\TSP_RISCV_template\obj/../src/main.c:53
                UART_TX_REG = 'O'; // µ±«∞µƒ«Ú
  c4:	04f00a93          	li	s5,79
E:\FPGA\TSP_RVmaster\template\TSP_RISCV_template\obj/../src/main.c:65
        delay(2000000); // øÿ÷∆∂Øª≠≤•∑≈ÀŸ∂»
  c8:	48090913          	addi	s2,s2,1152 # 1e8480 <_data_lma+0x1e8318>
E:\FPGA\TSP_RVmaster\template\TSP_RISCV_template\obj/../src/main.c:37
        UART_TX_REG = 'C';
  cc:	01342023          	sw	s3,0(s0) # 40000000 <_sp+0x1fff8000>
E:\FPGA\TSP_RVmaster\template\TSP_RISCV_template\obj/../src/main.c:38
        UART_TX_REG = 'Y';
  d0:	05900793          	li	a5,89
  d4:	00f42023          	sw	a5,0(s0)
E:\FPGA\TSP_RVmaster\template\TSP_RISCV_template\obj/../src/main.c:39
        UART_TX_REG = 'C';
  d8:	01342023          	sw	s3,0(s0)
E:\FPGA\TSP_RVmaster\template\TSP_RISCV_template\obj/../src/main.c:40
        UART_TX_REG = ':';
  dc:	03a00793          	li	a5,58
  e0:	00f42023          	sw	a5,0(s0)
  e4:	00048513          	mv	a0,s1
mod10():
E:\FPGA\TSP_RVmaster\template\TSP_RISCV_template\obj/../src/main.c:17
    while (val >= 10) {
  e8:	00900793          	li	a5,9
  ec:	06a7e063          	bltu	a5,a0,14c <main+0xbc>
main():
E:\FPGA\TSP_RVmaster\template\TSP_RISCV_template\obj/../src/main.c:43
        print_digit(mod10(cycle));
  f0:	f79ff0ef          	jal	ra,68 <print_digit>
E:\FPGA\TSP_RVmaster\template\TSP_RISCV_template\obj/../src/main.c:44
        UART_TX_REG = ' ';
  f4:	02000793          	li	a5,32
  f8:	00f42023          	sw	a5,0(s0)
E:\FPGA\TSP_RVmaster\template\TSP_RISCV_template\obj/../src/main.c:45
        UART_TX_REG = '[';
  fc:	05b00793          	li	a5,91
 100:	00f42023          	sw	a5,0(s0)
E:\FPGA\TSP_RVmaster\template\TSP_RISCV_template\obj/../src/main.c:48
        uint32_t len = cycle & 7; // µ»º€”⁄ cycle % 8
 104:	0074f713          	andi	a4,s1,7
E:\FPGA\TSP_RVmaster\template\TSP_RISCV_template\obj/../src/main.c:49
        for (uint32_t i = 0; i <= 7; i++) {
 108:	00000793          	li	a5,0
E:\FPGA\TSP_RVmaster\template\TSP_RISCV_template\obj/../src/main.c:51
                UART_TX_REG = '='; // “—◊ﬂπ˝µƒΩ¯∂»
 10c:	03d00613          	li	a2,61
E:\FPGA\TSP_RVmaster\template\TSP_RISCV_template\obj/../src/main.c:49
        for (uint32_t i = 0; i <= 7; i++) {
 110:	00800693          	li	a3,8
E:\FPGA\TSP_RVmaster\template\TSP_RISCV_template\obj/../src/main.c:50
            if (i < len) {
 114:	04e7f063          	bgeu	a5,a4,154 <main+0xc4>
E:\FPGA\TSP_RVmaster\template\TSP_RISCV_template\obj/../src/main.c:51
                UART_TX_REG = '='; // “—◊ﬂπ˝µƒΩ¯∂»
 118:	00c42023          	sw	a2,0(s0)
E:\FPGA\TSP_RVmaster\template\TSP_RISCV_template\obj/../src/main.c:49 (discriminator 2)
        for (uint32_t i = 0; i <= 7; i++) {
 11c:	00178793          	addi	a5,a5,1
 120:	fed79ae3          	bne	a5,a3,114 <main+0x84>
E:\FPGA\TSP_RVmaster\template\TSP_RISCV_template\obj/../src/main.c:60
        UART_TX_REG = ']';
 124:	05d00793          	li	a5,93
 128:	00f42023          	sw	a5,0(s0)
E:\FPGA\TSP_RVmaster\template\TSP_RISCV_template\obj/../src/main.c:61
        UART_TX_REG = '\r';
 12c:	00d00793          	li	a5,13
 130:	00f42023          	sw	a5,0(s0)
E:\FPGA\TSP_RVmaster\template\TSP_RISCV_template\obj/../src/main.c:62
        UART_TX_REG = '\n';
 134:	00a00793          	li	a5,10
 138:	00f42023          	sw	a5,0(s0)
E:\FPGA\TSP_RVmaster\template\TSP_RISCV_template\obj/../src/main.c:65
        delay(2000000); // øÿ÷∆∂Øª≠≤•∑≈ÀŸ∂»
 13c:	00090513          	mv	a0,s2
E:\FPGA\TSP_RVmaster\template\TSP_RISCV_template\obj/../src/main.c:64
        cycle++;
 140:	00148493          	addi	s1,s1,1
E:\FPGA\TSP_RVmaster\template\TSP_RISCV_template\obj/../src/main.c:65
        delay(2000000); // øÿ÷∆∂Øª≠≤•∑≈ÀŸ∂»
 144:	f19ff0ef          	jal	ra,5c <delay>
E:\FPGA\TSP_RVmaster\template\TSP_RISCV_template\obj/../src/main.c:35
    while(1) {
 148:	f85ff06f          	j	cc <main+0x3c>
mod10():
E:\FPGA\TSP_RVmaster\template\TSP_RISCV_template\obj/../src/main.c:18
        val -= 10;
 14c:	ff650513          	addi	a0,a0,-10
 150:	f9dff06f          	j	ec <main+0x5c>
main():
E:\FPGA\TSP_RVmaster\template\TSP_RISCV_template\obj/../src/main.c:52
            } else if (i == len) {
 154:	00f71663          	bne	a4,a5,160 <main+0xd0>
E:\FPGA\TSP_RVmaster\template\TSP_RISCV_template\obj/../src/main.c:53
                UART_TX_REG = 'O'; // µ±«∞µƒ«Ú
 158:	01542023          	sw	s5,0(s0)
 15c:	fc1ff06f          	j	11c <main+0x8c>
E:\FPGA\TSP_RVmaster\template\TSP_RISCV_template\obj/../src/main.c:55
                UART_TX_REG = '-'; // Œ¥◊ﬂπ˝µƒπÏµ¿
 160:	01442023          	sw	s4,0(s0)
 164:	fb9ff06f          	j	11c <main+0x8c>
