
Allocating common symbols
Common symbol       size              file

global_bss_array    0x14              ./src/main.o

Discarded input sections

 .text          0x0000000000000000        0x0 ./src/main.o
 .data          0x0000000000000000        0x0 ./src/main.o
 .bss           0x0000000000000000        0x0 ./src/main.o
 .text          0x0000000000000000        0x0 ./lib/startup/startup.o
 .data          0x0000000000000000        0x0 ./lib/startup/startup.o
 .bss           0x0000000000000000        0x0 ./lib/startup/startup.o

Memory Configuration

Name             Origin             Length             Attributes
IRAM             0x0000000000000000 0x0000000000010000 xr
SRAM             0x0000000020000000 0x0000000000008000 xrw
*default*        0x0000000000000000 0xffffffffffffffff

Linker script and memory map

LOAD ./src/main.o
LOAD ./lib/startup/startup.o
LOAD e:/mounriver/mounriver_studio/toolchain/risc-v embedded gcc/bin/../lib/gcc/riscv-none-embed/8.2.0/rv32im/ilp32\libgcc.a
LOAD e:/mounriver/mounriver_studio/toolchain/risc-v embedded gcc/bin/../lib/gcc/riscv-none-embed/8.2.0/../../../../riscv-none-embed/lib\libg_nano.a
LOAD e:/mounriver/mounriver_studio/toolchain/risc-v embedded gcc/bin/../lib/gcc/riscv-none-embed/8.2.0/../../../../riscv-none-embed/lib\libc_nano.a
LOAD e:/mounriver/mounriver_studio/toolchain/risc-v embedded gcc/bin/../lib/gcc/riscv-none-embed/8.2.0/rv32im/ilp32\libgcc.a
START GROUP
LOAD e:/mounriver/mounriver_studio/toolchain/risc-v embedded gcc/bin/../lib/gcc/riscv-none-embed/8.2.0/rv32im/ilp32\libgcc.a
LOAD e:/mounriver/mounriver_studio/toolchain/risc-v embedded gcc/bin/../lib/gcc/riscv-none-embed/8.2.0/../../../../riscv-none-embed/lib\libc_nano.a
LOAD e:/mounriver/mounriver_studio/toolchain/risc-v embedded gcc/bin/../lib/gcc/riscv-none-embed/8.2.0/../../../../riscv-none-embed/lib\libnosys.a
END GROUP
START GROUP
LOAD e:/mounriver/mounriver_studio/toolchain/risc-v embedded gcc/bin/../lib/gcc/riscv-none-embed/8.2.0/rv32im/ilp32\libgcc.a
LOAD e:/mounriver/mounriver_studio/toolchain/risc-v embedded gcc/bin/../lib/gcc/riscv-none-embed/8.2.0/../../../../riscv-none-embed/lib\libc_nano.a
LOAD e:/mounriver/mounriver_studio/toolchain/risc-v embedded gcc/bin/../lib/gcc/riscv-none-embed/8.2.0/../../../../riscv-none-embed/lib\libnosys.a
END GROUP

.text           0x0000000000000000      0x640
                0x0000000000000000                . = ALIGN (0x4)
                [!provide]                        PROVIDE (_text_start = .)
 *(.init)
 .init          0x0000000000000000       0x7c ./lib/startup/startup.o
                0x0000000000000000                _start
 *(.text .text.*)
 .text.uart_putc
                0x000000000000007c       0x38 ./src/main.o
                0x000000000000007c                uart_putc
 .text.uart_puts
                0x00000000000000b4       0x50 ./src/main.o
                0x00000000000000b4                uart_puts
 .text.uart_print_int
                0x0000000000000104       0xdc ./src/main.o
                0x0000000000000104                uart_print_int
 .text.test_matrix_mul
                0x00000000000001e0      0x2b0 ./src/main.o
                0x00000000000001e0                test_matrix_mul
 .text.test_primes
                0x0000000000000490       0xdc ./src/main.o
                0x0000000000000490                test_primes
 .text.main     0x000000000000056c       0xd4 ./src/main.o
                0x000000000000056c                main
                0x0000000000000640                . = ALIGN (0x4)
                [!provide]                        PROVIDE (_text_end = .)

.rodata         0x0000000000000640      0x1dc
                0x0000000000000640                . = ALIGN (0x4)
 *(.rodata .rodata.*)
 .rodata        0x0000000000000640      0x1da ./src/main.o
 *(.srodata .srodata.*)
                0x000000000000081c                . = ALIGN (0x4)
 *fill*         0x000000000000081a        0x2 

.rela.dyn       0x000000000000081c        0x0
 .rela.text.main
                0x000000000000081c        0x0 ./src/main.o
 .rela.init     0x000000000000081c        0x0 ./src/main.o

.data           0x0000000020000000        0x8 load address 0x000000000000081c
                0x0000000020000000                . = ALIGN (0x4)
                0x0000000020000000                PROVIDE (_data_start = .)
 *(.sdata .sdata.*)
 .sdata.global_init_var
                0x0000000020000000        0x4 ./src/main.o
                0x0000000020000000                global_init_var
 .sdata.welcome_msg
                0x0000000020000004        0x4 ./src/main.o
                0x0000000020000004                welcome_msg
 *(.data .data.*)
                0x0000000020000008                . = ALIGN (0x4)
                0x0000000020000008                PROVIDE (_data_end = .)
                0x000000000000081c                PROVIDE (_data_lma = LOADADDR (.data))

.bss            0x0000000020000008       0x14 load address 0x0000000000000824
                0x0000000020000008                . = ALIGN (0x4)
                0x0000000020000008                PROVIDE (_bss_start = .)
 *(.sbss .sbss.*)
 *(.bss .bss.*)
 *(COMMON)
 COMMON         0x0000000020000008       0x14 ./src/main.o
                0x0000000020000008                global_bss_array
                0x000000002000001c                . = ALIGN (0x4)
                0x000000002000001c                PROVIDE (_bss_end = .)
                [!provide]                        PROVIDE (end = .)
                [!provide]                        PROVIDE (_end = .)
                0x0000000020008000                PROVIDE (_sp = (ORIGIN (SRAM) + LENGTH (SRAM)))
OUTPUT(TSP_RISCV_template.elf elf32-littleriscv)

.debug_info     0x0000000000000000      0x2b7
 .debug_info    0x0000000000000000      0x291 ./src/main.o
 .debug_info    0x0000000000000291       0x26 ./lib/startup/startup.o

.debug_abbrev   0x0000000000000000      0x12d
 .debug_abbrev  0x0000000000000000      0x119 ./src/main.o
 .debug_abbrev  0x0000000000000119       0x14 ./lib/startup/startup.o

.debug_aranges  0x0000000000000000       0x68
 .debug_aranges
                0x0000000000000000       0x48 ./src/main.o
 .debug_aranges
                0x0000000000000048       0x20 ./lib/startup/startup.o

.debug_ranges   0x0000000000000000       0x38
 .debug_ranges  0x0000000000000000       0x38 ./src/main.o

.debug_line     0x0000000000000000      0x4e1
 .debug_line    0x0000000000000000      0x40a ./src/main.o
 .debug_line    0x000000000000040a       0xd7 ./lib/startup/startup.o

.debug_str      0x0000000000000000      0x1a6
 .debug_str     0x0000000000000000      0x181 ./src/main.o
 .debug_str     0x0000000000000181       0x25 ./lib/startup/startup.o
                                         0x5a (size before relaxing)

.comment        0x0000000000000000       0x33
 .comment       0x0000000000000000       0x33 ./src/main.o
                                         0x34 (size before relaxing)

.debug_frame    0x0000000000000000       0xec
 .debug_frame   0x0000000000000000       0xec ./src/main.o
