#Build: Fabric Configuration 2022.2-SP6.4, Build 146967, Jan 31 01:39 2024
#Install: E:\pango\PDS_2022.2-SP6.4\bin
#Application name: cdt_cfg.exe
#OS: Windows 10 10.0.26200
#Hostname: LAPTOP-E3CFACBD
Generated by Fabric Configuration (version 2022.2-SP6.4 build 146967) at Sat Mar 28 11:16:46 2026
M_PROCESS_FINISH_STARTED

Connecting to server[127.0.0.1 : 65420].
Connect to server[127.0.0.1 : 65420] successfully.
COMMAND[check version information] execute successfully, takes 0.4 secs.
The cable List : 
Cable index 0:USB Cable II/fffffffffffffffe 

COMMAND[get_cable_paras] execute successfully, takes 1.2 secs.
PANGO USB CABLE II cable driver: D2XX DLL
PGL50G
This device configure situation (done bit): 0
COMMAND[Open config cable] execute successfully, takes 2.7 secs.
The Start Address of bit file E:/FPGA/TSP_RVmaster/FPGA/pango_cpu/generate_bitstream/SoC_Top.sbit: 0x0
E: Configuration-0027: The read mode info from bitstream file is 'SPI X1, 32-bit address', current device 'GD25Q128C' doesn't support this read mode.
E: Configuration-0009: Operation error :
 Assign new configuration file to FPGA device fail.
COMMAND[Scan Outer SPI Flash] execute successfully, takes 4.1 secs.
The Start Address of bit file E:/FPGA/TSP_RVmaster/FPGA/pango_cpu/generate_bitstream/SoC_Top.sbit: 0x0
COMMAND[Scan Outer SPI Flash] execute successfully, takes 1.4 secs.
The start address of operating flash is 0x0.
COMMAND[Erase Outer Flash] execute finish, takes 4.0 secs.
The start address of operating flash is 0x0.
COMMAND[Program Outer Flash] execute finish, takes 33.1 secs.
The start address of operating flash is 0x0.
COMMAND[Verify Outer Flash] execute successfully, takes 2.5 secs.
