IP Generator (Version 2022.2-SP6.4 build 146967)
Check out license ...
Start generating at 2026-03-27 18:55
Instance: IRAM (E:\FPGA\TSP_RVmaster\FPGA\pango_cpu\ipcore\IRAM\IRAM.idf)
IP: Pango DRM Based Dual Port RAM (1.8)
Part: Logos-PGL50G-MBG324--6
Create directory 'rtl' ...
Copy 'rtl\ipml_dpram_v1_8.v.xml' to 'rtl' ...
Compile file 'rtl\ipml_dpram_v1_8.v.xml' to 'rtl\ipml_dpram_v1_8_IRAM.v' ...
Copy 'ipml_dpram_wrapper_v1_8.v.xml' ...
Compile file 'ipml_dpram_wrapper_v1_8.v.xml' to 'IRAM.v' ...
Found top module 'IRAM' in file 'IRAM.v'.
Copy 'ipml_dpram_wrapper_v1_3_tb.v.xml' ...
Compile file 'ipml_dpram_wrapper_v1_3_tb.v.xml' to 'IRAM_tb.v' ...
Copy 'init_param_bin_exmp.dat' ...
Copy 'init_param_hex_exmp.dat' ...
Run file 'createParam.tcl' ...
Create template file 'IRAM_tmpl.v' ...
Create template file 'IRAM_tmpl.vhdl' ...
There are 2 source files to synthesize.
Synthesis is disabled.
Done: 0 error(s), 0 warning(s)
