IP Generator (Version 2022.2-SP6.4 build 146967)
Check out license ...
Start generating at 2026-03-25 13:33
Instance: Dual_RAM (E:\FPGA\TSP_RVmaster\FPGA\pango_cpu\ipcore\Dual_RAM\Dual_RAM.idf)
IP: Pango DRM Based Dual Port RAM (1.8)
Part: Logos-PGL50G-MBG324--6
Create directory 'rtl' ...
Copy 'rtl\ipml_dpram_v1_8.v.xml' to 'rtl' ...
Compile file 'rtl\ipml_dpram_v1_8.v.xml' to 'rtl\ipml_dpram_v1_8_Dual_RAM.v' ...
Copy 'ipml_dpram_wrapper_v1_8.v.xml' ...
Compile file 'ipml_dpram_wrapper_v1_8.v.xml' to 'Dual_RAM.v' ...
Found top module 'Dual_RAM' in file 'Dual_RAM.v'.
Copy 'ipml_dpram_wrapper_v1_3_tb.v.xml' ...
Compile file 'ipml_dpram_wrapper_v1_3_tb.v.xml' to 'Dual_RAM_tb.v' ...
Copy 'init_param_bin_exmp.dat' ...
Copy 'init_param_hex_exmp.dat' ...
Run file 'createParam.tcl' ...
Create template file 'Dual_RAM_tmpl.v' ...
Create template file 'Dual_RAM_tmpl.vhdl' ...
There are 2 source files to synthesize.
Synthesis is disabled.
Done: 0 error(s), 0 warning(s)
